-- Found ament_cmake: 1.3.14 (/opt/ros/humble/share/ament_cmake/cmake)
-- Override CMake install command with custom implementation using symlinks instead of copying resources
-- Configuring done
-- Generating done
-- Build files have been written to: /home/ubuntu/research_ws/ur10_pick_place_ws/build/ur10_pick_place
-- Install configuration: "Release"
-- Execute custom install script
-- Symlinking: /home/ubuntu/research_ws/ur10_pick_place_ws/install/ur10_pick_place/share/ur10_pick_place/config/initial_positions.yaml
-- Symlinking: /home/ubuntu/research_ws/ur10_pick_place_ws/install/ur10_pick_place/share/ur10_pick_place/config/moveit_controllers.yaml
-- Symlinking: /home/ubuntu/research_ws/ur10_pick_place_ws/install/ur10_pick_place/share/ur10_pick_place/config/ur10_3f_controllers.yaml
-- Symlinking: /home/ubuntu/research_ws/ur10_pick_place_ws/install/ur10_pick_place/share/ur10_pick_place/launch/grasp_pipeline.launch.py
-- Symlinking: /home/ubuntu/research_ws/ur10_pick_place_ws/install/ur10_pick_place/share/ur10_pick_place/urdf/ur10_3f_ignition.urdf.xacro
-- Symlinking: /home/ubuntu/research_ws/ur10_pick_place_ws/install/ur10_pick_place/share/ur10_pick_place/worlds/ur10_world_template.sdf
-- Symlinking: /home/ubuntu/research_ws/ur10_pick_place_ws/install/ur10_pick_place/share/ament_index/resource_index/package_run_dependencies/ur10_pick_place
-- Symlinking: /home/ubuntu/research_ws/ur10_pick_place_ws/install/ur10_pick_place/share/ament_index/resource_index/parent_prefix_path/ur10_pick_place
-- Symlinking: /home/ubuntu/research_ws/ur10_pick_place_ws/install/ur10_pick_place/share/ur10_pick_place/environment/ament_prefix_path.sh
-- Symlinking: /home/ubuntu/research_ws/ur10_pick_place_ws/install/ur10_pick_place/share/ur10_pick_place/environment/ament_prefix_path.dsv
-- Symlinking: /home/ubuntu/research_ws/ur10_pick_place_ws/install/ur10_pick_place/share/ur10_pick_place/environment/path.sh
-- Symlinking: /home/ubuntu/research_ws/ur10_pick_place_ws/install/ur10_pick_place/share/ur10_pick_place/environment/path.dsv
-- Symlinking: /home/ubuntu/research_ws/ur10_pick_place_ws/install/ur10_pick_place/share/ur10_pick_place/local_setup.bash
-- Symlinking: /home/ubuntu/research_ws/ur10_pick_place_ws/install/ur10_pick_place/share/ur10_pick_place/local_setup.sh
-- Symlinking: /home/ubuntu/research_ws/ur10_pick_place_ws/install/ur10_pick_place/share/ur10_pick_place/local_setup.zsh
-- Symlinking: /home/ubuntu/research_ws/ur10_pick_place_ws/install/ur10_pick_place/share/ur10_pick_place/local_setup.dsv
-- Symlinking: /home/ubuntu/research_ws/ur10_pick_place_ws/install/ur10_pick_place/share/ur10_pick_place/package.dsv
-- Symlinking: /home/ubuntu/research_ws/ur10_pick_place_ws/install/ur10_pick_place/share/ament_index/resource_index/packages/ur10_pick_place
-- Symlinking: /home/ubuntu/research_ws/ur10_pick_place_ws/install/ur10_pick_place/share/ur10_pick_place/cmake/ur10_pick_placeConfig.cmake
-- Symlinking: /home/ubuntu/research_ws/ur10_pick_place_ws/install/ur10_pick_place/share/ur10_pick_place/cmake/ur10_pick_placeConfig-version.cmake
-- Symlinking: /home/ubuntu/research_ws/ur10_pick_place_ws/install/ur10_pick_place/share/ur10_pick_place/package.xml
