[0.070s] Invoking command in '/home/ubuntu/research_ws/ur10_pick_place_ws/build/robotiq_3f_description': CMAKE_PREFIX_PATH=${CMAKE_PREFIX_PATH}:/home/ubuntu/ur_camera_ws/install/pick_place:/home/ubuntu/ur_camera_ws/install/easy_handeye2:/opt/ros/humble /usr/bin/cmake --build /home/ubuntu/research_ws/ur10_pick_place_ws/build/robotiq_3f_description -- -j12 -l12
[0.828s] Invoked command in '/home/ubuntu/research_ws/ur10_pick_place_ws/build/robotiq_3f_description' returned '0': CMAKE_PREFIX_PATH=${CMAKE_PREFIX_PATH}:/home/ubuntu/ur_camera_ws/install/pick_place:/home/ubuntu/ur_camera_ws/install/easy_handeye2:/opt/ros/humble /usr/bin/cmake --build /home/ubuntu/research_ws/ur10_pick_place_ws/build/robotiq_3f_description -- -j12 -l12
[0.857s] Invoking command in '/home/ubuntu/research_ws/ur10_pick_place_ws/build/robotiq_3f_description': CMAKE_PREFIX_PATH=${CMAKE_PREFIX_PATH}:/home/ubuntu/ur_camera_ws/install/pick_place:/home/ubuntu/ur_camera_ws/install/easy_handeye2:/opt/ros/humble /usr/bin/cmake --install /home/ubuntu/research_ws/ur10_pick_place_ws/build/robotiq_3f_description
[0.875s] -- Install configuration: "Release"
[0.875s] -- Execute custom install script
[0.876s] -- Up-to-date symlink: /home/ubuntu/research_ws/ur10_pick_place_ws/install/robotiq_3f_description/share/robotiq_3f_description/launch/robotiq_3f_gripper.launch.xml
[0.876s] -- Up-to-date symlink: /home/ubuntu/research_ws/ur10_pick_place_ws/install/robotiq_3f_description/share/robotiq_3f_description/launch/visualize_description.launch.xml
[0.877s] -- Up-to-date symlink: /home/ubuntu/research_ws/ur10_pick_place_ws/install/robotiq_3f_description/share/robotiq_3f_description/meshes/collision/link_0.STL
[0.878s] -- Up-to-date symlink: /home/ubuntu/research_ws/ur10_pick_place_ws/install/robotiq_3f_description/share/robotiq_3f_description/meshes/collision/link_1.STL
[0.878s] -- Up-to-date symlink: /home/ubuntu/research_ws/ur10_pick_place_ws/install/robotiq_3f_description/share/robotiq_3f_description/meshes/collision/link_2.STL
[0.879s] -- Up-to-date symlink: /home/ubuntu/research_ws/ur10_pick_place_ws/install/robotiq_3f_description/share/robotiq_3f_description/meshes/collision/link_3.STL
[0.879s] -- Up-to-date symlink: /home/ubuntu/research_ws/ur10_pick_place_ws/install/robotiq_3f_description/share/robotiq_3f_description/meshes/collision/palm.STL
[0.879s] -- Up-to-date symlink: /home/ubuntu/research_ws/ur10_pick_place_ws/install/robotiq_3f_description/share/robotiq_3f_description/meshes/visual/base.png
[0.880s] -- Up-to-date symlink: /home/ubuntu/research_ws/ur10_pick_place_ws/install/robotiq_3f_description/share/robotiq_3f_description/meshes/visual/link_0.dae
[0.881s] -- Up-to-date symlink: /home/ubuntu/research_ws/ur10_pick_place_ws/install/robotiq_3f_description/share/robotiq_3f_description/meshes/visual/link_1.blend
[0.881s] -- Up-to-date symlink: /home/ubuntu/research_ws/ur10_pick_place_ws/install/robotiq_3f_description/share/robotiq_3f_description/meshes/visual/link_1.blend1
[0.881s] -- Up-to-date symlink: /home/ubuntu/research_ws/ur10_pick_place_ws/install/robotiq_3f_description/share/robotiq_3f_description/meshes/visual/link_1.dae
[0.882s] -- Up-to-date symlink: /home/ubuntu/research_ws/ur10_pick_place_ws/install/robotiq_3f_description/share/robotiq_3f_description/meshes/visual/link_1_base.png
[0.882s] -- Up-to-date symlink: /home/ubuntu/research_ws/ur10_pick_place_ws/install/robotiq_3f_description/share/robotiq_3f_description/meshes/visual/link_2.blend
[0.883s] -- Up-to-date symlink: /home/ubuntu/research_ws/ur10_pick_place_ws/install/robotiq_3f_description/share/robotiq_3f_description/meshes/visual/link_2.blend1
[0.883s] -- Up-to-date symlink: /home/ubuntu/research_ws/ur10_pick_place_ws/install/robotiq_3f_description/share/robotiq_3f_description/meshes/visual/link_2.dae
[0.883s] -- Up-to-date symlink: /home/ubuntu/research_ws/ur10_pick_place_ws/install/robotiq_3f_description/share/robotiq_3f_description/meshes/visual/link_2_base.png
[0.884s] -- Up-to-date symlink: /home/ubuntu/research_ws/ur10_pick_place_ws/install/robotiq_3f_description/share/robotiq_3f_description/meshes/visual/link_3.blend
[0.884s] -- Up-to-date symlink: /home/ubuntu/research_ws/ur10_pick_place_ws/install/robotiq_3f_description/share/robotiq_3f_description/meshes/visual/link_3.blend1
[0.885s] -- Up-to-date symlink: /home/ubuntu/research_ws/ur10_pick_place_ws/install/robotiq_3f_description/share/robotiq_3f_description/meshes/visual/link_3.dae
[0.885s] -- Up-to-date symlink: /home/ubuntu/research_ws/ur10_pick_place_ws/install/robotiq_3f_description/share/robotiq_3f_description/meshes/visual/link_3_base_color.png
[0.886s] -- Up-to-date symlink: /home/ubuntu/research_ws/ur10_pick_place_ws/install/robotiq_3f_description/share/robotiq_3f_description/meshes/visual/link_3_material_map.png
[0.887s] -- Up-to-date symlink: /home/ubuntu/research_ws/ur10_pick_place_ws/install/robotiq_3f_description/share/robotiq_3f_description/meshes/visual/palm.blend
[0.887s] -- Up-to-date symlink: /home/ubuntu/research_ws/ur10_pick_place_ws/install/robotiq_3f_description/share/robotiq_3f_description/meshes/visual/palm.blend1
[0.887s] -- Up-to-date symlink: /home/ubuntu/research_ws/ur10_pick_place_ws/install/robotiq_3f_description/share/robotiq_3f_description/meshes/visual/palm.dae
[0.887s] -- Up-to-date symlink: /home/ubuntu/research_ws/ur10_pick_place_ws/install/robotiq_3f_description/share/robotiq_3f_description/meshes/visual/palm_base.png
[0.888s] -- Up-to-date symlink: /home/ubuntu/research_ws/ur10_pick_place_ws/install/robotiq_3f_description/share/robotiq_3f_description/urdf/helper_macros.xacro
[0.888s] -- Up-to-date symlink: /home/ubuntu/research_ws/ur10_pick_place_ws/install/robotiq_3f_description/share/robotiq_3f_description/urdf/robotiq_3f_gripper.xacro
[0.888s] -- Up-to-date symlink: /home/ubuntu/research_ws/ur10_pick_place_ws/install/robotiq_3f_description/share/robotiq_3f_description/urdf/robotiq_3f_gripper_finger_macro.xacro
[0.889s] -- Up-to-date symlink: /home/ubuntu/research_ws/ur10_pick_place_ws/install/robotiq_3f_description/share/robotiq_3f_description/urdf/robotiq_3f_gripper_macro.xacro
[0.889s] -- Up-to-date symlink: /home/ubuntu/research_ws/ur10_pick_place_ws/install/robotiq_3f_description/share/ament_index/resource_index/package_run_dependencies/robotiq_3f_description
[0.890s] -- Up-to-date symlink: /home/ubuntu/research_ws/ur10_pick_place_ws/install/robotiq_3f_description/share/ament_index/resource_index/parent_prefix_path/robotiq_3f_description
[0.890s] -- Up-to-date symlink: /home/ubuntu/research_ws/ur10_pick_place_ws/install/robotiq_3f_description/share/robotiq_3f_description/environment/ament_prefix_path.sh
[0.891s] -- Up-to-date symlink: /home/ubuntu/research_ws/ur10_pick_place_ws/install/robotiq_3f_description/share/robotiq_3f_description/environment/ament_prefix_path.dsv
[0.891s] -- Up-to-date symlink: /home/ubuntu/research_ws/ur10_pick_place_ws/install/robotiq_3f_description/share/robotiq_3f_description/environment/path.sh
[0.891s] -- Up-to-date symlink: /home/ubuntu/research_ws/ur10_pick_place_ws/install/robotiq_3f_description/share/robotiq_3f_description/environment/path.dsv
[0.891s] -- Up-to-date symlink: /home/ubuntu/research_ws/ur10_pick_place_ws/install/robotiq_3f_description/share/robotiq_3f_description/local_setup.bash
[0.891s] -- Up-to-date symlink: /home/ubuntu/research_ws/ur10_pick_place_ws/install/robotiq_3f_description/share/robotiq_3f_description/local_setup.sh
[0.892s] -- Up-to-date symlink: /home/ubuntu/research_ws/ur10_pick_place_ws/install/robotiq_3f_description/share/robotiq_3f_description/local_setup.zsh
[0.892s] -- Up-to-date symlink: /home/ubuntu/research_ws/ur10_pick_place_ws/install/robotiq_3f_description/share/robotiq_3f_description/local_setup.dsv
[0.893s] -- Symlinking: /home/ubuntu/research_ws/ur10_pick_place_ws/install/robotiq_3f_description/share/robotiq_3f_description/package.dsv
[0.920s] -- Up-to-date symlink: /home/ubuntu/research_ws/ur10_pick_place_ws/install/robotiq_3f_description/share/ament_index/resource_index/packages/robotiq_3f_description
[0.921s] -- Up-to-date symlink: /home/ubuntu/research_ws/ur10_pick_place_ws/install/robotiq_3f_description/share/robotiq_3f_description/cmake/robotiq_3f_descriptionConfig.cmake
[0.921s] -- Up-to-date symlink: /home/ubuntu/research_ws/ur10_pick_place_ws/install/robotiq_3f_description/share/robotiq_3f_description/cmake/robotiq_3f_descriptionConfig-version.cmake
[0.922s] -- Up-to-date symlink: /home/ubuntu/research_ws/ur10_pick_place_ws/install/robotiq_3f_description/share/robotiq_3f_description/package.xml
[0.934s] Invoked command in '/home/ubuntu/research_ws/ur10_pick_place_ws/build/robotiq_3f_description' returned '0': CMAKE_PREFIX_PATH=${CMAKE_PREFIX_PATH}:/home/ubuntu/ur_camera_ws/install/pick_place:/home/ubuntu/ur_camera_ws/install/easy_handeye2:/opt/ros/humble /usr/bin/cmake --install /home/ubuntu/research_ws/ur10_pick_place_ws/build/robotiq_3f_description
