[1.806s] Invoking command in '/home/ubuntu/research_ws/ur10_pick_place_ws/build/grasp_executor': PYTHONPATH=/home/ubuntu/research_ws/ur10_pick_place_ws/build/grasp_executor/prefix_override:/usr/lib/python3/dist-packages/colcon_core/task/python/colcon_distutils_commands:/home/ubuntu/research_ws/ur10_pick_place_ws/install/grasp_executor/lib/python3.10/site-packages:${PYTHONPATH} /usr/bin/python3 -W ignore:setup.py install is deprecated -W ignore:easy_install command is deprecated setup.py develop --uninstall --editable --build-directory /home/ubuntu/research_ws/ur10_pick_place_ws/build/grasp_executor/build
[2.486s] running develop
[3.024s] Removing /home/ubuntu/research_ws/ur10_pick_place_ws/install/grasp_executor/lib/python3.10/site-packages/grasp-executor.egg-link (link to .)
[3.110s] Invoked command in '/home/ubuntu/research_ws/ur10_pick_place_ws/build/grasp_executor' returned '0': PYTHONPATH=/home/ubuntu/research_ws/ur10_pick_place_ws/build/grasp_executor/prefix_override:/usr/lib/python3/dist-packages/colcon_core/task/python/colcon_distutils_commands:/home/ubuntu/research_ws/ur10_pick_place_ws/install/grasp_executor/lib/python3.10/site-packages:${PYTHONPATH} /usr/bin/python3 -W ignore:setup.py install is deprecated -W ignore:easy_install command is deprecated setup.py develop --uninstall --editable --build-directory /home/ubuntu/research_ws/ur10_pick_place_ws/build/grasp_executor/build
[3.114s] Invoking command in '/home/ubuntu/research_ws/ur10_pick_place_ws/src/grasp_executor': PYTHONPATH=/home/ubuntu/research_ws/ur10_pick_place_ws/build/grasp_executor/prefix_override:/usr/lib/python3/dist-packages/colcon_core/task/python/colcon_distutils_commands:/home/ubuntu/research_ws/ur10_pick_place_ws/install/grasp_executor/lib/python3.10/site-packages:${PYTHONPATH} /usr/bin/python3 -W ignore:setup.py install is deprecated -W ignore:easy_install command is deprecated setup.py egg_info --egg-base ../../build/grasp_executor build --build-base /home/ubuntu/research_ws/ur10_pick_place_ws/build/grasp_executor/build install --record /home/ubuntu/research_ws/ur10_pick_place_ws/build/grasp_executor/install.log --single-version-externally-managed install_data --force
[3.777s] running egg_info
[3.778s] writing ../../build/grasp_executor/grasp_executor.egg-info/PKG-INFO
[3.779s] writing dependency_links to ../../build/grasp_executor/grasp_executor.egg-info/dependency_links.txt
[3.779s] writing entry points to ../../build/grasp_executor/grasp_executor.egg-info/entry_points.txt
[3.780s] writing requirements to ../../build/grasp_executor/grasp_executor.egg-info/requires.txt
[3.780s] writing top-level names to ../../build/grasp_executor/grasp_executor.egg-info/top_level.txt
[3.784s] reading manifest file '../../build/grasp_executor/grasp_executor.egg-info/SOURCES.txt'
[3.786s] writing manifest file '../../build/grasp_executor/grasp_executor.egg-info/SOURCES.txt'
[3.786s] running build
[3.787s] running build_py
[3.787s] copying grasp_executor/grasp_executor_node.py -> /home/ubuntu/research_ws/ur10_pick_place_ws/build/grasp_executor/build/lib/grasp_executor
[3.788s] running install
[3.788s] running install_lib
[3.790s] creating /home/ubuntu/research_ws/ur10_pick_place_ws/install/grasp_executor/lib/python3.10/site-packages/grasp_executor
[3.790s] copying /home/ubuntu/research_ws/ur10_pick_place_ws/build/grasp_executor/build/lib/grasp_executor/grasp_executor_node.py -> /home/ubuntu/research_ws/ur10_pick_place_ws/install/grasp_executor/lib/python3.10/site-packages/grasp_executor
[3.791s] copying /home/ubuntu/research_ws/ur10_pick_place_ws/build/grasp_executor/build/lib/grasp_executor/graspgen_bridge_node.py -> /home/ubuntu/research_ws/ur10_pick_place_ws/install/grasp_executor/lib/python3.10/site-packages/grasp_executor
[3.793s] copying /home/ubuntu/research_ws/ur10_pick_place_ws/build/grasp_executor/build/lib/grasp_executor/__init__.py -> /home/ubuntu/research_ws/ur10_pick_place_ws/install/grasp_executor/lib/python3.10/site-packages/grasp_executor
[3.793s] copying /home/ubuntu/research_ws/ur10_pick_place_ws/build/grasp_executor/build/lib/grasp_executor/robotiq_3f_gripper.py -> /home/ubuntu/research_ws/ur10_pick_place_ws/install/grasp_executor/lib/python3.10/site-packages/grasp_executor
[3.795s] byte-compiling /home/ubuntu/research_ws/ur10_pick_place_ws/install/grasp_executor/lib/python3.10/site-packages/grasp_executor/grasp_executor_node.py to grasp_executor_node.cpython-310.pyc
[3.810s] byte-compiling /home/ubuntu/research_ws/ur10_pick_place_ws/install/grasp_executor/lib/python3.10/site-packages/grasp_executor/graspgen_bridge_node.py to graspgen_bridge_node.cpython-310.pyc
[3.813s] byte-compiling /home/ubuntu/research_ws/ur10_pick_place_ws/install/grasp_executor/lib/python3.10/site-packages/grasp_executor/__init__.py to __init__.cpython-310.pyc
[3.813s] byte-compiling /home/ubuntu/research_ws/ur10_pick_place_ws/install/grasp_executor/lib/python3.10/site-packages/grasp_executor/robotiq_3f_gripper.py to robotiq_3f_gripper.cpython-310.pyc
[3.816s] running install_data
[3.817s] copying resource/grasp_executor -> /home/ubuntu/research_ws/ur10_pick_place_ws/install/grasp_executor/share/ament_index/resource_index/packages
[3.817s] copying package.xml -> /home/ubuntu/research_ws/ur10_pick_place_ws/install/grasp_executor/share/grasp_executor
[3.817s] running install_egg_info
[3.823s] Copying ../../build/grasp_executor/grasp_executor.egg-info to /home/ubuntu/research_ws/ur10_pick_place_ws/install/grasp_executor/lib/python3.10/site-packages/grasp_executor-0.1.0-py3.10.egg-info
[3.826s] running install_scripts
[3.870s] Installing grasp_executor_node script to /home/ubuntu/research_ws/ur10_pick_place_ws/install/grasp_executor/lib/grasp_executor
[3.870s] Installing graspgen_bridge_node script to /home/ubuntu/research_ws/ur10_pick_place_ws/install/grasp_executor/lib/grasp_executor
[3.872s] writing list of installed files to '/home/ubuntu/research_ws/ur10_pick_place_ws/build/grasp_executor/install.log'
[3.947s] Invoked command in '/home/ubuntu/research_ws/ur10_pick_place_ws/src/grasp_executor' returned '0': PYTHONPATH=/home/ubuntu/research_ws/ur10_pick_place_ws/build/grasp_executor/prefix_override:/usr/lib/python3/dist-packages/colcon_core/task/python/colcon_distutils_commands:/home/ubuntu/research_ws/ur10_pick_place_ws/install/grasp_executor/lib/python3.10/site-packages:${PYTHONPATH} /usr/bin/python3 -W ignore:setup.py install is deprecated -W ignore:easy_install command is deprecated setup.py egg_info --egg-base ../../build/grasp_executor build --build-base /home/ubuntu/research_ws/ur10_pick_place_ws/build/grasp_executor/build install --record /home/ubuntu/research_ws/ur10_pick_place_ws/build/grasp_executor/install.log --single-version-externally-managed install_data --force
