[2026-03-18 14:10:01,760][__main__][INFO] - Detected 1 GPU(s) available, setting cfg.train.num_gpus = 1
[2026-03-18 14:10:01,761][grasp_gen.dataset.dataset][INFO] - [CACHE VALIDATION] No denylist found in /tmp/graspgen_cache/robotiq_3f, deleting cache dir. It may have been improperly created before.
[2026-03-18 14:10:01,767][__main__][INFO] - Cache is imcomplete. Running in prefiltering mode first!
[2026-03-18 14:10:01,768][__main__][INFO] - Prefiltering mode. Running with 1 GPU
[2026-03-18 14:10:01,770][grasp_gen.dataset.dataset][INFO] - cache_dir: /tmp/graspgen_cache/robotiq_3f
[2026-03-18 14:10:01,770][grasp_gen.dataset.dataset][INFO] - Denylist path: /tmp/graspgen_cache/robotiq_3f/denylist_mesh_gen.json
[2026-03-18 14:10:01,771][grasp_gen.dataset.dataset][INFO] - Loading dataset from config: /home/ubuntu/GraspDataGen/graspgen_dataset/splits/robotiq_3f/train.txt
[2026-03-18 14:10:01,771][grasp_gen.dataset.dataset][INFO] - No filtering; All datapoints are used
[2026-03-18 14:10:01,809][grasp_gen.dataset.dataset][INFO] - Preloading dataset to memory
[2026-03-18 14:10:01,810][grasp_gen.dataset.dataset][INFO] - Unable to find cache file: /tmp/graspgen_cache/robotiq_3f/cache_train_mesh_gen.h5
[2026-03-18 14:10:04,621][grasp_gen.dataset.dataset][ERROR] - 0: Unable to preload object even after sampling pc 10 times
[2026-03-18 14:10:04,622][grasp_gen.dataset.dataset][INFO] - Saving key: microphone to denylist at /tmp/graspgen_cache/robotiq_3f/denylist_mesh_gen.json
[2026-03-18 14:10:07,460][grasp_gen.dataset.dataset][ERROR] - 1: Unable to preload object even after sampling pc 10 times
[2026-03-18 14:10:07,460][grasp_gen.dataset.dataset][INFO] - Saving key: boba_tea_cup to denylist at /tmp/graspgen_cache/robotiq_3f/denylist_mesh_gen.json
[2026-03-18 14:10:10,418][grasp_gen.dataset.dataset][INFO] - Saving key: hammer to denylist at /tmp/graspgen_cache/robotiq_3f/denylist_mesh_gen.json
[2026-03-18 14:10:13,223][grasp_gen.dataset.dataset][ERROR] - 4: Unable to preload object even after sampling pc 10 times
[2026-03-18 14:10:13,223][grasp_gen.dataset.dataset][INFO] - Saving key: mailbox_us to denylist at /tmp/graspgen_cache/robotiq_3f/denylist_mesh_gen.json
[2026-03-18 14:10:14,973][grasp_gen.dataset.dataset][ERROR] - 5: Unable to preload object even after sampling pc 10 times
[2026-03-18 14:10:14,973][grasp_gen.dataset.dataset][INFO] - Saving key: bottle_large to denylist at /tmp/graspgen_cache/robotiq_3f/denylist_mesh_gen.json
[2026-03-18 14:10:17,132][grasp_gen.dataset.dataset][ERROR] - 6: Unable to preload object even after sampling pc 10 times
[2026-03-18 14:10:17,132][grasp_gen.dataset.dataset][INFO] - Saving key: warrior_hammer to denylist at /tmp/graspgen_cache/robotiq_3f/denylist_mesh_gen.json
[2026-03-18 14:10:17,195][grasp_gen.dataset.dataset][INFO] - Saving key: mailbox to denylist at /tmp/graspgen_cache/robotiq_3f/denylist_mesh_gen.json
[2026-03-18 14:10:20,415][grasp_gen.dataset.dataset][ERROR] - 8: Unable to preload object even after sampling pc 10 times
[2026-03-18 14:10:20,416][grasp_gen.dataset.dataset][INFO] - Saving key: remote_control to denylist at /tmp/graspgen_cache/robotiq_3f/denylist_mesh_gen.json
[2026-03-18 14:10:22,839][grasp_gen.dataset.dataset][ERROR] - 9: Unable to preload object even after sampling pc 10 times
[2026-03-18 14:10:22,839][grasp_gen.dataset.dataset][INFO] - Saving key: hammer_final to denylist at /tmp/graspgen_cache/robotiq_3f/denylist_mesh_gen.json
[2026-03-18 14:10:22,848][grasp_gen.dataset.dataset_utils][INFO] - Deleting old cache at /tmp/graspgen_cache/robotiq_3f/cache_train_mesh_gen.h5
[2026-03-18 14:10:22,883][grasp_gen.dataset.dataset_utils][INFO] - Saving cache to /tmp/graspgen_cache/robotiq_3f/cache_train_mesh_gen.h5 took 0.03582501411437988(s)
[2026-03-18 14:10:22,884][grasp_gen.utils.train_utils][INFO] - Dataset for train has 10 datapoints
[2026-03-18 14:10:22,886][grasp_gen.dataset.dataset][INFO] - cache_dir: /tmp/graspgen_cache/robotiq_3f
[2026-03-18 14:10:22,886][grasp_gen.dataset.dataset][INFO] - Denylist path: /tmp/graspgen_cache/robotiq_3f/denylist_mesh_gen.json
[2026-03-18 14:10:22,886][grasp_gen.dataset.dataset][INFO] - Loading dataset from config: /home/ubuntu/GraspDataGen/graspgen_dataset/splits/robotiq_3f/valid.txt
[2026-03-18 14:10:22,887][grasp_gen.dataset.dataset][INFO] - 0 out of 3 scenes in denylist. Final number of datapoints 3
[2026-03-18 14:10:22,951][grasp_gen.dataset.dataset][INFO] - Preloading dataset to memory
[2026-03-18 14:10:22,952][grasp_gen.dataset.dataset][INFO] - Unable to find cache file: /tmp/graspgen_cache/robotiq_3f/cache_valid_mesh_gen.h5
[2026-03-18 14:10:25,734][grasp_gen.dataset.dataset][ERROR] - 0: Unable to preload object even after sampling pc 10 times
[2026-03-18 14:10:25,734][grasp_gen.dataset.dataset][INFO] - Saving key: bottle_small to denylist at /tmp/graspgen_cache/robotiq_3f/denylist_mesh_gen.json
[2026-03-18 14:10:28,650][grasp_gen.dataset.dataset][ERROR] - 1: Unable to preload object even after sampling pc 10 times
[2026-03-18 14:10:28,651][grasp_gen.dataset.dataset][INFO] - Saving key: grey_mug to denylist at /tmp/graspgen_cache/robotiq_3f/denylist_mesh_gen.json
[2026-03-18 14:10:30,657][grasp_gen.dataset.dataset][ERROR] - 2: Unable to preload object even after sampling pc 10 times
[2026-03-18 14:10:30,657][grasp_gen.dataset.dataset][INFO] - Saving key: teapot_with_cups to denylist at /tmp/graspgen_cache/robotiq_3f/denylist_mesh_gen.json
[2026-03-18 14:10:30,669][grasp_gen.dataset.dataset_utils][INFO] - Deleting old cache at /tmp/graspgen_cache/robotiq_3f/cache_valid_mesh_gen.h5
[2026-03-18 14:10:30,671][grasp_gen.dataset.dataset_utils][INFO] - Saving cache to /tmp/graspgen_cache/robotiq_3f/cache_valid_mesh_gen.h5 took 0.0019838809967041016(s)
[2026-03-18 14:10:30,671][grasp_gen.utils.train_utils][INFO] - Dataset for valid has 3 datapoints
[2026-03-18 14:10:31,112][grasp_gen.utils.train_utils][INFO] - Using ADAM, LR 1e-05
[2026-03-18 14:10:31,490][__main__][INFO] - Number of parameters in diffusion model: 39276358
[2026-03-18 14:10:31,490][__main__][INFO] - Attempting to load checkpoint from None
[2026-03-18 14:10:31,515][__main__][INFO] - Saved training configuration to /home/ubuntu/GraspDataGen/training_logs/robotiq_3f_gen/config.yaml
[2026-03-18 14:10:31,516][__main__][INFO] - Training starting at epoch 1 and batch index 0
[2026-03-18 14:10:32,708][__main__][INFO] - Prefiltering mode. Exiting Train script since we iterated one pass over the dataset
[2026-03-18 14:10:32,709][__main__][INFO] - Total training time: 0:00:01.193139
[2026-03-18 14:10:32,712][__main__][INFO] - Prefiltering mode done. Running with original number of 1 GPUs
