[1.714s] Invoking command in '/home/ubuntu/research_ws/ur10_pick_place_ws/build/grasp_executor': PYTHONPATH=/home/ubuntu/research_ws/ur10_pick_place_ws/build/grasp_executor/prefix_override:/usr/lib/python3/dist-packages/colcon_core/task/python/colcon_distutils_commands:/home/ubuntu/research_ws/ur10_pick_place_ws/install/grasp_executor/lib/python3.10/site-packages:${PYTHONPATH} /usr/bin/python3 -W ignore:setup.py install is deprecated -W ignore:easy_install command is deprecated setup.py develop --editable --build-directory /home/ubuntu/research_ws/ur10_pick_place_ws/build/grasp_executor/build --no-deps symlink_data --force
[2.381s] running develop
[2.907s] running egg_info
[2.907s] writing grasp_executor.egg-info/PKG-INFO
[2.908s] writing dependency_links to grasp_executor.egg-info/dependency_links.txt
[2.908s] writing entry points to grasp_executor.egg-info/entry_points.txt
[2.909s] writing requirements to grasp_executor.egg-info/requires.txt
[2.909s] writing top-level names to grasp_executor.egg-info/top_level.txt
[2.913s] reading manifest file 'grasp_executor.egg-info/SOURCES.txt'
[2.915s] writing manifest file 'grasp_executor.egg-info/SOURCES.txt'
[2.987s] running build_ext
[2.988s] Creating /home/ubuntu/research_ws/ur10_pick_place_ws/install/grasp_executor/lib/python3.10/site-packages/grasp-executor.egg-link (link to .)
[2.989s] Installing grasp_executor_node script to /home/ubuntu/research_ws/ur10_pick_place_ws/install/grasp_executor/lib/grasp_executor
[2.990s] Installing graspgen_bridge_node script to /home/ubuntu/research_ws/ur10_pick_place_ws/install/grasp_executor/lib/grasp_executor
[2.990s] 
[2.990s] Installed /home/ubuntu/research_ws/ur10_pick_place_ws/build/grasp_executor
[2.991s] running symlink_data
[2.991s] symbolically linking /home/ubuntu/research_ws/ur10_pick_place_ws/build/grasp_executor/resource/grasp_executor -> /home/ubuntu/research_ws/ur10_pick_place_ws/install/grasp_executor/share/ament_index/resource_index/packages
[2.991s] symbolically linking /home/ubuntu/research_ws/ur10_pick_place_ws/build/grasp_executor/package.xml -> /home/ubuntu/research_ws/ur10_pick_place_ws/install/grasp_executor/share/grasp_executor
[3.073s] Invoked command in '/home/ubuntu/research_ws/ur10_pick_place_ws/build/grasp_executor' returned '0': PYTHONPATH=/home/ubuntu/research_ws/ur10_pick_place_ws/build/grasp_executor/prefix_override:/usr/lib/python3/dist-packages/colcon_core/task/python/colcon_distutils_commands:/home/ubuntu/research_ws/ur10_pick_place_ws/install/grasp_executor/lib/python3.10/site-packages:${PYTHONPATH} /usr/bin/python3 -W ignore:setup.py install is deprecated -W ignore:easy_install command is deprecated setup.py develop --editable --build-directory /home/ubuntu/research_ws/ur10_pick_place_ws/build/grasp_executor/build --no-deps symlink_data --force
