-- Install configuration: "Release"
-- Execute custom install script
-- Up-to-date symlink: /home/ubuntu/research_ws/ur10_pick_place_ws/install/robotiq_3f_description/share/robotiq_3f_description/launch/robotiq_3f_gripper.launch.xml
-- Up-to-date symlink: /home/ubuntu/research_ws/ur10_pick_place_ws/install/robotiq_3f_description/share/robotiq_3f_description/launch/visualize_description.launch.xml
-- Up-to-date symlink: /home/ubuntu/research_ws/ur10_pick_place_ws/install/robotiq_3f_description/share/robotiq_3f_description/meshes/collision/link_0.STL
-- Up-to-date symlink: /home/ubuntu/research_ws/ur10_pick_place_ws/install/robotiq_3f_description/share/robotiq_3f_description/meshes/collision/link_1.STL
-- Up-to-date symlink: /home/ubuntu/research_ws/ur10_pick_place_ws/install/robotiq_3f_description/share/robotiq_3f_description/meshes/collision/link_2.STL
-- Up-to-date symlink: /home/ubuntu/research_ws/ur10_pick_place_ws/install/robotiq_3f_description/share/robotiq_3f_description/meshes/collision/link_3.STL
-- Up-to-date symlink: /home/ubuntu/research_ws/ur10_pick_place_ws/install/robotiq_3f_description/share/robotiq_3f_description/meshes/collision/palm.STL
-- Up-to-date symlink: /home/ubuntu/research_ws/ur10_pick_place_ws/install/robotiq_3f_description/share/robotiq_3f_description/meshes/visual/base.png
-- Up-to-date symlink: /home/ubuntu/research_ws/ur10_pick_place_ws/install/robotiq_3f_description/share/robotiq_3f_description/meshes/visual/link_0.dae
-- Up-to-date symlink: /home/ubuntu/research_ws/ur10_pick_place_ws/install/robotiq_3f_description/share/robotiq_3f_description/meshes/visual/link_1.blend
-- Up-to-date symlink: /home/ubuntu/research_ws/ur10_pick_place_ws/install/robotiq_3f_description/share/robotiq_3f_description/meshes/visual/link_1.blend1
-- Up-to-date symlink: /home/ubuntu/research_ws/ur10_pick_place_ws/install/robotiq_3f_description/share/robotiq_3f_description/meshes/visual/link_1.dae
-- Up-to-date symlink: /home/ubuntu/research_ws/ur10_pick_place_ws/install/robotiq_3f_description/share/robotiq_3f_description/meshes/visual/link_1_base.png
-- Up-to-date symlink: /home/ubuntu/research_ws/ur10_pick_place_ws/install/robotiq_3f_description/share/robotiq_3f_description/meshes/visual/link_2.blend
-- Up-to-date symlink: /home/ubuntu/research_ws/ur10_pick_place_ws/install/robotiq_3f_description/share/robotiq_3f_description/meshes/visual/link_2.blend1
-- Up-to-date symlink: /home/ubuntu/research_ws/ur10_pick_place_ws/install/robotiq_3f_description/share/robotiq_3f_description/meshes/visual/link_2.dae
-- Up-to-date symlink: /home/ubuntu/research_ws/ur10_pick_place_ws/install/robotiq_3f_description/share/robotiq_3f_description/meshes/visual/link_2_base.png
-- Up-to-date symlink: /home/ubuntu/research_ws/ur10_pick_place_ws/install/robotiq_3f_description/share/robotiq_3f_description/meshes/visual/link_3.blend
-- Up-to-date symlink: /home/ubuntu/research_ws/ur10_pick_place_ws/install/robotiq_3f_description/share/robotiq_3f_description/meshes/visual/link_3.blend1
-- Up-to-date symlink: /home/ubuntu/research_ws/ur10_pick_place_ws/install/robotiq_3f_description/share/robotiq_3f_description/meshes/visual/link_3.dae
-- Up-to-date symlink: /home/ubuntu/research_ws/ur10_pick_place_ws/install/robotiq_3f_description/share/robotiq_3f_description/meshes/visual/link_3_base_color.png
-- Up-to-date symlink: /home/ubuntu/research_ws/ur10_pick_place_ws/install/robotiq_3f_description/share/robotiq_3f_description/meshes/visual/link_3_material_map.png
-- Up-to-date symlink: /home/ubuntu/research_ws/ur10_pick_place_ws/install/robotiq_3f_description/share/robotiq_3f_description/meshes/visual/palm.blend
-- Up-to-date symlink: /home/ubuntu/research_ws/ur10_pick_place_ws/install/robotiq_3f_description/share/robotiq_3f_description/meshes/visual/palm.blend1
-- Up-to-date symlink: /home/ubuntu/research_ws/ur10_pick_place_ws/install/robotiq_3f_description/share/robotiq_3f_description/meshes/visual/palm.dae
-- Up-to-date symlink: /home/ubuntu/research_ws/ur10_pick_place_ws/install/robotiq_3f_description/share/robotiq_3f_description/meshes/visual/palm_base.png
-- Up-to-date symlink: /home/ubuntu/research_ws/ur10_pick_place_ws/install/robotiq_3f_description/share/robotiq_3f_description/urdf/helper_macros.xacro
-- Up-to-date symlink: /home/ubuntu/research_ws/ur10_pick_place_ws/install/robotiq_3f_description/share/robotiq_3f_description/urdf/robotiq_3f_gripper.xacro
-- Up-to-date symlink: /home/ubuntu/research_ws/ur10_pick_place_ws/install/robotiq_3f_description/share/robotiq_3f_description/urdf/robotiq_3f_gripper_finger_macro.xacro
-- Up-to-date symlink: /home/ubuntu/research_ws/ur10_pick_place_ws/install/robotiq_3f_description/share/robotiq_3f_description/urdf/robotiq_3f_gripper_macro.xacro
-- Up-to-date symlink: /home/ubuntu/research_ws/ur10_pick_place_ws/install/robotiq_3f_description/share/ament_index/resource_index/package_run_dependencies/robotiq_3f_description
-- Up-to-date symlink: /home/ubuntu/research_ws/ur10_pick_place_ws/install/robotiq_3f_description/share/ament_index/resource_index/parent_prefix_path/robotiq_3f_description
-- Up-to-date symlink: /home/ubuntu/research_ws/ur10_pick_place_ws/install/robotiq_3f_description/share/robotiq_3f_description/environment/ament_prefix_path.sh
-- Up-to-date symlink: /home/ubuntu/research_ws/ur10_pick_place_ws/install/robotiq_3f_description/share/robotiq_3f_description/environment/ament_prefix_path.dsv
-- Up-to-date symlink: /home/ubuntu/research_ws/ur10_pick_place_ws/install/robotiq_3f_description/share/robotiq_3f_description/environment/path.sh
-- Up-to-date symlink: /home/ubuntu/research_ws/ur10_pick_place_ws/install/robotiq_3f_description/share/robotiq_3f_description/environment/path.dsv
-- Up-to-date symlink: /home/ubuntu/research_ws/ur10_pick_place_ws/install/robotiq_3f_description/share/robotiq_3f_description/local_setup.bash
-- Up-to-date symlink: /home/ubuntu/research_ws/ur10_pick_place_ws/install/robotiq_3f_description/share/robotiq_3f_description/local_setup.sh
-- Up-to-date symlink: /home/ubuntu/research_ws/ur10_pick_place_ws/install/robotiq_3f_description/share/robotiq_3f_description/local_setup.zsh
-- Up-to-date symlink: /home/ubuntu/research_ws/ur10_pick_place_ws/install/robotiq_3f_description/share/robotiq_3f_description/local_setup.dsv
-- Symlinking: /home/ubuntu/research_ws/ur10_pick_place_ws/install/robotiq_3f_description/share/robotiq_3f_description/package.dsv
-- Up-to-date symlink: /home/ubuntu/research_ws/ur10_pick_place_ws/install/robotiq_3f_description/share/ament_index/resource_index/packages/robotiq_3f_description
-- Up-to-date symlink: /home/ubuntu/research_ws/ur10_pick_place_ws/install/robotiq_3f_description/share/robotiq_3f_description/cmake/robotiq_3f_descriptionConfig.cmake
-- Up-to-date symlink: /home/ubuntu/research_ws/ur10_pick_place_ws/install/robotiq_3f_description/share/robotiq_3f_description/cmake/robotiq_3f_descriptionConfig-version.cmake
-- Up-to-date symlink: /home/ubuntu/research_ws/ur10_pick_place_ws/install/robotiq_3f_description/share/robotiq_3f_description/package.xml
