[0.306s] colcon DEBUG Command line arguments: ['/usr/bin/colcon', 'build', '--packages-select', 'ur10_pick_place', 'ur10_camera_gripper_moveit_config', '--cmake-args', '-DCMAKE_BUILD_TYPE=Release']
[0.306s] colcon DEBUG Parsed command line arguments: Namespace(log_base=None, log_level=None, verb_name='build', build_base='build', install_base='install', merge_install=False, symlink_install=False, test_result_base=None, continue_on_error=False, executor='parallel', parallel_workers=12, event_handlers=None, ignore_user_meta=False, metas=['./colcon.meta'], base_paths=['.'], packages_ignore=None, packages_ignore_regex=None, paths=None, packages_up_to=None, packages_up_to_regex=None, packages_above=None, packages_above_and_dependencies=None, packages_above_depth=None, packages_select_by_dep=None, packages_skip_by_dep=None, packages_skip_up_to=None, packages_select_build_failed=False, packages_skip_build_finished=False, packages_select_test_failures=False, packages_skip_test_passed=False, packages_select=['ur10_pick_place', 'ur10_camera_gripper_moveit_config'], packages_skip=None, packages_select_regex=None, packages_skip_regex=None, packages_start=None, packages_end=None, allow_overriding=[], cmake_args=['-DCMAKE_BUILD_TYPE=Release'], cmake_target=None, cmake_target_skip_unavailable=False, cmake_clean_cache=False, cmake_clean_first=False, cmake_force_configure=False, ament_cmake_args=None, catkin_cmake_args=None, catkin_skip_building_tests=False, mixin_files=None, mixin=None, verb_parser=<colcon_mixin.mixin.mixin_argument.MixinArgumentDecorator object at 0xffffaf4e4610>, verb_extension=<colcon_core.verb.build.BuildVerb object at 0xffffaf4e4100>, main=<bound method BuildVerb.main of <colcon_core.verb.build.BuildVerb object at 0xffffaf4e4100>>, mixin_verb=('build',))
[0.807s] colcon.colcon_core.package_discovery Level 1 discover_packages(colcon_meta) check parameters
[0.808s] colcon.colcon_core.package_discovery Level 1 discover_packages(recursive) check parameters
[0.808s] colcon.colcon_core.package_discovery Level 1 discover_packages(ignore) check parameters
[0.808s] colcon.colcon_core.package_discovery Level 1 discover_packages(path) check parameters
[0.808s] colcon.colcon_core.package_discovery Level 1 discover_packages(colcon_meta) discover
[0.808s] colcon.colcon_core.package_discovery Level 1 discover_packages(recursive) discover
[0.808s] colcon.colcon_core.package_discovery INFO Crawling recursively for packages in '/home/ubuntu/research_ws/ur10_pick_place_ws'
[0.809s] colcon.colcon_core.package_identification Level 1 _identify(.) by extensions ['ignore', 'ignore_ament_install']
[0.809s] colcon.colcon_core.package_identification Level 1 _identify(.) by extension 'ignore'
[0.809s] colcon.colcon_core.package_identification Level 1 _identify(.) by extension 'ignore_ament_install'
[0.809s] colcon.colcon_core.package_identification Level 1 _identify(.) by extensions ['colcon_pkg']
[0.809s] colcon.colcon_core.package_identification Level 1 _identify(.) by extension 'colcon_pkg'
[0.809s] colcon.colcon_core.package_identification Level 1 _identify(.) by extensions ['colcon_meta']
[0.809s] colcon.colcon_core.package_identification Level 1 _identify(.) by extension 'colcon_meta'
[0.809s] colcon.colcon_core.package_identification Level 1 _identify(.) by extensions ['ros']
[0.810s] colcon.colcon_core.package_identification Level 1 _identify(.) by extension 'ros'
[0.835s] colcon.colcon_core.package_identification Level 1 _identify(.) by extensions ['cmake', 'python']
[0.835s] colcon.colcon_core.package_identification Level 1 _identify(.) by extension 'cmake'
[0.836s] colcon.colcon_core.package_identification Level 1 _identify(.) by extension 'python'
[0.836s] colcon.colcon_core.package_identification Level 1 _identify(.) by extensions ['python_setup_py']
[0.836s] colcon.colcon_core.package_identification Level 1 _identify(.) by extension 'python_setup_py'
[0.836s] colcon.colcon_core.package_identification Level 1 _identify(build) by extensions ['ignore', 'ignore_ament_install']
[0.836s] colcon.colcon_core.package_identification Level 1 _identify(build) by extension 'ignore'
[0.837s] colcon.colcon_core.package_identification Level 1 _identify(build) ignored
[0.837s] colcon.colcon_core.package_identification Level 1 _identify(install) by extensions ['ignore', 'ignore_ament_install']
[0.837s] colcon.colcon_core.package_identification Level 1 _identify(install) by extension 'ignore'
[0.837s] colcon.colcon_core.package_identification Level 1 _identify(install) ignored
[0.838s] colcon.colcon_core.package_identification Level 1 _identify(log) by extensions ['ignore', 'ignore_ament_install']
[0.838s] colcon.colcon_core.package_identification Level 1 _identify(log) by extension 'ignore'
[0.838s] colcon.colcon_core.package_identification Level 1 _identify(log) ignored
[0.838s] colcon.colcon_core.package_identification Level 1 _identify(src) by extensions ['ignore', 'ignore_ament_install']
[0.838s] colcon.colcon_core.package_identification Level 1 _identify(src) by extension 'ignore'
[0.839s] colcon.colcon_core.package_identification Level 1 _identify(src) by extension 'ignore_ament_install'
[0.839s] colcon.colcon_core.package_identification Level 1 _identify(src) by extensions ['colcon_pkg']
[0.839s] colcon.colcon_core.package_identification Level 1 _identify(src) by extension 'colcon_pkg'
[0.839s] colcon.colcon_core.package_identification Level 1 _identify(src) by extensions ['colcon_meta']
[0.839s] colcon.colcon_core.package_identification Level 1 _identify(src) by extension 'colcon_meta'
[0.839s] colcon.colcon_core.package_identification Level 1 _identify(src) by extensions ['ros']
[0.839s] colcon.colcon_core.package_identification Level 1 _identify(src) by extension 'ros'
[0.839s] colcon.colcon_core.package_identification Level 1 _identify(src) by extensions ['cmake', 'python']
[0.839s] colcon.colcon_core.package_identification Level 1 _identify(src) by extension 'cmake'
[0.840s] colcon.colcon_core.package_identification Level 1 _identify(src) by extension 'python'
[0.840s] colcon.colcon_core.package_identification Level 1 _identify(src) by extensions ['python_setup_py']
[0.840s] colcon.colcon_core.package_identification Level 1 _identify(src) by extension 'python_setup_py'
[0.840s] colcon.colcon_core.package_identification Level 1 _identify(src/Universal_Robots_ROS2_Gazebo_Simulation) by extensions ['ignore', 'ignore_ament_install']
[0.840s] colcon.colcon_core.package_identification Level 1 _identify(src/Universal_Robots_ROS2_Gazebo_Simulation) by extension 'ignore'
[0.840s] colcon.colcon_core.package_identification Level 1 _identify(src/Universal_Robots_ROS2_Gazebo_Simulation) by extension 'ignore_ament_install'
[0.840s] colcon.colcon_core.package_identification Level 1 _identify(src/Universal_Robots_ROS2_Gazebo_Simulation) by extensions ['colcon_pkg']
[0.840s] colcon.colcon_core.package_identification Level 1 _identify(src/Universal_Robots_ROS2_Gazebo_Simulation) by extension 'colcon_pkg'
[0.841s] colcon.colcon_core.package_identification Level 1 _identify(src/Universal_Robots_ROS2_Gazebo_Simulation) by extensions ['colcon_meta']
[0.841s] colcon.colcon_core.package_identification Level 1 _identify(src/Universal_Robots_ROS2_Gazebo_Simulation) by extension 'colcon_meta'
[0.841s] colcon.colcon_core.package_identification Level 1 _identify(src/Universal_Robots_ROS2_Gazebo_Simulation) by extensions ['ros']
[0.841s] colcon.colcon_core.package_identification Level 1 _identify(src/Universal_Robots_ROS2_Gazebo_Simulation) by extension 'ros'
[0.841s] colcon.colcon_core.package_identification Level 1 _identify(src/Universal_Robots_ROS2_Gazebo_Simulation) by extensions ['cmake', 'python']
[0.841s] colcon.colcon_core.package_identification Level 1 _identify(src/Universal_Robots_ROS2_Gazebo_Simulation) by extension 'cmake'
[0.841s] colcon.colcon_core.package_identification Level 1 _identify(src/Universal_Robots_ROS2_Gazebo_Simulation) by extension 'python'
[0.841s] colcon.colcon_core.package_identification Level 1 _identify(src/Universal_Robots_ROS2_Gazebo_Simulation) by extensions ['python_setup_py']
[0.841s] colcon.colcon_core.package_identification Level 1 _identify(src/Universal_Robots_ROS2_Gazebo_Simulation) by extension 'python_setup_py'
[0.842s] colcon.colcon_core.package_identification Level 1 _identify(src/Universal_Robots_ROS2_Gazebo_Simulation/ur_simulation_gazebo) by extensions ['ignore', 'ignore_ament_install']
[0.842s] colcon.colcon_core.package_identification Level 1 _identify(src/Universal_Robots_ROS2_Gazebo_Simulation/ur_simulation_gazebo) by extension 'ignore'
[0.842s] colcon.colcon_core.package_identification Level 1 _identify(src/Universal_Robots_ROS2_Gazebo_Simulation/ur_simulation_gazebo) by extension 'ignore_ament_install'
[0.842s] colcon.colcon_core.package_identification Level 1 _identify(src/Universal_Robots_ROS2_Gazebo_Simulation/ur_simulation_gazebo) by extensions ['colcon_pkg']
[0.842s] colcon.colcon_core.package_identification Level 1 _identify(src/Universal_Robots_ROS2_Gazebo_Simulation/ur_simulation_gazebo) by extension 'colcon_pkg'
[0.842s] colcon.colcon_core.package_identification Level 1 _identify(src/Universal_Robots_ROS2_Gazebo_Simulation/ur_simulation_gazebo) by extensions ['colcon_meta']
[0.843s] colcon.colcon_core.package_identification Level 1 _identify(src/Universal_Robots_ROS2_Gazebo_Simulation/ur_simulation_gazebo) by extension 'colcon_meta'
[0.843s] colcon.colcon_core.package_identification Level 1 _identify(src/Universal_Robots_ROS2_Gazebo_Simulation/ur_simulation_gazebo) by extensions ['ros']
[0.843s] colcon.colcon_core.package_identification Level 1 _identify(src/Universal_Robots_ROS2_Gazebo_Simulation/ur_simulation_gazebo) by extension 'ros'
[0.853s] colcon.colcon_core.package_identification DEBUG Package 'src/Universal_Robots_ROS2_Gazebo_Simulation/ur_simulation_gazebo' with type 'ros.ament_cmake' and name 'ur_simulation_gazebo'
[0.853s] colcon.colcon_core.package_identification Level 1 _identify(src/grasp_executor) by extensions ['ignore', 'ignore_ament_install']
[0.854s] colcon.colcon_core.package_identification Level 1 _identify(src/grasp_executor) by extension 'ignore'
[0.854s] colcon.colcon_core.package_identification Level 1 _identify(src/grasp_executor) by extension 'ignore_ament_install'
[0.854s] colcon.colcon_core.package_identification Level 1 _identify(src/grasp_executor) by extensions ['colcon_pkg']
[0.854s] colcon.colcon_core.package_identification Level 1 _identify(src/grasp_executor) by extension 'colcon_pkg'
[0.854s] colcon.colcon_core.package_identification Level 1 _identify(src/grasp_executor) by extensions ['colcon_meta']
[0.854s] colcon.colcon_core.package_identification Level 1 _identify(src/grasp_executor) by extension 'colcon_meta'
[0.854s] colcon.colcon_core.package_identification Level 1 _identify(src/grasp_executor) by extensions ['ros']
[0.855s] colcon.colcon_core.package_identification Level 1 _identify(src/grasp_executor) by extension 'ros'
[0.856s] colcon.colcon_core.package_identification DEBUG Package 'src/grasp_executor' with type 'ros.ament_python' and name 'grasp_executor'
[0.857s] colcon.colcon_core.package_identification Level 1 _identify(src/linkattacher_msgs) by extensions ['ignore', 'ignore_ament_install']
[0.857s] colcon.colcon_core.package_identification Level 1 _identify(src/linkattacher_msgs) by extension 'ignore'
[0.857s] colcon.colcon_core.package_identification Level 1 _identify(src/linkattacher_msgs) by extension 'ignore_ament_install'
[0.857s] colcon.colcon_core.package_identification Level 1 _identify(src/linkattacher_msgs) by extensions ['colcon_pkg']
[0.857s] colcon.colcon_core.package_identification Level 1 _identify(src/linkattacher_msgs) by extension 'colcon_pkg'
[0.857s] colcon.colcon_core.package_identification Level 1 _identify(src/linkattacher_msgs) by extensions ['colcon_meta']
[0.857s] colcon.colcon_core.package_identification Level 1 _identify(src/linkattacher_msgs) by extension 'colcon_meta'
[0.858s] colcon.colcon_core.package_identification Level 1 _identify(src/linkattacher_msgs) by extensions ['ros']
[0.858s] colcon.colcon_core.package_identification Level 1 _identify(src/linkattacher_msgs) by extension 'ros'
[0.859s] colcon.colcon_core.package_identification DEBUG Package 'src/linkattacher_msgs' with type 'ros.ament_cmake' and name 'linkattacher_msgs'
[0.859s] colcon.colcon_core.package_identification Level 1 _identify(src/linkattacher_plugin) by extensions ['ignore', 'ignore_ament_install']
[0.860s] colcon.colcon_core.package_identification Level 1 _identify(src/linkattacher_plugin) by extension 'ignore'
[0.860s] colcon.colcon_core.package_identification Level 1 _identify(src/linkattacher_plugin) by extension 'ignore_ament_install'
[0.860s] colcon.colcon_core.package_identification Level 1 _identify(src/linkattacher_plugin) by extensions ['colcon_pkg']
[0.860s] colcon.colcon_core.package_identification Level 1 _identify(src/linkattacher_plugin) by extension 'colcon_pkg'
[0.860s] colcon.colcon_core.package_identification Level 1 _identify(src/linkattacher_plugin) by extensions ['colcon_meta']
[0.860s] colcon.colcon_core.package_identification Level 1 _identify(src/linkattacher_plugin) by extension 'colcon_meta'
[0.860s] colcon.colcon_core.package_identification Level 1 _identify(src/linkattacher_plugin) by extensions ['ros']
[0.860s] colcon.colcon_core.package_identification Level 1 _identify(src/linkattacher_plugin) by extension 'ros'
[0.862s] colcon.colcon_core.package_identification DEBUG Package 'src/linkattacher_plugin' with type 'ros.ament_cmake' and name 'ros2_linkattacher'
[0.863s] colcon.colcon_core.package_identification Level 1 _identify(src/ros2_robotiq_3f_gripper) by extensions ['ignore', 'ignore_ament_install']
[0.863s] colcon.colcon_core.package_identification Level 1 _identify(src/ros2_robotiq_3f_gripper) by extension 'ignore'
[0.863s] colcon.colcon_core.package_identification Level 1 _identify(src/ros2_robotiq_3f_gripper) by extension 'ignore_ament_install'
[0.863s] colcon.colcon_core.package_identification Level 1 _identify(src/ros2_robotiq_3f_gripper) by extensions ['colcon_pkg']
[0.863s] colcon.colcon_core.package_identification Level 1 _identify(src/ros2_robotiq_3f_gripper) by extension 'colcon_pkg'
[0.863s] colcon.colcon_core.package_identification Level 1 _identify(src/ros2_robotiq_3f_gripper) by extensions ['colcon_meta']
[0.863s] colcon.colcon_core.package_identification Level 1 _identify(src/ros2_robotiq_3f_gripper) by extension 'colcon_meta'
[0.863s] colcon.colcon_core.package_identification Level 1 _identify(src/ros2_robotiq_3f_gripper) by extensions ['ros']
[0.863s] colcon.colcon_core.package_identification Level 1 _identify(src/ros2_robotiq_3f_gripper) by extension 'ros'
[0.864s] colcon.colcon_core.package_identification Level 1 _identify(src/ros2_robotiq_3f_gripper) by extensions ['cmake', 'python']
[0.864s] colcon.colcon_core.package_identification Level 1 _identify(src/ros2_robotiq_3f_gripper) by extension 'cmake'
[0.864s] colcon.colcon_core.package_identification Level 1 _identify(src/ros2_robotiq_3f_gripper) by extension 'python'
[0.864s] colcon.colcon_core.package_identification Level 1 _identify(src/ros2_robotiq_3f_gripper) by extensions ['python_setup_py']
[0.864s] colcon.colcon_core.package_identification Level 1 _identify(src/ros2_robotiq_3f_gripper) by extension 'python_setup_py'
[0.864s] colcon.colcon_core.package_identification Level 1 _identify(src/ros2_robotiq_3f_gripper/robotiq_3f_description) by extensions ['ignore', 'ignore_ament_install']
[0.864s] colcon.colcon_core.package_identification Level 1 _identify(src/ros2_robotiq_3f_gripper/robotiq_3f_description) by extension 'ignore'
[0.865s] colcon.colcon_core.package_identification Level 1 _identify(src/ros2_robotiq_3f_gripper/robotiq_3f_description) by extension 'ignore_ament_install'
[0.865s] colcon.colcon_core.package_identification Level 1 _identify(src/ros2_robotiq_3f_gripper/robotiq_3f_description) by extensions ['colcon_pkg']
[0.865s] colcon.colcon_core.package_identification Level 1 _identify(src/ros2_robotiq_3f_gripper/robotiq_3f_description) by extension 'colcon_pkg'
[0.865s] colcon.colcon_core.package_identification Level 1 _identify(src/ros2_robotiq_3f_gripper/robotiq_3f_description) by extensions ['colcon_meta']
[0.865s] colcon.colcon_core.package_identification Level 1 _identify(src/ros2_robotiq_3f_gripper/robotiq_3f_description) by extension 'colcon_meta'
[0.865s] colcon.colcon_core.package_identification Level 1 _identify(src/ros2_robotiq_3f_gripper/robotiq_3f_description) by extensions ['ros']
[0.865s] colcon.colcon_core.package_identification Level 1 _identify(src/ros2_robotiq_3f_gripper/robotiq_3f_description) by extension 'ros'
[0.866s] colcon.colcon_core.package_identification DEBUG Package 'src/ros2_robotiq_3f_gripper/robotiq_3f_description' with type 'ros.ament_cmake' and name 'robotiq_3f_description'
[0.867s] colcon.colcon_core.package_identification Level 1 _identify(src/ros2_robotiq_3f_gripper/robotiq_3f_driver) by extensions ['ignore', 'ignore_ament_install']
[0.867s] colcon.colcon_core.package_identification Level 1 _identify(src/ros2_robotiq_3f_gripper/robotiq_3f_driver) by extension 'ignore'
[0.867s] colcon.colcon_core.package_identification Level 1 _identify(src/ros2_robotiq_3f_gripper/robotiq_3f_driver) ignored
[0.867s] colcon.colcon_core.package_identification Level 1 _identify(src/ros2_robotiq_3f_gripper/robotiq_3f_hardware_tests) by extensions ['ignore', 'ignore_ament_install']
[0.867s] colcon.colcon_core.package_identification Level 1 _identify(src/ros2_robotiq_3f_gripper/robotiq_3f_hardware_tests) by extension 'ignore'
[0.868s] colcon.colcon_core.package_identification Level 1 _identify(src/ros2_robotiq_3f_gripper/robotiq_3f_hardware_tests) ignored
[0.868s] colcon.colcon_core.package_identification Level 1 _identify(src/ros2_robotiq_3f_gripper/robotiq_3f_interfaces) by extensions ['ignore', 'ignore_ament_install']
[0.868s] colcon.colcon_core.package_identification Level 1 _identify(src/ros2_robotiq_3f_gripper/robotiq_3f_interfaces) by extension 'ignore'
[0.868s] colcon.colcon_core.package_identification Level 1 _identify(src/ros2_robotiq_3f_gripper/robotiq_3f_interfaces) by extension 'ignore_ament_install'
[0.868s] colcon.colcon_core.package_identification Level 1 _identify(src/ros2_robotiq_3f_gripper/robotiq_3f_interfaces) by extensions ['colcon_pkg']
[0.868s] colcon.colcon_core.package_identification Level 1 _identify(src/ros2_robotiq_3f_gripper/robotiq_3f_interfaces) by extension 'colcon_pkg'
[0.868s] colcon.colcon_core.package_identification Level 1 _identify(src/ros2_robotiq_3f_gripper/robotiq_3f_interfaces) by extensions ['colcon_meta']
[0.868s] colcon.colcon_core.package_identification Level 1 _identify(src/ros2_robotiq_3f_gripper/robotiq_3f_interfaces) by extension 'colcon_meta'
[0.869s] colcon.colcon_core.package_identification Level 1 _identify(src/ros2_robotiq_3f_gripper/robotiq_3f_interfaces) by extensions ['ros']
[0.869s] colcon.colcon_core.package_identification Level 1 _identify(src/ros2_robotiq_3f_gripper/robotiq_3f_interfaces) by extension 'ros'
[0.870s] colcon.colcon_core.package_identification DEBUG Package 'src/ros2_robotiq_3f_gripper/robotiq_3f_interfaces' with type 'ros.ament_cmake' and name 'robotiq_3f_interfaces'
[0.870s] colcon.colcon_core.package_identification Level 1 _identify(src/ros2_robotiq_3f_gripper/robotiq_3f_transmission_plugins) by extensions ['ignore', 'ignore_ament_install']
[0.871s] colcon.colcon_core.package_identification Level 1 _identify(src/ros2_robotiq_3f_gripper/robotiq_3f_transmission_plugins) by extension 'ignore'
[0.871s] colcon.colcon_core.package_identification Level 1 _identify(src/ros2_robotiq_3f_gripper/robotiq_3f_transmission_plugins) ignored
[0.871s] colcon.colcon_core.package_identification Level 1 _identify(src/ros2_robotiq_gripper) by extensions ['ignore', 'ignore_ament_install']
[0.871s] colcon.colcon_core.package_identification Level 1 _identify(src/ros2_robotiq_gripper) by extension 'ignore'
[0.871s] colcon.colcon_core.package_identification Level 1 _identify(src/ros2_robotiq_gripper) by extension 'ignore_ament_install'
[0.871s] colcon.colcon_core.package_identification Level 1 _identify(src/ros2_robotiq_gripper) by extensions ['colcon_pkg']
[0.872s] colcon.colcon_core.package_identification Level 1 _identify(src/ros2_robotiq_gripper) by extension 'colcon_pkg'
[0.872s] colcon.colcon_core.package_identification Level 1 _identify(src/ros2_robotiq_gripper) by extensions ['colcon_meta']
[0.872s] colcon.colcon_core.package_identification Level 1 _identify(src/ros2_robotiq_gripper) by extension 'colcon_meta'
[0.872s] colcon.colcon_core.package_identification Level 1 _identify(src/ros2_robotiq_gripper) by extensions ['ros']
[0.872s] colcon.colcon_core.package_identification Level 1 _identify(src/ros2_robotiq_gripper) by extension 'ros'
[0.872s] colcon.colcon_core.package_identification Level 1 _identify(src/ros2_robotiq_gripper) by extensions ['cmake', 'python']
[0.872s] colcon.colcon_core.package_identification Level 1 _identify(src/ros2_robotiq_gripper) by extension 'cmake'
[0.872s] colcon.colcon_core.package_identification Level 1 _identify(src/ros2_robotiq_gripper) by extension 'python'
[0.872s] colcon.colcon_core.package_identification Level 1 _identify(src/ros2_robotiq_gripper) by extensions ['python_setup_py']
[0.872s] colcon.colcon_core.package_identification Level 1 _identify(src/ros2_robotiq_gripper) by extension 'python_setup_py'
[0.873s] colcon.colcon_core.package_identification Level 1 _identify(src/ros2_robotiq_gripper/robotiq_controllers) by extensions ['ignore', 'ignore_ament_install']
[0.873s] colcon.colcon_core.package_identification Level 1 _identify(src/ros2_robotiq_gripper/robotiq_controllers) by extension 'ignore'
[0.873s] colcon.colcon_core.package_identification Level 1 _identify(src/ros2_robotiq_gripper/robotiq_controllers) by extension 'ignore_ament_install'
[0.873s] colcon.colcon_core.package_identification Level 1 _identify(src/ros2_robotiq_gripper/robotiq_controllers) by extensions ['colcon_pkg']
[0.873s] colcon.colcon_core.package_identification Level 1 _identify(src/ros2_robotiq_gripper/robotiq_controllers) by extension 'colcon_pkg'
[0.873s] colcon.colcon_core.package_identification Level 1 _identify(src/ros2_robotiq_gripper/robotiq_controllers) by extensions ['colcon_meta']
[0.873s] colcon.colcon_core.package_identification Level 1 _identify(src/ros2_robotiq_gripper/robotiq_controllers) by extension 'colcon_meta'
[0.874s] colcon.colcon_core.package_identification Level 1 _identify(src/ros2_robotiq_gripper/robotiq_controllers) by extensions ['ros']
[0.874s] colcon.colcon_core.package_identification Level 1 _identify(src/ros2_robotiq_gripper/robotiq_controllers) by extension 'ros'
[0.875s] colcon.colcon_core.package_identification DEBUG Package 'src/ros2_robotiq_gripper/robotiq_controllers' with type 'ros.ament_cmake' and name 'robotiq_controllers'
[0.876s] colcon.colcon_core.package_identification Level 1 _identify(src/ros2_robotiq_gripper/robotiq_description) by extensions ['ignore', 'ignore_ament_install']
[0.876s] colcon.colcon_core.package_identification Level 1 _identify(src/ros2_robotiq_gripper/robotiq_description) by extension 'ignore'
[0.876s] colcon.colcon_core.package_identification Level 1 _identify(src/ros2_robotiq_gripper/robotiq_description) by extension 'ignore_ament_install'
[0.876s] colcon.colcon_core.package_identification Level 1 _identify(src/ros2_robotiq_gripper/robotiq_description) by extensions ['colcon_pkg']
[0.876s] colcon.colcon_core.package_identification Level 1 _identify(src/ros2_robotiq_gripper/robotiq_description) by extension 'colcon_pkg'
[0.876s] colcon.colcon_core.package_identification Level 1 _identify(src/ros2_robotiq_gripper/robotiq_description) by extensions ['colcon_meta']
[0.877s] colcon.colcon_core.package_identification Level 1 _identify(src/ros2_robotiq_gripper/robotiq_description) by extension 'colcon_meta'
[0.877s] colcon.colcon_core.package_identification Level 1 _identify(src/ros2_robotiq_gripper/robotiq_description) by extensions ['ros']
[0.877s] colcon.colcon_core.package_identification Level 1 _identify(src/ros2_robotiq_gripper/robotiq_description) by extension 'ros'
[0.879s] colcon.colcon_core.package_identification DEBUG Package 'src/ros2_robotiq_gripper/robotiq_description' with type 'ros.ament_cmake' and name 'robotiq_description'
[0.879s] colcon.colcon_core.package_identification Level 1 _identify(src/ur10_camera_gripper_moveit_config) by extensions ['ignore', 'ignore_ament_install']
[0.879s] colcon.colcon_core.package_identification Level 1 _identify(src/ur10_camera_gripper_moveit_config) by extension 'ignore'
[0.879s] colcon.colcon_core.package_identification Level 1 _identify(src/ur10_camera_gripper_moveit_config) by extension 'ignore_ament_install'
[0.880s] colcon.colcon_core.package_identification Level 1 _identify(src/ur10_camera_gripper_moveit_config) by extensions ['colcon_pkg']
[0.880s] colcon.colcon_core.package_identification Level 1 _identify(src/ur10_camera_gripper_moveit_config) by extension 'colcon_pkg'
[0.880s] colcon.colcon_core.package_identification Level 1 _identify(src/ur10_camera_gripper_moveit_config) by extensions ['colcon_meta']
[0.880s] colcon.colcon_core.package_identification Level 1 _identify(src/ur10_camera_gripper_moveit_config) by extension 'colcon_meta'
[0.880s] colcon.colcon_core.package_identification Level 1 _identify(src/ur10_camera_gripper_moveit_config) by extensions ['ros']
[0.880s] colcon.colcon_core.package_identification Level 1 _identify(src/ur10_camera_gripper_moveit_config) by extension 'ros'
[0.882s] colcon.colcon_core.package_identification DEBUG Package 'src/ur10_camera_gripper_moveit_config' with type 'ros.ament_cmake' and name 'ur10_camera_gripper_moveit_config'
[0.882s] colcon.colcon_core.package_identification Level 1 _identify(src/ur10_camera_moveit_config) by extensions ['ignore', 'ignore_ament_install']
[0.882s] colcon.colcon_core.package_identification Level 1 _identify(src/ur10_camera_moveit_config) by extension 'ignore'
[0.882s] colcon.colcon_core.package_identification Level 1 _identify(src/ur10_camera_moveit_config) ignored
[0.883s] colcon.colcon_core.package_identification Level 1 _identify(src/ur10_pick_place) by extensions ['ignore', 'ignore_ament_install']
[0.883s] colcon.colcon_core.package_identification Level 1 _identify(src/ur10_pick_place) by extension 'ignore'
[0.883s] colcon.colcon_core.package_identification Level 1 _identify(src/ur10_pick_place) by extension 'ignore_ament_install'
[0.883s] colcon.colcon_core.package_identification Level 1 _identify(src/ur10_pick_place) by extensions ['colcon_pkg']
[0.883s] colcon.colcon_core.package_identification Level 1 _identify(src/ur10_pick_place) by extension 'colcon_pkg'
[0.883s] colcon.colcon_core.package_identification Level 1 _identify(src/ur10_pick_place) by extensions ['colcon_meta']
[0.883s] colcon.colcon_core.package_identification Level 1 _identify(src/ur10_pick_place) by extension 'colcon_meta'
[0.884s] colcon.colcon_core.package_identification Level 1 _identify(src/ur10_pick_place) by extensions ['ros']
[0.884s] colcon.colcon_core.package_identification Level 1 _identify(src/ur10_pick_place) by extension 'ros'
[0.885s] colcon.colcon_core.package_identification DEBUG Package 'src/ur10_pick_place' with type 'ros.ament_cmake' and name 'ur10_pick_place'
[0.885s] colcon.colcon_core.package_identification Level 1 _identify(src/ur_yt_sim) by extensions ['ignore', 'ignore_ament_install']
[0.886s] colcon.colcon_core.package_identification Level 1 _identify(src/ur_yt_sim) by extension 'ignore'
[0.886s] colcon.colcon_core.package_identification Level 1 _identify(src/ur_yt_sim) by extension 'ignore_ament_install'
[0.886s] colcon.colcon_core.package_identification Level 1 _identify(src/ur_yt_sim) by extensions ['colcon_pkg']
[0.886s] colcon.colcon_core.package_identification Level 1 _identify(src/ur_yt_sim) by extension 'colcon_pkg'
[0.886s] colcon.colcon_core.package_identification Level 1 _identify(src/ur_yt_sim) by extensions ['colcon_meta']
[0.886s] colcon.colcon_core.package_identification Level 1 _identify(src/ur_yt_sim) by extension 'colcon_meta'
[0.886s] colcon.colcon_core.package_identification Level 1 _identify(src/ur_yt_sim) by extensions ['ros']
[0.886s] colcon.colcon_core.package_identification Level 1 _identify(src/ur_yt_sim) by extension 'ros'
[0.888s] colcon.colcon_core.package_identification DEBUG Package 'src/ur_yt_sim' with type 'ros.ament_cmake' and name 'ur_yt_sim'
[0.888s] colcon.colcon_core.package_discovery Level 1 discover_packages(recursive) using defaults
[0.888s] colcon.colcon_core.package_discovery Level 1 discover_packages(ignore) discover
[0.888s] colcon.colcon_core.package_discovery Level 1 discover_packages(ignore) using defaults
[0.888s] colcon.colcon_core.package_discovery Level 1 discover_packages(path) discover
[0.889s] colcon.colcon_core.package_discovery Level 1 discover_packages(path) using defaults
[0.928s] colcon.colcon_core.package_selection INFO Skipping not selected package 'grasp_executor' in 'src/grasp_executor'
[0.928s] colcon.colcon_core.package_selection INFO Skipping not selected package 'linkattacher_msgs' in 'src/linkattacher_msgs'
[0.928s] colcon.colcon_core.package_selection INFO Skipping not selected package 'robotiq_3f_description' in 'src/ros2_robotiq_3f_gripper/robotiq_3f_description'
[0.928s] colcon.colcon_core.package_selection INFO Skipping not selected package 'robotiq_3f_interfaces' in 'src/ros2_robotiq_3f_gripper/robotiq_3f_interfaces'
[0.928s] colcon.colcon_core.package_selection INFO Skipping not selected package 'robotiq_controllers' in 'src/ros2_robotiq_gripper/robotiq_controllers'
[0.928s] colcon.colcon_core.package_selection INFO Skipping not selected package 'robotiq_description' in 'src/ros2_robotiq_gripper/robotiq_description'
[0.928s] colcon.colcon_core.package_selection INFO Skipping not selected package 'ur_simulation_gazebo' in 'src/Universal_Robots_ROS2_Gazebo_Simulation/ur_simulation_gazebo'
[0.928s] colcon.colcon_core.package_selection INFO Skipping not selected package 'ros2_linkattacher' in 'src/linkattacher_plugin'
[0.928s] colcon.colcon_core.package_selection INFO Skipping not selected package 'ur_yt_sim' in 'src/ur_yt_sim'
[0.929s] colcon.colcon_core.package_discovery Level 1 discover_packages(prefix_path) check parameters
[0.929s] colcon.colcon_core.package_discovery Level 1 discover_packages(prefix_path) discover
[0.935s] colcon.colcon_installed_package_information.package_discovery DEBUG Found 11 installed packages in /home/ubuntu/ur_camera_ws/install
[0.936s] colcon.colcon_installed_package_information.package_discovery DEBUG Found 0 installed packages in /home/ubuntu/ur10_sim_ws/install
[0.939s] colcon.colcon_installed_package_information.package_discovery DEBUG Found 450 installed packages in /opt/ros/humble
[0.946s] colcon.colcon_core.package_discovery Level 1 discover_packages(prefix_path) using defaults
[1.067s] colcon.colcon_core.verb Level 5 set package 'ur10_camera_gripper_moveit_config' build argument 'cmake_args' from command line to '['-DCMAKE_BUILD_TYPE=Release']'
[1.068s] colcon.colcon_core.verb Level 5 set package 'ur10_camera_gripper_moveit_config' build argument 'cmake_target' from command line to 'None'
[1.068s] colcon.colcon_core.verb Level 5 set package 'ur10_camera_gripper_moveit_config' build argument 'cmake_target_skip_unavailable' from command line to 'False'
[1.068s] colcon.colcon_core.verb Level 5 set package 'ur10_camera_gripper_moveit_config' build argument 'cmake_clean_cache' from command line to 'False'
[1.068s] colcon.colcon_core.verb Level 5 set package 'ur10_camera_gripper_moveit_config' build argument 'cmake_clean_first' from command line to 'False'
[1.068s] colcon.colcon_core.verb Level 5 set package 'ur10_camera_gripper_moveit_config' build argument 'cmake_force_configure' from command line to 'False'
[1.068s] colcon.colcon_core.verb Level 5 set package 'ur10_camera_gripper_moveit_config' build argument 'ament_cmake_args' from command line to 'None'
[1.068s] colcon.colcon_core.verb Level 5 set package 'ur10_camera_gripper_moveit_config' build argument 'catkin_cmake_args' from command line to 'None'
[1.068s] colcon.colcon_core.verb Level 5 set package 'ur10_camera_gripper_moveit_config' build argument 'catkin_skip_building_tests' from command line to 'False'
[1.068s] colcon.colcon_core.verb DEBUG Building package 'ur10_camera_gripper_moveit_config' with the following arguments: {'ament_cmake_args': None, 'build_base': '/home/ubuntu/research_ws/ur10_pick_place_ws/build/ur10_camera_gripper_moveit_config', 'catkin_cmake_args': None, 'catkin_skip_building_tests': False, 'cmake_args': ['-DCMAKE_BUILD_TYPE=Release'], 'cmake_clean_cache': False, 'cmake_clean_first': False, 'cmake_force_configure': False, 'cmake_target': None, 'cmake_target_skip_unavailable': False, 'install_base': '/home/ubuntu/research_ws/ur10_pick_place_ws/install/ur10_camera_gripper_moveit_config', 'merge_install': False, 'path': '/home/ubuntu/research_ws/ur10_pick_place_ws/src/ur10_camera_gripper_moveit_config', 'symlink_install': False, 'test_result_base': None}
[1.069s] colcon.colcon_core.verb Level 5 set package 'ur10_pick_place' build argument 'cmake_args' from command line to '['-DCMAKE_BUILD_TYPE=Release']'
[1.069s] colcon.colcon_core.verb Level 5 set package 'ur10_pick_place' build argument 'cmake_target' from command line to 'None'
[1.069s] colcon.colcon_core.verb Level 5 set package 'ur10_pick_place' build argument 'cmake_target_skip_unavailable' from command line to 'False'
[1.069s] colcon.colcon_core.verb Level 5 set package 'ur10_pick_place' build argument 'cmake_clean_cache' from command line to 'False'
[1.069s] colcon.colcon_core.verb Level 5 set package 'ur10_pick_place' build argument 'cmake_clean_first' from command line to 'False'
[1.069s] colcon.colcon_core.verb Level 5 set package 'ur10_pick_place' build argument 'cmake_force_configure' from command line to 'False'
[1.069s] colcon.colcon_core.verb Level 5 set package 'ur10_pick_place' build argument 'ament_cmake_args' from command line to 'None'
[1.069s] colcon.colcon_core.verb Level 5 set package 'ur10_pick_place' build argument 'catkin_cmake_args' from command line to 'None'
[1.069s] colcon.colcon_core.verb Level 5 set package 'ur10_pick_place' build argument 'catkin_skip_building_tests' from command line to 'False'
[1.070s] colcon.colcon_core.verb DEBUG Building package 'ur10_pick_place' with the following arguments: {'ament_cmake_args': None, 'build_base': '/home/ubuntu/research_ws/ur10_pick_place_ws/build/ur10_pick_place', 'catkin_cmake_args': None, 'catkin_skip_building_tests': False, 'cmake_args': ['-DCMAKE_BUILD_TYPE=Release'], 'cmake_clean_cache': False, 'cmake_clean_first': False, 'cmake_force_configure': False, 'cmake_target': None, 'cmake_target_skip_unavailable': False, 'install_base': '/home/ubuntu/research_ws/ur10_pick_place_ws/install/ur10_pick_place', 'merge_install': False, 'path': '/home/ubuntu/research_ws/ur10_pick_place_ws/src/ur10_pick_place', 'symlink_install': False, 'test_result_base': None}
[1.070s] colcon.colcon_core.executor INFO Executing jobs using 'parallel' executor
[1.072s] colcon.colcon_parallel_executor.executor.parallel DEBUG run_until_complete
[1.073s] colcon.colcon_ros.task.ament_cmake.build INFO Building ROS package in '/home/ubuntu/research_ws/ur10_pick_place_ws/src/ur10_camera_gripper_moveit_config' with build type 'ament_cmake'
[1.073s] colcon.colcon_cmake.task.cmake.build INFO Building CMake package in '/home/ubuntu/research_ws/ur10_pick_place_ws/src/ur10_camera_gripper_moveit_config'
[1.079s] colcon.colcon_core.plugin_system INFO Skipping extension 'colcon_core.shell.bat': Not used on non-Windows systems
[1.080s] colcon.colcon_core.shell INFO Skip shell extension 'powershell' for command environment: Not usable outside of PowerShell
[1.080s] colcon.colcon_core.shell DEBUG Skip shell extension 'dsv' for command environment
[1.108s] colcon.colcon_core.event_handler.log_command DEBUG Invoking command in '/home/ubuntu/research_ws/ur10_pick_place_ws/build/ur10_camera_gripper_moveit_config': AMENT_PREFIX_PATH=/home/ubuntu/research_ws/ur10_pick_place_ws/install/ur_yt_sim:/home/ubuntu/research_ws/ur10_pick_place_ws/install/linkattacher_msgs:${AMENT_PREFIX_PATH} CMAKE_PREFIX_PATH=/home/ubuntu/research_ws/ur10_pick_place_ws/install/ur_yt_sim:/home/ubuntu/research_ws/ur10_pick_place_ws/install/linkattacher_msgs:/home/ubuntu/ur_camera_ws/install/ur_moveit_config:/home/ubuntu/ur_camera_ws/install/easy_handeye2_msgs:/home/ubuntu/ur_camera_ws/install/depthai-ros:/home/ubuntu/ur_camera_ws/install/depthai_ros_driver:/home/ubuntu/ur_camera_ws/install/depthai_filters:/home/ubuntu/ur_camera_ws/install/depthai_examples:/home/ubuntu/ur_camera_ws/install/depthai_bridge:/home/ubuntu/ur_camera_ws/install/depthai_ros_msgs:/home/ubuntu/ur_camera_ws/install/depthai_descriptions:/home/ubuntu/ur_camera_ws/install/pick_place:/home/ubuntu/ur_camera_ws/install/easy_handeye2:/opt/ros/humble LD_LIBRARY_PATH=/home/ubuntu/research_ws/ur10_pick_place_ws/install/linkattacher_msgs/lib:${LD_LIBRARY_PATH} PYTHONPATH=/home/ubuntu/research_ws/ur10_pick_place_ws/install/linkattacher_msgs/local/lib/python3.10/dist-packages:${PYTHONPATH} /usr/bin/cmake --build /home/ubuntu/research_ws/ur10_pick_place_ws/build/ur10_camera_gripper_moveit_config -- -j12 -l12
[1.193s] colcon.colcon_core.event_handler.log_command DEBUG Invoked command in '/home/ubuntu/research_ws/ur10_pick_place_ws/build/ur10_camera_gripper_moveit_config' returned '0': AMENT_PREFIX_PATH=/home/ubuntu/research_ws/ur10_pick_place_ws/install/ur_yt_sim:/home/ubuntu/research_ws/ur10_pick_place_ws/install/linkattacher_msgs:${AMENT_PREFIX_PATH} CMAKE_PREFIX_PATH=/home/ubuntu/research_ws/ur10_pick_place_ws/install/ur_yt_sim:/home/ubuntu/research_ws/ur10_pick_place_ws/install/linkattacher_msgs:/home/ubuntu/ur_camera_ws/install/ur_moveit_config:/home/ubuntu/ur_camera_ws/install/easy_handeye2_msgs:/home/ubuntu/ur_camera_ws/install/depthai-ros:/home/ubuntu/ur_camera_ws/install/depthai_ros_driver:/home/ubuntu/ur_camera_ws/install/depthai_filters:/home/ubuntu/ur_camera_ws/install/depthai_examples:/home/ubuntu/ur_camera_ws/install/depthai_bridge:/home/ubuntu/ur_camera_ws/install/depthai_ros_msgs:/home/ubuntu/ur_camera_ws/install/depthai_descriptions:/home/ubuntu/ur_camera_ws/install/pick_place:/home/ubuntu/ur_camera_ws/install/easy_handeye2:/opt/ros/humble LD_LIBRARY_PATH=/home/ubuntu/research_ws/ur10_pick_place_ws/install/linkattacher_msgs/lib:${LD_LIBRARY_PATH} PYTHONPATH=/home/ubuntu/research_ws/ur10_pick_place_ws/install/linkattacher_msgs/local/lib/python3.10/dist-packages:${PYTHONPATH} /usr/bin/cmake --build /home/ubuntu/research_ws/ur10_pick_place_ws/build/ur10_camera_gripper_moveit_config -- -j12 -l12
[1.220s] colcon.colcon_core.event_handler.log_command DEBUG Invoking command in '/home/ubuntu/research_ws/ur10_pick_place_ws/build/ur10_camera_gripper_moveit_config': AMENT_PREFIX_PATH=/home/ubuntu/research_ws/ur10_pick_place_ws/install/ur_yt_sim:/home/ubuntu/research_ws/ur10_pick_place_ws/install/linkattacher_msgs:${AMENT_PREFIX_PATH} CMAKE_PREFIX_PATH=/home/ubuntu/research_ws/ur10_pick_place_ws/install/ur_yt_sim:/home/ubuntu/research_ws/ur10_pick_place_ws/install/linkattacher_msgs:/home/ubuntu/ur_camera_ws/install/ur_moveit_config:/home/ubuntu/ur_camera_ws/install/easy_handeye2_msgs:/home/ubuntu/ur_camera_ws/install/depthai-ros:/home/ubuntu/ur_camera_ws/install/depthai_ros_driver:/home/ubuntu/ur_camera_ws/install/depthai_filters:/home/ubuntu/ur_camera_ws/install/depthai_examples:/home/ubuntu/ur_camera_ws/install/depthai_bridge:/home/ubuntu/ur_camera_ws/install/depthai_ros_msgs:/home/ubuntu/ur_camera_ws/install/depthai_descriptions:/home/ubuntu/ur_camera_ws/install/pick_place:/home/ubuntu/ur_camera_ws/install/easy_handeye2:/opt/ros/humble LD_LIBRARY_PATH=/home/ubuntu/research_ws/ur10_pick_place_ws/install/linkattacher_msgs/lib:${LD_LIBRARY_PATH} PYTHONPATH=/home/ubuntu/research_ws/ur10_pick_place_ws/install/linkattacher_msgs/local/lib/python3.10/dist-packages:${PYTHONPATH} /usr/bin/cmake --install /home/ubuntu/research_ws/ur10_pick_place_ws/build/ur10_camera_gripper_moveit_config
[1.245s] colcon.colcon_core.environment Level 1 create_environment_scripts_only(ur10_camera_gripper_moveit_config)
[1.264s] colcon.colcon_core.event_handler.log_command DEBUG Invoked command in '/home/ubuntu/research_ws/ur10_pick_place_ws/build/ur10_camera_gripper_moveit_config' returned '0': AMENT_PREFIX_PATH=/home/ubuntu/research_ws/ur10_pick_place_ws/install/ur_yt_sim:/home/ubuntu/research_ws/ur10_pick_place_ws/install/linkattacher_msgs:${AMENT_PREFIX_PATH} CMAKE_PREFIX_PATH=/home/ubuntu/research_ws/ur10_pick_place_ws/install/ur_yt_sim:/home/ubuntu/research_ws/ur10_pick_place_ws/install/linkattacher_msgs:/home/ubuntu/ur_camera_ws/install/ur_moveit_config:/home/ubuntu/ur_camera_ws/install/easy_handeye2_msgs:/home/ubuntu/ur_camera_ws/install/depthai-ros:/home/ubuntu/ur_camera_ws/install/depthai_ros_driver:/home/ubuntu/ur_camera_ws/install/depthai_filters:/home/ubuntu/ur_camera_ws/install/depthai_examples:/home/ubuntu/ur_camera_ws/install/depthai_bridge:/home/ubuntu/ur_camera_ws/install/depthai_ros_msgs:/home/ubuntu/ur_camera_ws/install/depthai_descriptions:/home/ubuntu/ur_camera_ws/install/pick_place:/home/ubuntu/ur_camera_ws/install/easy_handeye2:/opt/ros/humble LD_LIBRARY_PATH=/home/ubuntu/research_ws/ur10_pick_place_ws/install/linkattacher_msgs/lib:${LD_LIBRARY_PATH} PYTHONPATH=/home/ubuntu/research_ws/ur10_pick_place_ws/install/linkattacher_msgs/local/lib/python3.10/dist-packages:${PYTHONPATH} /usr/bin/cmake --install /home/ubuntu/research_ws/ur10_pick_place_ws/build/ur10_camera_gripper_moveit_config
[1.266s] colcon.colcon_core.environment Level 1 checking '/home/ubuntu/research_ws/ur10_pick_place_ws/install/ur10_camera_gripper_moveit_config' for CMake module files
[1.268s] colcon.colcon_core.environment Level 1 checking '/home/ubuntu/research_ws/ur10_pick_place_ws/install/ur10_camera_gripper_moveit_config' for CMake config files
[1.269s] colcon.colcon_core.shell Level 1 create_environment_hook('ur10_camera_gripper_moveit_config', 'cmake_prefix_path')
[1.270s] colcon.colcon_core.shell INFO Creating environment hook '/home/ubuntu/research_ws/ur10_pick_place_ws/install/ur10_camera_gripper_moveit_config/share/ur10_camera_gripper_moveit_config/hook/cmake_prefix_path.ps1'
[1.273s] colcon.colcon_core.shell INFO Creating environment descriptor '/home/ubuntu/research_ws/ur10_pick_place_ws/install/ur10_camera_gripper_moveit_config/share/ur10_camera_gripper_moveit_config/hook/cmake_prefix_path.dsv'
[1.275s] colcon.colcon_core.shell INFO Creating environment hook '/home/ubuntu/research_ws/ur10_pick_place_ws/install/ur10_camera_gripper_moveit_config/share/ur10_camera_gripper_moveit_config/hook/cmake_prefix_path.sh'
[1.279s] colcon.colcon_core.environment Level 1 checking '/home/ubuntu/research_ws/ur10_pick_place_ws/install/ur10_camera_gripper_moveit_config/bin'
[1.280s] colcon.colcon_core.environment Level 1 checking '/home/ubuntu/research_ws/ur10_pick_place_ws/install/ur10_camera_gripper_moveit_config/lib/pkgconfig/ur10_camera_gripper_moveit_config.pc'
[1.281s] colcon.colcon_core.environment Level 1 checking '/home/ubuntu/research_ws/ur10_pick_place_ws/install/ur10_camera_gripper_moveit_config/lib/python3.10/site-packages'
[1.282s] colcon.colcon_core.environment Level 1 checking '/home/ubuntu/research_ws/ur10_pick_place_ws/install/ur10_camera_gripper_moveit_config/bin'
[1.283s] colcon.colcon_core.shell INFO Creating package script '/home/ubuntu/research_ws/ur10_pick_place_ws/install/ur10_camera_gripper_moveit_config/share/ur10_camera_gripper_moveit_config/package.ps1'
[1.287s] colcon.colcon_core.shell INFO Creating package descriptor '/home/ubuntu/research_ws/ur10_pick_place_ws/install/ur10_camera_gripper_moveit_config/share/ur10_camera_gripper_moveit_config/package.dsv'
[1.290s] colcon.colcon_core.shell INFO Creating package script '/home/ubuntu/research_ws/ur10_pick_place_ws/install/ur10_camera_gripper_moveit_config/share/ur10_camera_gripper_moveit_config/package.sh'
[1.292s] colcon.colcon_core.shell INFO Creating package script '/home/ubuntu/research_ws/ur10_pick_place_ws/install/ur10_camera_gripper_moveit_config/share/ur10_camera_gripper_moveit_config/package.bash'
[1.296s] colcon.colcon_core.shell INFO Creating package script '/home/ubuntu/research_ws/ur10_pick_place_ws/install/ur10_camera_gripper_moveit_config/share/ur10_camera_gripper_moveit_config/package.zsh'
[1.298s] colcon.colcon_core.environment Level 1 create_file_with_runtime_dependencies(/home/ubuntu/research_ws/ur10_pick_place_ws/install/ur10_camera_gripper_moveit_config/share/colcon-core/packages/ur10_camera_gripper_moveit_config)
[1.300s] colcon.colcon_core.environment Level 1 create_environment_scripts_only(ur10_camera_gripper_moveit_config)
[1.301s] colcon.colcon_core.environment Level 1 checking '/home/ubuntu/research_ws/ur10_pick_place_ws/install/ur10_camera_gripper_moveit_config' for CMake module files
[1.302s] colcon.colcon_core.environment Level 1 checking '/home/ubuntu/research_ws/ur10_pick_place_ws/install/ur10_camera_gripper_moveit_config' for CMake config files
[1.304s] colcon.colcon_core.shell Level 1 create_environment_hook('ur10_camera_gripper_moveit_config', 'cmake_prefix_path')
[1.304s] colcon.colcon_core.shell INFO Creating environment hook '/home/ubuntu/research_ws/ur10_pick_place_ws/install/ur10_camera_gripper_moveit_config/share/ur10_camera_gripper_moveit_config/hook/cmake_prefix_path.ps1'
[1.306s] colcon.colcon_core.shell INFO Creating environment descriptor '/home/ubuntu/research_ws/ur10_pick_place_ws/install/ur10_camera_gripper_moveit_config/share/ur10_camera_gripper_moveit_config/hook/cmake_prefix_path.dsv'
[1.308s] colcon.colcon_core.shell INFO Creating environment hook '/home/ubuntu/research_ws/ur10_pick_place_ws/install/ur10_camera_gripper_moveit_config/share/ur10_camera_gripper_moveit_config/hook/cmake_prefix_path.sh'
[1.309s] colcon.colcon_core.environment Level 1 checking '/home/ubuntu/research_ws/ur10_pick_place_ws/install/ur10_camera_gripper_moveit_config/bin'
[1.310s] colcon.colcon_core.environment Level 1 checking '/home/ubuntu/research_ws/ur10_pick_place_ws/install/ur10_camera_gripper_moveit_config/lib/pkgconfig/ur10_camera_gripper_moveit_config.pc'
[1.311s] colcon.colcon_core.environment Level 1 checking '/home/ubuntu/research_ws/ur10_pick_place_ws/install/ur10_camera_gripper_moveit_config/lib/python3.10/site-packages'
[1.312s] colcon.colcon_core.environment Level 1 checking '/home/ubuntu/research_ws/ur10_pick_place_ws/install/ur10_camera_gripper_moveit_config/bin'
[1.313s] colcon.colcon_core.shell INFO Creating package script '/home/ubuntu/research_ws/ur10_pick_place_ws/install/ur10_camera_gripper_moveit_config/share/ur10_camera_gripper_moveit_config/package.ps1'
[1.315s] colcon.colcon_core.shell INFO Creating package descriptor '/home/ubuntu/research_ws/ur10_pick_place_ws/install/ur10_camera_gripper_moveit_config/share/ur10_camera_gripper_moveit_config/package.dsv'
[1.316s] colcon.colcon_core.shell INFO Creating package script '/home/ubuntu/research_ws/ur10_pick_place_ws/install/ur10_camera_gripper_moveit_config/share/ur10_camera_gripper_moveit_config/package.sh'
[1.319s] colcon.colcon_core.shell INFO Creating package script '/home/ubuntu/research_ws/ur10_pick_place_ws/install/ur10_camera_gripper_moveit_config/share/ur10_camera_gripper_moveit_config/package.bash'
[1.327s] colcon.colcon_core.shell INFO Creating package script '/home/ubuntu/research_ws/ur10_pick_place_ws/install/ur10_camera_gripper_moveit_config/share/ur10_camera_gripper_moveit_config/package.zsh'
[1.329s] colcon.colcon_core.environment Level 1 create_file_with_runtime_dependencies(/home/ubuntu/research_ws/ur10_pick_place_ws/install/ur10_camera_gripper_moveit_config/share/colcon-core/packages/ur10_camera_gripper_moveit_config)
[1.330s] colcon.colcon_ros.task.ament_cmake.build INFO Building ROS package in '/home/ubuntu/research_ws/ur10_pick_place_ws/src/ur10_pick_place' with build type 'ament_cmake'
[1.330s] colcon.colcon_cmake.task.cmake.build INFO Building CMake package in '/home/ubuntu/research_ws/ur10_pick_place_ws/src/ur10_pick_place'
[1.331s] colcon.colcon_core.shell INFO Skip shell extension 'powershell' for command environment: Not usable outside of PowerShell
[1.332s] colcon.colcon_core.shell DEBUG Skip shell extension 'dsv' for command environment
[1.369s] colcon.colcon_core.event_handler.log_command DEBUG Invoking command in '/home/ubuntu/research_ws/ur10_pick_place_ws/build/ur10_pick_place': AMENT_PREFIX_PATH=/home/ubuntu/research_ws/ur10_pick_place_ws/install/ur10_camera_gripper_moveit_config:/home/ubuntu/research_ws/ur10_pick_place_ws/install/ur_yt_sim:/home/ubuntu/research_ws/ur10_pick_place_ws/install/robotiq_3f_description:/home/ubuntu/research_ws/ur10_pick_place_ws/install/linkattacher_msgs:${AMENT_PREFIX_PATH} CMAKE_PREFIX_PATH=/home/ubuntu/research_ws/ur10_pick_place_ws/install/ur10_camera_gripper_moveit_config:/home/ubuntu/research_ws/ur10_pick_place_ws/install/ur_yt_sim:/home/ubuntu/research_ws/ur10_pick_place_ws/install/robotiq_3f_description:/home/ubuntu/research_ws/ur10_pick_place_ws/install/linkattacher_msgs:/home/ubuntu/ur_camera_ws/install/ur_moveit_config:/home/ubuntu/ur_camera_ws/install/easy_handeye2_msgs:/home/ubuntu/ur_camera_ws/install/depthai-ros:/home/ubuntu/ur_camera_ws/install/depthai_ros_driver:/home/ubuntu/ur_camera_ws/install/depthai_filters:/home/ubuntu/ur_camera_ws/install/depthai_examples:/home/ubuntu/ur_camera_ws/install/depthai_bridge:/home/ubuntu/ur_camera_ws/install/depthai_ros_msgs:/home/ubuntu/ur_camera_ws/install/depthai_descriptions:/home/ubuntu/ur_camera_ws/install/pick_place:/home/ubuntu/ur_camera_ws/install/easy_handeye2:/opt/ros/humble LD_LIBRARY_PATH=/home/ubuntu/research_ws/ur10_pick_place_ws/install/linkattacher_msgs/lib:${LD_LIBRARY_PATH} PYTHONPATH=/home/ubuntu/research_ws/ur10_pick_place_ws/install/linkattacher_msgs/local/lib/python3.10/dist-packages:${PYTHONPATH} /usr/bin/cmake --build /home/ubuntu/research_ws/ur10_pick_place_ws/build/ur10_pick_place -- -j12 -l12
[1.452s] colcon.colcon_core.event_handler.log_command DEBUG Invoked command in '/home/ubuntu/research_ws/ur10_pick_place_ws/build/ur10_pick_place' returned '0': AMENT_PREFIX_PATH=/home/ubuntu/research_ws/ur10_pick_place_ws/install/ur10_camera_gripper_moveit_config:/home/ubuntu/research_ws/ur10_pick_place_ws/install/ur_yt_sim:/home/ubuntu/research_ws/ur10_pick_place_ws/install/robotiq_3f_description:/home/ubuntu/research_ws/ur10_pick_place_ws/install/linkattacher_msgs:${AMENT_PREFIX_PATH} CMAKE_PREFIX_PATH=/home/ubuntu/research_ws/ur10_pick_place_ws/install/ur10_camera_gripper_moveit_config:/home/ubuntu/research_ws/ur10_pick_place_ws/install/ur_yt_sim:/home/ubuntu/research_ws/ur10_pick_place_ws/install/robotiq_3f_description:/home/ubuntu/research_ws/ur10_pick_place_ws/install/linkattacher_msgs:/home/ubuntu/ur_camera_ws/install/ur_moveit_config:/home/ubuntu/ur_camera_ws/install/easy_handeye2_msgs:/home/ubuntu/ur_camera_ws/install/depthai-ros:/home/ubuntu/ur_camera_ws/install/depthai_ros_driver:/home/ubuntu/ur_camera_ws/install/depthai_filters:/home/ubuntu/ur_camera_ws/install/depthai_examples:/home/ubuntu/ur_camera_ws/install/depthai_bridge:/home/ubuntu/ur_camera_ws/install/depthai_ros_msgs:/home/ubuntu/ur_camera_ws/install/depthai_descriptions:/home/ubuntu/ur_camera_ws/install/pick_place:/home/ubuntu/ur_camera_ws/install/easy_handeye2:/opt/ros/humble LD_LIBRARY_PATH=/home/ubuntu/research_ws/ur10_pick_place_ws/install/linkattacher_msgs/lib:${LD_LIBRARY_PATH} PYTHONPATH=/home/ubuntu/research_ws/ur10_pick_place_ws/install/linkattacher_msgs/local/lib/python3.10/dist-packages:${PYTHONPATH} /usr/bin/cmake --build /home/ubuntu/research_ws/ur10_pick_place_ws/build/ur10_pick_place -- -j12 -l12
[1.456s] colcon.colcon_core.event_handler.log_command DEBUG Invoking command in '/home/ubuntu/research_ws/ur10_pick_place_ws/build/ur10_pick_place': AMENT_PREFIX_PATH=/home/ubuntu/research_ws/ur10_pick_place_ws/install/ur10_camera_gripper_moveit_config:/home/ubuntu/research_ws/ur10_pick_place_ws/install/ur_yt_sim:/home/ubuntu/research_ws/ur10_pick_place_ws/install/robotiq_3f_description:/home/ubuntu/research_ws/ur10_pick_place_ws/install/linkattacher_msgs:${AMENT_PREFIX_PATH} CMAKE_PREFIX_PATH=/home/ubuntu/research_ws/ur10_pick_place_ws/install/ur10_camera_gripper_moveit_config:/home/ubuntu/research_ws/ur10_pick_place_ws/install/ur_yt_sim:/home/ubuntu/research_ws/ur10_pick_place_ws/install/robotiq_3f_description:/home/ubuntu/research_ws/ur10_pick_place_ws/install/linkattacher_msgs:/home/ubuntu/ur_camera_ws/install/ur_moveit_config:/home/ubuntu/ur_camera_ws/install/easy_handeye2_msgs:/home/ubuntu/ur_camera_ws/install/depthai-ros:/home/ubuntu/ur_camera_ws/install/depthai_ros_driver:/home/ubuntu/ur_camera_ws/install/depthai_filters:/home/ubuntu/ur_camera_ws/install/depthai_examples:/home/ubuntu/ur_camera_ws/install/depthai_bridge:/home/ubuntu/ur_camera_ws/install/depthai_ros_msgs:/home/ubuntu/ur_camera_ws/install/depthai_descriptions:/home/ubuntu/ur_camera_ws/install/pick_place:/home/ubuntu/ur_camera_ws/install/easy_handeye2:/opt/ros/humble LD_LIBRARY_PATH=/home/ubuntu/research_ws/ur10_pick_place_ws/install/linkattacher_msgs/lib:${LD_LIBRARY_PATH} PYTHONPATH=/home/ubuntu/research_ws/ur10_pick_place_ws/install/linkattacher_msgs/local/lib/python3.10/dist-packages:${PYTHONPATH} /usr/bin/cmake --install /home/ubuntu/research_ws/ur10_pick_place_ws/build/ur10_pick_place
[1.491s] colcon.colcon_core.environment Level 1 create_environment_scripts_only(ur10_pick_place)
[1.492s] colcon.colcon_core.environment Level 1 checking '/home/ubuntu/research_ws/ur10_pick_place_ws/install/ur10_pick_place' for CMake module files
[1.493s] colcon.colcon_core.environment Level 1 checking '/home/ubuntu/research_ws/ur10_pick_place_ws/install/ur10_pick_place' for CMake config files
[1.517s] colcon.colcon_core.shell Level 1 create_environment_hook('ur10_pick_place', 'cmake_prefix_path')
[1.518s] colcon.colcon_core.shell INFO Creating environment hook '/home/ubuntu/research_ws/ur10_pick_place_ws/install/ur10_pick_place/share/ur10_pick_place/hook/cmake_prefix_path.ps1'
[1.521s] colcon.colcon_core.shell INFO Creating environment descriptor '/home/ubuntu/research_ws/ur10_pick_place_ws/install/ur10_pick_place/share/ur10_pick_place/hook/cmake_prefix_path.dsv'
[1.524s] colcon.colcon_core.shell INFO Creating environment hook '/home/ubuntu/research_ws/ur10_pick_place_ws/install/ur10_pick_place/share/ur10_pick_place/hook/cmake_prefix_path.sh'
[1.528s] colcon.colcon_core.event_handler.log_command DEBUG Invoked command in '/home/ubuntu/research_ws/ur10_pick_place_ws/build/ur10_pick_place' returned '0': AMENT_PREFIX_PATH=/home/ubuntu/research_ws/ur10_pick_place_ws/install/ur10_camera_gripper_moveit_config:/home/ubuntu/research_ws/ur10_pick_place_ws/install/ur_yt_sim:/home/ubuntu/research_ws/ur10_pick_place_ws/install/robotiq_3f_description:/home/ubuntu/research_ws/ur10_pick_place_ws/install/linkattacher_msgs:${AMENT_PREFIX_PATH} CMAKE_PREFIX_PATH=/home/ubuntu/research_ws/ur10_pick_place_ws/install/ur10_camera_gripper_moveit_config:/home/ubuntu/research_ws/ur10_pick_place_ws/install/ur_yt_sim:/home/ubuntu/research_ws/ur10_pick_place_ws/install/robotiq_3f_description:/home/ubuntu/research_ws/ur10_pick_place_ws/install/linkattacher_msgs:/home/ubuntu/ur_camera_ws/install/ur_moveit_config:/home/ubuntu/ur_camera_ws/install/easy_handeye2_msgs:/home/ubuntu/ur_camera_ws/install/depthai-ros:/home/ubuntu/ur_camera_ws/install/depthai_ros_driver:/home/ubuntu/ur_camera_ws/install/depthai_filters:/home/ubuntu/ur_camera_ws/install/depthai_examples:/home/ubuntu/ur_camera_ws/install/depthai_bridge:/home/ubuntu/ur_camera_ws/install/depthai_ros_msgs:/home/ubuntu/ur_camera_ws/install/depthai_descriptions:/home/ubuntu/ur_camera_ws/install/pick_place:/home/ubuntu/ur_camera_ws/install/easy_handeye2:/opt/ros/humble LD_LIBRARY_PATH=/home/ubuntu/research_ws/ur10_pick_place_ws/install/linkattacher_msgs/lib:${LD_LIBRARY_PATH} PYTHONPATH=/home/ubuntu/research_ws/ur10_pick_place_ws/install/linkattacher_msgs/local/lib/python3.10/dist-packages:${PYTHONPATH} /usr/bin/cmake --install /home/ubuntu/research_ws/ur10_pick_place_ws/build/ur10_pick_place
[1.529s] colcon.colcon_core.environment Level 1 checking '/home/ubuntu/research_ws/ur10_pick_place_ws/install/ur10_pick_place/bin'
[1.529s] colcon.colcon_core.environment Level 1 checking '/home/ubuntu/research_ws/ur10_pick_place_ws/install/ur10_pick_place/lib/pkgconfig/ur10_pick_place.pc'
[1.529s] colcon.colcon_core.environment Level 1 checking '/home/ubuntu/research_ws/ur10_pick_place_ws/install/ur10_pick_place/lib/python3.10/site-packages'
[1.530s] colcon.colcon_core.environment Level 1 checking '/home/ubuntu/research_ws/ur10_pick_place_ws/install/ur10_pick_place/bin'
[1.531s] colcon.colcon_core.shell INFO Creating package script '/home/ubuntu/research_ws/ur10_pick_place_ws/install/ur10_pick_place/share/ur10_pick_place/package.ps1'
[1.532s] colcon.colcon_core.shell INFO Creating package descriptor '/home/ubuntu/research_ws/ur10_pick_place_ws/install/ur10_pick_place/share/ur10_pick_place/package.dsv'
[1.533s] colcon.colcon_core.shell INFO Creating package script '/home/ubuntu/research_ws/ur10_pick_place_ws/install/ur10_pick_place/share/ur10_pick_place/package.sh'
[1.534s] colcon.colcon_core.shell INFO Creating package script '/home/ubuntu/research_ws/ur10_pick_place_ws/install/ur10_pick_place/share/ur10_pick_place/package.bash'
[1.535s] colcon.colcon_core.shell INFO Creating package script '/home/ubuntu/research_ws/ur10_pick_place_ws/install/ur10_pick_place/share/ur10_pick_place/package.zsh'
[1.536s] colcon.colcon_core.environment Level 1 create_file_with_runtime_dependencies(/home/ubuntu/research_ws/ur10_pick_place_ws/install/ur10_pick_place/share/colcon-core/packages/ur10_pick_place)
[1.537s] colcon.colcon_core.environment Level 1 create_environment_scripts_only(ur10_pick_place)
[1.537s] colcon.colcon_core.environment Level 1 checking '/home/ubuntu/research_ws/ur10_pick_place_ws/install/ur10_pick_place' for CMake module files
[1.538s] colcon.colcon_core.environment Level 1 checking '/home/ubuntu/research_ws/ur10_pick_place_ws/install/ur10_pick_place' for CMake config files
[1.539s] colcon.colcon_core.shell Level 1 create_environment_hook('ur10_pick_place', 'cmake_prefix_path')
[1.540s] colcon.colcon_core.shell INFO Creating environment hook '/home/ubuntu/research_ws/ur10_pick_place_ws/install/ur10_pick_place/share/ur10_pick_place/hook/cmake_prefix_path.ps1'
[1.541s] colcon.colcon_core.shell INFO Creating environment descriptor '/home/ubuntu/research_ws/ur10_pick_place_ws/install/ur10_pick_place/share/ur10_pick_place/hook/cmake_prefix_path.dsv'
[1.545s] colcon.colcon_core.shell INFO Creating environment hook '/home/ubuntu/research_ws/ur10_pick_place_ws/install/ur10_pick_place/share/ur10_pick_place/hook/cmake_prefix_path.sh'
[1.557s] colcon.colcon_core.environment Level 1 checking '/home/ubuntu/research_ws/ur10_pick_place_ws/install/ur10_pick_place/bin'
[1.557s] colcon.colcon_core.environment Level 1 checking '/home/ubuntu/research_ws/ur10_pick_place_ws/install/ur10_pick_place/lib/pkgconfig/ur10_pick_place.pc'
[1.557s] colcon.colcon_core.environment Level 1 checking '/home/ubuntu/research_ws/ur10_pick_place_ws/install/ur10_pick_place/lib/python3.10/site-packages'
[1.558s] colcon.colcon_core.environment Level 1 checking '/home/ubuntu/research_ws/ur10_pick_place_ws/install/ur10_pick_place/bin'
[1.559s] colcon.colcon_core.shell INFO Creating package script '/home/ubuntu/research_ws/ur10_pick_place_ws/install/ur10_pick_place/share/ur10_pick_place/package.ps1'
[1.564s] colcon.colcon_core.shell INFO Creating package descriptor '/home/ubuntu/research_ws/ur10_pick_place_ws/install/ur10_pick_place/share/ur10_pick_place/package.dsv'
[1.565s] colcon.colcon_core.shell INFO Creating package script '/home/ubuntu/research_ws/ur10_pick_place_ws/install/ur10_pick_place/share/ur10_pick_place/package.sh'
[1.566s] colcon.colcon_core.shell INFO Creating package script '/home/ubuntu/research_ws/ur10_pick_place_ws/install/ur10_pick_place/share/ur10_pick_place/package.bash'
[1.566s] colcon.colcon_core.shell INFO Creating package script '/home/ubuntu/research_ws/ur10_pick_place_ws/install/ur10_pick_place/share/ur10_pick_place/package.zsh'
[1.567s] colcon.colcon_core.environment Level 1 create_file_with_runtime_dependencies(/home/ubuntu/research_ws/ur10_pick_place_ws/install/ur10_pick_place/share/colcon-core/packages/ur10_pick_place)
[1.568s] colcon.colcon_parallel_executor.executor.parallel DEBUG closing loop
[1.568s] colcon.colcon_parallel_executor.executor.parallel DEBUG loop closed
[1.569s] colcon.colcon_parallel_executor.executor.parallel DEBUG run_until_complete finished with '0'
[1.569s] colcon.colcon_core.event_reactor DEBUG joining thread
[1.581s] colcon.colcon_core.plugin_system INFO Skipping extension 'colcon_notification.desktop_notification.terminal_notifier': Not used on non-Darwin systems
[1.581s] colcon.colcon_core.plugin_system INFO Skipping extension 'colcon_notification.desktop_notification.win32': Not used on non-Windows systems
[1.582s] colcon.colcon_notification.desktop_notification INFO Sending desktop notification using 'notify2'
[1.631s] colcon.colcon_core.event_reactor DEBUG joined thread
[1.632s] colcon.colcon_core.shell INFO Creating prefix script '/home/ubuntu/research_ws/ur10_pick_place_ws/install/local_setup.ps1'
[1.636s] colcon.colcon_core.shell INFO Creating prefix util module '/home/ubuntu/research_ws/ur10_pick_place_ws/install/_local_setup_util_ps1.py'
[1.641s] colcon.colcon_core.shell INFO Creating prefix chain script '/home/ubuntu/research_ws/ur10_pick_place_ws/install/setup.ps1'
[1.647s] colcon.colcon_core.shell INFO Creating prefix script '/home/ubuntu/research_ws/ur10_pick_place_ws/install/local_setup.sh'
[1.649s] colcon.colcon_core.shell INFO Creating prefix util module '/home/ubuntu/research_ws/ur10_pick_place_ws/install/_local_setup_util_sh.py'
[1.651s] colcon.colcon_core.shell INFO Creating prefix chain script '/home/ubuntu/research_ws/ur10_pick_place_ws/install/setup.sh'
[1.657s] colcon.colcon_core.shell INFO Creating prefix script '/home/ubuntu/research_ws/ur10_pick_place_ws/install/local_setup.bash'
[1.658s] colcon.colcon_core.shell INFO Creating prefix chain script '/home/ubuntu/research_ws/ur10_pick_place_ws/install/setup.bash'
[1.663s] colcon.colcon_core.shell INFO Creating prefix script '/home/ubuntu/research_ws/ur10_pick_place_ws/install/local_setup.zsh'
[1.664s] colcon.colcon_core.shell INFO Creating prefix chain script '/home/ubuntu/research_ws/ur10_pick_place_ws/install/setup.zsh'
