[2026-03-30 10:11:06,961][__main__][INFO] - Detected 1 GPU(s) available, setting cfg.train.num_gpus = 1
[2026-03-30 10:11:06,963][grasp_gen.dataset.dataset][INFO] - [CACHE VALIDATION] No data files found in /tmp/graspgen_cache_v3/robotiq_3f, deleting cache dir. It may have been improperly created before.
[2026-03-30 10:11:06,967][__main__][INFO] - Cache is imcomplete. Running in prefiltering mode first!
[2026-03-30 10:11:06,969][__main__][INFO] - Prefiltering mode. Running with 1 GPU
[2026-03-30 10:11:06,974][grasp_gen.dataset.dataset][INFO] - cache_dir: /tmp/graspgen_cache_v3/robotiq_3f
[2026-03-30 10:11:06,975][grasp_gen.dataset.dataset][INFO] - Denylist path: /tmp/graspgen_cache_v3/robotiq_3f/denylist_mesh_dis.json
[2026-03-30 10:11:06,975][grasp_gen.dataset.dataset][INFO] - Loading dataset from config: /home/ubuntu/GraspDataGen/graspgen_dataset_v3/splits/robotiq_3f/train.txt
[2026-03-30 10:11:06,975][grasp_gen.dataset.dataset][INFO] - No filtering; All datapoints are used
[2026-03-30 10:11:07,079][grasp_gen.dataset.dataset][INFO] - Preloading dataset to memory
[2026-03-30 10:11:07,080][grasp_gen.dataset.dataset][INFO] - Unable to find cache file: /tmp/graspgen_cache_v3/robotiq_3f/cache_train_mesh_dis.h5
[2026-03-30 10:11:10,920][grasp_gen.dataset.dataset][ERROR] - 8: Unable to preload object even after sampling pc 1 times
[2026-03-30 10:11:10,921][grasp_gen.dataset.dataset][INFO] - Saving key: 1d09c7b931844487b000ac698fb0b5a7 to denylist at /tmp/graspgen_cache_v3/robotiq_3f/denylist_mesh_dis.json
[2026-03-30 10:11:14,534][grasp_gen.dataset.dataset][ERROR] - 13: Unable to preload object even after sampling pc 1 times
[2026-03-30 10:11:14,535][grasp_gen.dataset.dataset][INFO] - Saving key: 0a3da81bfa904cafa446ab97e7a62cad to denylist at /tmp/graspgen_cache_v3/robotiq_3f/denylist_mesh_dis.json
[2026-03-30 10:11:14,932][grasp_gen.dataset.dataset][ERROR] - 15: Unable to preload object even after sampling pc 1 times
[2026-03-30 10:11:14,933][grasp_gen.dataset.dataset][INFO] - Saving key: 4f3799a5a2bf4d58a6e623b88607642c to denylist at /tmp/graspgen_cache_v3/robotiq_3f/denylist_mesh_dis.json
[2026-03-30 10:11:16,130][grasp_gen.dataset.dataset][ERROR] - 20: Unable to preload object even after sampling pc 1 times
[2026-03-30 10:11:16,131][grasp_gen.dataset.dataset][INFO] - Saving key: d1f4aa651d9d4953a5a2742914b84635 to denylist at /tmp/graspgen_cache_v3/robotiq_3f/denylist_mesh_dis.json
[2026-03-30 10:11:16,322][grasp_gen.dataset.dataset][ERROR] - 21: Unable to preload object even after sampling pc 1 times
[2026-03-30 10:11:16,323][grasp_gen.dataset.dataset][INFO] - Saving key: 539abad9c0384000a225a5145f9d5b52 to denylist at /tmp/graspgen_cache_v3/robotiq_3f/denylist_mesh_dis.json
[2026-03-30 10:11:18,638][grasp_gen.dataset.dataset][ERROR] - 29: Unable to preload object even after sampling pc 1 times
[2026-03-30 10:11:18,639][grasp_gen.dataset.dataset][INFO] - Saving key: dc8ea337322f4170855c6162b5c2ffdf to denylist at /tmp/graspgen_cache_v3/robotiq_3f/denylist_mesh_dis.json
[2026-03-30 10:11:18,923][grasp_gen.dataset.dataset][ERROR] - 30: Unable to preload object even after sampling pc 1 times
[2026-03-30 10:11:18,923][grasp_gen.dataset.dataset][INFO] - Saving key: b45a8a265434477a92087d0446c6db0e to denylist at /tmp/graspgen_cache_v3/robotiq_3f/denylist_mesh_dis.json
[2026-03-30 10:11:19,988][grasp_gen.dataset.dataset][ERROR] - 34: Unable to preload object even after sampling pc 1 times
[2026-03-30 10:11:19,988][grasp_gen.dataset.dataset][INFO] - Saving key: 494397e3d7c9444e8f86440b4c00fa0d to denylist at /tmp/graspgen_cache_v3/robotiq_3f/denylist_mesh_dis.json
[2026-03-30 10:11:20,391][grasp_gen.dataset.dataset][ERROR] - 36: Unable to preload object even after sampling pc 1 times
[2026-03-30 10:11:20,391][grasp_gen.dataset.dataset][INFO] - Saving key: 52c6db9c2f924352a9d35c2cdc881cde to denylist at /tmp/graspgen_cache_v3/robotiq_3f/denylist_mesh_dis.json
[2026-03-30 10:11:22,018][grasp_gen.dataset.dataset][ERROR] - 41: Unable to preload object even after sampling pc 1 times
[2026-03-30 10:11:22,019][grasp_gen.dataset.dataset][INFO] - Saving key: 865a12da7eac48f5bc483e090441ccca to denylist at /tmp/graspgen_cache_v3/robotiq_3f/denylist_mesh_dis.json
[2026-03-30 10:11:22,399][grasp_gen.dataset.dataset][ERROR] - 43: Unable to preload object even after sampling pc 1 times
[2026-03-30 10:11:22,400][grasp_gen.dataset.dataset][INFO] - Saving key: 2dffea891a8a4121af4ccd29ae9aed18 to denylist at /tmp/graspgen_cache_v3/robotiq_3f/denylist_mesh_dis.json
[2026-03-30 10:11:24,437][grasp_gen.dataset.dataset][ERROR] - 50: Unable to preload object even after sampling pc 1 times
[2026-03-30 10:11:24,438][grasp_gen.dataset.dataset][INFO] - Saving key: football to denylist at /tmp/graspgen_cache_v3/robotiq_3f/denylist_mesh_dis.json
[2026-03-30 10:11:29,082][grasp_gen.dataset.dataset][ERROR] - 53: Unable to preload object even after sampling pc 1 times
[2026-03-30 10:11:29,083][grasp_gen.dataset.dataset][INFO] - Saving key: c6a403de625f4a49b6a162f8cc22e0b3 to denylist at /tmp/graspgen_cache_v3/robotiq_3f/denylist_mesh_dis.json
[2026-03-30 10:11:31,766][grasp_gen.dataset.dataset][ERROR] - 54: Unable to preload object even after sampling pc 1 times
[2026-03-30 10:11:31,767][grasp_gen.dataset.dataset][INFO] - Saving key: e951bbee28f148268bb4a534169a86aa to denylist at /tmp/graspgen_cache_v3/robotiq_3f/denylist_mesh_dis.json
[2026-03-30 10:11:36,948][grasp_gen.dataset.dataset][ERROR] - 57: Unable to preload object even after sampling pc 1 times
[2026-03-30 10:11:36,949][grasp_gen.dataset.dataset][INFO] - Saving key: 1878341a4ac34cb49896188da4169c95 to denylist at /tmp/graspgen_cache_v3/robotiq_3f/denylist_mesh_dis.json
[2026-03-30 10:11:40,050][grasp_gen.dataset.dataset][ERROR] - 62: Unable to preload object even after sampling pc 1 times
[2026-03-30 10:11:40,051][grasp_gen.dataset.dataset][INFO] - Saving key: 04c5a12c37454230b58f2e3d8386bf9c to denylist at /tmp/graspgen_cache_v3/robotiq_3f/denylist_mesh_dis.json
[2026-03-30 10:11:40,217][grasp_gen.dataset.dataset][ERROR] - 63: Unable to preload object even after sampling pc 1 times
[2026-03-30 10:11:40,217][grasp_gen.dataset.dataset][INFO] - Saving key: 7a46c16e3fd1464ab598f6d6a5d17230 to denylist at /tmp/graspgen_cache_v3/robotiq_3f/denylist_mesh_dis.json
[2026-03-30 10:11:40,636][grasp_gen.dataset.dataset][ERROR] - 65: Unable to preload object even after sampling pc 1 times
[2026-03-30 10:11:40,637][grasp_gen.dataset.dataset][INFO] - Saving key: 41a3ce0e1b0d4645a81c5cc5bcc2a636 to denylist at /tmp/graspgen_cache_v3/robotiq_3f/denylist_mesh_dis.json
[2026-03-30 10:11:40,790][grasp_gen.dataset.dataset][ERROR] - 66: Unable to preload object even after sampling pc 1 times
[2026-03-30 10:11:40,791][grasp_gen.dataset.dataset][INFO] - Saving key: 2d1bf7963cc544cc9c12fdbdc6f03e24 to denylist at /tmp/graspgen_cache_v3/robotiq_3f/denylist_mesh_dis.json
[2026-03-30 10:11:44,308][grasp_gen.dataset.dataset][ERROR] - 71: Unable to preload object even after sampling pc 1 times
[2026-03-30 10:11:44,308][grasp_gen.dataset.dataset][INFO] - Saving key: 7b3bfdab414148a08cbf46fc105e280a to denylist at /tmp/graspgen_cache_v3/robotiq_3f/denylist_mesh_dis.json
[2026-03-30 10:11:45,313][grasp_gen.dataset.dataset][ERROR] - 74: Unable to preload object even after sampling pc 1 times
[2026-03-30 10:11:45,313][grasp_gen.dataset.dataset][INFO] - Saving key: 73c2a42017a8411fbfc58783b694da9c to denylist at /tmp/graspgen_cache_v3/robotiq_3f/denylist_mesh_dis.json
[2026-03-30 10:11:46,525][grasp_gen.dataset.dataset][ERROR] - 77: Unable to preload object even after sampling pc 1 times
[2026-03-30 10:11:46,526][grasp_gen.dataset.dataset][INFO] - Saving key: 0fa49966a0ea48f7a96a57feb167aea6 to denylist at /tmp/graspgen_cache_v3/robotiq_3f/denylist_mesh_dis.json
[2026-03-30 10:11:50,607][grasp_gen.dataset.dataset][ERROR] - 91: Unable to preload object even after sampling pc 1 times
[2026-03-30 10:11:50,607][grasp_gen.dataset.dataset][INFO] - Saving key: 7c5e617e522441f8b3c60386d2d8c257 to denylist at /tmp/graspgen_cache_v3/robotiq_3f/denylist_mesh_dis.json
[2026-03-30 10:11:51,222][grasp_gen.dataset.dataset][ERROR] - 92: Unable to preload object even after sampling pc 1 times
[2026-03-30 10:11:51,223][grasp_gen.dataset.dataset][INFO] - Saving key: 32c47e171fc54617aef4c5696f27a7a5 to denylist at /tmp/graspgen_cache_v3/robotiq_3f/denylist_mesh_dis.json
[2026-03-30 10:11:51,908][grasp_gen.dataset.dataset][ERROR] - 96: Unable to preload object even after sampling pc 1 times
[2026-03-30 10:11:51,909][grasp_gen.dataset.dataset][INFO] - Saving key: b21647005ac64c9f8e9a79a5e75a7a0e to denylist at /tmp/graspgen_cache_v3/robotiq_3f/denylist_mesh_dis.json
[2026-03-30 10:11:58,289][grasp_gen.dataset.dataset][ERROR] - 109: Unable to preload object even after sampling pc 1 times
[2026-03-30 10:11:58,289][grasp_gen.dataset.dataset][INFO] - Saving key: f19d6a3e6c6a4aa29c1d8ab2766a292d to denylist at /tmp/graspgen_cache_v3/robotiq_3f/denylist_mesh_dis.json
[2026-03-30 10:12:01,357][grasp_gen.dataset.dataset][ERROR] - 114: Unable to preload object even after sampling pc 1 times
[2026-03-30 10:12:01,358][grasp_gen.dataset.dataset][INFO] - Saving key: 0beaa1b3ce4e4e10b5a9923dbb6cc4e5 to denylist at /tmp/graspgen_cache_v3/robotiq_3f/denylist_mesh_dis.json
[2026-03-30 10:12:03,391][grasp_gen.dataset.dataset][ERROR] - 118: Unable to preload object even after sampling pc 1 times
[2026-03-30 10:12:03,391][grasp_gen.dataset.dataset][INFO] - Saving key: 04c91ce29a4d475882fb74b611fea099 to denylist at /tmp/graspgen_cache_v3/robotiq_3f/denylist_mesh_dis.json
[2026-03-30 10:12:03,996][grasp_gen.dataset.dataset][ERROR] - 121: Unable to preload object even after sampling pc 1 times
[2026-03-30 10:12:03,997][grasp_gen.dataset.dataset][INFO] - Saving key: 033a61d66f7646ceaac357b502a5f5dc to denylist at /tmp/graspgen_cache_v3/robotiq_3f/denylist_mesh_dis.json
[2026-03-30 10:12:04,242][grasp_gen.dataset.dataset][ERROR] - 122: Unable to preload object even after sampling pc 1 times
[2026-03-30 10:12:04,243][grasp_gen.dataset.dataset][INFO] - Saving key: 0da7a740994e47418e6bec9010fbca0a to denylist at /tmp/graspgen_cache_v3/robotiq_3f/denylist_mesh_dis.json
[2026-03-30 10:12:05,202][grasp_gen.dataset.dataset][ERROR] - 126: Unable to preload object even after sampling pc 1 times
[2026-03-30 10:12:05,202][grasp_gen.dataset.dataset][INFO] - Saving key: 9d9557c5f3af4639bcacf468e4e5182a to denylist at /tmp/graspgen_cache_v3/robotiq_3f/denylist_mesh_dis.json
[2026-03-30 10:12:05,955][grasp_gen.dataset.dataset][ERROR] - 131: Unable to preload object even after sampling pc 1 times
[2026-03-30 10:12:05,955][grasp_gen.dataset.dataset][INFO] - Saving key: 2aa3256dfecf440a8bb26fdd17fa73c3 to denylist at /tmp/graspgen_cache_v3/robotiq_3f/denylist_mesh_dis.json
[2026-03-30 10:12:06,112][grasp_gen.dataset.dataset][ERROR] - 132: Unable to preload object even after sampling pc 1 times
[2026-03-30 10:12:06,113][grasp_gen.dataset.dataset][INFO] - Saving key: 67e0432c7bea402f9fe6a8bd4073146f to denylist at /tmp/graspgen_cache_v3/robotiq_3f/denylist_mesh_dis.json
[2026-03-30 10:12:06,396][grasp_gen.dataset.dataset][ERROR] - 133: Unable to preload object even after sampling pc 1 times
[2026-03-30 10:12:06,396][grasp_gen.dataset.dataset][INFO] - Saving key: e4961832b20c4959ad059fced0fbb529 to denylist at /tmp/graspgen_cache_v3/robotiq_3f/denylist_mesh_dis.json
[2026-03-30 10:12:13,907][grasp_gen.dataset.dataset][ERROR] - 141: Unable to preload object even after sampling pc 1 times
[2026-03-30 10:12:13,908][grasp_gen.dataset.dataset][INFO] - Saving key: 5e0f504bb5d144809390dac8c66a6dd5 to denylist at /tmp/graspgen_cache_v3/robotiq_3f/denylist_mesh_dis.json
[2026-03-30 10:12:14,326][grasp_gen.dataset.dataset][ERROR] - 143: Unable to preload object even after sampling pc 1 times
[2026-03-30 10:12:14,326][grasp_gen.dataset.dataset][INFO] - Saving key: cfbfff197509468b94534dbee3e4a287 to denylist at /tmp/graspgen_cache_v3/robotiq_3f/denylist_mesh_dis.json
[2026-03-30 10:12:14,618][grasp_gen.dataset.dataset][ERROR] - 144: Unable to preload object even after sampling pc 1 times
[2026-03-30 10:12:14,618][grasp_gen.dataset.dataset][INFO] - Saving key: a800eb049d5f4ccaa85649d23ccd117f to denylist at /tmp/graspgen_cache_v3/robotiq_3f/denylist_mesh_dis.json
[2026-03-30 10:12:35,358][grasp_gen.dataset.dataset][ERROR] - 162: Unable to preload object even after sampling pc 1 times
[2026-03-30 10:12:35,358][grasp_gen.dataset.dataset][INFO] - Saving key: 34fa7bb706af4ee19c0bdee1cad4c710 to denylist at /tmp/graspgen_cache_v3/robotiq_3f/denylist_mesh_dis.json
[2026-03-30 10:12:35,448][grasp_gen.dataset.dataset][ERROR] - 163: Unable to preload object even after sampling pc 1 times
[2026-03-30 10:12:35,448][grasp_gen.dataset.dataset][INFO] - Saving key: 1557fd3289104918ab475b8e1e6c7063 to denylist at /tmp/graspgen_cache_v3/robotiq_3f/denylist_mesh_dis.json
[2026-03-30 10:12:36,815][grasp_gen.dataset.dataset][ERROR] - 165: Unable to preload object even after sampling pc 1 times
[2026-03-30 10:12:36,815][grasp_gen.dataset.dataset][INFO] - Saving key: 43b9952b39d14295bfcc357786092c51 to denylist at /tmp/graspgen_cache_v3/robotiq_3f/denylist_mesh_dis.json
[2026-03-30 10:12:37,054][grasp_gen.dataset.dataset][ERROR] - 166: Unable to preload object even after sampling pc 1 times
[2026-03-30 10:12:37,054][grasp_gen.dataset.dataset][INFO] - Saving key: 3878dbe176654c1f984805deee25aca5 to denylist at /tmp/graspgen_cache_v3/robotiq_3f/denylist_mesh_dis.json
[2026-03-30 10:12:41,218][grasp_gen.dataset.dataset][ERROR] - 173: Unable to preload object even after sampling pc 1 times
[2026-03-30 10:12:41,218][grasp_gen.dataset.dataset][INFO] - Saving key: 294ab037e7004247ad775d657d3d4144 to denylist at /tmp/graspgen_cache_v3/robotiq_3f/denylist_mesh_dis.json
[2026-03-30 10:12:43,553][grasp_gen.dataset.dataset][ERROR] - 178: Unable to preload object even after sampling pc 1 times
[2026-03-30 10:12:43,553][grasp_gen.dataset.dataset][INFO] - Saving key: 2f8cf49400954961866ff97e4d74080c to denylist at /tmp/graspgen_cache_v3/robotiq_3f/denylist_mesh_dis.json
[2026-03-30 10:12:43,761][grasp_gen.dataset.dataset][ERROR] - 179: Unable to preload object even after sampling pc 1 times
[2026-03-30 10:12:43,761][grasp_gen.dataset.dataset][INFO] - Saving key: dfda6e71d079425ea07a55ea47b94da2 to denylist at /tmp/graspgen_cache_v3/robotiq_3f/denylist_mesh_dis.json
[2026-03-30 10:12:43,913][grasp_gen.dataset.dataset][ERROR] - 180: Unable to preload object even after sampling pc 1 times
[2026-03-30 10:12:43,914][grasp_gen.dataset.dataset][INFO] - Saving key: 765572af5003423aa4e18230c4620dc1 to denylist at /tmp/graspgen_cache_v3/robotiq_3f/denylist_mesh_dis.json
[2026-03-30 10:12:43,920][grasp_gen.dataset.dataset_utils][INFO] - Deleting old cache at /tmp/graspgen_cache_v3/robotiq_3f/cache_train_mesh_dis.h5
[2026-03-30 10:12:44,871][grasp_gen.dataset.dataset_utils][INFO] - Saving cache to /tmp/graspgen_cache_v3/robotiq_3f/cache_train_mesh_dis.h5 took 0.9507358074188232(s)
[2026-03-30 10:12:44,871][grasp_gen.utils.train_utils][INFO] - Dataset for train has 181 datapoints
[2026-03-30 10:12:44,873][grasp_gen.dataset.dataset][INFO] - cache_dir: /tmp/graspgen_cache_v3/robotiq_3f
[2026-03-30 10:12:44,874][grasp_gen.dataset.dataset][INFO] - Denylist path: /tmp/graspgen_cache_v3/robotiq_3f/denylist_mesh_dis.json
[2026-03-30 10:12:44,874][grasp_gen.dataset.dataset][INFO] - Loading dataset from config: /home/ubuntu/GraspDataGen/graspgen_dataset_v3/splits/robotiq_3f/valid.txt
[2026-03-30 10:12:44,874][grasp_gen.dataset.dataset][INFO] - 0 out of 46 scenes in denylist. Final number of datapoints 46
[2026-03-30 10:12:44,909][grasp_gen.dataset.dataset][INFO] - Preloading dataset to memory
[2026-03-30 10:12:44,910][grasp_gen.dataset.dataset][INFO] - Unable to find cache file: /tmp/graspgen_cache_v3/robotiq_3f/cache_valid_mesh_dis.h5
[2026-03-30 10:12:45,090][grasp_gen.dataset.dataset][ERROR] - 0: Unable to preload object even after sampling pc 1 times
[2026-03-30 10:12:45,090][grasp_gen.dataset.dataset][INFO] - Saving key: c6b4b6a6b83545f0bbe9fb5ec0b4144f to denylist at /tmp/graspgen_cache_v3/robotiq_3f/denylist_mesh_dis.json
[2026-03-30 10:12:45,490][grasp_gen.dataset.dataset][ERROR] - 2: Unable to preload object even after sampling pc 1 times
[2026-03-30 10:12:45,490][grasp_gen.dataset.dataset][INFO] - Saving key: 2aec8d7d14a648d998e8e49a4f73960f to denylist at /tmp/graspgen_cache_v3/robotiq_3f/denylist_mesh_dis.json
[2026-03-30 10:12:53,455][grasp_gen.dataset.dataset][ERROR] - 17: Unable to preload object even after sampling pc 1 times
[2026-03-30 10:12:53,455][grasp_gen.dataset.dataset][INFO] - Saving key: c6f83195a0fe4e6caaed345f4eac6b5b to denylist at /tmp/graspgen_cache_v3/robotiq_3f/denylist_mesh_dis.json
[2026-03-30 10:12:55,900][grasp_gen.dataset.dataset][ERROR] - 21: Unable to preload object even after sampling pc 1 times
[2026-03-30 10:12:55,901][grasp_gen.dataset.dataset][INFO] - Saving key: a25540fc03ba400faf012d4f68b7ba41 to denylist at /tmp/graspgen_cache_v3/robotiq_3f/denylist_mesh_dis.json
[2026-03-30 10:12:56,105][grasp_gen.dataset.dataset][ERROR] - 22: Unable to preload object even after sampling pc 1 times
[2026-03-30 10:12:56,106][grasp_gen.dataset.dataset][INFO] - Saving key: f51306c13cd14d38bdcd7a31d8804bfb to denylist at /tmp/graspgen_cache_v3/robotiq_3f/denylist_mesh_dis.json
[2026-03-30 10:12:56,785][grasp_gen.dataset.dataset][ERROR] - 26: Unable to preload object even after sampling pc 1 times
[2026-03-30 10:12:56,785][grasp_gen.dataset.dataset][INFO] - Saving key: 6b3afe782b204dfba87a03ddaf222958 to denylist at /tmp/graspgen_cache_v3/robotiq_3f/denylist_mesh_dis.json
[2026-03-30 10:13:02,057][grasp_gen.dataset.dataset][ERROR] - 36: Unable to preload object even after sampling pc 1 times
[2026-03-30 10:13:02,058][grasp_gen.dataset.dataset][INFO] - Saving key: 58b83bbd84e14b6aaba941a00ac76413 to denylist at /tmp/graspgen_cache_v3/robotiq_3f/denylist_mesh_dis.json
[2026-03-30 10:13:06,989][grasp_gen.dataset.dataset_utils][INFO] - Deleting old cache at /tmp/graspgen_cache_v3/robotiq_3f/cache_valid_mesh_dis.h5
[2026-03-30 10:13:07,262][grasp_gen.dataset.dataset_utils][INFO] - Saving cache to /tmp/graspgen_cache_v3/robotiq_3f/cache_valid_mesh_dis.h5 took 0.2730870246887207(s)
[2026-03-30 10:13:07,263][grasp_gen.utils.train_utils][INFO] - Dataset for valid has 46 datapoints
[2026-03-30 10:13:07,320][grasp_gen.models.discriminator][INFO] - Pose representation is mlp
[2026-03-30 10:13:07,766][grasp_gen.utils.train_utils][INFO] - Using ADAM, LR 5e-05
[2026-03-30 10:13:08,312][__main__][INFO] - Number of parameters in discriminator model: 3281857
[2026-03-30 10:13:08,312][__main__][INFO] - Attempting to load checkpoint from None
[2026-03-30 10:13:08,338][__main__][INFO] - Saved training configuration to /home/ubuntu/GraspDataGen/training_logs/robotiq_3f_disc_v3/config.yaml
[2026-03-30 10:13:08,338][__main__][INFO] - Training starting at epoch 1 and batch index 0
[2026-03-30 10:15:12,587][__main__][INFO] - Prefiltering mode. Exiting Train script since we iterated one pass over the dataset
[2026-03-30 10:15:12,588][__main__][INFO] - Total training time: 0:02:04.249092
[2026-03-30 10:15:12,592][__main__][INFO] - Prefiltering mode done. Running with original number of 1 GPUs
