[0.070s] Invoking command in '/home/ubuntu/research_ws/ur10_pick_place_ws/build/linkattacher_msgs': CMAKE_PREFIX_PATH=${CMAKE_PREFIX_PATH}:/home/ubuntu/ur_camera_ws/install/pick_place:/home/ubuntu/ur_camera_ws/install/easy_handeye2:/opt/ros/humble /usr/bin/cmake /home/ubuntu/research_ws/ur10_pick_place_ws/src/linkattacher_msgs -DCMAKE_BUILD_TYPE=Release -DCMAKE_INSTALL_PREFIX=/home/ubuntu/research_ws/ur10_pick_place_ws/install/linkattacher_msgs
[0.193s] -- The C compiler identification is GNU 11.4.0
[0.309s] -- The CXX compiler identification is GNU 11.4.0
[0.328s] -- Detecting C compiler ABI info
[0.481s] -- Detecting C compiler ABI info - done
[0.495s] -- Check for working C compiler: /usr/bin/cc - skipped
[0.495s] -- Detecting C compile features
[0.497s] -- Detecting C compile features - done
[0.506s] -- Detecting CXX compiler ABI info
[0.674s] -- Detecting CXX compiler ABI info - done
[0.689s] -- Check for working CXX compiler: /usr/bin/c++ - skipped
[0.691s] -- Detecting CXX compile features
[0.691s] -- Detecting CXX compile features - done
[0.702s] -- Found ament_cmake: 1.3.14 (/opt/ros/humble/share/ament_cmake/cmake)
[1.174s] -- Found Python3: /usr/bin/python3 (found version "3.10.12") found components: Interpreter 
[1.447s] -- Found ament_lint_auto: 0.12.15 (/opt/ros/humble/share/ament_lint_auto/cmake)
[1.682s] -- Found rosidl_default_generators: 1.2.1 (/opt/ros/humble/share/rosidl_default_generators/cmake)
[1.692s] -- Using all available rosidl_typesupport_c: rosidl_typesupport_fastrtps_c;rosidl_typesupport_introspection_c
[1.712s] -- Found rosidl_adapter: 3.1.8 (/opt/ros/humble/share/rosidl_adapter/cmake)
[1.813s] -- Using all available rosidl_typesupport_cpp: rosidl_typesupport_fastrtps_cpp;rosidl_typesupport_introspection_cpp
[2.577s] -- Found ament_cmake_ros: 0.10.0 (/opt/ros/humble/share/ament_cmake_ros/cmake)
[3.169s] -- Using all available rosidl_typesupport_c: rosidl_typesupport_fastrtps_c;rosidl_typesupport_introspection_c
[4.238s] -- Using all available rosidl_typesupport_cpp: rosidl_typesupport_fastrtps_cpp;rosidl_typesupport_introspection_cpp
[4.315s] -- Found PythonInterp: /usr/bin/python3 (found suitable version "3.10.12", minimum required is "3.6") 
[4.324s] -- Found python_cmake_module: 0.10.0 (/opt/ros/humble/share/python_cmake_module/cmake)
[4.411s] -- Found PythonLibs: /usr/lib/aarch64-linux-gnu/libpython3.10.so (found suitable version "3.10.12", minimum required is "3.5") 
[4.411s] -- Using PYTHON_EXECUTABLE: /usr/bin/python3
[4.411s] -- Using PYTHON_INCLUDE_DIRS: /usr/include/python3.10
[4.411s] -- Using PYTHON_LIBRARIES: /usr/lib/aarch64-linux-gnu/libpython3.10.so
[4.483s] -- Found PythonExtra: .so  
[4.804s] -- Added test 'copyright' to check source files copyright and LICENSE
[4.810s] -- Added test 'lint_cmake' to check CMake code style
[4.811s] -- Added test 'xmllint' to check XML markup files
[4.833s] -- Configuring done
[4.911s] -- Generating done
[4.935s] -- Build files have been written to: /home/ubuntu/research_ws/ur10_pick_place_ws/build/linkattacher_msgs
[4.955s] Invoked command in '/home/ubuntu/research_ws/ur10_pick_place_ws/build/linkattacher_msgs' returned '0': CMAKE_PREFIX_PATH=${CMAKE_PREFIX_PATH}:/home/ubuntu/ur_camera_ws/install/pick_place:/home/ubuntu/ur_camera_ws/install/easy_handeye2:/opt/ros/humble /usr/bin/cmake /home/ubuntu/research_ws/ur10_pick_place_ws/src/linkattacher_msgs -DCMAKE_BUILD_TYPE=Release -DCMAKE_INSTALL_PREFIX=/home/ubuntu/research_ws/ur10_pick_place_ws/install/linkattacher_msgs
[4.957s] Invoking command in '/home/ubuntu/research_ws/ur10_pick_place_ws/build/linkattacher_msgs': CMAKE_PREFIX_PATH=${CMAKE_PREFIX_PATH}:/home/ubuntu/ur_camera_ws/install/pick_place:/home/ubuntu/ur_camera_ws/install/easy_handeye2:/opt/ros/humble /usr/bin/cmake --build /home/ubuntu/research_ws/ur10_pick_place_ws/build/linkattacher_msgs -- -j12 -l12
[5.046s] [  2%] Generating C code for ROS interfaces
[5.067s] [  7%] Generating Rust code for ROS interfaces
[5.068s] [  7%] Generating C++ code for ROS interfaces
[5.089s] [  7%] Built target ament_cmake_python_copy_linkattacher_msgs
[5.781s] running egg_info
[5.786s] creating linkattacher_msgs.egg-info
[5.787s] writing linkattacher_msgs.egg-info/PKG-INFO
[5.787s] writing dependency_links to linkattacher_msgs.egg-info/dependency_links.txt
[5.788s] writing top-level names to linkattacher_msgs.egg-info/top_level.txt
[5.788s] writing manifest file 'linkattacher_msgs.egg-info/SOURCES.txt'
[5.797s] reading manifest file 'linkattacher_msgs.egg-info/SOURCES.txt'
[5.798s] writing manifest file 'linkattacher_msgs.egg-info/SOURCES.txt'
[5.882s] [  7%] Built target ament_cmake_python_build_linkattacher_msgs_egg
[5.977s] [  7%] Built target linkattacher_msgs__rs
[6.208s] [  7%] Built target linkattacher_msgs__cpp
[6.232s] [ 12%] Generating C++ type support for eProsima Fast-RTPS
[6.233s] [ 12%] Generating C++ type support dispatch for ROS interfaces
[6.233s] [ 15%] Generating C++ introspection for ROS interfaces
[6.236s] [ 17%] Building C object CMakeFiles/linkattacher_msgs__rosidl_generator_c.dir/rosidl_generator_c/linkattacher_msgs/srv/detail/attach_link__functions.c.o
[6.237s] [ 20%] Building C object CMakeFiles/linkattacher_msgs__rosidl_generator_c.dir/rosidl_generator_c/linkattacher_msgs/srv/detail/detach_link__functions.c.o
[6.613s] [ 22%] Linking C shared library liblinkattacher_msgs__rosidl_generator_c.so
[6.702s] [ 22%] Built target linkattacher_msgs__rosidl_generator_c
[6.723s] [ 25%] Generating C type support for eProsima Fast-RTPS
[6.726s] [ 30%] Generating C introspection for ROS interfaces
[6.726s] [ 30%] Generating C type support dispatch for ROS interfaces
[7.150s] [ 32%] Building CXX object CMakeFiles/linkattacher_msgs__rosidl_typesupport_cpp.dir/rosidl_typesupport_cpp/linkattacher_msgs/srv/detach_link__type_support.cpp.o
[7.161s] [ 35%] Building CXX object CMakeFiles/linkattacher_msgs__rosidl_typesupport_cpp.dir/rosidl_typesupport_cpp/linkattacher_msgs/srv/attach_link__type_support.cpp.o
[7.274s] [ 37%] Building CXX object CMakeFiles/linkattacher_msgs__rosidl_typesupport_introspection_cpp.dir/rosidl_typesupport_introspection_cpp/linkattacher_msgs/srv/detail/attach_link__type_support.cpp.o
[7.277s] [ 40%] Building CXX object CMakeFiles/linkattacher_msgs__rosidl_typesupport_introspection_cpp.dir/rosidl_typesupport_introspection_cpp/linkattacher_msgs/srv/detail/detach_link__type_support.cpp.o
[7.327s] [ 42%] Building CXX object CMakeFiles/linkattacher_msgs__rosidl_typesupport_fastrtps_cpp.dir/rosidl_typesupport_fastrtps_cpp/linkattacher_msgs/srv/detail/dds_fastrtps/attach_link__type_support.cpp.o
[7.367s] [ 45%] Building CXX object CMakeFiles/linkattacher_msgs__rosidl_typesupport_fastrtps_cpp.dir/rosidl_typesupport_fastrtps_cpp/linkattacher_msgs/srv/detail/dds_fastrtps/detach_link__type_support.cpp.o
[7.878s] [ 47%] Building CXX object CMakeFiles/linkattacher_msgs__rosidl_typesupport_c.dir/rosidl_typesupport_c/linkattacher_msgs/srv/attach_link__type_support.cpp.o
[7.911s] [ 50%] Building CXX object CMakeFiles/linkattacher_msgs__rosidl_typesupport_c.dir/rosidl_typesupport_c/linkattacher_msgs/srv/detach_link__type_support.cpp.o
[7.960s] [ 52%] Building CXX object CMakeFiles/linkattacher_msgs__rosidl_typesupport_fastrtps_c.dir/rosidl_typesupport_fastrtps_c/linkattacher_msgs/srv/detail/detach_link__type_support_c.cpp.o
[7.994s] [ 55%] Building CXX object CMakeFiles/linkattacher_msgs__rosidl_typesupport_fastrtps_c.dir/rosidl_typesupport_fastrtps_c/linkattacher_msgs/srv/detail/attach_link__type_support_c.cpp.o
[8.100s] [ 57%] Linking CXX shared library liblinkattacher_msgs__rosidl_typesupport_c.so
[8.140s] [ 60%] Building C object CMakeFiles/linkattacher_msgs__rosidl_typesupport_introspection_c.dir/rosidl_typesupport_introspection_c/linkattacher_msgs/srv/detail/attach_link__type_support.c.o
[8.176s] [ 62%] Building C object CMakeFiles/linkattacher_msgs__rosidl_typesupport_introspection_c.dir/rosidl_typesupport_introspection_c/linkattacher_msgs/srv/detail/detach_link__type_support.c.o
[8.211s] [ 65%] Linking CXX shared library liblinkattacher_msgs__rosidl_typesupport_cpp.so
[8.450s] [ 65%] Built target linkattacher_msgs__rosidl_typesupport_c
[8.462s] [ 65%] Built target linkattacher_msgs__rosidl_typesupport_cpp
[8.531s] [ 67%] Linking C shared library liblinkattacher_msgs__rosidl_typesupport_introspection_c.so
[8.726s] [ 67%] Built target linkattacher_msgs__rosidl_typesupport_introspection_c
[8.823s] [ 70%] Linking CXX shared library liblinkattacher_msgs__rosidl_typesupport_introspection_cpp.so
[9.015s] [ 70%] Built target linkattacher_msgs__rosidl_typesupport_introspection_cpp
[9.365s] [ 72%] Linking CXX shared library liblinkattacher_msgs__rosidl_typesupport_fastrtps_cpp.so
[9.490s] [ 75%] Linking CXX shared library liblinkattacher_msgs__rosidl_typesupport_fastrtps_c.so
[9.719s] [ 75%] Built target linkattacher_msgs__rosidl_typesupport_fastrtps_cpp
[9.771s] [ 75%] Built target linkattacher_msgs__rosidl_typesupport_fastrtps_c
[9.883s] [ 75%] Built target linkattacher_msgs
[10.017s] [ 77%] Generating Python code for ROS interfaces
[11.961s] [ 77%] Built target linkattacher_msgs__py
[12.012s] [ 82%] Building C object CMakeFiles/linkattacher_msgs__rosidl_generator_py.dir/rosidl_generator_py/linkattacher_msgs/srv/_detach_link_s.c.o
[12.012s] [ 82%] Building C object CMakeFiles/linkattacher_msgs__rosidl_generator_py.dir/rosidl_generator_py/linkattacher_msgs/srv/_attach_link_s.c.o
[12.509s] [ 85%] Linking C shared library rosidl_generator_py/linkattacher_msgs/liblinkattacher_msgs__rosidl_generator_py.so
[12.596s] [ 85%] Built target linkattacher_msgs__rosidl_generator_py
[12.643s] [ 90%] Building C object CMakeFiles/linkattacher_msgs__rosidl_typesupport_c__pyext.dir/rosidl_generator_py/linkattacher_msgs/_linkattacher_msgs_s.ep.rosidl_typesupport_c.c.o
[12.643s] [ 90%] Building C object CMakeFiles/linkattacher_msgs__rosidl_typesupport_introspection_c__pyext.dir/rosidl_generator_py/linkattacher_msgs/_linkattacher_msgs_s.ep.rosidl_typesupport_introspection_c.c.o
[12.648s] [ 92%] Building C object CMakeFiles/linkattacher_msgs__rosidl_typesupport_fastrtps_c__pyext.dir/rosidl_generator_py/linkattacher_msgs/_linkattacher_msgs_s.ep.rosidl_typesupport_fastrtps_c.c.o
[12.994s] [ 97%] Linking C shared library rosidl_generator_py/linkattacher_msgs/linkattacher_msgs_s__rosidl_typesupport_c.cpython-310-aarch64-linux-gnu.so
[12.995s] [ 97%] Linking C shared library rosidl_generator_py/linkattacher_msgs/linkattacher_msgs_s__rosidl_typesupport_introspection_c.cpython-310-aarch64-linux-gnu.so
[13.051s] [100%] Linking C shared library rosidl_generator_py/linkattacher_msgs/linkattacher_msgs_s__rosidl_typesupport_fastrtps_c.cpython-310-aarch64-linux-gnu.so
[13.063s] [100%] Built target linkattacher_msgs__rosidl_typesupport_introspection_c__pyext
[13.064s] [100%] Built target linkattacher_msgs__rosidl_typesupport_c__pyext
[13.124s] [100%] Built target linkattacher_msgs__rosidl_typesupport_fastrtps_c__pyext
[13.157s] Invoked command in '/home/ubuntu/research_ws/ur10_pick_place_ws/build/linkattacher_msgs' returned '0': CMAKE_PREFIX_PATH=${CMAKE_PREFIX_PATH}:/home/ubuntu/ur_camera_ws/install/pick_place:/home/ubuntu/ur_camera_ws/install/easy_handeye2:/opt/ros/humble /usr/bin/cmake --build /home/ubuntu/research_ws/ur10_pick_place_ws/build/linkattacher_msgs -- -j12 -l12
[13.161s] Invoking command in '/home/ubuntu/research_ws/ur10_pick_place_ws/build/linkattacher_msgs': CMAKE_PREFIX_PATH=${CMAKE_PREFIX_PATH}:/home/ubuntu/ur_camera_ws/install/pick_place:/home/ubuntu/ur_camera_ws/install/easy_handeye2:/opt/ros/humble /usr/bin/cmake --install /home/ubuntu/research_ws/ur10_pick_place_ws/build/linkattacher_msgs
[13.180s] -- Install configuration: "Release"
[13.181s] -- Installing: /home/ubuntu/research_ws/ur10_pick_place_ws/install/linkattacher_msgs/share/linkattacher_msgs/srv
[13.181s] -- Installing: /home/ubuntu/research_ws/ur10_pick_place_ws/install/linkattacher_msgs/share/linkattacher_msgs/srv/AttachLink.srv
[13.181s] -- Installing: /home/ubuntu/research_ws/ur10_pick_place_ws/install/linkattacher_msgs/share/linkattacher_msgs/srv/DetachLink.srv
[13.181s] -- Installing: /home/ubuntu/research_ws/ur10_pick_place_ws/install/linkattacher_msgs/share/ament_index/resource_index/rosidl_interfaces/linkattacher_msgs
[13.182s] -- Installing: /home/ubuntu/research_ws/ur10_pick_place_ws/install/linkattacher_msgs/include/linkattacher_msgs/linkattacher_msgs
[13.182s] -- Installing: /home/ubuntu/research_ws/ur10_pick_place_ws/install/linkattacher_msgs/include/linkattacher_msgs/linkattacher_msgs/srv
[13.182s] -- Installing: /home/ubuntu/research_ws/ur10_pick_place_ws/install/linkattacher_msgs/include/linkattacher_msgs/linkattacher_msgs/srv/detach_link.h
[13.182s] -- Installing: /home/ubuntu/research_ws/ur10_pick_place_ws/install/linkattacher_msgs/include/linkattacher_msgs/linkattacher_msgs/srv/detail
[13.183s] -- Installing: /home/ubuntu/research_ws/ur10_pick_place_ws/install/linkattacher_msgs/include/linkattacher_msgs/linkattacher_msgs/srv/detail/detach_link__functions.c
[13.183s] -- Installing: /home/ubuntu/research_ws/ur10_pick_place_ws/install/linkattacher_msgs/include/linkattacher_msgs/linkattacher_msgs/srv/detail/attach_link__functions.c
[13.183s] -- Installing: /home/ubuntu/research_ws/ur10_pick_place_ws/install/linkattacher_msgs/include/linkattacher_msgs/linkattacher_msgs/srv/detail/detach_link__type_support.h
[13.184s] -- Installing: /home/ubuntu/research_ws/ur10_pick_place_ws/install/linkattacher_msgs/include/linkattacher_msgs/linkattacher_msgs/srv/detail/attach_link__struct.h
[13.184s] -- Installing: /home/ubuntu/research_ws/ur10_pick_place_ws/install/linkattacher_msgs/include/linkattacher_msgs/linkattacher_msgs/srv/detail/detach_link__struct.h
[13.184s] -- Installing: /home/ubuntu/research_ws/ur10_pick_place_ws/install/linkattacher_msgs/include/linkattacher_msgs/linkattacher_msgs/srv/detail/attach_link__type_support.h
[13.184s] -- Installing: /home/ubuntu/research_ws/ur10_pick_place_ws/install/linkattacher_msgs/include/linkattacher_msgs/linkattacher_msgs/srv/detail/attach_link__functions.h
[13.185s] -- Installing: /home/ubuntu/research_ws/ur10_pick_place_ws/install/linkattacher_msgs/include/linkattacher_msgs/linkattacher_msgs/srv/detail/detach_link__functions.h
[13.185s] -- Installing: /home/ubuntu/research_ws/ur10_pick_place_ws/install/linkattacher_msgs/include/linkattacher_msgs/linkattacher_msgs/srv/attach_link.h
[13.185s] -- Installing: /home/ubuntu/research_ws/ur10_pick_place_ws/install/linkattacher_msgs/include/linkattacher_msgs/linkattacher_msgs/msg
[13.185s] -- Installing: /home/ubuntu/research_ws/ur10_pick_place_ws/install/linkattacher_msgs/include/linkattacher_msgs/linkattacher_msgs/msg/rosidl_generator_c__visibility_control.h
[13.186s] -- Installing: /home/ubuntu/research_ws/ur10_pick_place_ws/install/linkattacher_msgs/share/linkattacher_msgs/environment/library_path.sh
[13.186s] -- Installing: /home/ubuntu/research_ws/ur10_pick_place_ws/install/linkattacher_msgs/share/linkattacher_msgs/environment/library_path.dsv
[13.186s] -- Installing: /home/ubuntu/research_ws/ur10_pick_place_ws/install/linkattacher_msgs/lib/liblinkattacher_msgs__rosidl_generator_c.so
[13.187s] -- Set runtime path of "/home/ubuntu/research_ws/ur10_pick_place_ws/install/linkattacher_msgs/lib/liblinkattacher_msgs__rosidl_generator_c.so" to ""
[13.187s] -- Up-to-date: /home/ubuntu/research_ws/ur10_pick_place_ws/install/linkattacher_msgs/include/linkattacher_msgs/linkattacher_msgs
[13.188s] -- Up-to-date: /home/ubuntu/research_ws/ur10_pick_place_ws/install/linkattacher_msgs/include/linkattacher_msgs/linkattacher_msgs/srv
[13.188s] -- Up-to-date: /home/ubuntu/research_ws/ur10_pick_place_ws/install/linkattacher_msgs/include/linkattacher_msgs/linkattacher_msgs/srv/detail
[13.188s] -- Installing: /home/ubuntu/research_ws/ur10_pick_place_ws/install/linkattacher_msgs/include/linkattacher_msgs/linkattacher_msgs/srv/detail/detach_link__rosidl_typesupport_fastrtps_c.h
[13.188s] -- Installing: /home/ubuntu/research_ws/ur10_pick_place_ws/install/linkattacher_msgs/include/linkattacher_msgs/linkattacher_msgs/srv/detail/attach_link__rosidl_typesupport_fastrtps_c.h
[13.188s] -- Up-to-date: /home/ubuntu/research_ws/ur10_pick_place_ws/install/linkattacher_msgs/include/linkattacher_msgs/linkattacher_msgs/msg
[13.188s] -- Installing: /home/ubuntu/research_ws/ur10_pick_place_ws/install/linkattacher_msgs/include/linkattacher_msgs/linkattacher_msgs/msg/rosidl_typesupport_fastrtps_c__visibility_control.h
[13.188s] -- Installing: /home/ubuntu/research_ws/ur10_pick_place_ws/install/linkattacher_msgs/lib/liblinkattacher_msgs__rosidl_typesupport_fastrtps_c.so
[13.189s] -- Set runtime path of "/home/ubuntu/research_ws/ur10_pick_place_ws/install/linkattacher_msgs/lib/liblinkattacher_msgs__rosidl_typesupport_fastrtps_c.so" to ""
[13.189s] -- Up-to-date: /home/ubuntu/research_ws/ur10_pick_place_ws/install/linkattacher_msgs/include/linkattacher_msgs/linkattacher_msgs
[13.190s] -- Up-to-date: /home/ubuntu/research_ws/ur10_pick_place_ws/install/linkattacher_msgs/include/linkattacher_msgs/linkattacher_msgs/srv
[13.190s] -- Up-to-date: /home/ubuntu/research_ws/ur10_pick_place_ws/install/linkattacher_msgs/include/linkattacher_msgs/linkattacher_msgs/srv/detail
[13.190s] -- Installing: /home/ubuntu/research_ws/ur10_pick_place_ws/install/linkattacher_msgs/include/linkattacher_msgs/linkattacher_msgs/srv/detail/detach_link__rosidl_typesupport_introspection_c.h
[13.190s] -- Installing: /home/ubuntu/research_ws/ur10_pick_place_ws/install/linkattacher_msgs/include/linkattacher_msgs/linkattacher_msgs/srv/detail/detach_link__type_support.c
[13.190s] -- Installing: /home/ubuntu/research_ws/ur10_pick_place_ws/install/linkattacher_msgs/include/linkattacher_msgs/linkattacher_msgs/srv/detail/attach_link__rosidl_typesupport_introspection_c.h
[13.191s] -- Installing: /home/ubuntu/research_ws/ur10_pick_place_ws/install/linkattacher_msgs/include/linkattacher_msgs/linkattacher_msgs/srv/detail/attach_link__type_support.c
[13.191s] -- Up-to-date: /home/ubuntu/research_ws/ur10_pick_place_ws/install/linkattacher_msgs/include/linkattacher_msgs/linkattacher_msgs/msg
[13.191s] -- Installing: /home/ubuntu/research_ws/ur10_pick_place_ws/install/linkattacher_msgs/include/linkattacher_msgs/linkattacher_msgs/msg/rosidl_typesupport_introspection_c__visibility_control.h
[13.191s] -- Installing: /home/ubuntu/research_ws/ur10_pick_place_ws/install/linkattacher_msgs/lib/liblinkattacher_msgs__rosidl_typesupport_introspection_c.so
[13.191s] -- Set runtime path of "/home/ubuntu/research_ws/ur10_pick_place_ws/install/linkattacher_msgs/lib/liblinkattacher_msgs__rosidl_typesupport_introspection_c.so" to ""
[13.191s] -- Installing: /home/ubuntu/research_ws/ur10_pick_place_ws/install/linkattacher_msgs/lib/liblinkattacher_msgs__rosidl_typesupport_c.so
[13.192s] -- Set runtime path of "/home/ubuntu/research_ws/ur10_pick_place_ws/install/linkattacher_msgs/lib/liblinkattacher_msgs__rosidl_typesupport_c.so" to ""
[13.192s] -- Up-to-date: /home/ubuntu/research_ws/ur10_pick_place_ws/install/linkattacher_msgs/include/linkattacher_msgs/linkattacher_msgs
[13.192s] -- Up-to-date: /home/ubuntu/research_ws/ur10_pick_place_ws/install/linkattacher_msgs/include/linkattacher_msgs/linkattacher_msgs/srv
[13.193s] -- Installing: /home/ubuntu/research_ws/ur10_pick_place_ws/install/linkattacher_msgs/include/linkattacher_msgs/linkattacher_msgs/srv/attach_link.hpp
[13.193s] -- Up-to-date: /home/ubuntu/research_ws/ur10_pick_place_ws/install/linkattacher_msgs/include/linkattacher_msgs/linkattacher_msgs/srv/detail
[13.193s] -- Installing: /home/ubuntu/research_ws/ur10_pick_place_ws/install/linkattacher_msgs/include/linkattacher_msgs/linkattacher_msgs/srv/detail/attach_link__type_support.hpp
[13.193s] -- Installing: /home/ubuntu/research_ws/ur10_pick_place_ws/install/linkattacher_msgs/include/linkattacher_msgs/linkattacher_msgs/srv/detail/detach_link__struct.hpp
[13.193s] -- Installing: /home/ubuntu/research_ws/ur10_pick_place_ws/install/linkattacher_msgs/include/linkattacher_msgs/linkattacher_msgs/srv/detail/attach_link__struct.hpp
[13.194s] -- Installing: /home/ubuntu/research_ws/ur10_pick_place_ws/install/linkattacher_msgs/include/linkattacher_msgs/linkattacher_msgs/srv/detail/detach_link__type_support.hpp
[13.194s] -- Installing: /home/ubuntu/research_ws/ur10_pick_place_ws/install/linkattacher_msgs/include/linkattacher_msgs/linkattacher_msgs/srv/detail/detach_link__traits.hpp
[13.194s] -- Installing: /home/ubuntu/research_ws/ur10_pick_place_ws/install/linkattacher_msgs/include/linkattacher_msgs/linkattacher_msgs/srv/detail/detach_link__builder.hpp
[13.194s] -- Installing: /home/ubuntu/research_ws/ur10_pick_place_ws/install/linkattacher_msgs/include/linkattacher_msgs/linkattacher_msgs/srv/detail/attach_link__traits.hpp
[13.194s] -- Installing: /home/ubuntu/research_ws/ur10_pick_place_ws/install/linkattacher_msgs/include/linkattacher_msgs/linkattacher_msgs/srv/detail/attach_link__builder.hpp
[13.195s] -- Installing: /home/ubuntu/research_ws/ur10_pick_place_ws/install/linkattacher_msgs/include/linkattacher_msgs/linkattacher_msgs/srv/detach_link.hpp
[13.195s] -- Up-to-date: /home/ubuntu/research_ws/ur10_pick_place_ws/install/linkattacher_msgs/include/linkattacher_msgs/linkattacher_msgs/msg
[13.195s] -- Installing: /home/ubuntu/research_ws/ur10_pick_place_ws/install/linkattacher_msgs/include/linkattacher_msgs/linkattacher_msgs/msg/rosidl_generator_cpp__visibility_control.hpp
[13.195s] -- Up-to-date: /home/ubuntu/research_ws/ur10_pick_place_ws/install/linkattacher_msgs/include/linkattacher_msgs/linkattacher_msgs
[13.195s] -- Up-to-date: /home/ubuntu/research_ws/ur10_pick_place_ws/install/linkattacher_msgs/include/linkattacher_msgs/linkattacher_msgs/srv
[13.196s] -- Up-to-date: /home/ubuntu/research_ws/ur10_pick_place_ws/install/linkattacher_msgs/include/linkattacher_msgs/linkattacher_msgs/srv/detail
[13.196s] -- Installing: /home/ubuntu/research_ws/ur10_pick_place_ws/install/linkattacher_msgs/include/linkattacher_msgs/linkattacher_msgs/srv/detail/detach_link__rosidl_typesupport_fastrtps_cpp.hpp
[13.196s] -- Installing: /home/ubuntu/research_ws/ur10_pick_place_ws/install/linkattacher_msgs/include/linkattacher_msgs/linkattacher_msgs/srv/detail/dds_fastrtps
[13.196s] -- Installing: /home/ubuntu/research_ws/ur10_pick_place_ws/install/linkattacher_msgs/include/linkattacher_msgs/linkattacher_msgs/srv/detail/attach_link__rosidl_typesupport_fastrtps_cpp.hpp
[13.197s] -- Up-to-date: /home/ubuntu/research_ws/ur10_pick_place_ws/install/linkattacher_msgs/include/linkattacher_msgs/linkattacher_msgs/msg
[13.197s] -- Installing: /home/ubuntu/research_ws/ur10_pick_place_ws/install/linkattacher_msgs/include/linkattacher_msgs/linkattacher_msgs/msg/rosidl_typesupport_fastrtps_cpp__visibility_control.h
[13.197s] -- Installing: /home/ubuntu/research_ws/ur10_pick_place_ws/install/linkattacher_msgs/lib/liblinkattacher_msgs__rosidl_typesupport_fastrtps_cpp.so
[13.197s] -- Set runtime path of "/home/ubuntu/research_ws/ur10_pick_place_ws/install/linkattacher_msgs/lib/liblinkattacher_msgs__rosidl_typesupport_fastrtps_cpp.so" to ""
[13.198s] -- Up-to-date: /home/ubuntu/research_ws/ur10_pick_place_ws/install/linkattacher_msgs/include/linkattacher_msgs/linkattacher_msgs
[13.198s] -- Up-to-date: /home/ubuntu/research_ws/ur10_pick_place_ws/install/linkattacher_msgs/include/linkattacher_msgs/linkattacher_msgs/srv
[13.198s] -- Up-to-date: /home/ubuntu/research_ws/ur10_pick_place_ws/install/linkattacher_msgs/include/linkattacher_msgs/linkattacher_msgs/srv/detail
[13.198s] -- Installing: /home/ubuntu/research_ws/ur10_pick_place_ws/install/linkattacher_msgs/include/linkattacher_msgs/linkattacher_msgs/srv/detail/attach_link__rosidl_typesupport_introspection_cpp.hpp
[13.198s] -- Installing: /home/ubuntu/research_ws/ur10_pick_place_ws/install/linkattacher_msgs/include/linkattacher_msgs/linkattacher_msgs/srv/detail/detach_link__rosidl_typesupport_introspection_cpp.hpp
[13.198s] -- Installing: /home/ubuntu/research_ws/ur10_pick_place_ws/install/linkattacher_msgs/include/linkattacher_msgs/linkattacher_msgs/srv/detail/attach_link__type_support.cpp
[13.199s] -- Installing: /home/ubuntu/research_ws/ur10_pick_place_ws/install/linkattacher_msgs/include/linkattacher_msgs/linkattacher_msgs/srv/detail/detach_link__type_support.cpp
[13.199s] -- Installing: /home/ubuntu/research_ws/ur10_pick_place_ws/install/linkattacher_msgs/lib/liblinkattacher_msgs__rosidl_typesupport_introspection_cpp.so
[13.199s] -- Set runtime path of "/home/ubuntu/research_ws/ur10_pick_place_ws/install/linkattacher_msgs/lib/liblinkattacher_msgs__rosidl_typesupport_introspection_cpp.so" to ""
[13.199s] -- Installing: /home/ubuntu/research_ws/ur10_pick_place_ws/install/linkattacher_msgs/lib/liblinkattacher_msgs__rosidl_typesupport_cpp.so
[13.199s] -- Set runtime path of "/home/ubuntu/research_ws/ur10_pick_place_ws/install/linkattacher_msgs/lib/liblinkattacher_msgs__rosidl_typesupport_cpp.so" to ""
[13.199s] -- Installing: /home/ubuntu/research_ws/ur10_pick_place_ws/install/linkattacher_msgs/share/linkattacher_msgs/environment/pythonpath.sh
[13.200s] -- Installing: /home/ubuntu/research_ws/ur10_pick_place_ws/install/linkattacher_msgs/share/linkattacher_msgs/environment/pythonpath.dsv
[13.200s] -- Installing: /home/ubuntu/research_ws/ur10_pick_place_ws/install/linkattacher_msgs/local/lib/python3.10/dist-packages/linkattacher_msgs-0.0.0-py3.10.egg-info
[13.200s] -- Installing: /home/ubuntu/research_ws/ur10_pick_place_ws/install/linkattacher_msgs/local/lib/python3.10/dist-packages/linkattacher_msgs-0.0.0-py3.10.egg-info/SOURCES.txt
[13.200s] -- Installing: /home/ubuntu/research_ws/ur10_pick_place_ws/install/linkattacher_msgs/local/lib/python3.10/dist-packages/linkattacher_msgs-0.0.0-py3.10.egg-info/dependency_links.txt
[13.201s] -- Installing: /home/ubuntu/research_ws/ur10_pick_place_ws/install/linkattacher_msgs/local/lib/python3.10/dist-packages/linkattacher_msgs-0.0.0-py3.10.egg-info/top_level.txt
[13.201s] -- Installing: /home/ubuntu/research_ws/ur10_pick_place_ws/install/linkattacher_msgs/local/lib/python3.10/dist-packages/linkattacher_msgs-0.0.0-py3.10.egg-info/PKG-INFO
[13.202s] -- Installing: /home/ubuntu/research_ws/ur10_pick_place_ws/install/linkattacher_msgs/local/lib/python3.10/dist-packages/linkattacher_msgs
[13.202s] -- Installing: /home/ubuntu/research_ws/ur10_pick_place_ws/install/linkattacher_msgs/local/lib/python3.10/dist-packages/linkattacher_msgs/liblinkattacher_msgs__rosidl_generator_py.so
[13.202s] -- Installing: /home/ubuntu/research_ws/ur10_pick_place_ws/install/linkattacher_msgs/local/lib/python3.10/dist-packages/linkattacher_msgs/srv
[13.202s] -- Installing: /home/ubuntu/research_ws/ur10_pick_place_ws/install/linkattacher_msgs/local/lib/python3.10/dist-packages/linkattacher_msgs/srv/__init__.py
[13.202s] -- Installing: /home/ubuntu/research_ws/ur10_pick_place_ws/install/linkattacher_msgs/local/lib/python3.10/dist-packages/linkattacher_msgs/srv/_detach_link_s.c
[13.203s] -- Installing: /home/ubuntu/research_ws/ur10_pick_place_ws/install/linkattacher_msgs/local/lib/python3.10/dist-packages/linkattacher_msgs/srv/_attach_link_s.c
[13.203s] -- Installing: /home/ubuntu/research_ws/ur10_pick_place_ws/install/linkattacher_msgs/local/lib/python3.10/dist-packages/linkattacher_msgs/srv/_attach_link.py
[13.203s] -- Installing: /home/ubuntu/research_ws/ur10_pick_place_ws/install/linkattacher_msgs/local/lib/python3.10/dist-packages/linkattacher_msgs/srv/_detach_link.py
[13.203s] -- Installing: /home/ubuntu/research_ws/ur10_pick_place_ws/install/linkattacher_msgs/local/lib/python3.10/dist-packages/linkattacher_msgs/_linkattacher_msgs_s.ep.rosidl_typesupport_c.c
[13.204s] -- Installing: /home/ubuntu/research_ws/ur10_pick_place_ws/install/linkattacher_msgs/local/lib/python3.10/dist-packages/linkattacher_msgs/__init__.py
[13.204s] -- Installing: /home/ubuntu/research_ws/ur10_pick_place_ws/install/linkattacher_msgs/local/lib/python3.10/dist-packages/linkattacher_msgs/_linkattacher_msgs_s.ep.rosidl_typesupport_fastrtps_c.c
[13.204s] -- Installing: /home/ubuntu/research_ws/ur10_pick_place_ws/install/linkattacher_msgs/local/lib/python3.10/dist-packages/linkattacher_msgs/linkattacher_msgs_s__rosidl_typesupport_introspection_c.cpython-310-aarch64-linux-gnu.so
[13.204s] -- Installing: /home/ubuntu/research_ws/ur10_pick_place_ws/install/linkattacher_msgs/local/lib/python3.10/dist-packages/linkattacher_msgs/_linkattacher_msgs_s.ep.rosidl_typesupport_introspection_c.c
[13.205s] -- Installing: /home/ubuntu/research_ws/ur10_pick_place_ws/install/linkattacher_msgs/local/lib/python3.10/dist-packages/linkattacher_msgs/linkattacher_msgs_s__rosidl_typesupport_fastrtps_c.cpython-310-aarch64-linux-gnu.so
[13.205s] -- Installing: /home/ubuntu/research_ws/ur10_pick_place_ws/install/linkattacher_msgs/local/lib/python3.10/dist-packages/linkattacher_msgs/linkattacher_msgs_s__rosidl_typesupport_c.cpython-310-aarch64-linux-gnu.so
[13.300s] Listing '/home/ubuntu/research_ws/ur10_pick_place_ws/install/linkattacher_msgs/local/lib/python3.10/dist-packages/linkattacher_msgs'...
[13.300s] Compiling '/home/ubuntu/research_ws/ur10_pick_place_ws/install/linkattacher_msgs/local/lib/python3.10/dist-packages/linkattacher_msgs/__init__.py'...
[13.301s] Listing '/home/ubuntu/research_ws/ur10_pick_place_ws/install/linkattacher_msgs/local/lib/python3.10/dist-packages/linkattacher_msgs/srv'...
[13.301s] Compiling '/home/ubuntu/research_ws/ur10_pick_place_ws/install/linkattacher_msgs/local/lib/python3.10/dist-packages/linkattacher_msgs/srv/__init__.py'...
[13.301s] Compiling '/home/ubuntu/research_ws/ur10_pick_place_ws/install/linkattacher_msgs/local/lib/python3.10/dist-packages/linkattacher_msgs/srv/_attach_link.py'...
[13.301s] Compiling '/home/ubuntu/research_ws/ur10_pick_place_ws/install/linkattacher_msgs/local/lib/python3.10/dist-packages/linkattacher_msgs/srv/_detach_link.py'...
[13.314s] -- Installing: /home/ubuntu/research_ws/ur10_pick_place_ws/install/linkattacher_msgs/local/lib/python3.10/dist-packages/linkattacher_msgs/linkattacher_msgs_s__rosidl_typesupport_fastrtps_c.cpython-310-aarch64-linux-gnu.so
[13.314s] -- Set runtime path of "/home/ubuntu/research_ws/ur10_pick_place_ws/install/linkattacher_msgs/local/lib/python3.10/dist-packages/linkattacher_msgs/linkattacher_msgs_s__rosidl_typesupport_fastrtps_c.cpython-310-aarch64-linux-gnu.so" to ""
[13.314s] -- Installing: /home/ubuntu/research_ws/ur10_pick_place_ws/install/linkattacher_msgs/local/lib/python3.10/dist-packages/linkattacher_msgs/linkattacher_msgs_s__rosidl_typesupport_introspection_c.cpython-310-aarch64-linux-gnu.so
[13.314s] -- Set runtime path of "/home/ubuntu/research_ws/ur10_pick_place_ws/install/linkattacher_msgs/local/lib/python3.10/dist-packages/linkattacher_msgs/linkattacher_msgs_s__rosidl_typesupport_introspection_c.cpython-310-aarch64-linux-gnu.so" to ""
[13.315s] -- Installing: /home/ubuntu/research_ws/ur10_pick_place_ws/install/linkattacher_msgs/local/lib/python3.10/dist-packages/linkattacher_msgs/linkattacher_msgs_s__rosidl_typesupport_c.cpython-310-aarch64-linux-gnu.so
[13.315s] -- Set runtime path of "/home/ubuntu/research_ws/ur10_pick_place_ws/install/linkattacher_msgs/local/lib/python3.10/dist-packages/linkattacher_msgs/linkattacher_msgs_s__rosidl_typesupport_c.cpython-310-aarch64-linux-gnu.so" to ""
[13.315s] -- Installing: /home/ubuntu/research_ws/ur10_pick_place_ws/install/linkattacher_msgs/lib/liblinkattacher_msgs__rosidl_generator_py.so
[13.316s] -- Set runtime path of "/home/ubuntu/research_ws/ur10_pick_place_ws/install/linkattacher_msgs/lib/liblinkattacher_msgs__rosidl_generator_py.so" to ""
[13.316s] -- Installing: /home/ubuntu/research_ws/ur10_pick_place_ws/install/linkattacher_msgs/share/ament_index/resource_index/rust_packages/linkattacher_msgs
[13.317s] -- Installing: /home/ubuntu/research_ws/ur10_pick_place_ws/install/linkattacher_msgs/share/linkattacher_msgs/rust
[13.317s] -- Installing: /home/ubuntu/research_ws/ur10_pick_place_ws/install/linkattacher_msgs/share/linkattacher_msgs/rust/src
[13.317s] -- Installing: /home/ubuntu/research_ws/ur10_pick_place_ws/install/linkattacher_msgs/share/linkattacher_msgs/rust/src/lib.rs
[13.317s] -- Installing: /home/ubuntu/research_ws/ur10_pick_place_ws/install/linkattacher_msgs/share/linkattacher_msgs/rust/src/srv
[13.318s] -- Installing: /home/ubuntu/research_ws/ur10_pick_place_ws/install/linkattacher_msgs/share/linkattacher_msgs/rust/src/srv/rmw.rs
[13.318s] -- Installing: /home/ubuntu/research_ws/ur10_pick_place_ws/install/linkattacher_msgs/share/linkattacher_msgs/rust/src/srv.rs
[13.318s] -- Installing: /home/ubuntu/research_ws/ur10_pick_place_ws/install/linkattacher_msgs/share/linkattacher_msgs/rust/build.rs
[13.318s] -- Installing: /home/ubuntu/research_ws/ur10_pick_place_ws/install/linkattacher_msgs/share/linkattacher_msgs/rust/Cargo.toml
[13.318s] -- Installing: /home/ubuntu/research_ws/ur10_pick_place_ws/install/linkattacher_msgs/share/linkattacher_msgs/srv/AttachLink.idl
[13.319s] -- Installing: /home/ubuntu/research_ws/ur10_pick_place_ws/install/linkattacher_msgs/share/linkattacher_msgs/srv/DetachLink.idl
[13.319s] -- Up-to-date: /home/ubuntu/research_ws/ur10_pick_place_ws/install/linkattacher_msgs/share/linkattacher_msgs/srv/AttachLink.srv
[13.319s] -- Installing: /home/ubuntu/research_ws/ur10_pick_place_ws/install/linkattacher_msgs/share/linkattacher_msgs/srv/AttachLink_Request.msg
[13.319s] -- Installing: /home/ubuntu/research_ws/ur10_pick_place_ws/install/linkattacher_msgs/share/linkattacher_msgs/srv/AttachLink_Response.msg
[13.319s] -- Up-to-date: /home/ubuntu/research_ws/ur10_pick_place_ws/install/linkattacher_msgs/share/linkattacher_msgs/srv/DetachLink.srv
[13.320s] -- Installing: /home/ubuntu/research_ws/ur10_pick_place_ws/install/linkattacher_msgs/share/linkattacher_msgs/srv/DetachLink_Request.msg
[13.320s] -- Installing: /home/ubuntu/research_ws/ur10_pick_place_ws/install/linkattacher_msgs/share/linkattacher_msgs/srv/DetachLink_Response.msg
[13.320s] -- Installing: /home/ubuntu/research_ws/ur10_pick_place_ws/install/linkattacher_msgs/share/ament_index/resource_index/package_run_dependencies/linkattacher_msgs
[13.320s] -- Installing: /home/ubuntu/research_ws/ur10_pick_place_ws/install/linkattacher_msgs/share/ament_index/resource_index/parent_prefix_path/linkattacher_msgs
[13.321s] -- Installing: /home/ubuntu/research_ws/ur10_pick_place_ws/install/linkattacher_msgs/share/linkattacher_msgs/environment/ament_prefix_path.sh
[13.321s] -- Installing: /home/ubuntu/research_ws/ur10_pick_place_ws/install/linkattacher_msgs/share/linkattacher_msgs/environment/ament_prefix_path.dsv
[13.321s] -- Installing: /home/ubuntu/research_ws/ur10_pick_place_ws/install/linkattacher_msgs/share/linkattacher_msgs/environment/path.sh
[13.321s] -- Installing: /home/ubuntu/research_ws/ur10_pick_place_ws/install/linkattacher_msgs/share/linkattacher_msgs/environment/path.dsv
[13.322s] -- Installing: /home/ubuntu/research_ws/ur10_pick_place_ws/install/linkattacher_msgs/share/linkattacher_msgs/local_setup.bash
[13.322s] -- Installing: /home/ubuntu/research_ws/ur10_pick_place_ws/install/linkattacher_msgs/share/linkattacher_msgs/local_setup.sh
[13.322s] -- Installing: /home/ubuntu/research_ws/ur10_pick_place_ws/install/linkattacher_msgs/share/linkattacher_msgs/local_setup.zsh
[13.322s] -- Installing: /home/ubuntu/research_ws/ur10_pick_place_ws/install/linkattacher_msgs/share/linkattacher_msgs/local_setup.dsv
[13.323s] -- Installing: /home/ubuntu/research_ws/ur10_pick_place_ws/install/linkattacher_msgs/share/linkattacher_msgs/package.dsv
[13.323s] -- Installing: /home/ubuntu/research_ws/ur10_pick_place_ws/install/linkattacher_msgs/share/ament_index/resource_index/packages/linkattacher_msgs
[13.323s] -- Installing: /home/ubuntu/research_ws/ur10_pick_place_ws/install/linkattacher_msgs/share/linkattacher_msgs/cmake/export_linkattacher_msgs__rosidl_generator_cExport.cmake
[13.324s] -- Installing: /home/ubuntu/research_ws/ur10_pick_place_ws/install/linkattacher_msgs/share/linkattacher_msgs/cmake/export_linkattacher_msgs__rosidl_generator_cExport-release.cmake
[13.324s] -- Installing: /home/ubuntu/research_ws/ur10_pick_place_ws/install/linkattacher_msgs/share/linkattacher_msgs/cmake/export_linkattacher_msgs__rosidl_typesupport_fastrtps_cExport.cmake
[13.324s] -- Installing: /home/ubuntu/research_ws/ur10_pick_place_ws/install/linkattacher_msgs/share/linkattacher_msgs/cmake/export_linkattacher_msgs__rosidl_typesupport_fastrtps_cExport-release.cmake
[13.324s] -- Installing: /home/ubuntu/research_ws/ur10_pick_place_ws/install/linkattacher_msgs/share/linkattacher_msgs/cmake/linkattacher_msgs__rosidl_typesupport_introspection_cExport.cmake
[13.325s] -- Installing: /home/ubuntu/research_ws/ur10_pick_place_ws/install/linkattacher_msgs/share/linkattacher_msgs/cmake/linkattacher_msgs__rosidl_typesupport_introspection_cExport-release.cmake
[13.325s] -- Installing: /home/ubuntu/research_ws/ur10_pick_place_ws/install/linkattacher_msgs/share/linkattacher_msgs/cmake/linkattacher_msgs__rosidl_typesupport_cExport.cmake
[13.325s] -- Installing: /home/ubuntu/research_ws/ur10_pick_place_ws/install/linkattacher_msgs/share/linkattacher_msgs/cmake/linkattacher_msgs__rosidl_typesupport_cExport-release.cmake
[13.326s] -- Installing: /home/ubuntu/research_ws/ur10_pick_place_ws/install/linkattacher_msgs/share/linkattacher_msgs/cmake/export_linkattacher_msgs__rosidl_generator_cppExport.cmake
[13.326s] -- Installing: /home/ubuntu/research_ws/ur10_pick_place_ws/install/linkattacher_msgs/share/linkattacher_msgs/cmake/export_linkattacher_msgs__rosidl_typesupport_fastrtps_cppExport.cmake
[13.326s] -- Installing: /home/ubuntu/research_ws/ur10_pick_place_ws/install/linkattacher_msgs/share/linkattacher_msgs/cmake/export_linkattacher_msgs__rosidl_typesupport_fastrtps_cppExport-release.cmake
[13.326s] -- Installing: /home/ubuntu/research_ws/ur10_pick_place_ws/install/linkattacher_msgs/share/linkattacher_msgs/cmake/linkattacher_msgs__rosidl_typesupport_introspection_cppExport.cmake
[13.327s] -- Installing: /home/ubuntu/research_ws/ur10_pick_place_ws/install/linkattacher_msgs/share/linkattacher_msgs/cmake/linkattacher_msgs__rosidl_typesupport_introspection_cppExport-release.cmake
[13.327s] -- Installing: /home/ubuntu/research_ws/ur10_pick_place_ws/install/linkattacher_msgs/share/linkattacher_msgs/cmake/linkattacher_msgs__rosidl_typesupport_cppExport.cmake
[13.327s] -- Installing: /home/ubuntu/research_ws/ur10_pick_place_ws/install/linkattacher_msgs/share/linkattacher_msgs/cmake/linkattacher_msgs__rosidl_typesupport_cppExport-release.cmake
[13.328s] -- Installing: /home/ubuntu/research_ws/ur10_pick_place_ws/install/linkattacher_msgs/share/linkattacher_msgs/cmake/export_linkattacher_msgs__rosidl_generator_pyExport.cmake
[13.328s] -- Installing: /home/ubuntu/research_ws/ur10_pick_place_ws/install/linkattacher_msgs/share/linkattacher_msgs/cmake/export_linkattacher_msgs__rosidl_generator_pyExport-release.cmake
[13.328s] -- Installing: /home/ubuntu/research_ws/ur10_pick_place_ws/install/linkattacher_msgs/share/linkattacher_msgs/cmake/rosidl_cmake-extras.cmake
[13.329s] -- Installing: /home/ubuntu/research_ws/ur10_pick_place_ws/install/linkattacher_msgs/share/linkattacher_msgs/cmake/ament_cmake_export_include_directories-extras.cmake
[13.329s] -- Installing: /home/ubuntu/research_ws/ur10_pick_place_ws/install/linkattacher_msgs/share/linkattacher_msgs/cmake/ament_cmake_export_libraries-extras.cmake
[13.329s] -- Installing: /home/ubuntu/research_ws/ur10_pick_place_ws/install/linkattacher_msgs/share/linkattacher_msgs/cmake/ament_cmake_export_targets-extras.cmake
[13.330s] -- Installing: /home/ubuntu/research_ws/ur10_pick_place_ws/install/linkattacher_msgs/share/linkattacher_msgs/cmake/rosidl_cmake_export_typesupport_targets-extras.cmake
[13.330s] -- Installing: /home/ubuntu/research_ws/ur10_pick_place_ws/install/linkattacher_msgs/share/linkattacher_msgs/cmake/ament_cmake_export_dependencies-extras.cmake
[13.330s] -- Installing: /home/ubuntu/research_ws/ur10_pick_place_ws/install/linkattacher_msgs/share/linkattacher_msgs/cmake/rosidl_cmake_export_typesupport_libraries-extras.cmake
[13.330s] -- Installing: /home/ubuntu/research_ws/ur10_pick_place_ws/install/linkattacher_msgs/share/linkattacher_msgs/cmake/linkattacher_msgsConfig.cmake
[13.330s] -- Installing: /home/ubuntu/research_ws/ur10_pick_place_ws/install/linkattacher_msgs/share/linkattacher_msgs/cmake/linkattacher_msgsConfig-version.cmake
[13.331s] -- Installing: /home/ubuntu/research_ws/ur10_pick_place_ws/install/linkattacher_msgs/share/linkattacher_msgs/package.xml
[13.338s] Invoked command in '/home/ubuntu/research_ws/ur10_pick_place_ws/build/linkattacher_msgs' returned '0': CMAKE_PREFIX_PATH=${CMAKE_PREFIX_PATH}:/home/ubuntu/ur_camera_ws/install/pick_place:/home/ubuntu/ur_camera_ws/install/easy_handeye2:/opt/ros/humble /usr/bin/cmake --install /home/ubuntu/research_ws/ur10_pick_place_ws/build/linkattacher_msgs
