[0.045s] Invoking command in '/home/ubuntu/research_ws/ur10_pick_place_ws/build/robotiq_controllers': CMAKE_PREFIX_PATH=${CMAKE_PREFIX_PATH}:/home/ubuntu/ur_camera_ws/install/pick_place:/home/ubuntu/ur_camera_ws/install/easy_handeye2:/opt/ros/humble /usr/bin/cmake /home/ubuntu/research_ws/ur10_pick_place_ws/src/ros2_robotiq_gripper/robotiq_controllers -DCMAKE_BUILD_TYPE=Release -DCMAKE_INSTALL_PREFIX=/home/ubuntu/research_ws/ur10_pick_place_ws/install/robotiq_controllers
[0.157s] -- The C compiler identification is GNU 11.4.0
[0.274s] -- The CXX compiler identification is GNU 11.4.0
[0.290s] -- Detecting C compiler ABI info
[0.438s] -- Detecting C compiler ABI info - done
[0.453s] -- Check for working C compiler: /usr/bin/cc - skipped
[0.453s] -- Detecting C compile features
[0.454s] -- Detecting C compile features - done
[0.461s] -- Detecting CXX compiler ABI info
[0.639s] -- Detecting CXX compiler ABI info - done
[0.663s] -- Check for working CXX compiler: /usr/bin/c++ - skipped
[0.663s] -- Detecting CXX compile features
[0.664s] -- Detecting CXX compile features - done
[0.672s] -- Found ament_cmake: 1.3.14 (/opt/ros/humble/share/ament_cmake/cmake)
[1.157s] -- Found Python3: /usr/bin/python3 (found version "3.10.12") found components: Interpreter 
[1.433s] -- Found controller_interface: 2.53.1 (/opt/ros/humble/share/controller_interface/cmake)
[1.639s] -- Found rosidl_generator_c: 3.1.8 (/opt/ros/humble/share/rosidl_generator_c/cmake)
[1.653s] -- Found rosidl_adapter: 3.1.8 (/opt/ros/humble/share/rosidl_adapter/cmake)
[1.677s] -- Found rosidl_generator_cpp: 3.1.8 (/opt/ros/humble/share/rosidl_generator_cpp/cmake)
[1.738s] -- Using all available rosidl_typesupport_c: rosidl_typesupport_fastrtps_c;rosidl_typesupport_introspection_c
[1.778s] -- Using all available rosidl_typesupport_cpp: rosidl_typesupport_fastrtps_cpp;rosidl_typesupport_introspection_cpp
[2.831s] -- Found rmw_implementation_cmake: 6.1.2 (/opt/ros/humble/share/rmw_implementation_cmake/cmake)
[2.844s] -- Found rmw_cyclonedds_cpp: 1.3.4 (/opt/ros/humble/share/rmw_cyclonedds_cpp/cmake)
[2.955s] -- Using RMW implementation 'rmw_cyclonedds_cpp' as default
[3.027s] -- Looking for pthread.h
[3.337s] -- Looking for pthread.h - found
[3.337s] -- Performing Test CMAKE_HAVE_LIBC_PTHREAD
[3.489s] -- Performing Test CMAKE_HAVE_LIBC_PTHREAD - Success
[3.492s] -- Found Threads: TRUE  
[4.089s] -- Found std_srvs: 4.9.1 (/opt/ros/humble/share/std_srvs/cmake)
[4.130s] -- Found ament_lint_auto: 0.12.15 (/opt/ros/humble/share/ament_lint_auto/cmake)
[4.340s] -- Added test 'cppcheck' to perform static code analysis on C / C++ code
[4.340s] -- Configured cppcheck include dirs: /home/ubuntu/research_ws/ur10_pick_place_ws/src/ros2_robotiq_gripper/robotiq_controllers/include
[4.340s] -- Configured cppcheck exclude dirs and/or files: 
[4.342s] -- Added test 'lint_cmake' to check CMake code style
[4.360s] -- Configuring done
[4.410s] -- Generating done
[4.422s] -- Build files have been written to: /home/ubuntu/research_ws/ur10_pick_place_ws/build/robotiq_controllers
[4.449s] Invoked command in '/home/ubuntu/research_ws/ur10_pick_place_ws/build/robotiq_controllers' returned '0': CMAKE_PREFIX_PATH=${CMAKE_PREFIX_PATH}:/home/ubuntu/ur_camera_ws/install/pick_place:/home/ubuntu/ur_camera_ws/install/easy_handeye2:/opt/ros/humble /usr/bin/cmake /home/ubuntu/research_ws/ur10_pick_place_ws/src/ros2_robotiq_gripper/robotiq_controllers -DCMAKE_BUILD_TYPE=Release -DCMAKE_INSTALL_PREFIX=/home/ubuntu/research_ws/ur10_pick_place_ws/install/robotiq_controllers
[4.453s] Invoking command in '/home/ubuntu/research_ws/ur10_pick_place_ws/build/robotiq_controllers': CMAKE_PREFIX_PATH=${CMAKE_PREFIX_PATH}:/home/ubuntu/ur_camera_ws/install/pick_place:/home/ubuntu/ur_camera_ws/install/easy_handeye2:/opt/ros/humble /usr/bin/cmake --build /home/ubuntu/research_ws/ur10_pick_place_ws/build/robotiq_controllers -- -j12 -l12
[4.558s] [ 50%] Building CXX object CMakeFiles/robotiq_controllers.dir/src/robotiq_activation_controller.cpp.o
[17.073s] [100%] Linking CXX shared library librobotiq_controllers.so
[17.692s] [100%] Built target robotiq_controllers
