[0.021s] Invoking command in '/home/user/research_ws/ur10_pick_place_ws/build/robotiq_3f_description': CMAKE_PREFIX_PATH=${CMAKE_PREFIX_PATH}:/opt/ros/humble /usr/bin/cmake --build /home/user/research_ws/ur10_pick_place_ws/build/robotiq_3f_description -- -j32 -l32
[0.071s] Invoked command in '/home/user/research_ws/ur10_pick_place_ws/build/robotiq_3f_description' returned '0': CMAKE_PREFIX_PATH=${CMAKE_PREFIX_PATH}:/opt/ros/humble /usr/bin/cmake --build /home/user/research_ws/ur10_pick_place_ws/build/robotiq_3f_description -- -j32 -l32
[0.079s] Invoking command in '/home/user/research_ws/ur10_pick_place_ws/build/robotiq_3f_description': CMAKE_PREFIX_PATH=${CMAKE_PREFIX_PATH}:/opt/ros/humble /usr/bin/cmake --install /home/user/research_ws/ur10_pick_place_ws/build/robotiq_3f_description
[0.085s] -- Install configuration: ""
[0.086s] -- Up-to-date: /home/user/research_ws/ur10_pick_place_ws/install/robotiq_3f_description/share/robotiq_3f_description/launch
[0.086s] -- Up-to-date: /home/user/research_ws/ur10_pick_place_ws/install/robotiq_3f_description/share/robotiq_3f_description/launch/visualize_description.launch.xml
[0.086s] -- Up-to-date: /home/user/research_ws/ur10_pick_place_ws/install/robotiq_3f_description/share/robotiq_3f_description/launch/robotiq_3f_gripper.launch.xml
[0.086s] -- Up-to-date: /home/user/research_ws/ur10_pick_place_ws/install/robotiq_3f_description/share/robotiq_3f_description/meshes
[0.086s] -- Up-to-date: /home/user/research_ws/ur10_pick_place_ws/install/robotiq_3f_description/share/robotiq_3f_description/meshes/visual
[0.086s] -- Up-to-date: /home/user/research_ws/ur10_pick_place_ws/install/robotiq_3f_description/share/robotiq_3f_description/meshes/visual/link_2.dae
[0.086s] -- Up-to-date: /home/user/research_ws/ur10_pick_place_ws/install/robotiq_3f_description/share/robotiq_3f_description/meshes/visual/palm.blend1
[0.086s] -- Up-to-date: /home/user/research_ws/ur10_pick_place_ws/install/robotiq_3f_description/share/robotiq_3f_description/meshes/visual/link_1_base.png
[0.086s] -- Up-to-date: /home/user/research_ws/ur10_pick_place_ws/install/robotiq_3f_description/share/robotiq_3f_description/meshes/visual/link_2.blend1
[0.086s] -- Up-to-date: /home/user/research_ws/ur10_pick_place_ws/install/robotiq_3f_description/share/robotiq_3f_description/meshes/visual/link_2.blend
[0.086s] -- Up-to-date: /home/user/research_ws/ur10_pick_place_ws/install/robotiq_3f_description/share/robotiq_3f_description/meshes/visual/link_2_base.png
[0.086s] -- Up-to-date: /home/user/research_ws/ur10_pick_place_ws/install/robotiq_3f_description/share/robotiq_3f_description/meshes/visual/link_3_base_color.png
[0.086s] -- Up-to-date: /home/user/research_ws/ur10_pick_place_ws/install/robotiq_3f_description/share/robotiq_3f_description/meshes/visual/link_3.blend
[0.086s] -- Up-to-date: /home/user/research_ws/ur10_pick_place_ws/install/robotiq_3f_description/share/robotiq_3f_description/meshes/visual/palm_base.png
[0.086s] -- Up-to-date: /home/user/research_ws/ur10_pick_place_ws/install/robotiq_3f_description/share/robotiq_3f_description/meshes/visual/palm.dae
[0.087s] -- Up-to-date: /home/user/research_ws/ur10_pick_place_ws/install/robotiq_3f_description/share/robotiq_3f_description/meshes/visual/link_3.dae
[0.087s] -- Up-to-date: /home/user/research_ws/ur10_pick_place_ws/install/robotiq_3f_description/share/robotiq_3f_description/meshes/visual/link_3_material_map.png
[0.087s] -- Up-to-date: /home/user/research_ws/ur10_pick_place_ws/install/robotiq_3f_description/share/robotiq_3f_description/meshes/visual/link_1.dae
[0.087s] -- Up-to-date: /home/user/research_ws/ur10_pick_place_ws/install/robotiq_3f_description/share/robotiq_3f_description/meshes/visual/link_1.blend1
[0.087s] -- Up-to-date: /home/user/research_ws/ur10_pick_place_ws/install/robotiq_3f_description/share/robotiq_3f_description/meshes/visual/base.png
[0.087s] -- Up-to-date: /home/user/research_ws/ur10_pick_place_ws/install/robotiq_3f_description/share/robotiq_3f_description/meshes/visual/link_1.blend
[0.087s] -- Up-to-date: /home/user/research_ws/ur10_pick_place_ws/install/robotiq_3f_description/share/robotiq_3f_description/meshes/visual/link_3.blend1
[0.087s] -- Up-to-date: /home/user/research_ws/ur10_pick_place_ws/install/robotiq_3f_description/share/robotiq_3f_description/meshes/visual/link_0.dae
[0.087s] -- Up-to-date: /home/user/research_ws/ur10_pick_place_ws/install/robotiq_3f_description/share/robotiq_3f_description/meshes/visual/palm.blend
[0.087s] -- Up-to-date: /home/user/research_ws/ur10_pick_place_ws/install/robotiq_3f_description/share/robotiq_3f_description/meshes/collision
[0.087s] -- Up-to-date: /home/user/research_ws/ur10_pick_place_ws/install/robotiq_3f_description/share/robotiq_3f_description/meshes/collision/palm.STL
[0.087s] -- Up-to-date: /home/user/research_ws/ur10_pick_place_ws/install/robotiq_3f_description/share/robotiq_3f_description/meshes/collision/link_2.STL
[0.087s] -- Up-to-date: /home/user/research_ws/ur10_pick_place_ws/install/robotiq_3f_description/share/robotiq_3f_description/meshes/collision/link_3.STL
[0.087s] -- Up-to-date: /home/user/research_ws/ur10_pick_place_ws/install/robotiq_3f_description/share/robotiq_3f_description/meshes/collision/link_1.STL
[0.087s] -- Up-to-date: /home/user/research_ws/ur10_pick_place_ws/install/robotiq_3f_description/share/robotiq_3f_description/meshes/collision/link_0.STL
[0.087s] -- Up-to-date: /home/user/research_ws/ur10_pick_place_ws/install/robotiq_3f_description/share/robotiq_3f_description/urdf
[0.087s] -- Up-to-date: /home/user/research_ws/ur10_pick_place_ws/install/robotiq_3f_description/share/robotiq_3f_description/urdf/robotiq_3f_gripper_macro.xacro
[0.087s] -- Up-to-date: /home/user/research_ws/ur10_pick_place_ws/install/robotiq_3f_description/share/robotiq_3f_description/urdf/robotiq_3f_gripper.xacro
[0.087s] -- Up-to-date: /home/user/research_ws/ur10_pick_place_ws/install/robotiq_3f_description/share/robotiq_3f_description/urdf/robotiq_3f_gripper_finger_macro.xacro
[0.087s] -- Up-to-date: /home/user/research_ws/ur10_pick_place_ws/install/robotiq_3f_description/share/robotiq_3f_description/urdf/helper_macros.xacro
[0.087s] -- Up-to-date: /home/user/research_ws/ur10_pick_place_ws/install/robotiq_3f_description/share/ament_index/resource_index/package_run_dependencies/robotiq_3f_description
[0.087s] -- Up-to-date: /home/user/research_ws/ur10_pick_place_ws/install/robotiq_3f_description/share/ament_index/resource_index/parent_prefix_path/robotiq_3f_description
[0.087s] -- Up-to-date: /home/user/research_ws/ur10_pick_place_ws/install/robotiq_3f_description/share/robotiq_3f_description/environment/ament_prefix_path.sh
[0.087s] -- Up-to-date: /home/user/research_ws/ur10_pick_place_ws/install/robotiq_3f_description/share/robotiq_3f_description/environment/ament_prefix_path.dsv
[0.087s] -- Up-to-date: /home/user/research_ws/ur10_pick_place_ws/install/robotiq_3f_description/share/robotiq_3f_description/environment/path.sh
[0.088s] -- Up-to-date: /home/user/research_ws/ur10_pick_place_ws/install/robotiq_3f_description/share/robotiq_3f_description/environment/path.dsv
[0.088s] -- Up-to-date: /home/user/research_ws/ur10_pick_place_ws/install/robotiq_3f_description/share/robotiq_3f_description/local_setup.bash
[0.088s] -- Up-to-date: /home/user/research_ws/ur10_pick_place_ws/install/robotiq_3f_description/share/robotiq_3f_description/local_setup.sh
[0.088s] -- Up-to-date: /home/user/research_ws/ur10_pick_place_ws/install/robotiq_3f_description/share/robotiq_3f_description/local_setup.zsh
[0.088s] -- Up-to-date: /home/user/research_ws/ur10_pick_place_ws/install/robotiq_3f_description/share/robotiq_3f_description/local_setup.dsv
[0.088s] -- Installing: /home/user/research_ws/ur10_pick_place_ws/install/robotiq_3f_description/share/robotiq_3f_description/package.dsv
[0.088s] -- Up-to-date: /home/user/research_ws/ur10_pick_place_ws/install/robotiq_3f_description/share/ament_index/resource_index/packages/robotiq_3f_description
[0.088s] -- Up-to-date: /home/user/research_ws/ur10_pick_place_ws/install/robotiq_3f_description/share/robotiq_3f_description/cmake/robotiq_3f_descriptionConfig.cmake
[0.088s] -- Up-to-date: /home/user/research_ws/ur10_pick_place_ws/install/robotiq_3f_description/share/robotiq_3f_description/cmake/robotiq_3f_descriptionConfig-version.cmake
[0.088s] -- Up-to-date: /home/user/research_ws/ur10_pick_place_ws/install/robotiq_3f_description/share/robotiq_3f_description/package.xml
[0.093s] Invoked command in '/home/user/research_ws/ur10_pick_place_ws/build/robotiq_3f_description' returned '0': CMAKE_PREFIX_PATH=${CMAKE_PREFIX_PATH}:/opt/ros/humble /usr/bin/cmake --install /home/user/research_ws/ur10_pick_place_ws/build/robotiq_3f_description
