[0.095s] Invoking command in '/home/ubuntu/research_ws/ur10_pick_place_ws/build/robotiq_3f_description': CMAKE_PREFIX_PATH=${CMAKE_PREFIX_PATH}:/home/ubuntu/ur_camera_ws/install/pick_place:/home/ubuntu/ur_camera_ws/install/easy_handeye2:/opt/ros/humble /usr/bin/cmake /home/ubuntu/research_ws/ur10_pick_place_ws/src/ros2_robotiq_3f_gripper/robotiq_3f_description -DAMENT_CMAKE_SYMLINK_INSTALL=1 -DCMAKE_INSTALL_PREFIX=/home/ubuntu/research_ws/ur10_pick_place_ws/install/robotiq_3f_description
[1.107s] -- Found ament_cmake: 1.3.14 (/opt/ros/humble/share/ament_cmake/cmake)
[1.108s] -- Override CMake install command with custom implementation using symlinks instead of copying resources
[1.108s] -- Found ament_lint_auto: 0.12.15 (/opt/ros/humble/share/ament_lint_auto/cmake)
[1.108s] -- Added test 'lint_cmake' to check CMake code style
[1.109s] -- Added test 'xmllint' to check XML markup files
[1.109s] -- Configuring done
[1.109s] -- Generating done
[1.109s] -- Build files have been written to: /home/ubuntu/research_ws/ur10_pick_place_ws/build/robotiq_3f_description
[1.119s] Invoked command in '/home/ubuntu/research_ws/ur10_pick_place_ws/build/robotiq_3f_description' returned '0': CMAKE_PREFIX_PATH=${CMAKE_PREFIX_PATH}:/home/ubuntu/ur_camera_ws/install/pick_place:/home/ubuntu/ur_camera_ws/install/easy_handeye2:/opt/ros/humble /usr/bin/cmake /home/ubuntu/research_ws/ur10_pick_place_ws/src/ros2_robotiq_3f_gripper/robotiq_3f_description -DAMENT_CMAKE_SYMLINK_INSTALL=1 -DCMAKE_INSTALL_PREFIX=/home/ubuntu/research_ws/ur10_pick_place_ws/install/robotiq_3f_description
[1.120s] Invoking command in '/home/ubuntu/research_ws/ur10_pick_place_ws/build/robotiq_3f_description': CMAKE_PREFIX_PATH=${CMAKE_PREFIX_PATH}:/home/ubuntu/ur_camera_ws/install/pick_place:/home/ubuntu/ur_camera_ws/install/easy_handeye2:/opt/ros/humble /usr/bin/cmake --build /home/ubuntu/research_ws/ur10_pick_place_ws/build/robotiq_3f_description -- -j12 -l12
[1.232s] Invoked command in '/home/ubuntu/research_ws/ur10_pick_place_ws/build/robotiq_3f_description' returned '0': CMAKE_PREFIX_PATH=${CMAKE_PREFIX_PATH}:/home/ubuntu/ur_camera_ws/install/pick_place:/home/ubuntu/ur_camera_ws/install/easy_handeye2:/opt/ros/humble /usr/bin/cmake --build /home/ubuntu/research_ws/ur10_pick_place_ws/build/robotiq_3f_description -- -j12 -l12
[1.253s] Invoking command in '/home/ubuntu/research_ws/ur10_pick_place_ws/build/robotiq_3f_description': CMAKE_PREFIX_PATH=${CMAKE_PREFIX_PATH}:/home/ubuntu/ur_camera_ws/install/pick_place:/home/ubuntu/ur_camera_ws/install/easy_handeye2:/opt/ros/humble /usr/bin/cmake --install /home/ubuntu/research_ws/ur10_pick_place_ws/build/robotiq_3f_description
[1.270s] -- Install configuration: "Release"
[1.270s] -- Execute custom install script
[1.271s] -- Symlinking: /home/ubuntu/research_ws/ur10_pick_place_ws/install/robotiq_3f_description/share/robotiq_3f_description/launch/robotiq_3f_gripper.launch.xml
[1.290s] -- Symlinking: /home/ubuntu/research_ws/ur10_pick_place_ws/install/robotiq_3f_description/share/robotiq_3f_description/launch/visualize_description.launch.xml
[1.309s] -- Symlinking: /home/ubuntu/research_ws/ur10_pick_place_ws/install/robotiq_3f_description/share/robotiq_3f_description/meshes/collision/link_0.STL
[1.328s] -- Symlinking: /home/ubuntu/research_ws/ur10_pick_place_ws/install/robotiq_3f_description/share/robotiq_3f_description/meshes/collision/link_1.STL
[1.347s] -- Symlinking: /home/ubuntu/research_ws/ur10_pick_place_ws/install/robotiq_3f_description/share/robotiq_3f_description/meshes/collision/link_2.STL
[1.366s] -- Symlinking: /home/ubuntu/research_ws/ur10_pick_place_ws/install/robotiq_3f_description/share/robotiq_3f_description/meshes/collision/link_3.STL
[1.385s] -- Symlinking: /home/ubuntu/research_ws/ur10_pick_place_ws/install/robotiq_3f_description/share/robotiq_3f_description/meshes/collision/palm.STL
[1.404s] -- Symlinking: /home/ubuntu/research_ws/ur10_pick_place_ws/install/robotiq_3f_description/share/robotiq_3f_description/meshes/visual/base.png
[1.422s] -- Symlinking: /home/ubuntu/research_ws/ur10_pick_place_ws/install/robotiq_3f_description/share/robotiq_3f_description/meshes/visual/link_0.dae
[1.442s] -- Symlinking: /home/ubuntu/research_ws/ur10_pick_place_ws/install/robotiq_3f_description/share/robotiq_3f_description/meshes/visual/link_1.blend
[1.461s] -- Symlinking: /home/ubuntu/research_ws/ur10_pick_place_ws/install/robotiq_3f_description/share/robotiq_3f_description/meshes/visual/link_1.blend1
[1.479s] -- Symlinking: /home/ubuntu/research_ws/ur10_pick_place_ws/install/robotiq_3f_description/share/robotiq_3f_description/meshes/visual/link_1.dae
[1.498s] -- Symlinking: /home/ubuntu/research_ws/ur10_pick_place_ws/install/robotiq_3f_description/share/robotiq_3f_description/meshes/visual/link_1_base.png
[1.518s] -- Symlinking: /home/ubuntu/research_ws/ur10_pick_place_ws/install/robotiq_3f_description/share/robotiq_3f_description/meshes/visual/link_2.blend
[1.537s] -- Symlinking: /home/ubuntu/research_ws/ur10_pick_place_ws/install/robotiq_3f_description/share/robotiq_3f_description/meshes/visual/link_2.blend1
[1.562s] -- Symlinking: /home/ubuntu/research_ws/ur10_pick_place_ws/install/robotiq_3f_description/share/robotiq_3f_description/meshes/visual/link_2.dae
[1.581s] -- Symlinking: /home/ubuntu/research_ws/ur10_pick_place_ws/install/robotiq_3f_description/share/robotiq_3f_description/meshes/visual/link_2_base.png
[1.599s] -- Symlinking: /home/ubuntu/research_ws/ur10_pick_place_ws/install/robotiq_3f_description/share/robotiq_3f_description/meshes/visual/link_3.blend
[1.617s] -- Symlinking: /home/ubuntu/research_ws/ur10_pick_place_ws/install/robotiq_3f_description/share/robotiq_3f_description/meshes/visual/link_3.blend1
[1.637s] -- Symlinking: /home/ubuntu/research_ws/ur10_pick_place_ws/install/robotiq_3f_description/share/robotiq_3f_description/meshes/visual/link_3.dae
[1.655s] -- Symlinking: /home/ubuntu/research_ws/ur10_pick_place_ws/install/robotiq_3f_description/share/robotiq_3f_description/meshes/visual/link_3_base_color.png
[1.675s] -- Symlinking: /home/ubuntu/research_ws/ur10_pick_place_ws/install/robotiq_3f_description/share/robotiq_3f_description/meshes/visual/link_3_material_map.png
[1.695s] -- Symlinking: /home/ubuntu/research_ws/ur10_pick_place_ws/install/robotiq_3f_description/share/robotiq_3f_description/meshes/visual/palm.blend
[1.717s] -- Symlinking: /home/ubuntu/research_ws/ur10_pick_place_ws/install/robotiq_3f_description/share/robotiq_3f_description/meshes/visual/palm.blend1
[1.735s] -- Symlinking: /home/ubuntu/research_ws/ur10_pick_place_ws/install/robotiq_3f_description/share/robotiq_3f_description/meshes/visual/palm.dae
[1.754s] -- Symlinking: /home/ubuntu/research_ws/ur10_pick_place_ws/install/robotiq_3f_description/share/robotiq_3f_description/meshes/visual/palm_base.png
[1.774s] -- Symlinking: /home/ubuntu/research_ws/ur10_pick_place_ws/install/robotiq_3f_description/share/robotiq_3f_description/urdf/helper_macros.xacro
[1.794s] -- Symlinking: /home/ubuntu/research_ws/ur10_pick_place_ws/install/robotiq_3f_description/share/robotiq_3f_description/urdf/robotiq_3f_gripper.xacro
[1.819s] -- Symlinking: /home/ubuntu/research_ws/ur10_pick_place_ws/install/robotiq_3f_description/share/robotiq_3f_description/urdf/robotiq_3f_gripper_finger_macro.xacro
[1.838s] -- Symlinking: /home/ubuntu/research_ws/ur10_pick_place_ws/install/robotiq_3f_description/share/robotiq_3f_description/urdf/robotiq_3f_gripper_macro.xacro
[1.858s] -- Symlinking: /home/ubuntu/research_ws/ur10_pick_place_ws/install/robotiq_3f_description/share/ament_index/resource_index/package_run_dependencies/robotiq_3f_description
[1.875s] -- Symlinking: /home/ubuntu/research_ws/ur10_pick_place_ws/install/robotiq_3f_description/share/ament_index/resource_index/parent_prefix_path/robotiq_3f_description
[1.893s] -- Symlinking: /home/ubuntu/research_ws/ur10_pick_place_ws/install/robotiq_3f_description/share/robotiq_3f_description/environment/ament_prefix_path.sh
[1.911s] -- Symlinking: /home/ubuntu/research_ws/ur10_pick_place_ws/install/robotiq_3f_description/share/robotiq_3f_description/environment/ament_prefix_path.dsv
[1.930s] -- Symlinking: /home/ubuntu/research_ws/ur10_pick_place_ws/install/robotiq_3f_description/share/robotiq_3f_description/environment/path.sh
[1.949s] -- Symlinking: /home/ubuntu/research_ws/ur10_pick_place_ws/install/robotiq_3f_description/share/robotiq_3f_description/environment/path.dsv
[1.969s] -- Symlinking: /home/ubuntu/research_ws/ur10_pick_place_ws/install/robotiq_3f_description/share/robotiq_3f_description/local_setup.bash
[1.988s] -- Symlinking: /home/ubuntu/research_ws/ur10_pick_place_ws/install/robotiq_3f_description/share/robotiq_3f_description/local_setup.sh
[2.006s] -- Symlinking: /home/ubuntu/research_ws/ur10_pick_place_ws/install/robotiq_3f_description/share/robotiq_3f_description/local_setup.zsh
[2.027s] -- Symlinking: /home/ubuntu/research_ws/ur10_pick_place_ws/install/robotiq_3f_description/share/robotiq_3f_description/local_setup.dsv
[2.047s] -- Symlinking: /home/ubuntu/research_ws/ur10_pick_place_ws/install/robotiq_3f_description/share/robotiq_3f_description/package.dsv
[2.072s] -- Symlinking: /home/ubuntu/research_ws/ur10_pick_place_ws/install/robotiq_3f_description/share/ament_index/resource_index/packages/robotiq_3f_description
[2.092s] -- Symlinking: /home/ubuntu/research_ws/ur10_pick_place_ws/install/robotiq_3f_description/share/robotiq_3f_description/cmake/robotiq_3f_descriptionConfig.cmake
[2.112s] -- Symlinking: /home/ubuntu/research_ws/ur10_pick_place_ws/install/robotiq_3f_description/share/robotiq_3f_description/cmake/robotiq_3f_descriptionConfig-version.cmake
[2.132s] -- Symlinking: /home/ubuntu/research_ws/ur10_pick_place_ws/install/robotiq_3f_description/share/robotiq_3f_description/package.xml
[2.242s] Invoked command in '/home/ubuntu/research_ws/ur10_pick_place_ws/build/robotiq_3f_description' returned '0': CMAKE_PREFIX_PATH=${CMAKE_PREFIX_PATH}:/home/ubuntu/ur_camera_ws/install/pick_place:/home/ubuntu/ur_camera_ws/install/easy_handeye2:/opt/ros/humble /usr/bin/cmake --install /home/ubuntu/research_ws/ur10_pick_place_ws/build/robotiq_3f_description
