[0.008s] Invoking command in '/home/user/research_ws/ur10_pick_place_ws/build/ros2_linkattacher': AMENT_PREFIX_PATH=/home/user/research_ws/ur10_pick_place_ws/install/linkattacher_msgs:${AMENT_PREFIX_PATH} CMAKE_PREFIX_PATH=/home/user/research_ws/ur10_pick_place_ws/install/linkattacher_msgs:/opt/ros/humble LD_LIBRARY_PATH=/home/user/research_ws/ur10_pick_place_ws/install/linkattacher_msgs/lib:${LD_LIBRARY_PATH} PYTHONPATH=/home/user/research_ws/ur10_pick_place_ws/install/linkattacher_msgs/local/lib/python3.10/dist-packages:${PYTHONPATH} /usr/bin/cmake --build /home/user/research_ws/ur10_pick_place_ws/build/ros2_linkattacher -- -j32 -l32
[0.050s] [35m[1mConsolidate compiler generated dependencies of target gazebo_link_attacher[0m
[0.091s] [100%] Built target gazebo_link_attacher
[0.100s] Invoked command in '/home/user/research_ws/ur10_pick_place_ws/build/ros2_linkattacher' returned '0': AMENT_PREFIX_PATH=/home/user/research_ws/ur10_pick_place_ws/install/linkattacher_msgs:${AMENT_PREFIX_PATH} CMAKE_PREFIX_PATH=/home/user/research_ws/ur10_pick_place_ws/install/linkattacher_msgs:/opt/ros/humble LD_LIBRARY_PATH=/home/user/research_ws/ur10_pick_place_ws/install/linkattacher_msgs/lib:${LD_LIBRARY_PATH} PYTHONPATH=/home/user/research_ws/ur10_pick_place_ws/install/linkattacher_msgs/local/lib/python3.10/dist-packages:${PYTHONPATH} /usr/bin/cmake --build /home/user/research_ws/ur10_pick_place_ws/build/ros2_linkattacher -- -j32 -l32
[0.101s] Invoking command in '/home/user/research_ws/ur10_pick_place_ws/build/ros2_linkattacher': AMENT_PREFIX_PATH=/home/user/research_ws/ur10_pick_place_ws/install/linkattacher_msgs:${AMENT_PREFIX_PATH} CMAKE_PREFIX_PATH=/home/user/research_ws/ur10_pick_place_ws/install/linkattacher_msgs:/opt/ros/humble LD_LIBRARY_PATH=/home/user/research_ws/ur10_pick_place_ws/install/linkattacher_msgs/lib:${LD_LIBRARY_PATH} PYTHONPATH=/home/user/research_ws/ur10_pick_place_ws/install/linkattacher_msgs/local/lib/python3.10/dist-packages:${PYTHONPATH} /usr/bin/cmake --install /home/user/research_ws/ur10_pick_place_ws/build/ros2_linkattacher
[0.106s] -- Install configuration: ""
[0.107s] -- Up-to-date: /home/user/research_ws/ur10_pick_place_ws/install/ros2_linkattacher/share/ros2_linkattacher/environment/library_path.sh
[0.107s] -- Up-to-date: /home/user/research_ws/ur10_pick_place_ws/install/ros2_linkattacher/share/ros2_linkattacher/environment/library_path.dsv
[0.107s] -- Up-to-date: /home/user/research_ws/ur10_pick_place_ws/install/ros2_linkattacher/lib/libgazebo_link_attacher.so
[0.107s] -- Up-to-date: /home/user/research_ws/ur10_pick_place_ws/install/ros2_linkattacher/share/ament_index/resource_index/package_run_dependencies/ros2_linkattacher
[0.107s] -- Up-to-date: /home/user/research_ws/ur10_pick_place_ws/install/ros2_linkattacher/share/ament_index/resource_index/parent_prefix_path/ros2_linkattacher
[0.107s] -- Up-to-date: /home/user/research_ws/ur10_pick_place_ws/install/ros2_linkattacher/share/ros2_linkattacher/environment/ament_prefix_path.sh
[0.107s] -- Up-to-date: /home/user/research_ws/ur10_pick_place_ws/install/ros2_linkattacher/share/ros2_linkattacher/environment/ament_prefix_path.dsv
[0.108s] -- Up-to-date: /home/user/research_ws/ur10_pick_place_ws/install/ros2_linkattacher/share/ros2_linkattacher/environment/path.sh
[0.108s] -- Up-to-date: /home/user/research_ws/ur10_pick_place_ws/install/ros2_linkattacher/share/ros2_linkattacher/environment/path.dsv
[0.108s] -- Up-to-date: /home/user/research_ws/ur10_pick_place_ws/install/ros2_linkattacher/share/ros2_linkattacher/local_setup.bash
[0.108s] -- Up-to-date: /home/user/research_ws/ur10_pick_place_ws/install/ros2_linkattacher/share/ros2_linkattacher/local_setup.sh
[0.108s] -- Up-to-date: /home/user/research_ws/ur10_pick_place_ws/install/ros2_linkattacher/share/ros2_linkattacher/local_setup.zsh
[0.108s] -- Up-to-date: /home/user/research_ws/ur10_pick_place_ws/install/ros2_linkattacher/share/ros2_linkattacher/local_setup.dsv
[0.108s] -- Installing: /home/user/research_ws/ur10_pick_place_ws/install/ros2_linkattacher/share/ros2_linkattacher/package.dsv
[0.108s] -- Up-to-date: /home/user/research_ws/ur10_pick_place_ws/install/ros2_linkattacher/share/ament_index/resource_index/packages/ros2_linkattacher
[0.108s] -- Up-to-date: /home/user/research_ws/ur10_pick_place_ws/install/ros2_linkattacher/share/ros2_linkattacher/cmake/ament_cmake_export_libraries-extras.cmake
[0.108s] -- Up-to-date: /home/user/research_ws/ur10_pick_place_ws/install/ros2_linkattacher/share/ros2_linkattacher/cmake/ros2_linkattacherConfig.cmake
[0.108s] -- Up-to-date: /home/user/research_ws/ur10_pick_place_ws/install/ros2_linkattacher/share/ros2_linkattacher/cmake/ros2_linkattacherConfig-version.cmake
[0.108s] -- Up-to-date: /home/user/research_ws/ur10_pick_place_ws/install/ros2_linkattacher/share/ros2_linkattacher/package.xml
[0.110s] Invoked command in '/home/user/research_ws/ur10_pick_place_ws/build/ros2_linkattacher' returned '0': AMENT_PREFIX_PATH=/home/user/research_ws/ur10_pick_place_ws/install/linkattacher_msgs:${AMENT_PREFIX_PATH} CMAKE_PREFIX_PATH=/home/user/research_ws/ur10_pick_place_ws/install/linkattacher_msgs:/opt/ros/humble LD_LIBRARY_PATH=/home/user/research_ws/ur10_pick_place_ws/install/linkattacher_msgs/lib:${LD_LIBRARY_PATH} PYTHONPATH=/home/user/research_ws/ur10_pick_place_ws/install/linkattacher_msgs/local/lib/python3.10/dist-packages:${PYTHONPATH} /usr/bin/cmake --install /home/user/research_ws/ur10_pick_place_ws/build/ros2_linkattacher
