[0.041s] Invoking command in '/home/ubuntu/research_ws/ur10_pick_place_ws/build/ur_yt_sim': CMAKE_PREFIX_PATH=/home/ubuntu/research_ws/ur10_pick_place_ws/install/linkattacher_msgs:/home/ubuntu/research_ws/ur10_pick_place_ws/install/ur10_pick_place:/home/ubuntu/research_ws/ur10_pick_place_ws/install/ur10_camera_gripper_moveit_config:/home/ubuntu/research_ws/ur10_pick_place_ws/install/ur_yt_sim:/home/ubuntu/research_ws/ur10_pick_place_ws/install/ur_simulation_gazebo:/home/ubuntu/research_ws/ur10_pick_place_ws/install/ros2_linkattacher:/home/ubuntu/research_ws/ur10_pick_place_ws/install/robotiq_description:/home/ubuntu/research_ws/ur10_pick_place_ws/install/robotiq_controllers:/home/ubuntu/research_ws/ur10_pick_place_ws/install/robotiq_3f_interfaces:/home/ubuntu/research_ws/ur10_pick_place_ws/install/robotiq_3f_description:/home/ubuntu/ur_camera_ws/install/ur_moveit_config:/home/ubuntu/ur_camera_ws/install/easy_handeye2_msgs:/home/ubuntu/ur_camera_ws/install/depthai-ros:/home/ubuntu/ur_camera_ws/install/depthai_ros_driver:/home/ubuntu/ur_camera_ws/install/depthai_filters:/home/ubuntu/ur_camera_ws/install/depthai_examples:/home/ubuntu/ur_camera_ws/install/depthai_bridge:/home/ubuntu/ur_camera_ws/install/depthai_ros_msgs:/home/ubuntu/ur_camera_ws/install/depthai_descriptions:/home/ubuntu/research_ws/ur10_pick_place_ws/install/grasp_executor:/home/ubuntu/ur_camera_ws/install/pick_place:/home/ubuntu/ur_camera_ws/install/easy_handeye2:/opt/ros/humble LD_LIBRARY_PATH=/home/ubuntu/research_ws/ur10_pick_place_ws/install/linkattacher_msgs/lib:/home/ubuntu/research_ws/ur10_pick_place_ws/install/robotiq_controllers/lib:/home/ubuntu/research_ws/ur10_pick_place_ws/install/robotiq_3f_interfaces/lib:/home/ubuntu/.local/lib/python3.10/site-packages/nvidia/cusparselt/lib:/usr/local/cuda/lib64:/home/ubuntu/ur_camera_ws/install/easy_handeye2_msgs/lib:/home/ubuntu/ur_camera_ws/install/depthai_ros_driver/lib:/home/ubuntu/ur_camera_ws/install/depthai_filters/lib:/home/ubuntu/ur_camera_ws/install/depthai_bridge/lib:/home/ubuntu/ur_camera_ws/install/depthai_ros_msgs/lib:/opt/ros/humble/opt/rviz_ogre_vendor/lib:/opt/ros/humble/lib/aarch64-linux-gnu:/opt/ros/humble/lib /usr/bin/cmake --build /home/ubuntu/research_ws/ur10_pick_place_ws/build/ur_yt_sim -- -j12 -l12
[0.181s] [100%] Built target test_ik_collision_obj
[0.182s] [100%] Built target test_ik
[0.182s] [100%] Built target pick_place
[0.208s] Invoked command in '/home/ubuntu/research_ws/ur10_pick_place_ws/build/ur_yt_sim' returned '0': CMAKE_PREFIX_PATH=/home/ubuntu/research_ws/ur10_pick_place_ws/install/linkattacher_msgs:/home/ubuntu/research_ws/ur10_pick_place_ws/install/ur10_pick_place:/home/ubuntu/research_ws/ur10_pick_place_ws/install/ur10_camera_gripper_moveit_config:/home/ubuntu/research_ws/ur10_pick_place_ws/install/ur_yt_sim:/home/ubuntu/research_ws/ur10_pick_place_ws/install/ur_simulation_gazebo:/home/ubuntu/research_ws/ur10_pick_place_ws/install/ros2_linkattacher:/home/ubuntu/research_ws/ur10_pick_place_ws/install/robotiq_description:/home/ubuntu/research_ws/ur10_pick_place_ws/install/robotiq_controllers:/home/ubuntu/research_ws/ur10_pick_place_ws/install/robotiq_3f_interfaces:/home/ubuntu/research_ws/ur10_pick_place_ws/install/robotiq_3f_description:/home/ubuntu/ur_camera_ws/install/ur_moveit_config:/home/ubuntu/ur_camera_ws/install/easy_handeye2_msgs:/home/ubuntu/ur_camera_ws/install/depthai-ros:/home/ubuntu/ur_camera_ws/install/depthai_ros_driver:/home/ubuntu/ur_camera_ws/install/depthai_filters:/home/ubuntu/ur_camera_ws/install/depthai_examples:/home/ubuntu/ur_camera_ws/install/depthai_bridge:/home/ubuntu/ur_camera_ws/install/depthai_ros_msgs:/home/ubuntu/ur_camera_ws/install/depthai_descriptions:/home/ubuntu/research_ws/ur10_pick_place_ws/install/grasp_executor:/home/ubuntu/ur_camera_ws/install/pick_place:/home/ubuntu/ur_camera_ws/install/easy_handeye2:/opt/ros/humble LD_LIBRARY_PATH=/home/ubuntu/research_ws/ur10_pick_place_ws/install/linkattacher_msgs/lib:/home/ubuntu/research_ws/ur10_pick_place_ws/install/robotiq_controllers/lib:/home/ubuntu/research_ws/ur10_pick_place_ws/install/robotiq_3f_interfaces/lib:/home/ubuntu/.local/lib/python3.10/site-packages/nvidia/cusparselt/lib:/usr/local/cuda/lib64:/home/ubuntu/ur_camera_ws/install/easy_handeye2_msgs/lib:/home/ubuntu/ur_camera_ws/install/depthai_ros_driver/lib:/home/ubuntu/ur_camera_ws/install/depthai_filters/lib:/home/ubuntu/ur_camera_ws/install/depthai_bridge/lib:/home/ubuntu/ur_camera_ws/install/depthai_ros_msgs/lib:/opt/ros/humble/opt/rviz_ogre_vendor/lib:/opt/ros/humble/lib/aarch64-linux-gnu:/opt/ros/humble/lib /usr/bin/cmake --build /home/ubuntu/research_ws/ur10_pick_place_ws/build/ur_yt_sim -- -j12 -l12
[0.214s] Invoking command in '/home/ubuntu/research_ws/ur10_pick_place_ws/build/ur_yt_sim': CMAKE_PREFIX_PATH=/home/ubuntu/research_ws/ur10_pick_place_ws/install/linkattacher_msgs:/home/ubuntu/research_ws/ur10_pick_place_ws/install/ur10_pick_place:/home/ubuntu/research_ws/ur10_pick_place_ws/install/ur10_camera_gripper_moveit_config:/home/ubuntu/research_ws/ur10_pick_place_ws/install/ur_yt_sim:/home/ubuntu/research_ws/ur10_pick_place_ws/install/ur_simulation_gazebo:/home/ubuntu/research_ws/ur10_pick_place_ws/install/ros2_linkattacher:/home/ubuntu/research_ws/ur10_pick_place_ws/install/robotiq_description:/home/ubuntu/research_ws/ur10_pick_place_ws/install/robotiq_controllers:/home/ubuntu/research_ws/ur10_pick_place_ws/install/robotiq_3f_interfaces:/home/ubuntu/research_ws/ur10_pick_place_ws/install/robotiq_3f_description:/home/ubuntu/ur_camera_ws/install/ur_moveit_config:/home/ubuntu/ur_camera_ws/install/easy_handeye2_msgs:/home/ubuntu/ur_camera_ws/install/depthai-ros:/home/ubuntu/ur_camera_ws/install/depthai_ros_driver:/home/ubuntu/ur_camera_ws/install/depthai_filters:/home/ubuntu/ur_camera_ws/install/depthai_examples:/home/ubuntu/ur_camera_ws/install/depthai_bridge:/home/ubuntu/ur_camera_ws/install/depthai_ros_msgs:/home/ubuntu/ur_camera_ws/install/depthai_descriptions:/home/ubuntu/research_ws/ur10_pick_place_ws/install/grasp_executor:/home/ubuntu/ur_camera_ws/install/pick_place:/home/ubuntu/ur_camera_ws/install/easy_handeye2:/opt/ros/humble LD_LIBRARY_PATH=/home/ubuntu/research_ws/ur10_pick_place_ws/install/linkattacher_msgs/lib:/home/ubuntu/research_ws/ur10_pick_place_ws/install/robotiq_controllers/lib:/home/ubuntu/research_ws/ur10_pick_place_ws/install/robotiq_3f_interfaces/lib:/home/ubuntu/.local/lib/python3.10/site-packages/nvidia/cusparselt/lib:/usr/local/cuda/lib64:/home/ubuntu/ur_camera_ws/install/easy_handeye2_msgs/lib:/home/ubuntu/ur_camera_ws/install/depthai_ros_driver/lib:/home/ubuntu/ur_camera_ws/install/depthai_filters/lib:/home/ubuntu/ur_camera_ws/install/depthai_bridge/lib:/home/ubuntu/ur_camera_ws/install/depthai_ros_msgs/lib:/opt/ros/humble/opt/rviz_ogre_vendor/lib:/opt/ros/humble/lib/aarch64-linux-gnu:/opt/ros/humble/lib /usr/bin/cmake --install /home/ubuntu/research_ws/ur10_pick_place_ws/build/ur_yt_sim
[0.231s] -- Install configuration: "Release"
[0.231s] -- Up-to-date: /home/ubuntu/research_ws/ur10_pick_place_ws/install/ur_yt_sim/share/ur_yt_sim/launch
[0.232s] -- Up-to-date: /home/ubuntu/research_ws/ur10_pick_place_ws/install/ur_yt_sim/share/ur_yt_sim/launch/spawn_ur10_camera.launch.py
[0.232s] -- Up-to-date: /home/ubuntu/research_ws/ur10_pick_place_ws/install/ur_yt_sim/share/ur_yt_sim/launch/spawn_ur10_camera_gripper.launch.py
[0.232s] -- Up-to-date: /home/ubuntu/research_ws/ur10_pick_place_ws/install/ur_yt_sim/share/ur_yt_sim/launch/spawn_ur10_camera_gripper_moveit.launch.py
[0.233s] -- Up-to-date: /home/ubuntu/research_ws/ur10_pick_place_ws/install/ur_yt_sim/share/ur_yt_sim/launch/view_ur10_camera_gripper.launch.py
[0.233s] -- Up-to-date: /home/ubuntu/research_ws/ur10_pick_place_ws/install/ur_yt_sim/share/ur_yt_sim/launch/view_ur10_camera.launch.py
[0.233s] -- Up-to-date: /home/ubuntu/research_ws/ur10_pick_place_ws/install/ur_yt_sim/share/ur_yt_sim/launch/spawn_ur10_camera_moveit.launch.py
[0.233s] -- Up-to-date: /home/ubuntu/research_ws/ur10_pick_place_ws/install/ur_yt_sim/share/ur_yt_sim/urdf
[0.233s] -- Up-to-date: /home/ubuntu/research_ws/ur10_pick_place_ws/install/ur_yt_sim/share/ur_yt_sim/urdf/ur10_with_3f_gripper.urdf.xacro
[0.234s] -- Up-to-date: /home/ubuntu/research_ws/ur10_pick_place_ws/install/ur_yt_sim/share/ur_yt_sim/urdf/robotiq_gripper.ros2_control.xacro
[0.234s] -- Up-to-date: /home/ubuntu/research_ws/ur10_pick_place_ws/install/ur_yt_sim/share/ur_yt_sim/urdf/camera.xacro
[0.234s] -- Up-to-date: /home/ubuntu/research_ws/ur10_pick_place_ws/install/ur_yt_sim/share/ur_yt_sim/urdf/ur10.ros2_control.xacro
[0.234s] -- Up-to-date: /home/ubuntu/research_ws/ur10_pick_place_ws/install/ur_yt_sim/share/ur_yt_sim/urdf/robotiq_gripper_macro.xacro
[0.234s] -- Up-to-date: /home/ubuntu/research_ws/ur10_pick_place_ws/install/ur_yt_sim/share/ur_yt_sim/urdf/ur10_camera_gripper.urdf.xacro
[0.235s] -- Up-to-date: /home/ubuntu/research_ws/ur10_pick_place_ws/install/ur_yt_sim/share/ur_yt_sim/urdf/ur10_camera.urdf.xacro
[0.235s] -- Up-to-date: /home/ubuntu/research_ws/ur10_pick_place_ws/install/ur_yt_sim/share/ur_yt_sim/urdf/ur10_macro.xacro
[0.235s] -- Up-to-date: /home/ubuntu/research_ws/ur10_pick_place_ws/install/ur_yt_sim/share/ur_yt_sim/config
[0.235s] -- Up-to-date: /home/ubuntu/research_ws/ur10_pick_place_ws/install/ur_yt_sim/share/ur_yt_sim/config/initial_positions.yaml
[0.235s] -- Up-to-date: /home/ubuntu/research_ws/ur10_pick_place_ws/install/ur_yt_sim/share/ur_yt_sim/config/ur10_controllers_gripper.yaml
[0.235s] -- Up-to-date: /home/ubuntu/research_ws/ur10_pick_place_ws/install/ur_yt_sim/share/ur_yt_sim/config/ur10_controllers.yaml
[0.236s] -- Up-to-date: /home/ubuntu/research_ws/ur10_pick_place_ws/install/ur_yt_sim/share/ur_yt_sim/meshes
[0.236s] -- Up-to-date: /home/ubuntu/research_ws/ur10_pick_place_ws/install/ur_yt_sim/share/ur_yt_sim/meshes/sensors
[0.236s] -- Up-to-date: /home/ubuntu/research_ws/ur10_pick_place_ws/install/ur_yt_sim/share/ur_yt_sim/meshes/sensors/camera
[0.236s] -- Up-to-date: /home/ubuntu/research_ws/ur10_pick_place_ws/install/ur_yt_sim/share/ur_yt_sim/meshes/sensors/camera/kinetic.stl
[0.236s] -- Up-to-date: /home/ubuntu/research_ws/ur10_pick_place_ws/install/ur_yt_sim/share/ur_yt_sim/meshes/sensors/camera/kinetic.dae
[0.237s] -- Up-to-date: /home/ubuntu/research_ws/ur10_pick_place_ws/install/ur_yt_sim/share/ur_yt_sim/meshes/sensors/camera/kinetic.png
[0.237s] -- Up-to-date: /home/ubuntu/research_ws/ur10_pick_place_ws/install/ur_yt_sim/share/ur_yt_sim/meshes/sensors/camera/xtion_pro_live.png
[0.237s] -- Up-to-date: /home/ubuntu/research_ws/ur10_pick_place_ws/install/ur_yt_sim/share/ur_yt_sim/worlds
[0.237s] -- Up-to-date: /home/ubuntu/research_ws/ur10_pick_place_ws/install/ur_yt_sim/share/ur_yt_sim/worlds/world2.world
[0.237s] -- Up-to-date: /home/ubuntu/research_ws/ur10_pick_place_ws/install/ur_yt_sim/share/ur_yt_sim/worlds/world1.world
[0.237s] -- Up-to-date: /home/ubuntu/research_ws/ur10_pick_place_ws/install/ur_yt_sim/share/ur_yt_sim/rviz
[0.238s] -- Up-to-date: /home/ubuntu/research_ws/ur10_pick_place_ws/install/ur_yt_sim/share/ur_yt_sim/rviz/view_ur10_camera.rviz
[0.238s] -- Up-to-date: /home/ubuntu/research_ws/ur10_pick_place_ws/install/ur_yt_sim/share/ur_yt_sim/models
[0.238s] -- Up-to-date: /home/ubuntu/research_ws/ur10_pick_place_ws/install/ur_yt_sim/share/ur_yt_sim/models/robo_basement
[0.238s] -- Up-to-date: /home/ubuntu/research_ws/ur10_pick_place_ws/install/ur_yt_sim/share/ur_yt_sim/models/robo_basement/model.config
[0.238s] -- Up-to-date: /home/ubuntu/research_ws/ur10_pick_place_ws/install/ur_yt_sim/share/ur_yt_sim/models/robo_basement/model.sdf
[0.238s] -- Up-to-date: /home/ubuntu/research_ws/ur10_pick_place_ws/install/ur_yt_sim/share/ur_yt_sim/models/green_cube
[0.238s] -- Up-to-date: /home/ubuntu/research_ws/ur10_pick_place_ws/install/ur_yt_sim/share/ur_yt_sim/models/green_cube/model.config
[0.239s] -- Up-to-date: /home/ubuntu/research_ws/ur10_pick_place_ws/install/ur_yt_sim/share/ur_yt_sim/models/green_cube/model.sdf
[0.239s] -- Up-to-date: /home/ubuntu/research_ws/ur10_pick_place_ws/install/ur_yt_sim/share/ur_yt_sim/models/robo_basement1
[0.239s] -- Up-to-date: /home/ubuntu/research_ws/ur10_pick_place_ws/install/ur_yt_sim/share/ur_yt_sim/models/mini_stacking_box
[0.239s] -- Up-to-date: /home/ubuntu/research_ws/ur10_pick_place_ws/install/ur_yt_sim/share/ur_yt_sim/models/mini_stacking_box/model.config
[0.239s] -- Up-to-date: /home/ubuntu/research_ws/ur10_pick_place_ws/install/ur_yt_sim/share/ur_yt_sim/models/mini_stacking_box/meshes
[0.239s] -- Up-to-date: /home/ubuntu/research_ws/ur10_pick_place_ws/install/ur_yt_sim/share/ur_yt_sim/models/mini_stacking_box/meshes/mini_stacking_box.stl
[0.239s] -- Up-to-date: /home/ubuntu/research_ws/ur10_pick_place_ws/install/ur_yt_sim/share/ur_yt_sim/models/mini_stacking_box/meshes/mini_stacking_box.dae
[0.240s] -- Up-to-date: /home/ubuntu/research_ws/ur10_pick_place_ws/install/ur_yt_sim/share/ur_yt_sim/models/mini_stacking_box/model.sdf
[0.240s] -- Up-to-date: /home/ubuntu/research_ws/ur10_pick_place_ws/install/ur_yt_sim/share/ur_yt_sim/models/mini_stacking_box2
[0.240s] -- Up-to-date: /home/ubuntu/research_ws/ur10_pick_place_ws/install/ur_yt_sim/share/ur_yt_sim/models/mini_stacking_box2/model.config
[0.240s] -- Up-to-date: /home/ubuntu/research_ws/ur10_pick_place_ws/install/ur_yt_sim/share/ur_yt_sim/models/mini_stacking_box2/meshes
[0.241s] -- Up-to-date: /home/ubuntu/research_ws/ur10_pick_place_ws/install/ur_yt_sim/share/ur_yt_sim/models/mini_stacking_box2/meshes/mini_stacking_box2.dae
[0.242s] -- Up-to-date: /home/ubuntu/research_ws/ur10_pick_place_ws/install/ur_yt_sim/share/ur_yt_sim/models/mini_stacking_box2/model.sdf
[0.243s] -- Up-to-date: /home/ubuntu/research_ws/ur10_pick_place_ws/install/ur_yt_sim/lib/ur_yt_sim/test_ik
[0.243s] -- Up-to-date: /home/ubuntu/research_ws/ur10_pick_place_ws/install/ur_yt_sim/lib/ur_yt_sim/test_ik_collision_obj
[0.244s] -- Up-to-date: /home/ubuntu/research_ws/ur10_pick_place_ws/install/ur_yt_sim/lib/ur_yt_sim/test_ik
[0.244s] -- Up-to-date: /home/ubuntu/research_ws/ur10_pick_place_ws/install/ur_yt_sim/lib/ur_yt_sim/test_ik_collision_obj
[0.244s] -- Up-to-date: /home/ubuntu/research_ws/ur10_pick_place_ws/install/ur_yt_sim/lib/ur_yt_sim/pick_place
[0.245s] -- Up-to-date: /home/ubuntu/research_ws/ur10_pick_place_ws/install/ur_yt_sim/share/ament_index/resource_index/package_run_dependencies/ur_yt_sim
[0.245s] -- Up-to-date: /home/ubuntu/research_ws/ur10_pick_place_ws/install/ur_yt_sim/share/ament_index/resource_index/parent_prefix_path/ur_yt_sim
[0.245s] -- Up-to-date: /home/ubuntu/research_ws/ur10_pick_place_ws/install/ur_yt_sim/share/ur_yt_sim/environment/ament_prefix_path.sh
[0.245s] -- Up-to-date: /home/ubuntu/research_ws/ur10_pick_place_ws/install/ur_yt_sim/share/ur_yt_sim/environment/ament_prefix_path.dsv
[0.246s] -- Up-to-date: /home/ubuntu/research_ws/ur10_pick_place_ws/install/ur_yt_sim/share/ur_yt_sim/environment/path.sh
[0.246s] -- Up-to-date: /home/ubuntu/research_ws/ur10_pick_place_ws/install/ur_yt_sim/share/ur_yt_sim/environment/path.dsv
[0.246s] -- Up-to-date: /home/ubuntu/research_ws/ur10_pick_place_ws/install/ur_yt_sim/share/ur_yt_sim/local_setup.bash
[0.247s] -- Up-to-date: /home/ubuntu/research_ws/ur10_pick_place_ws/install/ur_yt_sim/share/ur_yt_sim/local_setup.sh
[0.247s] -- Up-to-date: /home/ubuntu/research_ws/ur10_pick_place_ws/install/ur_yt_sim/share/ur_yt_sim/local_setup.zsh
[0.248s] -- Up-to-date: /home/ubuntu/research_ws/ur10_pick_place_ws/install/ur_yt_sim/share/ur_yt_sim/local_setup.dsv
[0.248s] -- Installing: /home/ubuntu/research_ws/ur10_pick_place_ws/install/ur_yt_sim/share/ur_yt_sim/package.dsv
[0.248s] -- Up-to-date: /home/ubuntu/research_ws/ur10_pick_place_ws/install/ur_yt_sim/share/ament_index/resource_index/packages/ur_yt_sim
[0.248s] -- Up-to-date: /home/ubuntu/research_ws/ur10_pick_place_ws/install/ur_yt_sim/share/ur_yt_sim/cmake/ur_yt_simConfig.cmake
[0.249s] -- Up-to-date: /home/ubuntu/research_ws/ur10_pick_place_ws/install/ur_yt_sim/share/ur_yt_sim/cmake/ur_yt_simConfig-version.cmake
[0.249s] -- Up-to-date: /home/ubuntu/research_ws/ur10_pick_place_ws/install/ur_yt_sim/share/ur_yt_sim/package.xml
[0.250s] Invoked command in '/home/ubuntu/research_ws/ur10_pick_place_ws/build/ur_yt_sim' returned '0': CMAKE_PREFIX_PATH=/home/ubuntu/research_ws/ur10_pick_place_ws/install/linkattacher_msgs:/home/ubuntu/research_ws/ur10_pick_place_ws/install/ur10_pick_place:/home/ubuntu/research_ws/ur10_pick_place_ws/install/ur10_camera_gripper_moveit_config:/home/ubuntu/research_ws/ur10_pick_place_ws/install/ur_yt_sim:/home/ubuntu/research_ws/ur10_pick_place_ws/install/ur_simulation_gazebo:/home/ubuntu/research_ws/ur10_pick_place_ws/install/ros2_linkattacher:/home/ubuntu/research_ws/ur10_pick_place_ws/install/robotiq_description:/home/ubuntu/research_ws/ur10_pick_place_ws/install/robotiq_controllers:/home/ubuntu/research_ws/ur10_pick_place_ws/install/robotiq_3f_interfaces:/home/ubuntu/research_ws/ur10_pick_place_ws/install/robotiq_3f_description:/home/ubuntu/ur_camera_ws/install/ur_moveit_config:/home/ubuntu/ur_camera_ws/install/easy_handeye2_msgs:/home/ubuntu/ur_camera_ws/install/depthai-ros:/home/ubuntu/ur_camera_ws/install/depthai_ros_driver:/home/ubuntu/ur_camera_ws/install/depthai_filters:/home/ubuntu/ur_camera_ws/install/depthai_examples:/home/ubuntu/ur_camera_ws/install/depthai_bridge:/home/ubuntu/ur_camera_ws/install/depthai_ros_msgs:/home/ubuntu/ur_camera_ws/install/depthai_descriptions:/home/ubuntu/research_ws/ur10_pick_place_ws/install/grasp_executor:/home/ubuntu/ur_camera_ws/install/pick_place:/home/ubuntu/ur_camera_ws/install/easy_handeye2:/opt/ros/humble LD_LIBRARY_PATH=/home/ubuntu/research_ws/ur10_pick_place_ws/install/linkattacher_msgs/lib:/home/ubuntu/research_ws/ur10_pick_place_ws/install/robotiq_controllers/lib:/home/ubuntu/research_ws/ur10_pick_place_ws/install/robotiq_3f_interfaces/lib:/home/ubuntu/.local/lib/python3.10/site-packages/nvidia/cusparselt/lib:/usr/local/cuda/lib64:/home/ubuntu/ur_camera_ws/install/easy_handeye2_msgs/lib:/home/ubuntu/ur_camera_ws/install/depthai_ros_driver/lib:/home/ubuntu/ur_camera_ws/install/depthai_filters/lib:/home/ubuntu/ur_camera_ws/install/depthai_bridge/lib:/home/ubuntu/ur_camera_ws/install/depthai_ros_msgs/lib:/opt/ros/humble/opt/rviz_ogre_vendor/lib:/opt/ros/humble/lib/aarch64-linux-gnu:/opt/ros/humble/lib /usr/bin/cmake --install /home/ubuntu/research_ws/ur10_pick_place_ws/build/ur_yt_sim
