Consolidate compiler generated dependencies of target robotiq_3f_interfaces__rosidl_generator_c
[  1%] Built target robotiq_3f_interfaces__rs
[  2%] Built target robotiq_3f_interfaces__cpp
[ 13%] Built target robotiq_3f_interfaces__rosidl_generator_c
[ 13%] Built target ament_cmake_python_copy_robotiq_3f_interfaces
Consolidate compiler generated dependencies of target robotiq_3f_interfaces__rosidl_typesupport_introspection_cpp
Consolidate compiler generated dependencies of target robotiq_3f_interfaces__rosidl_typesupport_fastrtps_cpp
Consolidate compiler generated dependencies of target robotiq_3f_interfaces__rosidl_typesupport_c
Consolidate compiler generated dependencies of target robotiq_3f_interfaces__rosidl_typesupport_introspection_c
Consolidate compiler generated dependencies of target robotiq_3f_interfaces__rosidl_typesupport_cpp
Consolidate compiler generated dependencies of target robotiq_3f_interfaces__rosidl_typesupport_fastrtps_c
[ 25%] Built target robotiq_3f_interfaces__rosidl_typesupport_c
[ 36%] Built target robotiq_3f_interfaces__rosidl_typesupport_introspection_cpp
[ 47%] Built target robotiq_3f_interfaces__rosidl_typesupport_fastrtps_cpp
[ 58%] Built target robotiq_3f_interfaces__rosidl_typesupport_introspection_c
[ 69%] Built target robotiq_3f_interfaces__rosidl_typesupport_cpp
[ 80%] Built target robotiq_3f_interfaces__rosidl_typesupport_fastrtps_c
[ 80%] Built target robotiq_3f_interfaces
[ 81%] Built target robotiq_3f_interfaces__py
Consolidate compiler generated dependencies of target robotiq_3f_interfaces__rosidl_generator_py
[ 91%] Built target robotiq_3f_interfaces__rosidl_generator_py
Consolidate compiler generated dependencies of target robotiq_3f_interfaces__rosidl_typesupport_c__pyext
Consolidate compiler generated dependencies of target robotiq_3f_interfaces__rosidl_typesupport_introspection_c__pyext
Consolidate compiler generated dependencies of target robotiq_3f_interfaces__rosidl_typesupport_fastrtps_c__pyext
[ 97%] Built target robotiq_3f_interfaces__rosidl_typesupport_introspection_c__pyext
[ 97%] Built target robotiq_3f_interfaces__rosidl_typesupport_fastrtps_c__pyext
[100%] Built target robotiq_3f_interfaces__rosidl_typesupport_c__pyext
running egg_info
writing robotiq_3f_interfaces.egg-info/PKG-INFO
writing dependency_links to robotiq_3f_interfaces.egg-info/dependency_links.txt
writing top-level names to robotiq_3f_interfaces.egg-info/top_level.txt
reading manifest file 'robotiq_3f_interfaces.egg-info/SOURCES.txt'
writing manifest file 'robotiq_3f_interfaces.egg-info/SOURCES.txt'
[100%] Built target ament_cmake_python_build_robotiq_3f_interfaces_egg
-- Install configuration: "Release"
-- Installing: /home/ubuntu/research_ws/ur10_pick_place_ws/install/robotiq_3f_interfaces/share/ament_index/resource_index/rosidl_interfaces/robotiq_3f_interfaces
-- Installing: /home/ubuntu/research_ws/ur10_pick_place_ws/install/robotiq_3f_interfaces/include/robotiq_3f_interfaces/robotiq_3f_interfaces
-- Installing: /home/ubuntu/research_ws/ur10_pick_place_ws/install/robotiq_3f_interfaces/include/robotiq_3f_interfaces/robotiq_3f_interfaces/srv
-- Installing: /home/ubuntu/research_ws/ur10_pick_place_ws/install/robotiq_3f_interfaces/include/robotiq_3f_interfaces/robotiq_3f_interfaces/srv/detail
-- Installing: /home/ubuntu/research_ws/ur10_pick_place_ws/install/robotiq_3f_interfaces/include/robotiq_3f_interfaces/robotiq_3f_interfaces/srv/detail/change_grasping_mode__functions.h
-- Installing: /home/ubuntu/research_ws/ur10_pick_place_ws/install/robotiq_3f_interfaces/include/robotiq_3f_interfaces/robotiq_3f_interfaces/srv/detail/change_grasping_mode__functions.c
-- Installing: /home/ubuntu/research_ws/ur10_pick_place_ws/install/robotiq_3f_interfaces/include/robotiq_3f_interfaces/robotiq_3f_interfaces/srv/detail/change_grasping_mode__struct.h
-- Installing: /home/ubuntu/research_ws/ur10_pick_place_ws/install/robotiq_3f_interfaces/include/robotiq_3f_interfaces/robotiq_3f_interfaces/srv/detail/change_grasping_mode__type_support.h
-- Installing: /home/ubuntu/research_ws/ur10_pick_place_ws/install/robotiq_3f_interfaces/include/robotiq_3f_interfaces/robotiq_3f_interfaces/srv/change_grasping_mode.h
-- Installing: /home/ubuntu/research_ws/ur10_pick_place_ws/install/robotiq_3f_interfaces/include/robotiq_3f_interfaces/robotiq_3f_interfaces/msg
-- Installing: /home/ubuntu/research_ws/ur10_pick_place_ws/install/robotiq_3f_interfaces/include/robotiq_3f_interfaces/robotiq_3f_interfaces/msg/simple_control_command.h
-- Installing: /home/ubuntu/research_ws/ur10_pick_place_ws/install/robotiq_3f_interfaces/include/robotiq_3f_interfaces/robotiq_3f_interfaces/msg/grasping_mode.h
-- Installing: /home/ubuntu/research_ws/ur10_pick_place_ws/install/robotiq_3f_interfaces/include/robotiq_3f_interfaces/robotiq_3f_interfaces/msg/detail
-- Installing: /home/ubuntu/research_ws/ur10_pick_place_ws/install/robotiq_3f_interfaces/include/robotiq_3f_interfaces/robotiq_3f_interfaces/msg/detail/grasping_mode__struct.h
-- Installing: /home/ubuntu/research_ws/ur10_pick_place_ws/install/robotiq_3f_interfaces/include/robotiq_3f_interfaces/robotiq_3f_interfaces/msg/detail/independent_control_command__type_support.h
-- Installing: /home/ubuntu/research_ws/ur10_pick_place_ws/install/robotiq_3f_interfaces/include/robotiq_3f_interfaces/robotiq_3f_interfaces/msg/detail/simple_control_command__type_support.h
-- Installing: /home/ubuntu/research_ws/ur10_pick_place_ws/install/robotiq_3f_interfaces/include/robotiq_3f_interfaces/robotiq_3f_interfaces/msg/detail/object_detection_status__struct.h
-- Installing: /home/ubuntu/research_ws/ur10_pick_place_ws/install/robotiq_3f_interfaces/include/robotiq_3f_interfaces/robotiq_3f_interfaces/msg/detail/status__functions.c
-- Installing: /home/ubuntu/research_ws/ur10_pick_place_ws/install/robotiq_3f_interfaces/include/robotiq_3f_interfaces/robotiq_3f_interfaces/msg/detail/grasping_mode__functions.c
-- Installing: /home/ubuntu/research_ws/ur10_pick_place_ws/install/robotiq_3f_interfaces/include/robotiq_3f_interfaces/robotiq_3f_interfaces/msg/detail/object_detection_status__type_support.h
-- Installing: /home/ubuntu/research_ws/ur10_pick_place_ws/install/robotiq_3f_interfaces/include/robotiq_3f_interfaces/robotiq_3f_interfaces/msg/detail/independent_control_command__functions.c
-- Installing: /home/ubuntu/research_ws/ur10_pick_place_ws/install/robotiq_3f_interfaces/include/robotiq_3f_interfaces/robotiq_3f_interfaces/msg/detail/simple_control_command__struct.h
-- Installing: /home/ubuntu/research_ws/ur10_pick_place_ws/install/robotiq_3f_interfaces/include/robotiq_3f_interfaces/robotiq_3f_interfaces/msg/detail/simple_control_command__functions.h
-- Installing: /home/ubuntu/research_ws/ur10_pick_place_ws/install/robotiq_3f_interfaces/include/robotiq_3f_interfaces/robotiq_3f_interfaces/msg/detail/independent_control_command__struct.h
-- Installing: /home/ubuntu/research_ws/ur10_pick_place_ws/install/robotiq_3f_interfaces/include/robotiq_3f_interfaces/robotiq_3f_interfaces/msg/detail/object_detection_status__functions.h
-- Installing: /home/ubuntu/research_ws/ur10_pick_place_ws/install/robotiq_3f_interfaces/include/robotiq_3f_interfaces/robotiq_3f_interfaces/msg/detail/grasping_mode__functions.h
-- Installing: /home/ubuntu/research_ws/ur10_pick_place_ws/install/robotiq_3f_interfaces/include/robotiq_3f_interfaces/robotiq_3f_interfaces/msg/detail/status__functions.h
-- Installing: /home/ubuntu/research_ws/ur10_pick_place_ws/install/robotiq_3f_interfaces/include/robotiq_3f_interfaces/robotiq_3f_interfaces/msg/detail/grasping_mode__type_support.h
-- Installing: /home/ubuntu/research_ws/ur10_pick_place_ws/install/robotiq_3f_interfaces/include/robotiq_3f_interfaces/robotiq_3f_interfaces/msg/detail/independent_control_command__functions.h
-- Installing: /home/ubuntu/research_ws/ur10_pick_place_ws/install/robotiq_3f_interfaces/include/robotiq_3f_interfaces/robotiq_3f_interfaces/msg/detail/status__struct.h
-- Installing: /home/ubuntu/research_ws/ur10_pick_place_ws/install/robotiq_3f_interfaces/include/robotiq_3f_interfaces/robotiq_3f_interfaces/msg/detail/status__type_support.h
-- Installing: /home/ubuntu/research_ws/ur10_pick_place_ws/install/robotiq_3f_interfaces/include/robotiq_3f_interfaces/robotiq_3f_interfaces/msg/detail/simple_control_command__functions.c
-- Installing: /home/ubuntu/research_ws/ur10_pick_place_ws/install/robotiq_3f_interfaces/include/robotiq_3f_interfaces/robotiq_3f_interfaces/msg/detail/object_detection_status__functions.c
-- Installing: /home/ubuntu/research_ws/ur10_pick_place_ws/install/robotiq_3f_interfaces/include/robotiq_3f_interfaces/robotiq_3f_interfaces/msg/independent_control_command.h
-- Installing: /home/ubuntu/research_ws/ur10_pick_place_ws/install/robotiq_3f_interfaces/include/robotiq_3f_interfaces/robotiq_3f_interfaces/msg/rosidl_generator_c__visibility_control.h
-- Installing: /home/ubuntu/research_ws/ur10_pick_place_ws/install/robotiq_3f_interfaces/include/robotiq_3f_interfaces/robotiq_3f_interfaces/msg/object_detection_status.h
-- Installing: /home/ubuntu/research_ws/ur10_pick_place_ws/install/robotiq_3f_interfaces/include/robotiq_3f_interfaces/robotiq_3f_interfaces/msg/status.h
-- Installing: /home/ubuntu/research_ws/ur10_pick_place_ws/install/robotiq_3f_interfaces/share/robotiq_3f_interfaces/environment/library_path.sh
-- Installing: /home/ubuntu/research_ws/ur10_pick_place_ws/install/robotiq_3f_interfaces/share/robotiq_3f_interfaces/environment/library_path.dsv
-- Installing: /home/ubuntu/research_ws/ur10_pick_place_ws/install/robotiq_3f_interfaces/lib/librobotiq_3f_interfaces__rosidl_generator_c.so
-- Set runtime path of "/home/ubuntu/research_ws/ur10_pick_place_ws/install/robotiq_3f_interfaces/lib/librobotiq_3f_interfaces__rosidl_generator_c.so" to ""
-- Up-to-date: /home/ubuntu/research_ws/ur10_pick_place_ws/install/robotiq_3f_interfaces/include/robotiq_3f_interfaces/robotiq_3f_interfaces
-- Up-to-date: /home/ubuntu/research_ws/ur10_pick_place_ws/install/robotiq_3f_interfaces/include/robotiq_3f_interfaces/robotiq_3f_interfaces/srv
-- Up-to-date: /home/ubuntu/research_ws/ur10_pick_place_ws/install/robotiq_3f_interfaces/include/robotiq_3f_interfaces/robotiq_3f_interfaces/srv/detail
-- Installing: /home/ubuntu/research_ws/ur10_pick_place_ws/install/robotiq_3f_interfaces/include/robotiq_3f_interfaces/robotiq_3f_interfaces/srv/detail/change_grasping_mode__rosidl_typesupport_fastrtps_c.h
-- Up-to-date: /home/ubuntu/research_ws/ur10_pick_place_ws/install/robotiq_3f_interfaces/include/robotiq_3f_interfaces/robotiq_3f_interfaces/msg
-- Up-to-date: /home/ubuntu/research_ws/ur10_pick_place_ws/install/robotiq_3f_interfaces/include/robotiq_3f_interfaces/robotiq_3f_interfaces/msg/detail
-- Installing: /home/ubuntu/research_ws/ur10_pick_place_ws/install/robotiq_3f_interfaces/include/robotiq_3f_interfaces/robotiq_3f_interfaces/msg/detail/object_detection_status__rosidl_typesupport_fastrtps_c.h
-- Installing: /home/ubuntu/research_ws/ur10_pick_place_ws/install/robotiq_3f_interfaces/include/robotiq_3f_interfaces/robotiq_3f_interfaces/msg/detail/grasping_mode__rosidl_typesupport_fastrtps_c.h
-- Installing: /home/ubuntu/research_ws/ur10_pick_place_ws/install/robotiq_3f_interfaces/include/robotiq_3f_interfaces/robotiq_3f_interfaces/msg/detail/independent_control_command__rosidl_typesupport_fastrtps_c.h
-- Installing: /home/ubuntu/research_ws/ur10_pick_place_ws/install/robotiq_3f_interfaces/include/robotiq_3f_interfaces/robotiq_3f_interfaces/msg/detail/status__rosidl_typesupport_fastrtps_c.h
-- Installing: /home/ubuntu/research_ws/ur10_pick_place_ws/install/robotiq_3f_interfaces/include/robotiq_3f_interfaces/robotiq_3f_interfaces/msg/detail/simple_control_command__rosidl_typesupport_fastrtps_c.h
-- Installing: /home/ubuntu/research_ws/ur10_pick_place_ws/install/robotiq_3f_interfaces/include/robotiq_3f_interfaces/robotiq_3f_interfaces/msg/rosidl_typesupport_fastrtps_c__visibility_control.h
-- Installing: /home/ubuntu/research_ws/ur10_pick_place_ws/install/robotiq_3f_interfaces/lib/librobotiq_3f_interfaces__rosidl_typesupport_fastrtps_c.so
-- Set runtime path of "/home/ubuntu/research_ws/ur10_pick_place_ws/install/robotiq_3f_interfaces/lib/librobotiq_3f_interfaces__rosidl_typesupport_fastrtps_c.so" to ""
-- Up-to-date: /home/ubuntu/research_ws/ur10_pick_place_ws/install/robotiq_3f_interfaces/include/robotiq_3f_interfaces/robotiq_3f_interfaces
-- Up-to-date: /home/ubuntu/research_ws/ur10_pick_place_ws/install/robotiq_3f_interfaces/include/robotiq_3f_interfaces/robotiq_3f_interfaces/srv
-- Up-to-date: /home/ubuntu/research_ws/ur10_pick_place_ws/install/robotiq_3f_interfaces/include/robotiq_3f_interfaces/robotiq_3f_interfaces/srv/detail
-- Installing: /home/ubuntu/research_ws/ur10_pick_place_ws/install/robotiq_3f_interfaces/include/robotiq_3f_interfaces/robotiq_3f_interfaces/srv/detail/change_grasping_mode__type_support.c
-- Installing: /home/ubuntu/research_ws/ur10_pick_place_ws/install/robotiq_3f_interfaces/include/robotiq_3f_interfaces/robotiq_3f_interfaces/srv/detail/change_grasping_mode__rosidl_typesupport_introspection_c.h
-- Up-to-date: /home/ubuntu/research_ws/ur10_pick_place_ws/install/robotiq_3f_interfaces/include/robotiq_3f_interfaces/robotiq_3f_interfaces/msg
-- Installing: /home/ubuntu/research_ws/ur10_pick_place_ws/install/robotiq_3f_interfaces/include/robotiq_3f_interfaces/robotiq_3f_interfaces/msg/rosidl_typesupport_introspection_c__visibility_control.h
-- Up-to-date: /home/ubuntu/research_ws/ur10_pick_place_ws/install/robotiq_3f_interfaces/include/robotiq_3f_interfaces/robotiq_3f_interfaces/msg/detail
-- Installing: /home/ubuntu/research_ws/ur10_pick_place_ws/install/robotiq_3f_interfaces/include/robotiq_3f_interfaces/robotiq_3f_interfaces/msg/detail/grasping_mode__rosidl_typesupport_introspection_c.h
-- Installing: /home/ubuntu/research_ws/ur10_pick_place_ws/install/robotiq_3f_interfaces/include/robotiq_3f_interfaces/robotiq_3f_interfaces/msg/detail/grasping_mode__type_support.c
-- Installing: /home/ubuntu/research_ws/ur10_pick_place_ws/install/robotiq_3f_interfaces/include/robotiq_3f_interfaces/robotiq_3f_interfaces/msg/detail/object_detection_status__rosidl_typesupport_introspection_c.h
-- Installing: /home/ubuntu/research_ws/ur10_pick_place_ws/install/robotiq_3f_interfaces/include/robotiq_3f_interfaces/robotiq_3f_interfaces/msg/detail/independent_control_command__type_support.c
-- Installing: /home/ubuntu/research_ws/ur10_pick_place_ws/install/robotiq_3f_interfaces/include/robotiq_3f_interfaces/robotiq_3f_interfaces/msg/detail/simple_control_command__rosidl_typesupport_introspection_c.h
-- Installing: /home/ubuntu/research_ws/ur10_pick_place_ws/install/robotiq_3f_interfaces/include/robotiq_3f_interfaces/robotiq_3f_interfaces/msg/detail/status__type_support.c
-- Installing: /home/ubuntu/research_ws/ur10_pick_place_ws/install/robotiq_3f_interfaces/include/robotiq_3f_interfaces/robotiq_3f_interfaces/msg/detail/simple_control_command__type_support.c
-- Installing: /home/ubuntu/research_ws/ur10_pick_place_ws/install/robotiq_3f_interfaces/include/robotiq_3f_interfaces/robotiq_3f_interfaces/msg/detail/status__rosidl_typesupport_introspection_c.h
-- Installing: /home/ubuntu/research_ws/ur10_pick_place_ws/install/robotiq_3f_interfaces/include/robotiq_3f_interfaces/robotiq_3f_interfaces/msg/detail/independent_control_command__rosidl_typesupport_introspection_c.h
-- Installing: /home/ubuntu/research_ws/ur10_pick_place_ws/install/robotiq_3f_interfaces/include/robotiq_3f_interfaces/robotiq_3f_interfaces/msg/detail/object_detection_status__type_support.c
-- Installing: /home/ubuntu/research_ws/ur10_pick_place_ws/install/robotiq_3f_interfaces/lib/librobotiq_3f_interfaces__rosidl_typesupport_introspection_c.so
-- Set runtime path of "/home/ubuntu/research_ws/ur10_pick_place_ws/install/robotiq_3f_interfaces/lib/librobotiq_3f_interfaces__rosidl_typesupport_introspection_c.so" to ""
-- Installing: /home/ubuntu/research_ws/ur10_pick_place_ws/install/robotiq_3f_interfaces/lib/librobotiq_3f_interfaces__rosidl_typesupport_c.so
-- Set runtime path of "/home/ubuntu/research_ws/ur10_pick_place_ws/install/robotiq_3f_interfaces/lib/librobotiq_3f_interfaces__rosidl_typesupport_c.so" to ""
-- Up-to-date: /home/ubuntu/research_ws/ur10_pick_place_ws/install/robotiq_3f_interfaces/include/robotiq_3f_interfaces/robotiq_3f_interfaces
-- Up-to-date: /home/ubuntu/research_ws/ur10_pick_place_ws/install/robotiq_3f_interfaces/include/robotiq_3f_interfaces/robotiq_3f_interfaces/srv
-- Up-to-date: /home/ubuntu/research_ws/ur10_pick_place_ws/install/robotiq_3f_interfaces/include/robotiq_3f_interfaces/robotiq_3f_interfaces/srv/detail
-- Installing: /home/ubuntu/research_ws/ur10_pick_place_ws/install/robotiq_3f_interfaces/include/robotiq_3f_interfaces/robotiq_3f_interfaces/srv/detail/change_grasping_mode__struct.hpp
-- Installing: /home/ubuntu/research_ws/ur10_pick_place_ws/install/robotiq_3f_interfaces/include/robotiq_3f_interfaces/robotiq_3f_interfaces/srv/detail/change_grasping_mode__type_support.hpp
-- Installing: /home/ubuntu/research_ws/ur10_pick_place_ws/install/robotiq_3f_interfaces/include/robotiq_3f_interfaces/robotiq_3f_interfaces/srv/detail/change_grasping_mode__traits.hpp
-- Installing: /home/ubuntu/research_ws/ur10_pick_place_ws/install/robotiq_3f_interfaces/include/robotiq_3f_interfaces/robotiq_3f_interfaces/srv/detail/change_grasping_mode__builder.hpp
-- Installing: /home/ubuntu/research_ws/ur10_pick_place_ws/install/robotiq_3f_interfaces/include/robotiq_3f_interfaces/robotiq_3f_interfaces/srv/change_grasping_mode.hpp
-- Up-to-date: /home/ubuntu/research_ws/ur10_pick_place_ws/install/robotiq_3f_interfaces/include/robotiq_3f_interfaces/robotiq_3f_interfaces/msg
-- Installing: /home/ubuntu/research_ws/ur10_pick_place_ws/install/robotiq_3f_interfaces/include/robotiq_3f_interfaces/robotiq_3f_interfaces/msg/status.hpp
-- Installing: /home/ubuntu/research_ws/ur10_pick_place_ws/install/robotiq_3f_interfaces/include/robotiq_3f_interfaces/robotiq_3f_interfaces/msg/object_detection_status.hpp
-- Installing: /home/ubuntu/research_ws/ur10_pick_place_ws/install/robotiq_3f_interfaces/include/robotiq_3f_interfaces/robotiq_3f_interfaces/msg/simple_control_command.hpp
-- Installing: /home/ubuntu/research_ws/ur10_pick_place_ws/install/robotiq_3f_interfaces/include/robotiq_3f_interfaces/robotiq_3f_interfaces/msg/grasping_mode.hpp
-- Up-to-date: /home/ubuntu/research_ws/ur10_pick_place_ws/install/robotiq_3f_interfaces/include/robotiq_3f_interfaces/robotiq_3f_interfaces/msg/detail
-- Installing: /home/ubuntu/research_ws/ur10_pick_place_ws/install/robotiq_3f_interfaces/include/robotiq_3f_interfaces/robotiq_3f_interfaces/msg/detail/simple_control_command__type_support.hpp
-- Installing: /home/ubuntu/research_ws/ur10_pick_place_ws/install/robotiq_3f_interfaces/include/robotiq_3f_interfaces/robotiq_3f_interfaces/msg/detail/object_detection_status__type_support.hpp
-- Installing: /home/ubuntu/research_ws/ur10_pick_place_ws/install/robotiq_3f_interfaces/include/robotiq_3f_interfaces/robotiq_3f_interfaces/msg/detail/grasping_mode__traits.hpp
-- Installing: /home/ubuntu/research_ws/ur10_pick_place_ws/install/robotiq_3f_interfaces/include/robotiq_3f_interfaces/robotiq_3f_interfaces/msg/detail/simple_control_command__traits.hpp
-- Installing: /home/ubuntu/research_ws/ur10_pick_place_ws/install/robotiq_3f_interfaces/include/robotiq_3f_interfaces/robotiq_3f_interfaces/msg/detail/independent_control_command__struct.hpp
-- Installing: /home/ubuntu/research_ws/ur10_pick_place_ws/install/robotiq_3f_interfaces/include/robotiq_3f_interfaces/robotiq_3f_interfaces/msg/detail/status__struct.hpp
-- Installing: /home/ubuntu/research_ws/ur10_pick_place_ws/install/robotiq_3f_interfaces/include/robotiq_3f_interfaces/robotiq_3f_interfaces/msg/detail/independent_control_command__type_support.hpp
-- Installing: /home/ubuntu/research_ws/ur10_pick_place_ws/install/robotiq_3f_interfaces/include/robotiq_3f_interfaces/robotiq_3f_interfaces/msg/detail/status__type_support.hpp
-- Installing: /home/ubuntu/research_ws/ur10_pick_place_ws/install/robotiq_3f_interfaces/include/robotiq_3f_interfaces/robotiq_3f_interfaces/msg/detail/status__builder.hpp
-- Installing: /home/ubuntu/research_ws/ur10_pick_place_ws/install/robotiq_3f_interfaces/include/robotiq_3f_interfaces/robotiq_3f_interfaces/msg/detail/grasping_mode__type_support.hpp
-- Installing: /home/ubuntu/research_ws/ur10_pick_place_ws/install/robotiq_3f_interfaces/include/robotiq_3f_interfaces/robotiq_3f_interfaces/msg/detail/object_detection_status__traits.hpp
-- Installing: /home/ubuntu/research_ws/ur10_pick_place_ws/install/robotiq_3f_interfaces/include/robotiq_3f_interfaces/robotiq_3f_interfaces/msg/detail/simple_control_command__builder.hpp
-- Installing: /home/ubuntu/research_ws/ur10_pick_place_ws/install/robotiq_3f_interfaces/include/robotiq_3f_interfaces/robotiq_3f_interfaces/msg/detail/independent_control_command__builder.hpp
-- Installing: /home/ubuntu/research_ws/ur10_pick_place_ws/install/robotiq_3f_interfaces/include/robotiq_3f_interfaces/robotiq_3f_interfaces/msg/detail/object_detection_status__builder.hpp
-- Installing: /home/ubuntu/research_ws/ur10_pick_place_ws/install/robotiq_3f_interfaces/include/robotiq_3f_interfaces/robotiq_3f_interfaces/msg/detail/simple_control_command__struct.hpp
-- Installing: /home/ubuntu/research_ws/ur10_pick_place_ws/install/robotiq_3f_interfaces/include/robotiq_3f_interfaces/robotiq_3f_interfaces/msg/detail/object_detection_status__struct.hpp
-- Installing: /home/ubuntu/research_ws/ur10_pick_place_ws/install/robotiq_3f_interfaces/include/robotiq_3f_interfaces/robotiq_3f_interfaces/msg/detail/independent_control_command__traits.hpp
-- Installing: /home/ubuntu/research_ws/ur10_pick_place_ws/install/robotiq_3f_interfaces/include/robotiq_3f_interfaces/robotiq_3f_interfaces/msg/detail/grasping_mode__builder.hpp
-- Installing: /home/ubuntu/research_ws/ur10_pick_place_ws/install/robotiq_3f_interfaces/include/robotiq_3f_interfaces/robotiq_3f_interfaces/msg/detail/grasping_mode__struct.hpp
-- Installing: /home/ubuntu/research_ws/ur10_pick_place_ws/install/robotiq_3f_interfaces/include/robotiq_3f_interfaces/robotiq_3f_interfaces/msg/detail/status__traits.hpp
-- Installing: /home/ubuntu/research_ws/ur10_pick_place_ws/install/robotiq_3f_interfaces/include/robotiq_3f_interfaces/robotiq_3f_interfaces/msg/rosidl_generator_cpp__visibility_control.hpp
-- Installing: /home/ubuntu/research_ws/ur10_pick_place_ws/install/robotiq_3f_interfaces/include/robotiq_3f_interfaces/robotiq_3f_interfaces/msg/independent_control_command.hpp
-- Up-to-date: /home/ubuntu/research_ws/ur10_pick_place_ws/install/robotiq_3f_interfaces/include/robotiq_3f_interfaces/robotiq_3f_interfaces
-- Up-to-date: /home/ubuntu/research_ws/ur10_pick_place_ws/install/robotiq_3f_interfaces/include/robotiq_3f_interfaces/robotiq_3f_interfaces/srv
-- Up-to-date: /home/ubuntu/research_ws/ur10_pick_place_ws/install/robotiq_3f_interfaces/include/robotiq_3f_interfaces/robotiq_3f_interfaces/srv/detail
-- Installing: /home/ubuntu/research_ws/ur10_pick_place_ws/install/robotiq_3f_interfaces/include/robotiq_3f_interfaces/robotiq_3f_interfaces/srv/detail/dds_fastrtps
-- Installing: /home/ubuntu/research_ws/ur10_pick_place_ws/install/robotiq_3f_interfaces/include/robotiq_3f_interfaces/robotiq_3f_interfaces/srv/detail/change_grasping_mode__rosidl_typesupport_fastrtps_cpp.hpp
-- Up-to-date: /home/ubuntu/research_ws/ur10_pick_place_ws/install/robotiq_3f_interfaces/include/robotiq_3f_interfaces/robotiq_3f_interfaces/msg
-- Up-to-date: /home/ubuntu/research_ws/ur10_pick_place_ws/install/robotiq_3f_interfaces/include/robotiq_3f_interfaces/robotiq_3f_interfaces/msg/detail
-- Installing: /home/ubuntu/research_ws/ur10_pick_place_ws/install/robotiq_3f_interfaces/include/robotiq_3f_interfaces/robotiq_3f_interfaces/msg/detail/status__rosidl_typesupport_fastrtps_cpp.hpp
-- Installing: /home/ubuntu/research_ws/ur10_pick_place_ws/install/robotiq_3f_interfaces/include/robotiq_3f_interfaces/robotiq_3f_interfaces/msg/detail/simple_control_command__rosidl_typesupport_fastrtps_cpp.hpp
-- Installing: /home/ubuntu/research_ws/ur10_pick_place_ws/install/robotiq_3f_interfaces/include/robotiq_3f_interfaces/robotiq_3f_interfaces/msg/detail/dds_fastrtps
-- Installing: /home/ubuntu/research_ws/ur10_pick_place_ws/install/robotiq_3f_interfaces/include/robotiq_3f_interfaces/robotiq_3f_interfaces/msg/detail/independent_control_command__rosidl_typesupport_fastrtps_cpp.hpp
-- Installing: /home/ubuntu/research_ws/ur10_pick_place_ws/install/robotiq_3f_interfaces/include/robotiq_3f_interfaces/robotiq_3f_interfaces/msg/detail/object_detection_status__rosidl_typesupport_fastrtps_cpp.hpp
-- Installing: /home/ubuntu/research_ws/ur10_pick_place_ws/install/robotiq_3f_interfaces/include/robotiq_3f_interfaces/robotiq_3f_interfaces/msg/detail/grasping_mode__rosidl_typesupport_fastrtps_cpp.hpp
-- Installing: /home/ubuntu/research_ws/ur10_pick_place_ws/install/robotiq_3f_interfaces/include/robotiq_3f_interfaces/robotiq_3f_interfaces/msg/rosidl_typesupport_fastrtps_cpp__visibility_control.h
-- Installing: /home/ubuntu/research_ws/ur10_pick_place_ws/install/robotiq_3f_interfaces/lib/librobotiq_3f_interfaces__rosidl_typesupport_fastrtps_cpp.so
-- Set runtime path of "/home/ubuntu/research_ws/ur10_pick_place_ws/install/robotiq_3f_interfaces/lib/librobotiq_3f_interfaces__rosidl_typesupport_fastrtps_cpp.so" to ""
-- Up-to-date: /home/ubuntu/research_ws/ur10_pick_place_ws/install/robotiq_3f_interfaces/include/robotiq_3f_interfaces/robotiq_3f_interfaces
-- Up-to-date: /home/ubuntu/research_ws/ur10_pick_place_ws/install/robotiq_3f_interfaces/include/robotiq_3f_interfaces/robotiq_3f_interfaces/srv
-- Up-to-date: /home/ubuntu/research_ws/ur10_pick_place_ws/install/robotiq_3f_interfaces/include/robotiq_3f_interfaces/robotiq_3f_interfaces/srv/detail
-- Installing: /home/ubuntu/research_ws/ur10_pick_place_ws/install/robotiq_3f_interfaces/include/robotiq_3f_interfaces/robotiq_3f_interfaces/srv/detail/change_grasping_mode__rosidl_typesupport_introspection_cpp.hpp
-- Installing: /home/ubuntu/research_ws/ur10_pick_place_ws/install/robotiq_3f_interfaces/include/robotiq_3f_interfaces/robotiq_3f_interfaces/srv/detail/change_grasping_mode__type_support.cpp
-- Up-to-date: /home/ubuntu/research_ws/ur10_pick_place_ws/install/robotiq_3f_interfaces/include/robotiq_3f_interfaces/robotiq_3f_interfaces/msg
-- Up-to-date: /home/ubuntu/research_ws/ur10_pick_place_ws/install/robotiq_3f_interfaces/include/robotiq_3f_interfaces/robotiq_3f_interfaces/msg/detail
-- Installing: /home/ubuntu/research_ws/ur10_pick_place_ws/install/robotiq_3f_interfaces/include/robotiq_3f_interfaces/robotiq_3f_interfaces/msg/detail/grasping_mode__type_support.cpp
-- Installing: /home/ubuntu/research_ws/ur10_pick_place_ws/install/robotiq_3f_interfaces/include/robotiq_3f_interfaces/robotiq_3f_interfaces/msg/detail/independent_control_command__rosidl_typesupport_introspection_cpp.hpp
-- Installing: /home/ubuntu/research_ws/ur10_pick_place_ws/install/robotiq_3f_interfaces/include/robotiq_3f_interfaces/robotiq_3f_interfaces/msg/detail/object_detection_status__type_support.cpp
-- Installing: /home/ubuntu/research_ws/ur10_pick_place_ws/install/robotiq_3f_interfaces/include/robotiq_3f_interfaces/robotiq_3f_interfaces/msg/detail/simple_control_command__rosidl_typesupport_introspection_cpp.hpp
-- Installing: /home/ubuntu/research_ws/ur10_pick_place_ws/install/robotiq_3f_interfaces/include/robotiq_3f_interfaces/robotiq_3f_interfaces/msg/detail/grasping_mode__rosidl_typesupport_introspection_cpp.hpp
-- Installing: /home/ubuntu/research_ws/ur10_pick_place_ws/install/robotiq_3f_interfaces/include/robotiq_3f_interfaces/robotiq_3f_interfaces/msg/detail/independent_control_command__type_support.cpp
-- Installing: /home/ubuntu/research_ws/ur10_pick_place_ws/install/robotiq_3f_interfaces/include/robotiq_3f_interfaces/robotiq_3f_interfaces/msg/detail/simple_control_command__type_support.cpp
-- Installing: /home/ubuntu/research_ws/ur10_pick_place_ws/install/robotiq_3f_interfaces/include/robotiq_3f_interfaces/robotiq_3f_interfaces/msg/detail/object_detection_status__rosidl_typesupport_introspection_cpp.hpp
-- Installing: /home/ubuntu/research_ws/ur10_pick_place_ws/install/robotiq_3f_interfaces/include/robotiq_3f_interfaces/robotiq_3f_interfaces/msg/detail/status__type_support.cpp
-- Installing: /home/ubuntu/research_ws/ur10_pick_place_ws/install/robotiq_3f_interfaces/include/robotiq_3f_interfaces/robotiq_3f_interfaces/msg/detail/status__rosidl_typesupport_introspection_cpp.hpp
-- Installing: /home/ubuntu/research_ws/ur10_pick_place_ws/install/robotiq_3f_interfaces/lib/librobotiq_3f_interfaces__rosidl_typesupport_introspection_cpp.so
-- Set runtime path of "/home/ubuntu/research_ws/ur10_pick_place_ws/install/robotiq_3f_interfaces/lib/librobotiq_3f_interfaces__rosidl_typesupport_introspection_cpp.so" to ""
-- Installing: /home/ubuntu/research_ws/ur10_pick_place_ws/install/robotiq_3f_interfaces/lib/librobotiq_3f_interfaces__rosidl_typesupport_cpp.so
-- Set runtime path of "/home/ubuntu/research_ws/ur10_pick_place_ws/install/robotiq_3f_interfaces/lib/librobotiq_3f_interfaces__rosidl_typesupport_cpp.so" to ""
-- Installing: /home/ubuntu/research_ws/ur10_pick_place_ws/install/robotiq_3f_interfaces/share/robotiq_3f_interfaces/environment/pythonpath.sh
-- Installing: /home/ubuntu/research_ws/ur10_pick_place_ws/install/robotiq_3f_interfaces/share/robotiq_3f_interfaces/environment/pythonpath.dsv
-- Installing: /home/ubuntu/research_ws/ur10_pick_place_ws/install/robotiq_3f_interfaces/local/lib/python3.10/dist-packages/robotiq_3f_interfaces-0.0.1-py3.10.egg-info
-- Installing: /home/ubuntu/research_ws/ur10_pick_place_ws/install/robotiq_3f_interfaces/local/lib/python3.10/dist-packages/robotiq_3f_interfaces-0.0.1-py3.10.egg-info/SOURCES.txt
-- Installing: /home/ubuntu/research_ws/ur10_pick_place_ws/install/robotiq_3f_interfaces/local/lib/python3.10/dist-packages/robotiq_3f_interfaces-0.0.1-py3.10.egg-info/dependency_links.txt
-- Installing: /home/ubuntu/research_ws/ur10_pick_place_ws/install/robotiq_3f_interfaces/local/lib/python3.10/dist-packages/robotiq_3f_interfaces-0.0.1-py3.10.egg-info/top_level.txt
-- Installing: /home/ubuntu/research_ws/ur10_pick_place_ws/install/robotiq_3f_interfaces/local/lib/python3.10/dist-packages/robotiq_3f_interfaces-0.0.1-py3.10.egg-info/PKG-INFO
-- Installing: /home/ubuntu/research_ws/ur10_pick_place_ws/install/robotiq_3f_interfaces/local/lib/python3.10/dist-packages/robotiq_3f_interfaces
-- Installing: /home/ubuntu/research_ws/ur10_pick_place_ws/install/robotiq_3f_interfaces/local/lib/python3.10/dist-packages/robotiq_3f_interfaces/robotiq_3f_interfaces_s__rosidl_typesupport_c.cpython-310-aarch64-linux-gnu.so
-- Installing: /home/ubuntu/research_ws/ur10_pick_place_ws/install/robotiq_3f_interfaces/local/lib/python3.10/dist-packages/robotiq_3f_interfaces/srv
-- Installing: /home/ubuntu/research_ws/ur10_pick_place_ws/install/robotiq_3f_interfaces/local/lib/python3.10/dist-packages/robotiq_3f_interfaces/srv/__init__.py
-- Installing: /home/ubuntu/research_ws/ur10_pick_place_ws/install/robotiq_3f_interfaces/local/lib/python3.10/dist-packages/robotiq_3f_interfaces/srv/_change_grasping_mode_s.c
-- Installing: /home/ubuntu/research_ws/ur10_pick_place_ws/install/robotiq_3f_interfaces/local/lib/python3.10/dist-packages/robotiq_3f_interfaces/srv/_change_grasping_mode.py
-- Installing: /home/ubuntu/research_ws/ur10_pick_place_ws/install/robotiq_3f_interfaces/local/lib/python3.10/dist-packages/robotiq_3f_interfaces/_robotiq_3f_interfaces_s.ep.rosidl_typesupport_introspection_c.c
-- Installing: /home/ubuntu/research_ws/ur10_pick_place_ws/install/robotiq_3f_interfaces/local/lib/python3.10/dist-packages/robotiq_3f_interfaces/msg
-- Installing: /home/ubuntu/research_ws/ur10_pick_place_ws/install/robotiq_3f_interfaces/local/lib/python3.10/dist-packages/robotiq_3f_interfaces/msg/_independent_control_command_s.c
-- Installing: /home/ubuntu/research_ws/ur10_pick_place_ws/install/robotiq_3f_interfaces/local/lib/python3.10/dist-packages/robotiq_3f_interfaces/msg/_object_detection_status_s.c
-- Installing: /home/ubuntu/research_ws/ur10_pick_place_ws/install/robotiq_3f_interfaces/local/lib/python3.10/dist-packages/robotiq_3f_interfaces/msg/__init__.py
-- Installing: /home/ubuntu/research_ws/ur10_pick_place_ws/install/robotiq_3f_interfaces/local/lib/python3.10/dist-packages/robotiq_3f_interfaces/msg/_independent_control_command.py
-- Installing: /home/ubuntu/research_ws/ur10_pick_place_ws/install/robotiq_3f_interfaces/local/lib/python3.10/dist-packages/robotiq_3f_interfaces/msg/_simple_control_command.py
-- Installing: /home/ubuntu/research_ws/ur10_pick_place_ws/install/robotiq_3f_interfaces/local/lib/python3.10/dist-packages/robotiq_3f_interfaces/msg/_status_s.c
-- Installing: /home/ubuntu/research_ws/ur10_pick_place_ws/install/robotiq_3f_interfaces/local/lib/python3.10/dist-packages/robotiq_3f_interfaces/msg/_simple_control_command_s.c
-- Installing: /home/ubuntu/research_ws/ur10_pick_place_ws/install/robotiq_3f_interfaces/local/lib/python3.10/dist-packages/robotiq_3f_interfaces/msg/_status.py
-- Installing: /home/ubuntu/research_ws/ur10_pick_place_ws/install/robotiq_3f_interfaces/local/lib/python3.10/dist-packages/robotiq_3f_interfaces/msg/_grasping_mode.py
-- Installing: /home/ubuntu/research_ws/ur10_pick_place_ws/install/robotiq_3f_interfaces/local/lib/python3.10/dist-packages/robotiq_3f_interfaces/msg/_grasping_mode_s.c
-- Installing: /home/ubuntu/research_ws/ur10_pick_place_ws/install/robotiq_3f_interfaces/local/lib/python3.10/dist-packages/robotiq_3f_interfaces/msg/_object_detection_status.py
-- Installing: /home/ubuntu/research_ws/ur10_pick_place_ws/install/robotiq_3f_interfaces/local/lib/python3.10/dist-packages/robotiq_3f_interfaces/__init__.py
-- Installing: /home/ubuntu/research_ws/ur10_pick_place_ws/install/robotiq_3f_interfaces/local/lib/python3.10/dist-packages/robotiq_3f_interfaces/_robotiq_3f_interfaces_s.ep.rosidl_typesupport_c.c
-- Installing: /home/ubuntu/research_ws/ur10_pick_place_ws/install/robotiq_3f_interfaces/local/lib/python3.10/dist-packages/robotiq_3f_interfaces/robotiq_3f_interfaces_s__rosidl_typesupport_introspection_c.cpython-310-aarch64-linux-gnu.so
-- Installing: /home/ubuntu/research_ws/ur10_pick_place_ws/install/robotiq_3f_interfaces/local/lib/python3.10/dist-packages/robotiq_3f_interfaces/robotiq_3f_interfaces_s__rosidl_typesupport_fastrtps_c.cpython-310-aarch64-linux-gnu.so
-- Installing: /home/ubuntu/research_ws/ur10_pick_place_ws/install/robotiq_3f_interfaces/local/lib/python3.10/dist-packages/robotiq_3f_interfaces/_robotiq_3f_interfaces_s.ep.rosidl_typesupport_fastrtps_c.c
-- Installing: /home/ubuntu/research_ws/ur10_pick_place_ws/install/robotiq_3f_interfaces/local/lib/python3.10/dist-packages/robotiq_3f_interfaces/librobotiq_3f_interfaces__rosidl_generator_py.so
Listing '/home/ubuntu/research_ws/ur10_pick_place_ws/install/robotiq_3f_interfaces/local/lib/python3.10/dist-packages/robotiq_3f_interfaces'...
Compiling '/home/ubuntu/research_ws/ur10_pick_place_ws/install/robotiq_3f_interfaces/local/lib/python3.10/dist-packages/robotiq_3f_interfaces/__init__.py'...
Listing '/home/ubuntu/research_ws/ur10_pick_place_ws/install/robotiq_3f_interfaces/local/lib/python3.10/dist-packages/robotiq_3f_interfaces/msg'...
Compiling '/home/ubuntu/research_ws/ur10_pick_place_ws/install/robotiq_3f_interfaces/local/lib/python3.10/dist-packages/robotiq_3f_interfaces/msg/__init__.py'...
Compiling '/home/ubuntu/research_ws/ur10_pick_place_ws/install/robotiq_3f_interfaces/local/lib/python3.10/dist-packages/robotiq_3f_interfaces/msg/_grasping_mode.py'...
Compiling '/home/ubuntu/research_ws/ur10_pick_place_ws/install/robotiq_3f_interfaces/local/lib/python3.10/dist-packages/robotiq_3f_interfaces/msg/_independent_control_command.py'...
Compiling '/home/ubuntu/research_ws/ur10_pick_place_ws/install/robotiq_3f_interfaces/local/lib/python3.10/dist-packages/robotiq_3f_interfaces/msg/_object_detection_status.py'...
Compiling '/home/ubuntu/research_ws/ur10_pick_place_ws/install/robotiq_3f_interfaces/local/lib/python3.10/dist-packages/robotiq_3f_interfaces/msg/_simple_control_command.py'...
Compiling '/home/ubuntu/research_ws/ur10_pick_place_ws/install/robotiq_3f_interfaces/local/lib/python3.10/dist-packages/robotiq_3f_interfaces/msg/_status.py'...
Listing '/home/ubuntu/research_ws/ur10_pick_place_ws/install/robotiq_3f_interfaces/local/lib/python3.10/dist-packages/robotiq_3f_interfaces/srv'...
Compiling '/home/ubuntu/research_ws/ur10_pick_place_ws/install/robotiq_3f_interfaces/local/lib/python3.10/dist-packages/robotiq_3f_interfaces/srv/__init__.py'...
Compiling '/home/ubuntu/research_ws/ur10_pick_place_ws/install/robotiq_3f_interfaces/local/lib/python3.10/dist-packages/robotiq_3f_interfaces/srv/_change_grasping_mode.py'...
-- Installing: /home/ubuntu/research_ws/ur10_pick_place_ws/install/robotiq_3f_interfaces/local/lib/python3.10/dist-packages/robotiq_3f_interfaces/robotiq_3f_interfaces_s__rosidl_typesupport_fastrtps_c.cpython-310-aarch64-linux-gnu.so
-- Set runtime path of "/home/ubuntu/research_ws/ur10_pick_place_ws/install/robotiq_3f_interfaces/local/lib/python3.10/dist-packages/robotiq_3f_interfaces/robotiq_3f_interfaces_s__rosidl_typesupport_fastrtps_c.cpython-310-aarch64-linux-gnu.so" to ""
-- Installing: /home/ubuntu/research_ws/ur10_pick_place_ws/install/robotiq_3f_interfaces/local/lib/python3.10/dist-packages/robotiq_3f_interfaces/robotiq_3f_interfaces_s__rosidl_typesupport_introspection_c.cpython-310-aarch64-linux-gnu.so
-- Set runtime path of "/home/ubuntu/research_ws/ur10_pick_place_ws/install/robotiq_3f_interfaces/local/lib/python3.10/dist-packages/robotiq_3f_interfaces/robotiq_3f_interfaces_s__rosidl_typesupport_introspection_c.cpython-310-aarch64-linux-gnu.so" to ""
-- Installing: /home/ubuntu/research_ws/ur10_pick_place_ws/install/robotiq_3f_interfaces/local/lib/python3.10/dist-packages/robotiq_3f_interfaces/robotiq_3f_interfaces_s__rosidl_typesupport_c.cpython-310-aarch64-linux-gnu.so
-- Set runtime path of "/home/ubuntu/research_ws/ur10_pick_place_ws/install/robotiq_3f_interfaces/local/lib/python3.10/dist-packages/robotiq_3f_interfaces/robotiq_3f_interfaces_s__rosidl_typesupport_c.cpython-310-aarch64-linux-gnu.so" to ""
-- Installing: /home/ubuntu/research_ws/ur10_pick_place_ws/install/robotiq_3f_interfaces/lib/librobotiq_3f_interfaces__rosidl_generator_py.so
-- Set runtime path of "/home/ubuntu/research_ws/ur10_pick_place_ws/install/robotiq_3f_interfaces/lib/librobotiq_3f_interfaces__rosidl_generator_py.so" to ""
-- Installing: /home/ubuntu/research_ws/ur10_pick_place_ws/install/robotiq_3f_interfaces/share/ament_index/resource_index/rust_packages/robotiq_3f_interfaces
-- Installing: /home/ubuntu/research_ws/ur10_pick_place_ws/install/robotiq_3f_interfaces/share/robotiq_3f_interfaces/rust
-- Installing: /home/ubuntu/research_ws/ur10_pick_place_ws/install/robotiq_3f_interfaces/share/robotiq_3f_interfaces/rust/src
-- Installing: /home/ubuntu/research_ws/ur10_pick_place_ws/install/robotiq_3f_interfaces/share/robotiq_3f_interfaces/rust/src/lib.rs
-- Installing: /home/ubuntu/research_ws/ur10_pick_place_ws/install/robotiq_3f_interfaces/share/robotiq_3f_interfaces/rust/src/srv
-- Installing: /home/ubuntu/research_ws/ur10_pick_place_ws/install/robotiq_3f_interfaces/share/robotiq_3f_interfaces/rust/src/srv/rmw.rs
-- Installing: /home/ubuntu/research_ws/ur10_pick_place_ws/install/robotiq_3f_interfaces/share/robotiq_3f_interfaces/rust/src/msg
-- Installing: /home/ubuntu/research_ws/ur10_pick_place_ws/install/robotiq_3f_interfaces/share/robotiq_3f_interfaces/rust/src/msg/rmw.rs
-- Installing: /home/ubuntu/research_ws/ur10_pick_place_ws/install/robotiq_3f_interfaces/share/robotiq_3f_interfaces/rust/src/msg.rs
-- Installing: /home/ubuntu/research_ws/ur10_pick_place_ws/install/robotiq_3f_interfaces/share/robotiq_3f_interfaces/rust/src/srv.rs
-- Installing: /home/ubuntu/research_ws/ur10_pick_place_ws/install/robotiq_3f_interfaces/share/robotiq_3f_interfaces/rust/build.rs
-- Installing: /home/ubuntu/research_ws/ur10_pick_place_ws/install/robotiq_3f_interfaces/share/robotiq_3f_interfaces/rust/Cargo.toml
-- Installing: /home/ubuntu/research_ws/ur10_pick_place_ws/install/robotiq_3f_interfaces/share/robotiq_3f_interfaces/msg/ObjectDetectionStatus.idl
-- Installing: /home/ubuntu/research_ws/ur10_pick_place_ws/install/robotiq_3f_interfaces/share/robotiq_3f_interfaces/msg/Status.idl
-- Installing: /home/ubuntu/research_ws/ur10_pick_place_ws/install/robotiq_3f_interfaces/share/robotiq_3f_interfaces/msg/GraspingMode.idl
-- Installing: /home/ubuntu/research_ws/ur10_pick_place_ws/install/robotiq_3f_interfaces/share/robotiq_3f_interfaces/msg/SimpleControlCommand.idl
-- Installing: /home/ubuntu/research_ws/ur10_pick_place_ws/install/robotiq_3f_interfaces/share/robotiq_3f_interfaces/msg/IndependentControlCommand.idl
-- Installing: /home/ubuntu/research_ws/ur10_pick_place_ws/install/robotiq_3f_interfaces/share/robotiq_3f_interfaces/srv/ChangeGraspingMode.idl
-- Installing: /home/ubuntu/research_ws/ur10_pick_place_ws/install/robotiq_3f_interfaces/share/robotiq_3f_interfaces/msg/ObjectDetectionStatus.msg
-- Installing: /home/ubuntu/research_ws/ur10_pick_place_ws/install/robotiq_3f_interfaces/share/robotiq_3f_interfaces/msg/Status.msg
-- Installing: /home/ubuntu/research_ws/ur10_pick_place_ws/install/robotiq_3f_interfaces/share/robotiq_3f_interfaces/msg/GraspingMode.msg
-- Installing: /home/ubuntu/research_ws/ur10_pick_place_ws/install/robotiq_3f_interfaces/share/robotiq_3f_interfaces/msg/SimpleControlCommand.msg
-- Installing: /home/ubuntu/research_ws/ur10_pick_place_ws/install/robotiq_3f_interfaces/share/robotiq_3f_interfaces/msg/IndependentControlCommand.msg
-- Installing: /home/ubuntu/research_ws/ur10_pick_place_ws/install/robotiq_3f_interfaces/share/robotiq_3f_interfaces/srv/ChangeGraspingMode.srv
-- Installing: /home/ubuntu/research_ws/ur10_pick_place_ws/install/robotiq_3f_interfaces/share/robotiq_3f_interfaces/srv/ChangeGraspingMode_Request.msg
-- Installing: /home/ubuntu/research_ws/ur10_pick_place_ws/install/robotiq_3f_interfaces/share/robotiq_3f_interfaces/srv/ChangeGraspingMode_Response.msg
-- Installing: /home/ubuntu/research_ws/ur10_pick_place_ws/install/robotiq_3f_interfaces/share/ament_index/resource_index/package_run_dependencies/robotiq_3f_interfaces
-- Installing: /home/ubuntu/research_ws/ur10_pick_place_ws/install/robotiq_3f_interfaces/share/ament_index/resource_index/parent_prefix_path/robotiq_3f_interfaces
-- Installing: /home/ubuntu/research_ws/ur10_pick_place_ws/install/robotiq_3f_interfaces/share/robotiq_3f_interfaces/environment/ament_prefix_path.sh
-- Installing: /home/ubuntu/research_ws/ur10_pick_place_ws/install/robotiq_3f_interfaces/share/robotiq_3f_interfaces/environment/ament_prefix_path.dsv
-- Installing: /home/ubuntu/research_ws/ur10_pick_place_ws/install/robotiq_3f_interfaces/share/robotiq_3f_interfaces/environment/path.sh
-- Installing: /home/ubuntu/research_ws/ur10_pick_place_ws/install/robotiq_3f_interfaces/share/robotiq_3f_interfaces/environment/path.dsv
-- Installing: /home/ubuntu/research_ws/ur10_pick_place_ws/install/robotiq_3f_interfaces/share/robotiq_3f_interfaces/local_setup.bash
-- Installing: /home/ubuntu/research_ws/ur10_pick_place_ws/install/robotiq_3f_interfaces/share/robotiq_3f_interfaces/local_setup.sh
-- Installing: /home/ubuntu/research_ws/ur10_pick_place_ws/install/robotiq_3f_interfaces/share/robotiq_3f_interfaces/local_setup.zsh
-- Installing: /home/ubuntu/research_ws/ur10_pick_place_ws/install/robotiq_3f_interfaces/share/robotiq_3f_interfaces/local_setup.dsv
-- Installing: /home/ubuntu/research_ws/ur10_pick_place_ws/install/robotiq_3f_interfaces/share/robotiq_3f_interfaces/package.dsv
-- Installing: /home/ubuntu/research_ws/ur10_pick_place_ws/install/robotiq_3f_interfaces/share/ament_index/resource_index/packages/robotiq_3f_interfaces
-- Installing: /home/ubuntu/research_ws/ur10_pick_place_ws/install/robotiq_3f_interfaces/share/robotiq_3f_interfaces/cmake/export_robotiq_3f_interfaces__rosidl_generator_cExport.cmake
-- Installing: /home/ubuntu/research_ws/ur10_pick_place_ws/install/robotiq_3f_interfaces/share/robotiq_3f_interfaces/cmake/export_robotiq_3f_interfaces__rosidl_generator_cExport-release.cmake
-- Installing: /home/ubuntu/research_ws/ur10_pick_place_ws/install/robotiq_3f_interfaces/share/robotiq_3f_interfaces/cmake/export_robotiq_3f_interfaces__rosidl_typesupport_fastrtps_cExport.cmake
-- Installing: /home/ubuntu/research_ws/ur10_pick_place_ws/install/robotiq_3f_interfaces/share/robotiq_3f_interfaces/cmake/export_robotiq_3f_interfaces__rosidl_typesupport_fastrtps_cExport-release.cmake
-- Installing: /home/ubuntu/research_ws/ur10_pick_place_ws/install/robotiq_3f_interfaces/share/robotiq_3f_interfaces/cmake/robotiq_3f_interfaces__rosidl_typesupport_introspection_cExport.cmake
-- Installing: /home/ubuntu/research_ws/ur10_pick_place_ws/install/robotiq_3f_interfaces/share/robotiq_3f_interfaces/cmake/robotiq_3f_interfaces__rosidl_typesupport_introspection_cExport-release.cmake
-- Installing: /home/ubuntu/research_ws/ur10_pick_place_ws/install/robotiq_3f_interfaces/share/robotiq_3f_interfaces/cmake/robotiq_3f_interfaces__rosidl_typesupport_cExport.cmake
-- Installing: /home/ubuntu/research_ws/ur10_pick_place_ws/install/robotiq_3f_interfaces/share/robotiq_3f_interfaces/cmake/robotiq_3f_interfaces__rosidl_typesupport_cExport-release.cmake
-- Installing: /home/ubuntu/research_ws/ur10_pick_place_ws/install/robotiq_3f_interfaces/share/robotiq_3f_interfaces/cmake/export_robotiq_3f_interfaces__rosidl_generator_cppExport.cmake
-- Installing: /home/ubuntu/research_ws/ur10_pick_place_ws/install/robotiq_3f_interfaces/share/robotiq_3f_interfaces/cmake/export_robotiq_3f_interfaces__rosidl_typesupport_fastrtps_cppExport.cmake
-- Installing: /home/ubuntu/research_ws/ur10_pick_place_ws/install/robotiq_3f_interfaces/share/robotiq_3f_interfaces/cmake/export_robotiq_3f_interfaces__rosidl_typesupport_fastrtps_cppExport-release.cmake
-- Installing: /home/ubuntu/research_ws/ur10_pick_place_ws/install/robotiq_3f_interfaces/share/robotiq_3f_interfaces/cmake/robotiq_3f_interfaces__rosidl_typesupport_introspection_cppExport.cmake
-- Installing: /home/ubuntu/research_ws/ur10_pick_place_ws/install/robotiq_3f_interfaces/share/robotiq_3f_interfaces/cmake/robotiq_3f_interfaces__rosidl_typesupport_introspection_cppExport-release.cmake
-- Installing: /home/ubuntu/research_ws/ur10_pick_place_ws/install/robotiq_3f_interfaces/share/robotiq_3f_interfaces/cmake/robotiq_3f_interfaces__rosidl_typesupport_cppExport.cmake
-- Installing: /home/ubuntu/research_ws/ur10_pick_place_ws/install/robotiq_3f_interfaces/share/robotiq_3f_interfaces/cmake/robotiq_3f_interfaces__rosidl_typesupport_cppExport-release.cmake
-- Installing: /home/ubuntu/research_ws/ur10_pick_place_ws/install/robotiq_3f_interfaces/share/robotiq_3f_interfaces/cmake/export_robotiq_3f_interfaces__rosidl_generator_pyExport.cmake
-- Installing: /home/ubuntu/research_ws/ur10_pick_place_ws/install/robotiq_3f_interfaces/share/robotiq_3f_interfaces/cmake/export_robotiq_3f_interfaces__rosidl_generator_pyExport-release.cmake
-- Installing: /home/ubuntu/research_ws/ur10_pick_place_ws/install/robotiq_3f_interfaces/share/robotiq_3f_interfaces/cmake/rosidl_cmake-extras.cmake
-- Installing: /home/ubuntu/research_ws/ur10_pick_place_ws/install/robotiq_3f_interfaces/share/robotiq_3f_interfaces/cmake/ament_cmake_export_dependencies-extras.cmake
-- Installing: /home/ubuntu/research_ws/ur10_pick_place_ws/install/robotiq_3f_interfaces/share/robotiq_3f_interfaces/cmake/ament_cmake_export_include_directories-extras.cmake
-- Installing: /home/ubuntu/research_ws/ur10_pick_place_ws/install/robotiq_3f_interfaces/share/robotiq_3f_interfaces/cmake/ament_cmake_export_libraries-extras.cmake
-- Installing: /home/ubuntu/research_ws/ur10_pick_place_ws/install/robotiq_3f_interfaces/share/robotiq_3f_interfaces/cmake/ament_cmake_export_targets-extras.cmake
-- Installing: /home/ubuntu/research_ws/ur10_pick_place_ws/install/robotiq_3f_interfaces/share/robotiq_3f_interfaces/cmake/rosidl_cmake_export_typesupport_targets-extras.cmake
-- Installing: /home/ubuntu/research_ws/ur10_pick_place_ws/install/robotiq_3f_interfaces/share/robotiq_3f_interfaces/cmake/rosidl_cmake_export_typesupport_libraries-extras.cmake
-- Installing: /home/ubuntu/research_ws/ur10_pick_place_ws/install/robotiq_3f_interfaces/share/robotiq_3f_interfaces/cmake/robotiq_3f_interfacesConfig.cmake
-- Installing: /home/ubuntu/research_ws/ur10_pick_place_ws/install/robotiq_3f_interfaces/share/robotiq_3f_interfaces/cmake/robotiq_3f_interfacesConfig-version.cmake
-- Installing: /home/ubuntu/research_ws/ur10_pick_place_ws/install/robotiq_3f_interfaces/share/robotiq_3f_interfaces/package.xml
