[2.819s] Invoking command in '/home/ubuntu/research_ws/ur10_pick_place_ws/src/grasp_executor': PYTHONPATH=/home/ubuntu/research_ws/ur10_pick_place_ws/build/grasp_executor/prefix_override:/usr/lib/python3/dist-packages/colcon_core/task/python/colcon_distutils_commands:/home/ubuntu/research_ws/ur10_pick_place_ws/install/grasp_executor/lib/python3.10/site-packages:${PYTHONPATH} /usr/bin/python3 -W ignore:setup.py install is deprecated -W ignore:easy_install command is deprecated setup.py egg_info --egg-base ../../build/grasp_executor build --build-base /home/ubuntu/research_ws/ur10_pick_place_ws/build/grasp_executor/build install --record /home/ubuntu/research_ws/ur10_pick_place_ws/build/grasp_executor/install.log --single-version-externally-managed install_data
[3.472s] running egg_info
[3.473s] writing ../../build/grasp_executor/grasp_executor.egg-info/PKG-INFO
[3.474s] writing dependency_links to ../../build/grasp_executor/grasp_executor.egg-info/dependency_links.txt
[3.475s] writing entry points to ../../build/grasp_executor/grasp_executor.egg-info/entry_points.txt
[3.475s] writing requirements to ../../build/grasp_executor/grasp_executor.egg-info/requires.txt
[3.475s] writing top-level names to ../../build/grasp_executor/grasp_executor.egg-info/top_level.txt
[3.480s] reading manifest file '../../build/grasp_executor/grasp_executor.egg-info/SOURCES.txt'
[3.482s] writing manifest file '../../build/grasp_executor/grasp_executor.egg-info/SOURCES.txt'
[3.482s] running build
[3.483s] running build_py
[3.483s] copying grasp_executor/grasp_executor_node.py -> /home/ubuntu/research_ws/ur10_pick_place_ws/build/grasp_executor/build/lib/grasp_executor
[3.483s] running install
[3.484s] running install_lib
[3.486s] copying /home/ubuntu/research_ws/ur10_pick_place_ws/build/grasp_executor/build/lib/grasp_executor/grasp_executor_node.py -> /home/ubuntu/research_ws/ur10_pick_place_ws/install/grasp_executor/lib/python3.10/site-packages/grasp_executor
[3.487s] byte-compiling /home/ubuntu/research_ws/ur10_pick_place_ws/install/grasp_executor/lib/python3.10/site-packages/grasp_executor/grasp_executor_node.py to grasp_executor_node.cpython-310.pyc
[3.493s] running install_data
[3.494s] running install_egg_info
[3.498s] removing '/home/ubuntu/research_ws/ur10_pick_place_ws/install/grasp_executor/lib/python3.10/site-packages/grasp_executor-0.1.0-py3.10.egg-info' (and everything under it)
[3.498s] Copying ../../build/grasp_executor/grasp_executor.egg-info to /home/ubuntu/research_ws/ur10_pick_place_ws/install/grasp_executor/lib/python3.10/site-packages/grasp_executor-0.1.0-py3.10.egg-info
[3.501s] running install_scripts
[3.546s] Installing grasp_executor_node script to /home/ubuntu/research_ws/ur10_pick_place_ws/install/grasp_executor/lib/grasp_executor
[3.547s] Installing graspgen_bridge_node script to /home/ubuntu/research_ws/ur10_pick_place_ws/install/grasp_executor/lib/grasp_executor
[3.547s] writing list of installed files to '/home/ubuntu/research_ws/ur10_pick_place_ws/build/grasp_executor/install.log'
[3.619s] Invoked command in '/home/ubuntu/research_ws/ur10_pick_place_ws/src/grasp_executor' returned '0': PYTHONPATH=/home/ubuntu/research_ws/ur10_pick_place_ws/build/grasp_executor/prefix_override:/usr/lib/python3/dist-packages/colcon_core/task/python/colcon_distutils_commands:/home/ubuntu/research_ws/ur10_pick_place_ws/install/grasp_executor/lib/python3.10/site-packages:${PYTHONPATH} /usr/bin/python3 -W ignore:setup.py install is deprecated -W ignore:easy_install command is deprecated setup.py egg_info --egg-base ../../build/grasp_executor build --build-base /home/ubuntu/research_ws/ur10_pick_place_ws/build/grasp_executor/build install --record /home/ubuntu/research_ws/ur10_pick_place_ws/build/grasp_executor/install.log --single-version-externally-managed install_data
