[4.089s] Invoking command in '/home/ubuntu/research_ws/ur10_pick_place_ws/src/grasp_executor': PYTHONPATH=/home/ubuntu/research_ws/ur10_pick_place_ws/build/grasp_executor/prefix_override:/usr/lib/python3/dist-packages/colcon_core/task/python/colcon_distutils_commands:/home/ubuntu/research_ws/ur10_pick_place_ws/install/grasp_executor/lib/python3.10/site-packages:${PYTHONPATH} /usr/bin/python3 -W ignore:setup.py install is deprecated -W ignore:easy_install command is deprecated setup.py egg_info --egg-base ../../build/grasp_executor build --build-base /home/ubuntu/research_ws/ur10_pick_place_ws/build/grasp_executor/build install --record /home/ubuntu/research_ws/ur10_pick_place_ws/build/grasp_executor/install.log --single-version-externally-managed install_data
[6.628s] running egg_info
[6.633s] writing ../../build/grasp_executor/grasp_executor.egg-info/PKG-INFO
[6.635s] writing dependency_links to ../../build/grasp_executor/grasp_executor.egg-info/dependency_links.txt
[6.635s] writing entry points to ../../build/grasp_executor/grasp_executor.egg-info/entry_points.txt
[6.637s] writing requirements to ../../build/grasp_executor/grasp_executor.egg-info/requires.txt
[6.638s] writing top-level names to ../../build/grasp_executor/grasp_executor.egg-info/top_level.txt
[6.654s] reading manifest file '../../build/grasp_executor/grasp_executor.egg-info/SOURCES.txt'
[6.658s] writing manifest file '../../build/grasp_executor/grasp_executor.egg-info/SOURCES.txt'
[6.659s] running build
[6.659s] running build_py
[6.660s] copying grasp_executor/grasp_executor_node.py -> /home/ubuntu/research_ws/ur10_pick_place_ws/build/grasp_executor/build/lib/grasp_executor
[6.664s] running install
[6.666s] running install_lib
[6.670s] copying /home/ubuntu/research_ws/ur10_pick_place_ws/build/grasp_executor/build/lib/grasp_executor/grasp_executor_node.py -> /home/ubuntu/research_ws/ur10_pick_place_ws/install/grasp_executor/lib/python3.10/site-packages/grasp_executor
[6.673s] byte-compiling /home/ubuntu/research_ws/ur10_pick_place_ws/install/grasp_executor/lib/python3.10/site-packages/grasp_executor/grasp_executor_node.py to grasp_executor_node.cpython-310.pyc
[6.689s] running install_data
[6.689s] running install_egg_info
[6.703s] removing '/home/ubuntu/research_ws/ur10_pick_place_ws/install/grasp_executor/lib/python3.10/site-packages/grasp_executor-0.1.0-py3.10.egg-info' (and everything under it)
[6.705s] Copying ../../build/grasp_executor/grasp_executor.egg-info to /home/ubuntu/research_ws/ur10_pick_place_ws/install/grasp_executor/lib/python3.10/site-packages/grasp_executor-0.1.0-py3.10.egg-info
[6.712s] running install_scripts
[6.876s] Installing grasp_executor_node script to /home/ubuntu/research_ws/ur10_pick_place_ws/install/grasp_executor/lib/grasp_executor
[6.883s] Installing graspgen_bridge_node script to /home/ubuntu/research_ws/ur10_pick_place_ws/install/grasp_executor/lib/grasp_executor
[6.889s] writing list of installed files to '/home/ubuntu/research_ws/ur10_pick_place_ws/build/grasp_executor/install.log'
[7.076s] Invoked command in '/home/ubuntu/research_ws/ur10_pick_place_ws/src/grasp_executor' returned '0': PYTHONPATH=/home/ubuntu/research_ws/ur10_pick_place_ws/build/grasp_executor/prefix_override:/usr/lib/python3/dist-packages/colcon_core/task/python/colcon_distutils_commands:/home/ubuntu/research_ws/ur10_pick_place_ws/install/grasp_executor/lib/python3.10/site-packages:${PYTHONPATH} /usr/bin/python3 -W ignore:setup.py install is deprecated -W ignore:easy_install command is deprecated setup.py egg_info --egg-base ../../build/grasp_executor build --build-base /home/ubuntu/research_ws/ur10_pick_place_ws/build/grasp_executor/build install --record /home/ubuntu/research_ws/ur10_pick_place_ws/build/grasp_executor/install.log --single-version-externally-managed install_data
