-- The C compiler identification is GNU 11.4.0
-- The CXX compiler identification is GNU 11.4.0
-- Detecting C compiler ABI info
-- Detecting C compiler ABI info - done
-- Check for working C compiler: /usr/bin/cc - skipped
-- Detecting C compile features
-- Detecting C compile features - done
-- Detecting CXX compiler ABI info
-- Detecting CXX compiler ABI info - done
-- Check for working CXX compiler: /usr/bin/c++ - skipped
-- Detecting CXX compile features
-- Detecting CXX compile features - done
-- Found ament_cmake: 1.3.14 (/opt/ros/humble/share/ament_cmake/cmake)
-- Found Python3: /usr/bin/python3 (found version "3.10.12") found components: Interpreter 
-- Found rosidl_default_generators: 1.2.1 (/opt/ros/humble/share/rosidl_default_generators/cmake)
-- Using all available rosidl_typesupport_c: rosidl_typesupport_fastrtps_c;rosidl_typesupport_introspection_c
-- Found rosidl_adapter: 3.1.8 (/opt/ros/humble/share/rosidl_adapter/cmake)
-- Using all available rosidl_typesupport_cpp: rosidl_typesupport_fastrtps_cpp;rosidl_typesupport_introspection_cpp
-- Found std_msgs: 4.9.1 (/opt/ros/humble/share/std_msgs/cmake)
-- Found ament_cmake_ros: 0.10.0 (/opt/ros/humble/share/ament_cmake_ros/cmake)
-- Using all available rosidl_typesupport_c: rosidl_typesupport_fastrtps_c;rosidl_typesupport_introspection_c
-- Using all available rosidl_typesupport_cpp: rosidl_typesupport_fastrtps_cpp;rosidl_typesupport_introspection_cpp
-- Found PythonInterp: /usr/bin/python3 (found suitable version "3.10.12", minimum required is "3.6") 
-- Found python_cmake_module: 0.10.0 (/opt/ros/humble/share/python_cmake_module/cmake)
-- Found PythonLibs: /usr/lib/aarch64-linux-gnu/libpython3.10.so (found suitable version "3.10.12", minimum required is "3.5") 
-- Using PYTHON_EXECUTABLE: /usr/bin/python3
-- Using PYTHON_INCLUDE_DIRS: /usr/include/python3.10
-- Using PYTHON_LIBRARIES: /usr/lib/aarch64-linux-gnu/libpython3.10.so
-- Found PythonExtra: .so  
-- Configuring done
-- Generating done
-- Build files have been written to: /home/ubuntu/research_ws/ur10_pick_place_ws/build/robotiq_3f_interfaces
[  1%] Generating C code for ROS interfaces
[  2%] Generating Rust code for ROS interfaces
[  4%] Generating C++ code for ROS interfaces
[  4%] Built target ament_cmake_python_copy_robotiq_3f_interfaces
running egg_info
creating robotiq_3f_interfaces.egg-info
writing robotiq_3f_interfaces.egg-info/PKG-INFO
writing dependency_links to robotiq_3f_interfaces.egg-info/dependency_links.txt
writing top-level names to robotiq_3f_interfaces.egg-info/top_level.txt
writing manifest file 'robotiq_3f_interfaces.egg-info/SOURCES.txt'
reading manifest file 'robotiq_3f_interfaces.egg-info/SOURCES.txt'
writing manifest file 'robotiq_3f_interfaces.egg-info/SOURCES.txt'
[  4%] Built target ament_cmake_python_build_robotiq_3f_interfaces_egg
[  4%] Built target robotiq_3f_interfaces__rs
[  5%] Building C object CMakeFiles/robotiq_3f_interfaces__rosidl_generator_c.dir/rosidl_generator_c/robotiq_3f_interfaces/msg/detail/status__functions.c.o
[  6%] Building C object CMakeFiles/robotiq_3f_interfaces__rosidl_generator_c.dir/rosidl_generator_c/robotiq_3f_interfaces/msg/detail/grasping_mode__functions.c.o
[  8%] Building C object CMakeFiles/robotiq_3f_interfaces__rosidl_generator_c.dir/rosidl_generator_c/robotiq_3f_interfaces/msg/detail/simple_control_command__functions.c.o
[  9%] Building C object CMakeFiles/robotiq_3f_interfaces__rosidl_generator_c.dir/rosidl_generator_c/robotiq_3f_interfaces/msg/detail/object_detection_status__functions.c.o
[ 11%] Building C object CMakeFiles/robotiq_3f_interfaces__rosidl_generator_c.dir/rosidl_generator_c/robotiq_3f_interfaces/srv/detail/change_grasping_mode__functions.c.o
[ 12%] Building C object CMakeFiles/robotiq_3f_interfaces__rosidl_generator_c.dir/rosidl_generator_c/robotiq_3f_interfaces/msg/detail/independent_control_command__functions.c.o
[ 12%] Built target robotiq_3f_interfaces__cpp
[ 15%] Generating C++ type support for eProsima Fast-RTPS
[ 16%] Generating C++ type support dispatch for ROS interfaces
[ 13%] Generating C++ introspection for ROS interfaces
[ 18%] Linking C shared library librobotiq_3f_interfaces__rosidl_generator_c.so
[ 18%] Built target robotiq_3f_interfaces__rosidl_generator_c
[ 19%] Generating C type support for eProsima Fast-RTPS
[ 20%] Generating C introspection for ROS interfaces
[ 22%] Generating C type support dispatch for ROS interfaces
[ 23%] Building CXX object CMakeFiles/robotiq_3f_interfaces__rosidl_typesupport_cpp.dir/rosidl_typesupport_cpp/robotiq_3f_interfaces/msg/object_detection_status__type_support.cpp.o
[ 25%] Building CXX object CMakeFiles/robotiq_3f_interfaces__rosidl_typesupport_cpp.dir/rosidl_typesupport_cpp/robotiq_3f_interfaces/msg/simple_control_command__type_support.cpp.o
[ 26%] Building CXX object CMakeFiles/robotiq_3f_interfaces__rosidl_typesupport_cpp.dir/rosidl_typesupport_cpp/robotiq_3f_interfaces/msg/independent_control_command__type_support.cpp.o
[ 27%] Building CXX object CMakeFiles/robotiq_3f_interfaces__rosidl_typesupport_cpp.dir/rosidl_typesupport_cpp/robotiq_3f_interfaces/msg/status__type_support.cpp.o
[ 29%] Building CXX object CMakeFiles/robotiq_3f_interfaces__rosidl_typesupport_cpp.dir/rosidl_typesupport_cpp/robotiq_3f_interfaces/srv/change_grasping_mode__type_support.cpp.o
[ 30%] Building CXX object CMakeFiles/robotiq_3f_interfaces__rosidl_typesupport_cpp.dir/rosidl_typesupport_cpp/robotiq_3f_interfaces/msg/grasping_mode__type_support.cpp.o
[ 33%] Building CXX object CMakeFiles/robotiq_3f_interfaces__rosidl_typesupport_introspection_cpp.dir/rosidl_typesupport_introspection_cpp/robotiq_3f_interfaces/msg/detail/object_detection_status__type_support.cpp.o
[ 33%] Building CXX object CMakeFiles/robotiq_3f_interfaces__rosidl_typesupport_introspection_cpp.dir/rosidl_typesupport_introspection_cpp/robotiq_3f_interfaces/msg/detail/status__type_support.cpp.o
[ 34%] Building CXX object CMakeFiles/robotiq_3f_interfaces__rosidl_typesupport_introspection_cpp.dir/rosidl_typesupport_introspection_cpp/robotiq_3f_interfaces/msg/detail/grasping_mode__type_support.cpp.o
[ 36%] Building CXX object CMakeFiles/robotiq_3f_interfaces__rosidl_typesupport_c.dir/rosidl_typesupport_c/robotiq_3f_interfaces/msg/object_detection_status__type_support.cpp.o
[ 37%] Building CXX object CMakeFiles/robotiq_3f_interfaces__rosidl_typesupport_introspection_cpp.dir/rosidl_typesupport_introspection_cpp/robotiq_3f_interfaces/msg/detail/simple_control_command__type_support.cpp.o
[ 38%] Building CXX object CMakeFiles/robotiq_3f_interfaces__rosidl_typesupport_c.dir/rosidl_typesupport_c/robotiq_3f_interfaces/msg/status__type_support.cpp.o
[ 40%] Building CXX object CMakeFiles/robotiq_3f_interfaces__rosidl_typesupport_c.dir/rosidl_typesupport_c/robotiq_3f_interfaces/msg/grasping_mode__type_support.cpp.o
[ 41%] Building CXX object CMakeFiles/robotiq_3f_interfaces__rosidl_typesupport_introspection_cpp.dir/rosidl_typesupport_introspection_cpp/robotiq_3f_interfaces/msg/detail/independent_control_command__type_support.cpp.o
[ 43%] Building CXX object CMakeFiles/robotiq_3f_interfaces__rosidl_typesupport_fastrtps_cpp.dir/rosidl_typesupport_fastrtps_cpp/robotiq_3f_interfaces/msg/detail/dds_fastrtps/object_detection_status__type_support.cpp.o
[ 44%] Building C object CMakeFiles/robotiq_3f_interfaces__rosidl_typesupport_introspection_c.dir/rosidl_typesupport_introspection_c/robotiq_3f_interfaces/msg/detail/object_detection_status__type_support.c.o
[ 45%] Linking CXX shared library librobotiq_3f_interfaces__rosidl_typesupport_cpp.so
[ 47%] Building CXX object CMakeFiles/robotiq_3f_interfaces__rosidl_typesupport_c.dir/rosidl_typesupport_c/robotiq_3f_interfaces/msg/simple_control_command__type_support.cpp.o
[ 48%] Building C object CMakeFiles/robotiq_3f_interfaces__rosidl_typesupport_introspection_c.dir/rosidl_typesupport_introspection_c/robotiq_3f_interfaces/msg/detail/status__type_support.c.o
[ 50%] Building CXX object CMakeFiles/robotiq_3f_interfaces__rosidl_typesupport_c.dir/rosidl_typesupport_c/robotiq_3f_interfaces/msg/independent_control_command__type_support.cpp.o
[ 51%] Building CXX object CMakeFiles/robotiq_3f_interfaces__rosidl_typesupport_c.dir/rosidl_typesupport_c/robotiq_3f_interfaces/srv/change_grasping_mode__type_support.cpp.o
[ 52%] Building C object CMakeFiles/robotiq_3f_interfaces__rosidl_typesupport_introspection_c.dir/rosidl_typesupport_introspection_c/robotiq_3f_interfaces/msg/detail/grasping_mode__type_support.c.o
[ 54%] Building CXX object CMakeFiles/robotiq_3f_interfaces__rosidl_typesupport_fastrtps_cpp.dir/rosidl_typesupport_fastrtps_cpp/robotiq_3f_interfaces/msg/detail/dds_fastrtps/status__type_support.cpp.o
[ 55%] Building CXX object CMakeFiles/robotiq_3f_interfaces__rosidl_typesupport_fastrtps_cpp.dir/rosidl_typesupport_fastrtps_cpp/robotiq_3f_interfaces/msg/detail/dds_fastrtps/grasping_mode__type_support.cpp.o
[ 55%] Built target robotiq_3f_interfaces__rosidl_typesupport_cpp
[ 56%] Linking CXX shared library librobotiq_3f_interfaces__rosidl_typesupport_c.so
[ 58%] Building CXX object CMakeFiles/robotiq_3f_interfaces__rosidl_typesupport_introspection_cpp.dir/rosidl_typesupport_introspection_cpp/robotiq_3f_interfaces/srv/detail/change_grasping_mode__type_support.cpp.o
[ 59%] Building CXX object CMakeFiles/robotiq_3f_interfaces__rosidl_typesupport_fastrtps_cpp.dir/rosidl_typesupport_fastrtps_cpp/robotiq_3f_interfaces/msg/detail/dds_fastrtps/simple_control_command__type_support.cpp.o
[ 61%] Building C object CMakeFiles/robotiq_3f_interfaces__rosidl_typesupport_introspection_c.dir/rosidl_typesupport_introspection_c/robotiq_3f_interfaces/msg/detail/simple_control_command__type_support.c.o
[ 61%] Built target robotiq_3f_interfaces__rosidl_typesupport_c
[ 62%] Building C object CMakeFiles/robotiq_3f_interfaces__rosidl_typesupport_introspection_c.dir/rosidl_typesupport_introspection_c/robotiq_3f_interfaces/msg/detail/independent_control_command__type_support.c.o
[ 63%] Building C object CMakeFiles/robotiq_3f_interfaces__rosidl_typesupport_introspection_c.dir/rosidl_typesupport_introspection_c/robotiq_3f_interfaces/srv/detail/change_grasping_mode__type_support.c.o
[ 65%] Building CXX object CMakeFiles/robotiq_3f_interfaces__rosidl_typesupport_fastrtps_cpp.dir/rosidl_typesupport_fastrtps_cpp/robotiq_3f_interfaces/msg/detail/dds_fastrtps/independent_control_command__type_support.cpp.o
[ 66%] Building CXX object CMakeFiles/robotiq_3f_interfaces__rosidl_typesupport_fastrtps_cpp.dir/rosidl_typesupport_fastrtps_cpp/robotiq_3f_interfaces/srv/detail/dds_fastrtps/change_grasping_mode__type_support.cpp.o
[ 68%] Building CXX object CMakeFiles/robotiq_3f_interfaces__rosidl_typesupport_fastrtps_c.dir/rosidl_typesupport_fastrtps_c/robotiq_3f_interfaces/msg/detail/object_detection_status__type_support_c.cpp.o
[ 69%] Linking C shared library librobotiq_3f_interfaces__rosidl_typesupport_introspection_c.so
[ 70%] Building CXX object CMakeFiles/robotiq_3f_interfaces__rosidl_typesupport_fastrtps_c.dir/rosidl_typesupport_fastrtps_c/robotiq_3f_interfaces/msg/detail/status__type_support_c.cpp.o
[ 70%] Built target robotiq_3f_interfaces__rosidl_typesupport_introspection_c
[ 72%] Building CXX object CMakeFiles/robotiq_3f_interfaces__rosidl_typesupport_fastrtps_c.dir/rosidl_typesupport_fastrtps_c/robotiq_3f_interfaces/msg/detail/grasping_mode__type_support_c.cpp.o
[ 73%] Building CXX object CMakeFiles/robotiq_3f_interfaces__rosidl_typesupport_fastrtps_c.dir/rosidl_typesupport_fastrtps_c/robotiq_3f_interfaces/msg/detail/simple_control_command__type_support_c.cpp.o
[ 75%] Building CXX object CMakeFiles/robotiq_3f_interfaces__rosidl_typesupport_fastrtps_c.dir/rosidl_typesupport_fastrtps_c/robotiq_3f_interfaces/msg/detail/independent_control_command__type_support_c.cpp.o
[ 76%] Building CXX object CMakeFiles/robotiq_3f_interfaces__rosidl_typesupport_fastrtps_c.dir/rosidl_typesupport_fastrtps_c/robotiq_3f_interfaces/srv/detail/change_grasping_mode__type_support_c.cpp.o
[ 77%] Linking CXX shared library librobotiq_3f_interfaces__rosidl_typesupport_introspection_cpp.so
[ 77%] Built target robotiq_3f_interfaces__rosidl_typesupport_introspection_cpp
[ 79%] Linking CXX shared library librobotiq_3f_interfaces__rosidl_typesupport_fastrtps_cpp.so
[ 79%] Built target robotiq_3f_interfaces__rosidl_typesupport_fastrtps_cpp
[ 80%] Linking CXX shared library librobotiq_3f_interfaces__rosidl_typesupport_fastrtps_c.so
[ 80%] Built target robotiq_3f_interfaces__rosidl_typesupport_fastrtps_c
[ 80%] Built target robotiq_3f_interfaces
[ 81%] Generating Python code for ROS interfaces
[ 81%] Built target robotiq_3f_interfaces__py
[ 84%] Building C object CMakeFiles/robotiq_3f_interfaces__rosidl_generator_py.dir/rosidl_generator_py/robotiq_3f_interfaces/msg/_status_s.c.o
[ 84%] Building C object CMakeFiles/robotiq_3f_interfaces__rosidl_generator_py.dir/rosidl_generator_py/robotiq_3f_interfaces/msg/_grasping_mode_s.c.o
[ 86%] Building C object CMakeFiles/robotiq_3f_interfaces__rosidl_generator_py.dir/rosidl_generator_py/robotiq_3f_interfaces/msg/_object_detection_status_s.c.o
[ 88%] Building C object CMakeFiles/robotiq_3f_interfaces__rosidl_generator_py.dir/rosidl_generator_py/robotiq_3f_interfaces/srv/_change_grasping_mode_s.c.o
[ 87%] Building C object CMakeFiles/robotiq_3f_interfaces__rosidl_generator_py.dir/rosidl_generator_py/robotiq_3f_interfaces/msg/_simple_control_command_s.c.o
[ 90%] Building C object CMakeFiles/robotiq_3f_interfaces__rosidl_generator_py.dir/rosidl_generator_py/robotiq_3f_interfaces/msg/_independent_control_command_s.c.o
[ 91%] Linking C shared library rosidl_generator_py/robotiq_3f_interfaces/librobotiq_3f_interfaces__rosidl_generator_py.so
[ 91%] Built target robotiq_3f_interfaces__rosidl_generator_py
[ 95%] Building C object CMakeFiles/robotiq_3f_interfaces__rosidl_typesupport_c__pyext.dir/rosidl_generator_py/robotiq_3f_interfaces/_robotiq_3f_interfaces_s.ep.rosidl_typesupport_c.c.o
[ 95%] Building C object CMakeFiles/robotiq_3f_interfaces__rosidl_typesupport_fastrtps_c__pyext.dir/rosidl_generator_py/robotiq_3f_interfaces/_robotiq_3f_interfaces_s.ep.rosidl_typesupport_fastrtps_c.c.o
[ 95%] Building C object CMakeFiles/robotiq_3f_interfaces__rosidl_typesupport_introspection_c__pyext.dir/rosidl_generator_py/robotiq_3f_interfaces/_robotiq_3f_interfaces_s.ep.rosidl_typesupport_introspection_c.c.o
[ 98%] Linking C shared library rosidl_generator_py/robotiq_3f_interfaces/robotiq_3f_interfaces_s__rosidl_typesupport_fastrtps_c.cpython-310-aarch64-linux-gnu.so
[ 98%] Linking C shared library rosidl_generator_py/robotiq_3f_interfaces/robotiq_3f_interfaces_s__rosidl_typesupport_c.cpython-310-aarch64-linux-gnu.so
[100%] Linking C shared library rosidl_generator_py/robotiq_3f_interfaces/robotiq_3f_interfaces_s__rosidl_typesupport_introspection_c.cpython-310-aarch64-linux-gnu.so
[100%] Built target robotiq_3f_interfaces__rosidl_typesupport_c__pyext
[100%] Built target robotiq_3f_interfaces__rosidl_typesupport_fastrtps_c__pyext
[100%] Built target robotiq_3f_interfaces__rosidl_typesupport_introspection_c__pyext
