[0.051s] Invoking command in '/home/ubuntu/research_ws/ur10_pick_place_ws/build/robotiq_3f_interfaces': CMAKE_PREFIX_PATH=${CMAKE_PREFIX_PATH}:/home/ubuntu/ur_camera_ws/install/pick_place:/home/ubuntu/ur_camera_ws/install/easy_handeye2:/opt/ros/humble /usr/bin/cmake /home/ubuntu/research_ws/ur10_pick_place_ws/src/ros2_robotiq_3f_gripper/robotiq_3f_interfaces -DCMAKE_BUILD_TYPE=Release -DCMAKE_INSTALL_PREFIX=/home/ubuntu/research_ws/ur10_pick_place_ws/install/robotiq_3f_interfaces
[0.163s] -- The C compiler identification is GNU 11.4.0
[0.284s] -- The CXX compiler identification is GNU 11.4.0
[0.300s] -- Detecting C compiler ABI info
[0.448s] -- Detecting C compiler ABI info - done
[0.462s] -- Check for working C compiler: /usr/bin/cc - skipped
[0.462s] -- Detecting C compile features
[0.463s] -- Detecting C compile features - done
[0.470s] -- Detecting CXX compiler ABI info
[0.647s] -- Detecting CXX compiler ABI info - done
[0.663s] -- Check for working CXX compiler: /usr/bin/c++ - skipped
[0.663s] -- Detecting CXX compile features
[0.665s] -- Detecting CXX compile features - done
[0.686s] -- Found ament_cmake: 1.3.14 (/opt/ros/humble/share/ament_cmake/cmake)
[1.156s] -- Found Python3: /usr/bin/python3 (found version "3.10.12") found components: Interpreter 
[1.431s] -- Found rosidl_default_generators: 1.2.1 (/opt/ros/humble/share/rosidl_default_generators/cmake)
[1.470s] -- Using all available rosidl_typesupport_c: rosidl_typesupport_fastrtps_c;rosidl_typesupport_introspection_c
[1.515s] -- Found rosidl_adapter: 3.1.8 (/opt/ros/humble/share/rosidl_adapter/cmake)
[1.678s] -- Using all available rosidl_typesupport_cpp: rosidl_typesupport_fastrtps_cpp;rosidl_typesupport_introspection_cpp
[1.990s] -- Found std_msgs: 4.9.1 (/opt/ros/humble/share/std_msgs/cmake)
[3.009s] -- Found ament_cmake_ros: 0.10.0 (/opt/ros/humble/share/ament_cmake_ros/cmake)
[3.641s] -- Using all available rosidl_typesupport_c: rosidl_typesupport_fastrtps_c;rosidl_typesupport_introspection_c
[4.517s] -- Using all available rosidl_typesupport_cpp: rosidl_typesupport_fastrtps_cpp;rosidl_typesupport_introspection_cpp
[4.593s] -- Found PythonInterp: /usr/bin/python3 (found suitable version "3.10.12", minimum required is "3.6") 
[4.602s] -- Found python_cmake_module: 0.10.0 (/opt/ros/humble/share/python_cmake_module/cmake)
[4.694s] -- Found PythonLibs: /usr/lib/aarch64-linux-gnu/libpython3.10.so (found suitable version "3.10.12", minimum required is "3.5") 
[4.694s] -- Using PYTHON_EXECUTABLE: /usr/bin/python3
[4.695s] -- Using PYTHON_INCLUDE_DIRS: /usr/include/python3.10
[4.695s] -- Using PYTHON_LIBRARIES: /usr/lib/aarch64-linux-gnu/libpython3.10.so
[4.766s] -- Found PythonExtra: .so  
[5.144s] -- Configuring done
[5.241s] -- Generating done
[5.266s] -- Build files have been written to: /home/ubuntu/research_ws/ur10_pick_place_ws/build/robotiq_3f_interfaces
[5.286s] Invoked command in '/home/ubuntu/research_ws/ur10_pick_place_ws/build/robotiq_3f_interfaces' returned '0': CMAKE_PREFIX_PATH=${CMAKE_PREFIX_PATH}:/home/ubuntu/ur_camera_ws/install/pick_place:/home/ubuntu/ur_camera_ws/install/easy_handeye2:/opt/ros/humble /usr/bin/cmake /home/ubuntu/research_ws/ur10_pick_place_ws/src/ros2_robotiq_3f_gripper/robotiq_3f_interfaces -DCMAKE_BUILD_TYPE=Release -DCMAKE_INSTALL_PREFIX=/home/ubuntu/research_ws/ur10_pick_place_ws/install/robotiq_3f_interfaces
[5.290s] Invoking command in '/home/ubuntu/research_ws/ur10_pick_place_ws/build/robotiq_3f_interfaces': CMAKE_PREFIX_PATH=${CMAKE_PREFIX_PATH}:/home/ubuntu/ur_camera_ws/install/pick_place:/home/ubuntu/ur_camera_ws/install/easy_handeye2:/opt/ros/humble /usr/bin/cmake --build /home/ubuntu/research_ws/ur10_pick_place_ws/build/robotiq_3f_interfaces -- -j12 -l12
[5.374s] [  1%] Generating C code for ROS interfaces
[5.395s] [  2%] Generating Rust code for ROS interfaces
[5.401s] [  4%] Generating C++ code for ROS interfaces
[5.418s] [  4%] Built target ament_cmake_python_copy_robotiq_3f_interfaces
[6.141s] running egg_info
[6.143s] creating robotiq_3f_interfaces.egg-info
[6.149s] writing robotiq_3f_interfaces.egg-info/PKG-INFO
[6.149s] writing dependency_links to robotiq_3f_interfaces.egg-info/dependency_links.txt
[6.149s] writing top-level names to robotiq_3f_interfaces.egg-info/top_level.txt
[6.150s] writing manifest file 'robotiq_3f_interfaces.egg-info/SOURCES.txt'
[6.154s] reading manifest file 'robotiq_3f_interfaces.egg-info/SOURCES.txt'
[6.155s] writing manifest file 'robotiq_3f_interfaces.egg-info/SOURCES.txt'
[6.248s] [  4%] Built target ament_cmake_python_build_robotiq_3f_interfaces_egg
[6.289s] [  4%] Built target robotiq_3f_interfaces__rs
[6.827s] [  5%] Building C object CMakeFiles/robotiq_3f_interfaces__rosidl_generator_c.dir/rosidl_generator_c/robotiq_3f_interfaces/msg/detail/status__functions.c.o
[6.829s] [  6%] Building C object CMakeFiles/robotiq_3f_interfaces__rosidl_generator_c.dir/rosidl_generator_c/robotiq_3f_interfaces/msg/detail/grasping_mode__functions.c.o
[6.829s] [  8%] Building C object CMakeFiles/robotiq_3f_interfaces__rosidl_generator_c.dir/rosidl_generator_c/robotiq_3f_interfaces/msg/detail/simple_control_command__functions.c.o
[6.831s] [  9%] Building C object CMakeFiles/robotiq_3f_interfaces__rosidl_generator_c.dir/rosidl_generator_c/robotiq_3f_interfaces/msg/detail/object_detection_status__functions.c.o
[6.846s] [ 11%] Building C object CMakeFiles/robotiq_3f_interfaces__rosidl_generator_c.dir/rosidl_generator_c/robotiq_3f_interfaces/srv/detail/change_grasping_mode__functions.c.o
[6.847s] [ 12%] Building C object CMakeFiles/robotiq_3f_interfaces__rosidl_generator_c.dir/rosidl_generator_c/robotiq_3f_interfaces/msg/detail/independent_control_command__functions.c.o
[6.850s] [ 12%] Built target robotiq_3f_interfaces__cpp
[6.910s] [ 15%] Generating C++ type support for eProsima Fast-RTPS
[6.916s] [ 16%] Generating C++ type support dispatch for ROS interfaces
[6.924s] [ 13%] Generating C++ introspection for ROS interfaces
[7.437s] [ 18%] Linking C shared library librobotiq_3f_interfaces__rosidl_generator_c.so
[7.673s] [ 18%] Built target robotiq_3f_interfaces__rosidl_generator_c
[7.751s] [ 19%] Generating C type support for eProsima Fast-RTPS
[7.752s] [ 20%] Generating C introspection for ROS interfaces
[7.783s] [ 22%] Generating C type support dispatch for ROS interfaces
[8.236s] [ 23%] Building CXX object CMakeFiles/robotiq_3f_interfaces__rosidl_typesupport_cpp.dir/rosidl_typesupport_cpp/robotiq_3f_interfaces/msg/object_detection_status__type_support.cpp.o
[8.289s] [ 25%] Building CXX object CMakeFiles/robotiq_3f_interfaces__rosidl_typesupport_cpp.dir/rosidl_typesupport_cpp/robotiq_3f_interfaces/msg/simple_control_command__type_support.cpp.o
[8.301s] [ 26%] Building CXX object CMakeFiles/robotiq_3f_interfaces__rosidl_typesupport_cpp.dir/rosidl_typesupport_cpp/robotiq_3f_interfaces/msg/independent_control_command__type_support.cpp.o
[8.316s] [ 27%] Building CXX object CMakeFiles/robotiq_3f_interfaces__rosidl_typesupport_cpp.dir/rosidl_typesupport_cpp/robotiq_3f_interfaces/msg/status__type_support.cpp.o
[8.331s] [ 29%] Building CXX object CMakeFiles/robotiq_3f_interfaces__rosidl_typesupport_cpp.dir/rosidl_typesupport_cpp/robotiq_3f_interfaces/srv/change_grasping_mode__type_support.cpp.o
[8.335s] [ 30%] Building CXX object CMakeFiles/robotiq_3f_interfaces__rosidl_typesupport_cpp.dir/rosidl_typesupport_cpp/robotiq_3f_interfaces/msg/grasping_mode__type_support.cpp.o
[8.877s] [ 33%] Building CXX object CMakeFiles/robotiq_3f_interfaces__rosidl_typesupport_introspection_cpp.dir/rosidl_typesupport_introspection_cpp/robotiq_3f_interfaces/msg/detail/object_detection_status__type_support.cpp.o
[8.877s] [ 33%] Building CXX object CMakeFiles/robotiq_3f_interfaces__rosidl_typesupport_introspection_cpp.dir/rosidl_typesupport_introspection_cpp/robotiq_3f_interfaces/msg/detail/status__type_support.cpp.o
[9.388s] [ 34%] Building CXX object CMakeFiles/robotiq_3f_interfaces__rosidl_typesupport_introspection_cpp.dir/rosidl_typesupport_introspection_cpp/robotiq_3f_interfaces/msg/detail/grasping_mode__type_support.cpp.o
[9.477s] [ 36%] Building CXX object CMakeFiles/robotiq_3f_interfaces__rosidl_typesupport_c.dir/rosidl_typesupport_c/robotiq_3f_interfaces/msg/object_detection_status__type_support.cpp.o
[9.510s] [ 37%] Building CXX object CMakeFiles/robotiq_3f_interfaces__rosidl_typesupport_introspection_cpp.dir/rosidl_typesupport_introspection_cpp/robotiq_3f_interfaces/msg/detail/simple_control_command__type_support.cpp.o
[9.557s] [ 38%] Building CXX object CMakeFiles/robotiq_3f_interfaces__rosidl_typesupport_c.dir/rosidl_typesupport_c/robotiq_3f_interfaces/msg/status__type_support.cpp.o
[9.584s] [ 40%] Building CXX object CMakeFiles/robotiq_3f_interfaces__rosidl_typesupport_c.dir/rosidl_typesupport_c/robotiq_3f_interfaces/msg/grasping_mode__type_support.cpp.o
[9.659s] [ 41%] Building CXX object CMakeFiles/robotiq_3f_interfaces__rosidl_typesupport_introspection_cpp.dir/rosidl_typesupport_introspection_cpp/robotiq_3f_interfaces/msg/detail/independent_control_command__type_support.cpp.o
[9.679s] [ 43%] Building CXX object CMakeFiles/robotiq_3f_interfaces__rosidl_typesupport_fastrtps_cpp.dir/rosidl_typesupport_fastrtps_cpp/robotiq_3f_interfaces/msg/detail/dds_fastrtps/object_detection_status__type_support.cpp.o
[9.680s] [ 44%] Building C object CMakeFiles/robotiq_3f_interfaces__rosidl_typesupport_introspection_c.dir/rosidl_typesupport_introspection_c/robotiq_3f_interfaces/msg/detail/object_detection_status__type_support.c.o
[9.697s] [ 45%] Linking CXX shared library librobotiq_3f_interfaces__rosidl_typesupport_cpp.so
[9.710s] [ 47%] Building CXX object CMakeFiles/robotiq_3f_interfaces__rosidl_typesupport_c.dir/rosidl_typesupport_c/robotiq_3f_interfaces/msg/simple_control_command__type_support.cpp.o
[9.717s] [ 48%] Building C object CMakeFiles/robotiq_3f_interfaces__rosidl_typesupport_introspection_c.dir/rosidl_typesupport_introspection_c/robotiq_3f_interfaces/msg/detail/status__type_support.c.o
[9.745s] [ 50%] Building CXX object CMakeFiles/robotiq_3f_interfaces__rosidl_typesupport_c.dir/rosidl_typesupport_c/robotiq_3f_interfaces/msg/independent_control_command__type_support.cpp.o
[9.802s] [ 51%] Building CXX object CMakeFiles/robotiq_3f_interfaces__rosidl_typesupport_c.dir/rosidl_typesupport_c/robotiq_3f_interfaces/srv/change_grasping_mode__type_support.cpp.o
[9.859s] [ 52%] Building C object CMakeFiles/robotiq_3f_interfaces__rosidl_typesupport_introspection_c.dir/rosidl_typesupport_introspection_c/robotiq_3f_interfaces/msg/detail/grasping_mode__type_support.c.o
[9.887s] [ 54%] Building CXX object CMakeFiles/robotiq_3f_interfaces__rosidl_typesupport_fastrtps_cpp.dir/rosidl_typesupport_fastrtps_cpp/robotiq_3f_interfaces/msg/detail/dds_fastrtps/status__type_support.cpp.o
[9.890s] [ 55%] Building CXX object CMakeFiles/robotiq_3f_interfaces__rosidl_typesupport_fastrtps_cpp.dir/rosidl_typesupport_fastrtps_cpp/robotiq_3f_interfaces/msg/detail/dds_fastrtps/grasping_mode__type_support.cpp.o
[9.940s] [ 55%] Built target robotiq_3f_interfaces__rosidl_typesupport_cpp
[9.942s] [ 56%] Linking CXX shared library librobotiq_3f_interfaces__rosidl_typesupport_c.so
[9.968s] [ 58%] Building CXX object CMakeFiles/robotiq_3f_interfaces__rosidl_typesupport_introspection_cpp.dir/rosidl_typesupport_introspection_cpp/robotiq_3f_interfaces/srv/detail/change_grasping_mode__type_support.cpp.o
[9.968s] [ 59%] Building CXX object CMakeFiles/robotiq_3f_interfaces__rosidl_typesupport_fastrtps_cpp.dir/rosidl_typesupport_fastrtps_cpp/robotiq_3f_interfaces/msg/detail/dds_fastrtps/simple_control_command__type_support.cpp.o
[10.005s] [ 61%] Building C object CMakeFiles/robotiq_3f_interfaces__rosidl_typesupport_introspection_c.dir/rosidl_typesupport_introspection_c/robotiq_3f_interfaces/msg/detail/simple_control_command__type_support.c.o
[10.114s] [ 61%] Built target robotiq_3f_interfaces__rosidl_typesupport_c
[10.136s] [ 62%] Building C object CMakeFiles/robotiq_3f_interfaces__rosidl_typesupport_introspection_c.dir/rosidl_typesupport_introspection_c/robotiq_3f_interfaces/msg/detail/independent_control_command__type_support.c.o
[10.162s] [ 63%] Building C object CMakeFiles/robotiq_3f_interfaces__rosidl_typesupport_introspection_c.dir/rosidl_typesupport_introspection_c/robotiq_3f_interfaces/srv/detail/change_grasping_mode__type_support.c.o
[10.242s] [ 65%] Building CXX object CMakeFiles/robotiq_3f_interfaces__rosidl_typesupport_fastrtps_cpp.dir/rosidl_typesupport_fastrtps_cpp/robotiq_3f_interfaces/msg/detail/dds_fastrtps/independent_control_command__type_support.cpp.o
[10.321s] [ 66%] Building CXX object CMakeFiles/robotiq_3f_interfaces__rosidl_typesupport_fastrtps_cpp.dir/rosidl_typesupport_fastrtps_cpp/robotiq_3f_interfaces/srv/detail/dds_fastrtps/change_grasping_mode__type_support.cpp.o
[10.427s] [ 68%] Building CXX object CMakeFiles/robotiq_3f_interfaces__rosidl_typesupport_fastrtps_c.dir/rosidl_typesupport_fastrtps_c/robotiq_3f_interfaces/msg/detail/object_detection_status__type_support_c.cpp.o
[10.461s] [ 69%] Linking C shared library librobotiq_3f_interfaces__rosidl_typesupport_introspection_c.so
[10.511s] [ 70%] Building CXX object CMakeFiles/robotiq_3f_interfaces__rosidl_typesupport_fastrtps_c.dir/rosidl_typesupport_fastrtps_c/robotiq_3f_interfaces/msg/detail/status__type_support_c.cpp.o
[10.684s] [ 70%] Built target robotiq_3f_interfaces__rosidl_typesupport_introspection_c
[10.704s] [ 72%] Building CXX object CMakeFiles/robotiq_3f_interfaces__rosidl_typesupport_fastrtps_c.dir/rosidl_typesupport_fastrtps_c/robotiq_3f_interfaces/msg/detail/grasping_mode__type_support_c.cpp.o
[10.738s] [ 73%] Building CXX object CMakeFiles/robotiq_3f_interfaces__rosidl_typesupport_fastrtps_c.dir/rosidl_typesupport_fastrtps_c/robotiq_3f_interfaces/msg/detail/simple_control_command__type_support_c.cpp.o
[10.744s] [ 75%] Building CXX object CMakeFiles/robotiq_3f_interfaces__rosidl_typesupport_fastrtps_c.dir/rosidl_typesupport_fastrtps_c/robotiq_3f_interfaces/msg/detail/independent_control_command__type_support_c.cpp.o
[10.987s] [ 76%] Building CXX object CMakeFiles/robotiq_3f_interfaces__rosidl_typesupport_fastrtps_c.dir/rosidl_typesupport_fastrtps_c/robotiq_3f_interfaces/srv/detail/change_grasping_mode__type_support_c.cpp.o
[11.098s] [ 77%] Linking CXX shared library librobotiq_3f_interfaces__rosidl_typesupport_introspection_cpp.so
[11.214s] [ 77%] Built target robotiq_3f_interfaces__rosidl_typesupport_introspection_cpp
[11.513s] [ 79%] Linking CXX shared library librobotiq_3f_interfaces__rosidl_typesupport_fastrtps_cpp.so
[11.690s] [ 79%] Built target robotiq_3f_interfaces__rosidl_typesupport_fastrtps_cpp
[12.009s] [ 80%] Linking CXX shared library librobotiq_3f_interfaces__rosidl_typesupport_fastrtps_c.so
[12.195s] [ 80%] Built target robotiq_3f_interfaces__rosidl_typesupport_fastrtps_c
[12.242s] [ 80%] Built target robotiq_3f_interfaces
[12.289s] [ 81%] Generating Python code for ROS interfaces
[14.436s] [ 81%] Built target robotiq_3f_interfaces__py
[14.481s] [ 84%] Building C object CMakeFiles/robotiq_3f_interfaces__rosidl_generator_py.dir/rosidl_generator_py/robotiq_3f_interfaces/msg/_status_s.c.o
[14.481s] [ 84%] Building C object CMakeFiles/robotiq_3f_interfaces__rosidl_generator_py.dir/rosidl_generator_py/robotiq_3f_interfaces/msg/_grasping_mode_s.c.o
[14.483s] [ 86%] Building C object CMakeFiles/robotiq_3f_interfaces__rosidl_generator_py.dir/rosidl_generator_py/robotiq_3f_interfaces/msg/_object_detection_status_s.c.o
[14.485s] [ 88%] Building C object CMakeFiles/robotiq_3f_interfaces__rosidl_generator_py.dir/rosidl_generator_py/robotiq_3f_interfaces/srv/_change_grasping_mode_s.c.o
[14.485s] [ 87%] Building C object CMakeFiles/robotiq_3f_interfaces__rosidl_generator_py.dir/rosidl_generator_py/robotiq_3f_interfaces/msg/_simple_control_command_s.c.o
[14.485s] [ 90%] Building C object CMakeFiles/robotiq_3f_interfaces__rosidl_generator_py.dir/rosidl_generator_py/robotiq_3f_interfaces/msg/_independent_control_command_s.c.o
[14.832s] [ 91%] Linking C shared library rosidl_generator_py/robotiq_3f_interfaces/librobotiq_3f_interfaces__rosidl_generator_py.so
[14.920s] [ 91%] Built target robotiq_3f_interfaces__rosidl_generator_py
[14.963s] [ 95%] Building C object CMakeFiles/robotiq_3f_interfaces__rosidl_typesupport_c__pyext.dir/rosidl_generator_py/robotiq_3f_interfaces/_robotiq_3f_interfaces_s.ep.rosidl_typesupport_c.c.o
[14.963s] [ 95%] Building C object CMakeFiles/robotiq_3f_interfaces__rosidl_typesupport_fastrtps_c__pyext.dir/rosidl_generator_py/robotiq_3f_interfaces/_robotiq_3f_interfaces_s.ep.rosidl_typesupport_fastrtps_c.c.o
[14.964s] [ 95%] Building C object CMakeFiles/robotiq_3f_interfaces__rosidl_typesupport_introspection_c__pyext.dir/rosidl_generator_py/robotiq_3f_interfaces/_robotiq_3f_interfaces_s.ep.rosidl_typesupport_introspection_c.c.o
[15.388s] [ 98%] Linking C shared library rosidl_generator_py/robotiq_3f_interfaces/robotiq_3f_interfaces_s__rosidl_typesupport_fastrtps_c.cpython-310-aarch64-linux-gnu.so
[15.389s] [ 98%] Linking C shared library rosidl_generator_py/robotiq_3f_interfaces/robotiq_3f_interfaces_s__rosidl_typesupport_c.cpython-310-aarch64-linux-gnu.so
[15.401s] [100%] Linking C shared library rosidl_generator_py/robotiq_3f_interfaces/robotiq_3f_interfaces_s__rosidl_typesupport_introspection_c.cpython-310-aarch64-linux-gnu.so
[15.471s] [100%] Built target robotiq_3f_interfaces__rosidl_typesupport_c__pyext
[15.471s] [100%] Built target robotiq_3f_interfaces__rosidl_typesupport_fastrtps_c__pyext
[15.489s] [100%] Built target robotiq_3f_interfaces__rosidl_typesupport_introspection_c__pyext
