[0.046s] Invoking command in '/home/ubuntu/research_ws/ur10_pick_place_ws/build/ur_simulation_gazebo': CMAKE_PREFIX_PATH=${CMAKE_PREFIX_PATH}:/home/ubuntu/ur_camera_ws/install/pick_place:/home/ubuntu/ur_camera_ws/install/easy_handeye2:/opt/ros/humble /usr/bin/cmake /home/ubuntu/research_ws/ur10_pick_place_ws/src/Universal_Robots_ROS2_Gazebo_Simulation/ur_simulation_gazebo -DCMAKE_INSTALL_PREFIX=/home/ubuntu/research_ws/ur10_pick_place_ws/install/ur_simulation_gazebo
[1.127s] -- The C compiler identification is GNU 11.4.0
[1.585s] -- The CXX compiler identification is GNU 11.4.0
[1.630s] -- Detecting C compiler ABI info
[1.801s] -- Detecting C compiler ABI info - done
[1.823s] -- Check for working C compiler: /usr/bin/cc - skipped
[1.825s] -- Detecting C compile features
[1.828s] -- Detecting C compile features - done
[1.843s] -- Detecting CXX compiler ABI info
[2.034s] -- Detecting CXX compiler ABI info - done
[2.059s] -- Check for working CXX compiler: /usr/bin/c++ - skipped
[2.060s] -- Detecting CXX compile features
[2.062s] -- Detecting CXX compile features - done
[2.108s] -- Found ament_cmake: 1.3.14 (/opt/ros/humble/share/ament_cmake/cmake)
[2.847s] -- Found Python3: /usr/bin/python3 (found version "3.10.12") found components: Interpreter 
[3.255s] -- Found launch_testing_ament_cmake: 1.0.14 (/opt/ros/humble/share/launch_testing_ament_cmake/cmake)
[3.269s] -- Found python_cmake_module: 0.10.0 (/opt/ros/humble/share/python_cmake_module/cmake)
[3.349s] -- Found PythonInterp: /usr/bin/python3 (found suitable version "3.10.12", minimum required is "3.6") 
[3.411s] -- Found PythonLibs: /usr/lib/aarch64-linux-gnu/libpython3.10.so (found suitable version "3.10.12", minimum required is "3.5") 
[3.411s] -- Using PYTHON_EXECUTABLE: /usr/bin/python3
[3.412s] -- Using PYTHON_INCLUDE_DIRS: /usr/include/python3.10
[3.412s] -- Using PYTHON_LIBRARIES: /usr/lib/aarch64-linux-gnu/libpython3.10.so
[3.484s] -- Found PythonExtra: .so  
[3.500s] -- Found ament_cmake_pytest: 1.3.14 (/opt/ros/humble/share/ament_cmake_pytest/cmake)
[3.689s] -- Configuring done
[3.700s] -- Generating done
[3.707s] -- Build files have been written to: /home/ubuntu/research_ws/ur10_pick_place_ws/build/ur_simulation_gazebo
