[2026-03-27 13:47:46,193][__main__][INFO] - Detected 1 GPU(s) available, setting cfg.train.num_gpus = 1
[2026-03-27 13:47:46,195][grasp_gen.dataset.dataset][INFO] - [CACHE VALIDATION] No cache files found for split train, skipping
[2026-03-27 13:47:46,195][__main__][INFO] - Cache is imcomplete. Running in prefiltering mode first!
[2026-03-27 13:47:46,196][__main__][INFO] - Prefiltering mode. Running with 1 GPU
[2026-03-27 13:47:46,199][grasp_gen.dataset.dataset][INFO] - cache_dir: /tmp/graspgen_cache_v3/robotiq_3f
[2026-03-27 13:47:46,199][grasp_gen.dataset.dataset][INFO] - Denylist path: /tmp/graspgen_cache_v3/robotiq_3f/denylist_mesh_gen.json
[2026-03-27 13:47:46,200][grasp_gen.dataset.dataset][INFO] - Loading dataset from config: /home/ubuntu/GraspDataGen/graspgen_dataset_v3/splits/robotiq_3f/train.txt
[2026-03-27 13:47:46,200][grasp_gen.dataset.dataset][INFO] - No filtering; All datapoints are used
[2026-03-27 13:47:46,238][grasp_gen.dataset.dataset][INFO] - Preloading dataset to memory
[2026-03-27 13:47:46,239][grasp_gen.dataset.dataset][INFO] - Unable to find cache file: /tmp/graspgen_cache_v3/robotiq_3f/cache_train_mesh_gen.h5
[2026-03-27 13:47:48,823][grasp_gen.dataset.dataset][INFO] - Saving key: 06111598a57045008e5f3367eaf58873 to denylist at /tmp/graspgen_cache_v3/robotiq_3f/denylist_mesh_gen.json
[2026-03-27 13:47:50,147][grasp_gen.dataset.dataset][INFO] - Saving key: 1d09c7b931844487b000ac698fb0b5a7 to denylist at /tmp/graspgen_cache_v3/robotiq_3f/denylist_mesh_gen.json
[2026-03-27 13:47:50,356][grasp_gen.dataset.dataset][INFO] - Saving key: 4116b0b4583049d5bdf55daffb0693f3 to denylist at /tmp/graspgen_cache_v3/robotiq_3f/denylist_mesh_gen.json
[2026-03-27 13:47:50,836][grasp_gen.dataset.dataset][INFO] - Saving key: baf345bb68fd4f1a9eac39faf456682c to denylist at /tmp/graspgen_cache_v3/robotiq_3f/denylist_mesh_gen.json
[2026-03-27 13:47:53,609][grasp_gen.dataset.dataset][INFO] - Saving key: 0a3da81bfa904cafa446ab97e7a62cad to denylist at /tmp/graspgen_cache_v3/robotiq_3f/denylist_mesh_gen.json
[2026-03-27 13:47:53,826][grasp_gen.dataset.dataset][INFO] - Saving key: 4f3799a5a2bf4d58a6e623b88607642c to denylist at /tmp/graspgen_cache_v3/robotiq_3f/denylist_mesh_gen.json
[2026-03-27 13:47:54,436][grasp_gen.dataset.dataset][INFO] - Saving key: 3693fa4414f64a41b04be4aa70e35448 to denylist at /tmp/graspgen_cache_v3/robotiq_3f/denylist_mesh_gen.json
[2026-03-27 13:47:54,813][grasp_gen.dataset.dataset][INFO] - Saving key: d1f4aa651d9d4953a5a2742914b84635 to denylist at /tmp/graspgen_cache_v3/robotiq_3f/denylist_mesh_gen.json
[2026-03-27 13:47:54,927][grasp_gen.dataset.dataset][INFO] - Saving key: 539abad9c0384000a225a5145f9d5b52 to denylist at /tmp/graspgen_cache_v3/robotiq_3f/denylist_mesh_gen.json
[2026-03-27 13:47:57,284][grasp_gen.dataset.dataset][INFO] - Saving key: dc8ea337322f4170855c6162b5c2ffdf to denylist at /tmp/graspgen_cache_v3/robotiq_3f/denylist_mesh_gen.json
[2026-03-27 13:47:57,432][grasp_gen.dataset.dataset][INFO] - Saving key: b45a8a265434477a92087d0446c6db0e to denylist at /tmp/graspgen_cache_v3/robotiq_3f/denylist_mesh_gen.json
[2026-03-27 13:47:58,231][grasp_gen.dataset.dataset][INFO] - Saving key: 494397e3d7c9444e8f86440b4c00fa0d to denylist at /tmp/graspgen_cache_v3/robotiq_3f/denylist_mesh_gen.json
[2026-03-27 13:47:58,551][grasp_gen.dataset.dataset][INFO] - Saving key: 52c6db9c2f924352a9d35c2cdc881cde to denylist at /tmp/graspgen_cache_v3/robotiq_3f/denylist_mesh_gen.json
[2026-03-27 13:47:59,912][grasp_gen.dataset.dataset][INFO] - Saving key: 865a12da7eac48f5bc483e090441ccca to denylist at /tmp/graspgen_cache_v3/robotiq_3f/denylist_mesh_gen.json
[2026-03-27 13:48:00,025][grasp_gen.dataset.dataset][INFO] - Saving key: 586e9b8f4ea4483e87c70a3c45224c51 to denylist at /tmp/graspgen_cache_v3/robotiq_3f/denylist_mesh_gen.json
[2026-03-27 13:48:00,105][grasp_gen.dataset.dataset][INFO] - Saving key: 2dffea891a8a4121af4ccd29ae9aed18 to denylist at /tmp/graspgen_cache_v3/robotiq_3f/denylist_mesh_gen.json
[2026-03-27 13:48:00,920][grasp_gen.dataset.dataset][INFO] - Saving key: a7785ac7ce7f4ba79df661db33637ba9 to denylist at /tmp/graspgen_cache_v3/robotiq_3f/denylist_mesh_gen.json
[2026-03-27 13:48:01,939][grasp_gen.dataset.dataset][INFO] - Saving key: football to denylist at /tmp/graspgen_cache_v3/robotiq_3f/denylist_mesh_gen.json
[2026-03-27 13:48:02,067][grasp_gen.dataset.dataset][INFO] - Saving key: 7e6a9d9d648a448da4caef0e29c814f3 to denylist at /tmp/graspgen_cache_v3/robotiq_3f/denylist_mesh_gen.json
[2026-03-27 13:48:02,571][grasp_gen.dataset.dataset][INFO] - Saving key: c6a403de625f4a49b6a162f8cc22e0b3 to denylist at /tmp/graspgen_cache_v3/robotiq_3f/denylist_mesh_gen.json
[2026-03-27 13:48:02,743][grasp_gen.dataset.dataset][INFO] - Saving key: e951bbee28f148268bb4a534169a86aa to denylist at /tmp/graspgen_cache_v3/robotiq_3f/denylist_mesh_gen.json
[2026-03-27 13:48:07,334][grasp_gen.dataset.dataset][INFO] - Saving key: 1878341a4ac34cb49896188da4169c95 to denylist at /tmp/graspgen_cache_v3/robotiq_3f/denylist_mesh_gen.json
[2026-03-27 13:48:10,089][grasp_gen.dataset.dataset][INFO] - Saving key: 04c5a12c37454230b58f2e3d8386bf9c to denylist at /tmp/graspgen_cache_v3/robotiq_3f/denylist_mesh_gen.json
[2026-03-27 13:48:10,218][grasp_gen.dataset.dataset][INFO] - Saving key: 7a46c16e3fd1464ab598f6d6a5d17230 to denylist at /tmp/graspgen_cache_v3/robotiq_3f/denylist_mesh_gen.json
[2026-03-27 13:48:10,442][grasp_gen.dataset.dataset][INFO] - Saving key: 41a3ce0e1b0d4645a81c5cc5bcc2a636 to denylist at /tmp/graspgen_cache_v3/robotiq_3f/denylist_mesh_gen.json
[2026-03-27 13:48:10,519][grasp_gen.dataset.dataset][INFO] - Saving key: 2d1bf7963cc544cc9c12fdbdc6f03e24 to denylist at /tmp/graspgen_cache_v3/robotiq_3f/denylist_mesh_gen.json
[2026-03-27 13:48:10,706][grasp_gen.dataset.dataset][INFO] - Saving key: fc27fc019e8144d197a6b4246b251fca to denylist at /tmp/graspgen_cache_v3/robotiq_3f/denylist_mesh_gen.json
[2026-03-27 13:48:13,673][grasp_gen.dataset.dataset][INFO] - Saving key: 7b3bfdab414148a08cbf46fc105e280a to denylist at /tmp/graspgen_cache_v3/robotiq_3f/denylist_mesh_gen.json
[2026-03-27 13:48:14,283][grasp_gen.dataset.dataset][INFO] - Saving key: 73c2a42017a8411fbfc58783b694da9c to denylist at /tmp/graspgen_cache_v3/robotiq_3f/denylist_mesh_gen.json
[2026-03-27 13:48:14,931][grasp_gen.dataset.dataset][INFO] - Saving key: 7867aa1e7d7041a3af665f329829a0c1 to denylist at /tmp/graspgen_cache_v3/robotiq_3f/denylist_mesh_gen.json
[2026-03-27 13:48:14,983][grasp_gen.dataset.dataset][INFO] - Saving key: 0fa49966a0ea48f7a96a57feb167aea6 to denylist at /tmp/graspgen_cache_v3/robotiq_3f/denylist_mesh_gen.json
[2026-03-27 13:48:16,106][grasp_gen.dataset.dataset][INFO] - Saving key: bbcd5ba505c541f59b3e286e9abf3f4e to denylist at /tmp/graspgen_cache_v3/robotiq_3f/denylist_mesh_gen.json
[2026-03-27 13:48:18,567][grasp_gen.dataset.dataset][INFO] - Saving key: 32427dedc61b4fd0aacd976246117fe4 to denylist at /tmp/graspgen_cache_v3/robotiq_3f/denylist_mesh_gen.json
[2026-03-27 13:48:19,042][grasp_gen.dataset.dataset][INFO] - Saving key: 7c5e617e522441f8b3c60386d2d8c257 to denylist at /tmp/graspgen_cache_v3/robotiq_3f/denylist_mesh_gen.json
[2026-03-27 13:48:19,505][grasp_gen.dataset.dataset][INFO] - Saving key: 32c47e171fc54617aef4c5696f27a7a5 to denylist at /tmp/graspgen_cache_v3/robotiq_3f/denylist_mesh_gen.json
[2026-03-27 13:48:19,820][grasp_gen.dataset.dataset][INFO] - Saving key: 0d408468ddb94f06917ef88f7690ea61 to denylist at /tmp/graspgen_cache_v3/robotiq_3f/denylist_mesh_gen.json
[2026-03-27 13:48:20,140][grasp_gen.dataset.dataset][INFO] - Saving key: b21647005ac64c9f8e9a79a5e75a7a0e to denylist at /tmp/graspgen_cache_v3/robotiq_3f/denylist_mesh_gen.json
[2026-03-27 13:48:20,775][grasp_gen.dataset.dataset][INFO] - Saving key: 326616aa3a3e47ca8be774684ea792b5 to denylist at /tmp/graspgen_cache_v3/robotiq_3f/denylist_mesh_gen.json
[2026-03-27 13:48:20,837][grasp_gen.dataset.dataset][INFO] - Saving key: 1dc9dfe1c1f34563b0b747e741a441ac to denylist at /tmp/graspgen_cache_v3/robotiq_3f/denylist_mesh_gen.json
[2026-03-27 13:48:20,937][grasp_gen.dataset.dataset][INFO] - Saving key: 3fb280d6294a4a32a16249f4a1a62f7d to denylist at /tmp/graspgen_cache_v3/robotiq_3f/denylist_mesh_gen.json
[2026-03-27 13:48:21,072][grasp_gen.dataset.dataset][INFO] - Saving key: 8ae6080d8a0943e8b6316148a7fe61d1 to denylist at /tmp/graspgen_cache_v3/robotiq_3f/denylist_mesh_gen.json
[2026-03-27 13:48:24,798][grasp_gen.dataset.dataset][INFO] - Saving key: f19d6a3e6c6a4aa29c1d8ab2766a292d to denylist at /tmp/graspgen_cache_v3/robotiq_3f/denylist_mesh_gen.json
[2026-03-27 13:48:27,695][grasp_gen.dataset.dataset][INFO] - Saving key: 0beaa1b3ce4e4e10b5a9923dbb6cc4e5 to denylist at /tmp/graspgen_cache_v3/robotiq_3f/denylist_mesh_gen.json
[2026-03-27 13:48:29,538][grasp_gen.dataset.dataset][INFO] - Saving key: 04c91ce29a4d475882fb74b611fea099 to denylist at /tmp/graspgen_cache_v3/robotiq_3f/denylist_mesh_gen.json
[2026-03-27 13:48:30,141][grasp_gen.dataset.dataset][INFO] - Saving key: 033a61d66f7646ceaac357b502a5f5dc to denylist at /tmp/graspgen_cache_v3/robotiq_3f/denylist_mesh_gen.json
[2026-03-27 13:48:30,192][grasp_gen.dataset.dataset][INFO] - Saving key: 0da7a740994e47418e6bec9010fbca0a to denylist at /tmp/graspgen_cache_v3/robotiq_3f/denylist_mesh_gen.json
[2026-03-27 13:48:30,991][grasp_gen.dataset.dataset][INFO] - Saving key: hammer to denylist at /tmp/graspgen_cache_v3/robotiq_3f/denylist_mesh_gen.json
[2026-03-27 13:48:31,135][grasp_gen.dataset.dataset][INFO] - Saving key: 9d9557c5f3af4639bcacf468e4e5182a to denylist at /tmp/graspgen_cache_v3/robotiq_3f/denylist_mesh_gen.json
[2026-03-27 13:48:31,874][grasp_gen.dataset.dataset][INFO] - Saving key: 2aa3256dfecf440a8bb26fdd17fa73c3 to denylist at /tmp/graspgen_cache_v3/robotiq_3f/denylist_mesh_gen.json
[2026-03-27 13:48:31,994][grasp_gen.dataset.dataset][INFO] - Saving key: 67e0432c7bea402f9fe6a8bd4073146f to denylist at /tmp/graspgen_cache_v3/robotiq_3f/denylist_mesh_gen.json
[2026-03-27 13:48:32,171][grasp_gen.dataset.dataset][INFO] - Saving key: e4961832b20c4959ad059fced0fbb529 to denylist at /tmp/graspgen_cache_v3/robotiq_3f/denylist_mesh_gen.json
[2026-03-27 13:48:33,603][grasp_gen.dataset.dataset][INFO] - Saving key: 2b3717f437ab4bb89796d6fdd44db9ea to denylist at /tmp/graspgen_cache_v3/robotiq_3f/denylist_mesh_gen.json
[2026-03-27 13:48:34,902][grasp_gen.dataset.dataset][INFO] - Saving key: 5e0f504bb5d144809390dac8c66a6dd5 to denylist at /tmp/graspgen_cache_v3/robotiq_3f/denylist_mesh_gen.json
[2026-03-27 13:48:35,286][grasp_gen.dataset.dataset][INFO] - Saving key: cfbfff197509468b94534dbee3e4a287 to denylist at /tmp/graspgen_cache_v3/robotiq_3f/denylist_mesh_gen.json
[2026-03-27 13:48:35,431][grasp_gen.dataset.dataset][INFO] - Saving key: a800eb049d5f4ccaa85649d23ccd117f to denylist at /tmp/graspgen_cache_v3/robotiq_3f/denylist_mesh_gen.json
[2026-03-27 13:48:37,809][grasp_gen.dataset.dataset][INFO] - Saving key: mailbox to denylist at /tmp/graspgen_cache_v3/robotiq_3f/denylist_mesh_gen.json
[2026-03-27 13:48:38,760][grasp_gen.dataset.dataset][INFO] - Saving key: 3b12b5a5f067430b9c7a2d4b7d1dc467 to denylist at /tmp/graspgen_cache_v3/robotiq_3f/denylist_mesh_gen.json
[2026-03-27 13:48:49,939][grasp_gen.dataset.dataset][INFO] - Saving key: e51a29d61d6b4ed09537de40eb695617 to denylist at /tmp/graspgen_cache_v3/robotiq_3f/denylist_mesh_gen.json
[2026-03-27 13:48:50,808][grasp_gen.dataset.dataset][INFO] - Saving key: 34fa7bb706af4ee19c0bdee1cad4c710 to denylist at /tmp/graspgen_cache_v3/robotiq_3f/denylist_mesh_gen.json
[2026-03-27 13:48:50,862][grasp_gen.dataset.dataset][INFO] - Saving key: 1557fd3289104918ab475b8e1e6c7063 to denylist at /tmp/graspgen_cache_v3/robotiq_3f/denylist_mesh_gen.json
[2026-03-27 13:48:52,018][grasp_gen.dataset.dataset][INFO] - Saving key: 43b9952b39d14295bfcc357786092c51 to denylist at /tmp/graspgen_cache_v3/robotiq_3f/denylist_mesh_gen.json
[2026-03-27 13:48:52,115][grasp_gen.dataset.dataset][INFO] - Saving key: 3878dbe176654c1f984805deee25aca5 to denylist at /tmp/graspgen_cache_v3/robotiq_3f/denylist_mesh_gen.json
[2026-03-27 13:48:55,898][grasp_gen.dataset.dataset][INFO] - Saving key: 294ab037e7004247ad775d657d3d4144 to denylist at /tmp/graspgen_cache_v3/robotiq_3f/denylist_mesh_gen.json
[2026-03-27 13:48:58,147][grasp_gen.dataset.dataset][INFO] - Saving key: 2f8cf49400954961866ff97e4d74080c to denylist at /tmp/graspgen_cache_v3/robotiq_3f/denylist_mesh_gen.json
[2026-03-27 13:48:58,325][grasp_gen.dataset.dataset][INFO] - Saving key: dfda6e71d079425ea07a55ea47b94da2 to denylist at /tmp/graspgen_cache_v3/robotiq_3f/denylist_mesh_gen.json
[2026-03-27 13:48:58,454][grasp_gen.dataset.dataset][INFO] - Saving key: 765572af5003423aa4e18230c4620dc1 to denylist at /tmp/graspgen_cache_v3/robotiq_3f/denylist_mesh_gen.json
[2026-03-27 13:48:58,462][grasp_gen.dataset.dataset_utils][INFO] - Deleting old cache at /tmp/graspgen_cache_v3/robotiq_3f/cache_train_mesh_gen.h5
[2026-03-27 13:48:59,485][grasp_gen.dataset.dataset_utils][INFO] - Saving cache to /tmp/graspgen_cache_v3/robotiq_3f/cache_train_mesh_gen.h5 took 1.0233352184295654(s)
[2026-03-27 13:48:59,486][grasp_gen.utils.train_utils][INFO] - Dataset for train has 181 datapoints
[2026-03-27 13:48:59,488][grasp_gen.dataset.dataset][INFO] - cache_dir: /tmp/graspgen_cache_v3/robotiq_3f
[2026-03-27 13:48:59,488][grasp_gen.dataset.dataset][INFO] - Denylist path: /tmp/graspgen_cache_v3/robotiq_3f/denylist_mesh_gen.json
[2026-03-27 13:48:59,489][grasp_gen.dataset.dataset][INFO] - Loading dataset from config: /home/ubuntu/GraspDataGen/graspgen_dataset_v3/splits/robotiq_3f/valid.txt
[2026-03-27 13:48:59,489][grasp_gen.dataset.dataset][INFO] - 0 out of 46 scenes in denylist. Final number of datapoints 46
[2026-03-27 13:48:59,527][grasp_gen.dataset.dataset][INFO] - Preloading dataset to memory
[2026-03-27 13:48:59,527][grasp_gen.dataset.dataset][INFO] - Unable to find cache file: /tmp/graspgen_cache_v3/robotiq_3f/cache_valid_mesh_gen.h5
[2026-03-27 13:48:59,691][grasp_gen.dataset.dataset][INFO] - Saving key: c6b4b6a6b83545f0bbe9fb5ec0b4144f to denylist at /tmp/graspgen_cache_v3/robotiq_3f/denylist_mesh_gen.json
[2026-03-27 13:49:00,061][grasp_gen.dataset.dataset][INFO] - Saving key: 2aec8d7d14a648d998e8e49a4f73960f to denylist at /tmp/graspgen_cache_v3/robotiq_3f/denylist_mesh_gen.json
[2026-03-27 13:49:00,132][grasp_gen.dataset.dataset][INFO] - Saving key: 24f0c5db0f4548f09bbdc57cc61a4353 to denylist at /tmp/graspgen_cache_v3/robotiq_3f/denylist_mesh_gen.json
[2026-03-27 13:49:05,489][grasp_gen.dataset.dataset][INFO] - Saving key: a2fdd459222d4f7daf89c5621d2c9635 to denylist at /tmp/graspgen_cache_v3/robotiq_3f/denylist_mesh_gen.json
[2026-03-27 13:49:08,751][grasp_gen.dataset.dataset][ERROR] - 17: Unable to preload object even after sampling pc 1 times
[2026-03-27 13:49:08,752][grasp_gen.dataset.dataset][INFO] - Saving key: c6f83195a0fe4e6caaed345f4eac6b5b to denylist at /tmp/graspgen_cache_v3/robotiq_3f/denylist_mesh_gen.json
[2026-03-27 13:49:10,852][grasp_gen.dataset.dataset][INFO] - Saving key: a25540fc03ba400faf012d4f68b7ba41 to denylist at /tmp/graspgen_cache_v3/robotiq_3f/denylist_mesh_gen.json
[2026-03-27 13:49:11,033][grasp_gen.dataset.dataset][INFO] - Saving key: f51306c13cd14d38bdcd7a31d8804bfb to denylist at /tmp/graspgen_cache_v3/robotiq_3f/denylist_mesh_gen.json
[2026-03-27 13:49:11,650][grasp_gen.dataset.dataset][INFO] - Saving key: 6b3afe782b204dfba87a03ddaf222958 to denylist at /tmp/graspgen_cache_v3/robotiq_3f/denylist_mesh_gen.json
[2026-03-27 13:49:16,722][grasp_gen.dataset.dataset][INFO] - Saving key: 58b83bbd84e14b6aaba941a00ac76413 to denylist at /tmp/graspgen_cache_v3/robotiq_3f/denylist_mesh_gen.json
[2026-03-27 13:49:17,698][grasp_gen.dataset.dataset][INFO] - Saving key: ca30c85074dd4dd38bcdb447f1643a8a to denylist at /tmp/graspgen_cache_v3/robotiq_3f/denylist_mesh_gen.json
[2026-03-27 13:49:21,463][grasp_gen.dataset.dataset_utils][INFO] - Deleting old cache at /tmp/graspgen_cache_v3/robotiq_3f/cache_valid_mesh_gen.h5
[2026-03-27 13:49:21,735][grasp_gen.dataset.dataset_utils][INFO] - Saving cache to /tmp/graspgen_cache_v3/robotiq_3f/cache_valid_mesh_gen.h5 took 0.2712392807006836(s)
[2026-03-27 13:49:21,735][grasp_gen.utils.train_utils][INFO] - Dataset for valid has 46 datapoints
[2026-03-27 13:49:21,798][grasp_gen.models.discriminator][INFO] - Pose representation is mlp
[2026-03-27 13:49:21,902][grasp_gen.utils.train_utils][INFO] - Using ADAM, LR 5e-05
[2026-03-27 13:49:22,272][__main__][INFO] - Number of parameters in discriminator model: 3281857
[2026-03-27 13:49:22,272][__main__][INFO] - Attempting to load checkpoint from None
[2026-03-27 13:49:22,299][__main__][INFO] - Saved training configuration to /home/ubuntu/GraspDataGen/training_logs/robotiq_3f_disc_v3/config.yaml
[2026-03-27 13:49:22,299][__main__][INFO] - Training starting at epoch 1 and batch index 0
