[0.008s] Invoking command in '/home/user/research_ws/ur10_pick_place_ws/build/ur10_camera_gripper_moveit_config': AMENT_PREFIX_PATH=/home/user/research_ws/ur10_pick_place_ws/install/ur_yt_sim:/home/user/research_ws/ur10_pick_place_ws/install/linkattacher_msgs:${AMENT_PREFIX_PATH} CMAKE_PREFIX_PATH=/home/user/research_ws/ur10_pick_place_ws/install/ur_yt_sim:/home/user/research_ws/ur10_pick_place_ws/install/linkattacher_msgs:/opt/ros/humble LD_LIBRARY_PATH=/home/user/research_ws/ur10_pick_place_ws/install/linkattacher_msgs/lib:${LD_LIBRARY_PATH} PYTHONPATH=/home/user/research_ws/ur10_pick_place_ws/install/linkattacher_msgs/local/lib/python3.10/dist-packages:${PYTHONPATH} /usr/bin/cmake --build /home/user/research_ws/ur10_pick_place_ws/build/ur10_camera_gripper_moveit_config -- -j32 -l32
[0.039s] Invoked command in '/home/user/research_ws/ur10_pick_place_ws/build/ur10_camera_gripper_moveit_config' returned '0': AMENT_PREFIX_PATH=/home/user/research_ws/ur10_pick_place_ws/install/ur_yt_sim:/home/user/research_ws/ur10_pick_place_ws/install/linkattacher_msgs:${AMENT_PREFIX_PATH} CMAKE_PREFIX_PATH=/home/user/research_ws/ur10_pick_place_ws/install/ur_yt_sim:/home/user/research_ws/ur10_pick_place_ws/install/linkattacher_msgs:/opt/ros/humble LD_LIBRARY_PATH=/home/user/research_ws/ur10_pick_place_ws/install/linkattacher_msgs/lib:${LD_LIBRARY_PATH} PYTHONPATH=/home/user/research_ws/ur10_pick_place_ws/install/linkattacher_msgs/local/lib/python3.10/dist-packages:${PYTHONPATH} /usr/bin/cmake --build /home/user/research_ws/ur10_pick_place_ws/build/ur10_camera_gripper_moveit_config -- -j32 -l32
[0.040s] Invoking command in '/home/user/research_ws/ur10_pick_place_ws/build/ur10_camera_gripper_moveit_config': AMENT_PREFIX_PATH=/home/user/research_ws/ur10_pick_place_ws/install/ur_yt_sim:/home/user/research_ws/ur10_pick_place_ws/install/linkattacher_msgs:${AMENT_PREFIX_PATH} CMAKE_PREFIX_PATH=/home/user/research_ws/ur10_pick_place_ws/install/ur_yt_sim:/home/user/research_ws/ur10_pick_place_ws/install/linkattacher_msgs:/opt/ros/humble LD_LIBRARY_PATH=/home/user/research_ws/ur10_pick_place_ws/install/linkattacher_msgs/lib:${LD_LIBRARY_PATH} PYTHONPATH=/home/user/research_ws/ur10_pick_place_ws/install/linkattacher_msgs/local/lib/python3.10/dist-packages:${PYTHONPATH} /usr/bin/cmake --install /home/user/research_ws/ur10_pick_place_ws/build/ur10_camera_gripper_moveit_config
[0.046s] -- Install configuration: ""
[0.046s] -- Up-to-date: /home/user/research_ws/ur10_pick_place_ws/install/ur10_camera_gripper_moveit_config/share/ament_index/resource_index/package_run_dependencies/ur10_camera_gripper_moveit_config
[0.046s] -- Up-to-date: /home/user/research_ws/ur10_pick_place_ws/install/ur10_camera_gripper_moveit_config/share/ament_index/resource_index/parent_prefix_path/ur10_camera_gripper_moveit_config
[0.046s] -- Up-to-date: /home/user/research_ws/ur10_pick_place_ws/install/ur10_camera_gripper_moveit_config/share/ur10_camera_gripper_moveit_config/environment/ament_prefix_path.sh
[0.046s] -- Up-to-date: /home/user/research_ws/ur10_pick_place_ws/install/ur10_camera_gripper_moveit_config/share/ur10_camera_gripper_moveit_config/environment/ament_prefix_path.dsv
[0.046s] -- Up-to-date: /home/user/research_ws/ur10_pick_place_ws/install/ur10_camera_gripper_moveit_config/share/ur10_camera_gripper_moveit_config/environment/path.sh
[0.046s] -- Up-to-date: /home/user/research_ws/ur10_pick_place_ws/install/ur10_camera_gripper_moveit_config/share/ur10_camera_gripper_moveit_config/environment/path.dsv
[0.046s] -- Up-to-date: /home/user/research_ws/ur10_pick_place_ws/install/ur10_camera_gripper_moveit_config/share/ur10_camera_gripper_moveit_config/local_setup.bash
[0.046s] -- Up-to-date: /home/user/research_ws/ur10_pick_place_ws/install/ur10_camera_gripper_moveit_config/share/ur10_camera_gripper_moveit_config/local_setup.sh
[0.046s] -- Up-to-date: /home/user/research_ws/ur10_pick_place_ws/install/ur10_camera_gripper_moveit_config/share/ur10_camera_gripper_moveit_config/local_setup.zsh
[0.046s] -- Up-to-date: /home/user/research_ws/ur10_pick_place_ws/install/ur10_camera_gripper_moveit_config/share/ur10_camera_gripper_moveit_config/local_setup.dsv
[0.046s] -- Up-to-date: /home/user/research_ws/ur10_pick_place_ws/install/ur10_camera_gripper_moveit_config/share/ur10_camera_gripper_moveit_config/package.dsv
[0.046s] -- Up-to-date: /home/user/research_ws/ur10_pick_place_ws/install/ur10_camera_gripper_moveit_config/share/ament_index/resource_index/packages/ur10_camera_gripper_moveit_config
[0.046s] -- Up-to-date: /home/user/research_ws/ur10_pick_place_ws/install/ur10_camera_gripper_moveit_config/share/ur10_camera_gripper_moveit_config/cmake/ur10_camera_gripper_moveit_configConfig.cmake
[0.047s] -- Up-to-date: /home/user/research_ws/ur10_pick_place_ws/install/ur10_camera_gripper_moveit_config/share/ur10_camera_gripper_moveit_config/cmake/ur10_camera_gripper_moveit_configConfig-version.cmake
[0.047s] -- Up-to-date: /home/user/research_ws/ur10_pick_place_ws/install/ur10_camera_gripper_moveit_config/share/ur10_camera_gripper_moveit_config/package.xml
[0.047s] -- Up-to-date: /home/user/research_ws/ur10_pick_place_ws/install/ur10_camera_gripper_moveit_config/share/ur10_camera_gripper_moveit_config/launch
[0.047s] -- Up-to-date: /home/user/research_ws/ur10_pick_place_ws/install/ur10_camera_gripper_moveit_config/share/ur10_camera_gripper_moveit_config/launch/setup_assistant.launch.py
[0.047s] -- Up-to-date: /home/user/research_ws/ur10_pick_place_ws/install/ur10_camera_gripper_moveit_config/share/ur10_camera_gripper_moveit_config/launch/rsp.launch.py
[0.047s] -- Up-to-date: /home/user/research_ws/ur10_pick_place_ws/install/ur10_camera_gripper_moveit_config/share/ur10_camera_gripper_moveit_config/launch/static_virtual_joint_tfs.launch.py
[0.047s] -- Up-to-date: /home/user/research_ws/ur10_pick_place_ws/install/ur10_camera_gripper_moveit_config/share/ur10_camera_gripper_moveit_config/launch/warehouse_db.launch.py
[0.047s] -- Up-to-date: /home/user/research_ws/ur10_pick_place_ws/install/ur10_camera_gripper_moveit_config/share/ur10_camera_gripper_moveit_config/launch/spawn_controllers.launch.py
[0.047s] -- Up-to-date: /home/user/research_ws/ur10_pick_place_ws/install/ur10_camera_gripper_moveit_config/share/ur10_camera_gripper_moveit_config/launch/ur10_gazebo_moveit.launch.py
[0.047s] -- Up-to-date: /home/user/research_ws/ur10_pick_place_ws/install/ur10_camera_gripper_moveit_config/share/ur10_camera_gripper_moveit_config/launch/moveit_rviz.launch.py
[0.047s] -- Up-to-date: /home/user/research_ws/ur10_pick_place_ws/install/ur10_camera_gripper_moveit_config/share/ur10_camera_gripper_moveit_config/launch/demo.launch.py
[0.047s] -- Up-to-date: /home/user/research_ws/ur10_pick_place_ws/install/ur10_camera_gripper_moveit_config/share/ur10_camera_gripper_moveit_config/launch/move_group.launch.py
[0.047s] -- Up-to-date: /home/user/research_ws/ur10_pick_place_ws/install/ur10_camera_gripper_moveit_config/share/ur10_camera_gripper_moveit_config/config
[0.047s] -- Up-to-date: /home/user/research_ws/ur10_pick_place_ws/install/ur10_camera_gripper_moveit_config/share/ur10_camera_gripper_moveit_config/config/trajopt_planning.yaml
[0.047s] -- Up-to-date: /home/user/research_ws/ur10_pick_place_ws/install/ur10_camera_gripper_moveit_config/share/ur10_camera_gripper_moveit_config/config/ur.srdf
[0.047s] -- Up-to-date: /home/user/research_ws/ur10_pick_place_ws/install/ur10_camera_gripper_moveit_config/share/ur10_camera_gripper_moveit_config/config/pilz_industrial_motion_planner_planning.yaml
[0.047s] -- Up-to-date: /home/user/research_ws/ur10_pick_place_ws/install/ur10_camera_gripper_moveit_config/share/ur10_camera_gripper_moveit_config/config/lerp_planning.yaml
[0.047s] -- Up-to-date: /home/user/research_ws/ur10_pick_place_ws/install/ur10_camera_gripper_moveit_config/share/ur10_camera_gripper_moveit_config/config/chomp_planning.yaml
[0.047s] -- Up-to-date: /home/user/research_ws/ur10_pick_place_ws/install/ur10_camera_gripper_moveit_config/share/ur10_camera_gripper_moveit_config/config/sensors_3d.yaml
[0.047s] -- Up-to-date: /home/user/research_ws/ur10_pick_place_ws/install/ur10_camera_gripper_moveit_config/share/ur10_camera_gripper_moveit_config/config/ur.urdf.xacro
[0.047s] -- Up-to-date: /home/user/research_ws/ur10_pick_place_ws/install/ur10_camera_gripper_moveit_config/share/ur10_camera_gripper_moveit_config/config/ur.ros2_control.xacro
[0.048s] -- Up-to-date: /home/user/research_ws/ur10_pick_place_ws/install/ur10_camera_gripper_moveit_config/share/ur10_camera_gripper_moveit_config/config/ros2_controllers.yaml
[0.048s] -- Up-to-date: /home/user/research_ws/ur10_pick_place_ws/install/ur10_camera_gripper_moveit_config/share/ur10_camera_gripper_moveit_config/config/ur10_robotiq_3f.rviz
[0.048s] -- Up-to-date: /home/user/research_ws/ur10_pick_place_ws/install/ur10_camera_gripper_moveit_config/share/ur10_camera_gripper_moveit_config/config/ompl_planning.yaml
[0.048s] -- Up-to-date: /home/user/research_ws/ur10_pick_place_ws/install/ur10_camera_gripper_moveit_config/share/ur10_camera_gripper_moveit_config/config/moveit_controllers.yaml
[0.048s] -- Up-to-date: /home/user/research_ws/ur10_pick_place_ws/install/ur10_camera_gripper_moveit_config/share/ur10_camera_gripper_moveit_config/config/pilz_cartesian_limits.yaml
[0.048s] -- Up-to-date: /home/user/research_ws/ur10_pick_place_ws/install/ur10_camera_gripper_moveit_config/share/ur10_camera_gripper_moveit_config/config/initial_positions.yaml
[0.048s] -- Up-to-date: /home/user/research_ws/ur10_pick_place_ws/install/ur10_camera_gripper_moveit_config/share/ur10_camera_gripper_moveit_config/config/ur.urdf
[0.048s] -- Up-to-date: /home/user/research_ws/ur10_pick_place_ws/install/ur10_camera_gripper_moveit_config/share/ur10_camera_gripper_moveit_config/config/joint_limits.yaml
[0.048s] -- Up-to-date: /home/user/research_ws/ur10_pick_place_ws/install/ur10_camera_gripper_moveit_config/share/ur10_camera_gripper_moveit_config/config/moveit.rviz
[0.048s] -- Up-to-date: /home/user/research_ws/ur10_pick_place_ws/install/ur10_camera_gripper_moveit_config/share/ur10_camera_gripper_moveit_config/config/kinematics.yaml
[0.048s] -- Up-to-date: /home/user/research_ws/ur10_pick_place_ws/install/ur10_camera_gripper_moveit_config/share/ur10_camera_gripper_moveit_config/.setup_assistant
[0.049s] Invoked command in '/home/user/research_ws/ur10_pick_place_ws/build/ur10_camera_gripper_moveit_config' returned '0': AMENT_PREFIX_PATH=/home/user/research_ws/ur10_pick_place_ws/install/ur_yt_sim:/home/user/research_ws/ur10_pick_place_ws/install/linkattacher_msgs:${AMENT_PREFIX_PATH} CMAKE_PREFIX_PATH=/home/user/research_ws/ur10_pick_place_ws/install/ur_yt_sim:/home/user/research_ws/ur10_pick_place_ws/install/linkattacher_msgs:/opt/ros/humble LD_LIBRARY_PATH=/home/user/research_ws/ur10_pick_place_ws/install/linkattacher_msgs/lib:${LD_LIBRARY_PATH} PYTHONPATH=/home/user/research_ws/ur10_pick_place_ws/install/linkattacher_msgs/local/lib/python3.10/dist-packages:${PYTHONPATH} /usr/bin/cmake --install /home/user/research_ws/ur10_pick_place_ws/build/ur10_camera_gripper_moveit_config
