[2026-03-23 16:25:26,450][__main__][INFO] - Detected 1 GPU(s) available, setting cfg.train.num_gpus = 1
[2026-03-23 16:25:26,452][grasp_gen.dataset.dataset][INFO] - [CACHE VALIDATION] No cache files found for split train, skipping
[2026-03-23 16:25:26,452][__main__][INFO] - Cache is imcomplete. Running in prefiltering mode first!
[2026-03-23 16:25:26,452][__main__][INFO] - Prefiltering mode. Running with 1 GPU
[2026-03-23 16:25:26,455][grasp_gen.dataset.dataset][INFO] - cache_dir: /tmp/graspgen_cache/robotiq_3f
[2026-03-23 16:25:26,455][grasp_gen.dataset.dataset][INFO] - Denylist path: /tmp/graspgen_cache/robotiq_3f/denylist_mesh_dis.json
[2026-03-23 16:25:26,456][grasp_gen.dataset.dataset][INFO] - Loading dataset from config: /home/ubuntu/GraspDataGen/graspgen_dataset/splits/robotiq_3f/train.txt
[2026-03-23 16:25:26,456][grasp_gen.dataset.dataset][INFO] - No filtering; All datapoints are used
[2026-03-23 16:25:26,493][grasp_gen.dataset.dataset][INFO] - Preloading dataset to memory
[2026-03-23 16:25:26,494][grasp_gen.dataset.dataset][INFO] - Unable to find cache file: /tmp/graspgen_cache/robotiq_3f/cache_train_mesh_dis.h5
[2026-03-23 16:25:38,284][grasp_gen.dataset.dataset_utils][INFO] - Deleting old cache at /tmp/graspgen_cache/robotiq_3f/cache_train_mesh_dis.h5
[2026-03-23 16:25:38,407][grasp_gen.dataset.dataset_utils][INFO] - Saving cache to /tmp/graspgen_cache/robotiq_3f/cache_train_mesh_dis.h5 took 0.12331390380859375(s)
[2026-03-23 16:25:38,407][grasp_gen.utils.train_utils][INFO] - Dataset for train has 10 datapoints
[2026-03-23 16:25:38,409][grasp_gen.dataset.dataset][INFO] - cache_dir: /tmp/graspgen_cache/robotiq_3f
[2026-03-23 16:25:38,410][grasp_gen.dataset.dataset][INFO] - Denylist path: /tmp/graspgen_cache/robotiq_3f/denylist_mesh_dis.json
[2026-03-23 16:25:38,410][grasp_gen.dataset.dataset][INFO] - Loading dataset from config: /home/ubuntu/GraspDataGen/graspgen_dataset/splits/robotiq_3f/valid.txt
[2026-03-23 16:25:38,410][grasp_gen.dataset.dataset][INFO] - No filtering; All datapoints are used
[2026-03-23 16:25:38,450][grasp_gen.dataset.dataset][INFO] - Preloading dataset to memory
[2026-03-23 16:25:38,450][grasp_gen.dataset.dataset][INFO] - Unable to find cache file: /tmp/graspgen_cache/robotiq_3f/cache_valid_mesh_dis.h5
[2026-03-23 16:25:42,045][grasp_gen.dataset.dataset_utils][INFO] - Deleting old cache at /tmp/graspgen_cache/robotiq_3f/cache_valid_mesh_dis.h5
[2026-03-23 16:25:42,070][grasp_gen.dataset.dataset_utils][INFO] - Saving cache to /tmp/graspgen_cache/robotiq_3f/cache_valid_mesh_dis.h5 took 0.025357484817504883(s)
[2026-03-23 16:25:42,071][grasp_gen.utils.train_utils][INFO] - Dataset for valid has 3 datapoints
[2026-03-23 16:25:42,129][grasp_gen.models.discriminator][INFO] - Pose representation is mlp
[2026-03-23 16:25:42,249][grasp_gen.utils.train_utils][INFO] - Using ADAM, LR 5e-05
[2026-03-23 16:25:42,633][__main__][INFO] - Number of parameters in discriminator model: 3281857
[2026-03-23 16:25:42,633][__main__][INFO] - Attempting to load checkpoint from None
[2026-03-23 16:25:42,659][__main__][INFO] - Saved training configuration to /home/ubuntu/GraspDataGen/training_logs/robotiq_3f_disc/config.yaml
[2026-03-23 16:25:42,659][__main__][INFO] - Training starting at epoch 1 and batch index 0
