[0.012s] Invoking command in '/home/user/research_ws/ur10_pick_place_ws/build/ur10_camera_gripper_moveit_config': CMAKE_PREFIX_PATH=/home/user/research_ws/ur10_pick_place_ws/install/ur_yt_sim:/home/user/research_ws/ur10_pick_place_ws/install/linkattacher_msgs:/home/user/research_ws/ur10_pick_place_ws/install/ur10_camera_gripper_moveit_config:/home/user/research_ws/ur10_pick_place_ws/install/ur_simulation_gazebo:/home/user/research_ws/ur10_pick_place_ws/install/ros2_linkattacher:/home/user/research_ws/ur10_pick_place_ws/install/robotiq_description:/home/user/research_ws/ur10_pick_place_ws/install/robotiq_controllers:/home/user/research_ws/ur10_pick_place_ws/install/robotiq_3f_interfaces:/home/user/research_ws/ur10_pick_place_ws/install/robotiq_3f_description:/opt/ros/humble LD_LIBRARY_PATH=/home/user/research_ws/ur10_pick_place_ws/install/linkattacher_msgs/lib:/home/user/research_ws/ur10_pick_place_ws/install/ros2_linkattacher/lib:/home/user/research_ws/ur10_pick_place_ws/install/robotiq_controllers/lib:/home/user/research_ws/ur10_pick_place_ws/install/robotiq_3f_interfaces/lib:/usr/lib/x86_64-linux-gnu/gazebo-11/plugins:/opt/ros/humble/opt/rviz_ogre_vendor/lib:/opt/ros/humble/lib/x86_64-linux-gnu:/opt/ros/humble/lib /usr/bin/cmake --build /home/user/research_ws/ur10_pick_place_ws/build/ur10_camera_gripper_moveit_config -- -j32 -l32
[0.050s] Invoked command in '/home/user/research_ws/ur10_pick_place_ws/build/ur10_camera_gripper_moveit_config' returned '0': CMAKE_PREFIX_PATH=/home/user/research_ws/ur10_pick_place_ws/install/ur_yt_sim:/home/user/research_ws/ur10_pick_place_ws/install/linkattacher_msgs:/home/user/research_ws/ur10_pick_place_ws/install/ur10_camera_gripper_moveit_config:/home/user/research_ws/ur10_pick_place_ws/install/ur_simulation_gazebo:/home/user/research_ws/ur10_pick_place_ws/install/ros2_linkattacher:/home/user/research_ws/ur10_pick_place_ws/install/robotiq_description:/home/user/research_ws/ur10_pick_place_ws/install/robotiq_controllers:/home/user/research_ws/ur10_pick_place_ws/install/robotiq_3f_interfaces:/home/user/research_ws/ur10_pick_place_ws/install/robotiq_3f_description:/opt/ros/humble LD_LIBRARY_PATH=/home/user/research_ws/ur10_pick_place_ws/install/linkattacher_msgs/lib:/home/user/research_ws/ur10_pick_place_ws/install/ros2_linkattacher/lib:/home/user/research_ws/ur10_pick_place_ws/install/robotiq_controllers/lib:/home/user/research_ws/ur10_pick_place_ws/install/robotiq_3f_interfaces/lib:/usr/lib/x86_64-linux-gnu/gazebo-11/plugins:/opt/ros/humble/opt/rviz_ogre_vendor/lib:/opt/ros/humble/lib/x86_64-linux-gnu:/opt/ros/humble/lib /usr/bin/cmake --build /home/user/research_ws/ur10_pick_place_ws/build/ur10_camera_gripper_moveit_config -- -j32 -l32
[0.052s] Invoking command in '/home/user/research_ws/ur10_pick_place_ws/build/ur10_camera_gripper_moveit_config': CMAKE_PREFIX_PATH=/home/user/research_ws/ur10_pick_place_ws/install/ur_yt_sim:/home/user/research_ws/ur10_pick_place_ws/install/linkattacher_msgs:/home/user/research_ws/ur10_pick_place_ws/install/ur10_camera_gripper_moveit_config:/home/user/research_ws/ur10_pick_place_ws/install/ur_simulation_gazebo:/home/user/research_ws/ur10_pick_place_ws/install/ros2_linkattacher:/home/user/research_ws/ur10_pick_place_ws/install/robotiq_description:/home/user/research_ws/ur10_pick_place_ws/install/robotiq_controllers:/home/user/research_ws/ur10_pick_place_ws/install/robotiq_3f_interfaces:/home/user/research_ws/ur10_pick_place_ws/install/robotiq_3f_description:/opt/ros/humble LD_LIBRARY_PATH=/home/user/research_ws/ur10_pick_place_ws/install/linkattacher_msgs/lib:/home/user/research_ws/ur10_pick_place_ws/install/ros2_linkattacher/lib:/home/user/research_ws/ur10_pick_place_ws/install/robotiq_controllers/lib:/home/user/research_ws/ur10_pick_place_ws/install/robotiq_3f_interfaces/lib:/usr/lib/x86_64-linux-gnu/gazebo-11/plugins:/opt/ros/humble/opt/rviz_ogre_vendor/lib:/opt/ros/humble/lib/x86_64-linux-gnu:/opt/ros/humble/lib /usr/bin/cmake --install /home/user/research_ws/ur10_pick_place_ws/build/ur10_camera_gripper_moveit_config
[0.058s] -- Install configuration: ""
[0.058s] -- Up-to-date: /home/user/research_ws/ur10_pick_place_ws/install/ur10_camera_gripper_moveit_config/share/ament_index/resource_index/package_run_dependencies/ur10_camera_gripper_moveit_config
[0.058s] -- Up-to-date: /home/user/research_ws/ur10_pick_place_ws/install/ur10_camera_gripper_moveit_config/share/ament_index/resource_index/parent_prefix_path/ur10_camera_gripper_moveit_config
[0.058s] -- Up-to-date: /home/user/research_ws/ur10_pick_place_ws/install/ur10_camera_gripper_moveit_config/share/ur10_camera_gripper_moveit_config/environment/ament_prefix_path.sh
[0.058s] -- Up-to-date: /home/user/research_ws/ur10_pick_place_ws/install/ur10_camera_gripper_moveit_config/share/ur10_camera_gripper_moveit_config/environment/ament_prefix_path.dsv
[0.058s] -- Up-to-date: /home/user/research_ws/ur10_pick_place_ws/install/ur10_camera_gripper_moveit_config/share/ur10_camera_gripper_moveit_config/environment/path.sh
[0.058s] -- Up-to-date: /home/user/research_ws/ur10_pick_place_ws/install/ur10_camera_gripper_moveit_config/share/ur10_camera_gripper_moveit_config/environment/path.dsv
[0.058s] -- Up-to-date: /home/user/research_ws/ur10_pick_place_ws/install/ur10_camera_gripper_moveit_config/share/ur10_camera_gripper_moveit_config/local_setup.bash
[0.058s] -- Up-to-date: /home/user/research_ws/ur10_pick_place_ws/install/ur10_camera_gripper_moveit_config/share/ur10_camera_gripper_moveit_config/local_setup.sh
[0.058s] -- Up-to-date: /home/user/research_ws/ur10_pick_place_ws/install/ur10_camera_gripper_moveit_config/share/ur10_camera_gripper_moveit_config/local_setup.zsh
[0.058s] -- Up-to-date: /home/user/research_ws/ur10_pick_place_ws/install/ur10_camera_gripper_moveit_config/share/ur10_camera_gripper_moveit_config/local_setup.dsv
[0.058s] -- Installing: /home/user/research_ws/ur10_pick_place_ws/install/ur10_camera_gripper_moveit_config/share/ur10_camera_gripper_moveit_config/package.dsv
[0.059s] -- Up-to-date: /home/user/research_ws/ur10_pick_place_ws/install/ur10_camera_gripper_moveit_config/share/ament_index/resource_index/packages/ur10_camera_gripper_moveit_config
[0.059s] -- Up-to-date: /home/user/research_ws/ur10_pick_place_ws/install/ur10_camera_gripper_moveit_config/share/ur10_camera_gripper_moveit_config/cmake/ur10_camera_gripper_moveit_configConfig.cmake
[0.059s] -- Up-to-date: /home/user/research_ws/ur10_pick_place_ws/install/ur10_camera_gripper_moveit_config/share/ur10_camera_gripper_moveit_config/cmake/ur10_camera_gripper_moveit_configConfig-version.cmake
[0.059s] -- Up-to-date: /home/user/research_ws/ur10_pick_place_ws/install/ur10_camera_gripper_moveit_config/share/ur10_camera_gripper_moveit_config/package.xml
[0.059s] -- Up-to-date: /home/user/research_ws/ur10_pick_place_ws/install/ur10_camera_gripper_moveit_config/share/ur10_camera_gripper_moveit_config/launch
[0.059s] -- Up-to-date: /home/user/research_ws/ur10_pick_place_ws/install/ur10_camera_gripper_moveit_config/share/ur10_camera_gripper_moveit_config/launch/setup_assistant.launch.py
[0.059s] -- Up-to-date: /home/user/research_ws/ur10_pick_place_ws/install/ur10_camera_gripper_moveit_config/share/ur10_camera_gripper_moveit_config/launch/rsp.launch.py
[0.059s] -- Up-to-date: /home/user/research_ws/ur10_pick_place_ws/install/ur10_camera_gripper_moveit_config/share/ur10_camera_gripper_moveit_config/launch/static_virtual_joint_tfs.launch.py
[0.059s] -- Up-to-date: /home/user/research_ws/ur10_pick_place_ws/install/ur10_camera_gripper_moveit_config/share/ur10_camera_gripper_moveit_config/launch/warehouse_db.launch.py
[0.059s] -- Up-to-date: /home/user/research_ws/ur10_pick_place_ws/install/ur10_camera_gripper_moveit_config/share/ur10_camera_gripper_moveit_config/launch/spawn_controllers.launch.py
[0.059s] -- Installing: /home/user/research_ws/ur10_pick_place_ws/install/ur10_camera_gripper_moveit_config/share/ur10_camera_gripper_moveit_config/launch/ur10_gazebo_moveit.launch.py
[0.059s] -- Up-to-date: /home/user/research_ws/ur10_pick_place_ws/install/ur10_camera_gripper_moveit_config/share/ur10_camera_gripper_moveit_config/launch/moveit_rviz.launch.py
[0.059s] -- Up-to-date: /home/user/research_ws/ur10_pick_place_ws/install/ur10_camera_gripper_moveit_config/share/ur10_camera_gripper_moveit_config/launch/demo.launch.py
[0.059s] -- Up-to-date: /home/user/research_ws/ur10_pick_place_ws/install/ur10_camera_gripper_moveit_config/share/ur10_camera_gripper_moveit_config/launch/move_group.launch.py
[0.059s] -- Up-to-date: /home/user/research_ws/ur10_pick_place_ws/install/ur10_camera_gripper_moveit_config/share/ur10_camera_gripper_moveit_config/config
[0.059s] -- Up-to-date: /home/user/research_ws/ur10_pick_place_ws/install/ur10_camera_gripper_moveit_config/share/ur10_camera_gripper_moveit_config/config/trajopt_planning.yaml
[0.059s] -- Up-to-date: /home/user/research_ws/ur10_pick_place_ws/install/ur10_camera_gripper_moveit_config/share/ur10_camera_gripper_moveit_config/config/ur.srdf
[0.059s] -- Up-to-date: /home/user/research_ws/ur10_pick_place_ws/install/ur10_camera_gripper_moveit_config/share/ur10_camera_gripper_moveit_config/config/pilz_industrial_motion_planner_planning.yaml
[0.059s] -- Up-to-date: /home/user/research_ws/ur10_pick_place_ws/install/ur10_camera_gripper_moveit_config/share/ur10_camera_gripper_moveit_config/config/lerp_planning.yaml
[0.059s] -- Up-to-date: /home/user/research_ws/ur10_pick_place_ws/install/ur10_camera_gripper_moveit_config/share/ur10_camera_gripper_moveit_config/config/chomp_planning.yaml
[0.059s] -- Up-to-date: /home/user/research_ws/ur10_pick_place_ws/install/ur10_camera_gripper_moveit_config/share/ur10_camera_gripper_moveit_config/config/sensors_3d.yaml
[0.059s] -- Up-to-date: /home/user/research_ws/ur10_pick_place_ws/install/ur10_camera_gripper_moveit_config/share/ur10_camera_gripper_moveit_config/config/ur.urdf.xacro
[0.059s] -- Up-to-date: /home/user/research_ws/ur10_pick_place_ws/install/ur10_camera_gripper_moveit_config/share/ur10_camera_gripper_moveit_config/config/ur.ros2_control.xacro
[0.059s] -- Up-to-date: /home/user/research_ws/ur10_pick_place_ws/install/ur10_camera_gripper_moveit_config/share/ur10_camera_gripper_moveit_config/config/ros2_controllers.yaml
[0.059s] -- Up-to-date: /home/user/research_ws/ur10_pick_place_ws/install/ur10_camera_gripper_moveit_config/share/ur10_camera_gripper_moveit_config/config/ur10_robotiq_3f.rviz
[0.060s] -- Up-to-date: /home/user/research_ws/ur10_pick_place_ws/install/ur10_camera_gripper_moveit_config/share/ur10_camera_gripper_moveit_config/config/ompl_planning.yaml
[0.060s] -- Up-to-date: /home/user/research_ws/ur10_pick_place_ws/install/ur10_camera_gripper_moveit_config/share/ur10_camera_gripper_moveit_config/config/moveit_controllers.yaml
[0.060s] -- Up-to-date: /home/user/research_ws/ur10_pick_place_ws/install/ur10_camera_gripper_moveit_config/share/ur10_camera_gripper_moveit_config/config/pilz_cartesian_limits.yaml
[0.060s] -- Up-to-date: /home/user/research_ws/ur10_pick_place_ws/install/ur10_camera_gripper_moveit_config/share/ur10_camera_gripper_moveit_config/config/initial_positions.yaml
[0.060s] -- Up-to-date: /home/user/research_ws/ur10_pick_place_ws/install/ur10_camera_gripper_moveit_config/share/ur10_camera_gripper_moveit_config/config/ur.urdf
[0.060s] -- Up-to-date: /home/user/research_ws/ur10_pick_place_ws/install/ur10_camera_gripper_moveit_config/share/ur10_camera_gripper_moveit_config/config/joint_limits.yaml
[0.060s] -- Up-to-date: /home/user/research_ws/ur10_pick_place_ws/install/ur10_camera_gripper_moveit_config/share/ur10_camera_gripper_moveit_config/config/moveit.rviz
[0.060s] -- Up-to-date: /home/user/research_ws/ur10_pick_place_ws/install/ur10_camera_gripper_moveit_config/share/ur10_camera_gripper_moveit_config/config/kinematics.yaml
[0.060s] -- Up-to-date: /home/user/research_ws/ur10_pick_place_ws/install/ur10_camera_gripper_moveit_config/share/ur10_camera_gripper_moveit_config/.setup_assistant
[0.061s] Invoked command in '/home/user/research_ws/ur10_pick_place_ws/build/ur10_camera_gripper_moveit_config' returned '0': CMAKE_PREFIX_PATH=/home/user/research_ws/ur10_pick_place_ws/install/ur_yt_sim:/home/user/research_ws/ur10_pick_place_ws/install/linkattacher_msgs:/home/user/research_ws/ur10_pick_place_ws/install/ur10_camera_gripper_moveit_config:/home/user/research_ws/ur10_pick_place_ws/install/ur_simulation_gazebo:/home/user/research_ws/ur10_pick_place_ws/install/ros2_linkattacher:/home/user/research_ws/ur10_pick_place_ws/install/robotiq_description:/home/user/research_ws/ur10_pick_place_ws/install/robotiq_controllers:/home/user/research_ws/ur10_pick_place_ws/install/robotiq_3f_interfaces:/home/user/research_ws/ur10_pick_place_ws/install/robotiq_3f_description:/opt/ros/humble LD_LIBRARY_PATH=/home/user/research_ws/ur10_pick_place_ws/install/linkattacher_msgs/lib:/home/user/research_ws/ur10_pick_place_ws/install/ros2_linkattacher/lib:/home/user/research_ws/ur10_pick_place_ws/install/robotiq_controllers/lib:/home/user/research_ws/ur10_pick_place_ws/install/robotiq_3f_interfaces/lib:/usr/lib/x86_64-linux-gnu/gazebo-11/plugins:/opt/ros/humble/opt/rviz_ogre_vendor/lib:/opt/ros/humble/lib/x86_64-linux-gnu:/opt/ros/humble/lib /usr/bin/cmake --install /home/user/research_ws/ur10_pick_place_ws/build/ur10_camera_gripper_moveit_config
