[0.023s] Invoking command in '/home/user/research_ws/ur10_pick_place_ws/build/linkattacher_msgs': CMAKE_PREFIX_PATH=${CMAKE_PREFIX_PATH}:/opt/ros/humble /usr/bin/cmake /home/user/research_ws/ur10_pick_place_ws/src/linkattacher_msgs -DCMAKE_INSTALL_PREFIX=/home/user/research_ws/ur10_pick_place_ws/install/linkattacher_msgs
[0.146s] -- The C compiler identification is GNU 11.4.0
[0.216s] -- The CXX compiler identification is GNU 11.4.0
[0.224s] -- Detecting C compiler ABI info
[0.278s] -- Detecting C compiler ABI info - done
[0.284s] -- Check for working C compiler: /usr/bin/cc - skipped
[0.285s] -- Detecting C compile features
[0.286s] -- Detecting C compile features - done
[0.289s] -- Detecting CXX compiler ABI info
[0.354s] -- Detecting CXX compiler ABI info - done
[0.360s] -- Check for working CXX compiler: /usr/bin/c++ - skipped
[0.360s] -- Detecting CXX compile features
[0.361s] -- Detecting CXX compile features - done
[0.365s] -- Found ament_cmake: 1.3.12 (/opt/ros/humble/share/ament_cmake/cmake)
[0.495s] -- Found Python3: /usr/bin/python3 (found version "3.10.12") found components: Interpreter 
[0.573s] -- Found ament_lint_auto: 0.12.14 (/opt/ros/humble/share/ament_lint_auto/cmake)
[0.637s] -- Found rosidl_default_generators: 1.2.0 (/opt/ros/humble/share/rosidl_default_generators/cmake)
[0.640s] -- Using all available rosidl_typesupport_c: rosidl_typesupport_fastrtps_c;rosidl_typesupport_introspection_c
[0.645s] -- Found rosidl_adapter: 3.1.7 (/opt/ros/humble/share/rosidl_adapter/cmake)
[0.680s] -- Using all available rosidl_typesupport_cpp: rosidl_typesupport_fastrtps_cpp;rosidl_typesupport_introspection_cpp
[0.858s] -- Found ament_cmake_ros: 0.10.0 (/opt/ros/humble/share/ament_cmake_ros/cmake)
[1.015s] -- Using all available rosidl_typesupport_c: rosidl_typesupport_fastrtps_c;rosidl_typesupport_introspection_c
[1.219s] -- Using all available rosidl_typesupport_cpp: rosidl_typesupport_fastrtps_cpp;rosidl_typesupport_introspection_cpp
[1.240s] -- Found PythonInterp: /usr/bin/python3 (found suitable version "3.10.12", minimum required is "3.6") 
[1.241s] -- Found python_cmake_module: 0.10.0 (/opt/ros/humble/share/python_cmake_module/cmake)
[1.266s] -- Found PythonLibs: /usr/lib/x86_64-linux-gnu/libpython3.10.so (found suitable version "3.10.12", minimum required is "3.5") 
[1.266s] -- Using PYTHON_EXECUTABLE: /usr/bin/python3
[1.266s] -- Using PYTHON_INCLUDE_DIRS: /usr/include/python3.10
[1.266s] -- Using PYTHON_LIBRARIES: /usr/lib/x86_64-linux-gnu/libpython3.10.so
[1.286s] -- Found PythonExtra: .so  
[1.313s] -- Added test 'copyright' to check source files copyright and LICENSE
[1.313s] -- Added test 'lint_cmake' to check CMake code style
[1.314s] -- Added test 'xmllint' to check XML markup files
[1.317s] -- Configuring done
[1.333s] -- Generating done
[1.339s] -- Build files have been written to: /home/user/research_ws/ur10_pick_place_ws/build/linkattacher_msgs
[1.345s] Invoked command in '/home/user/research_ws/ur10_pick_place_ws/build/linkattacher_msgs' returned '0': CMAKE_PREFIX_PATH=${CMAKE_PREFIX_PATH}:/opt/ros/humble /usr/bin/cmake /home/user/research_ws/ur10_pick_place_ws/src/linkattacher_msgs -DCMAKE_INSTALL_PREFIX=/home/user/research_ws/ur10_pick_place_ws/install/linkattacher_msgs
[1.346s] Invoking command in '/home/user/research_ws/ur10_pick_place_ws/build/linkattacher_msgs': CMAKE_PREFIX_PATH=${CMAKE_PREFIX_PATH}:/opt/ros/humble /usr/bin/cmake --build /home/user/research_ws/ur10_pick_place_ws/build/linkattacher_msgs -- -j32 -l32
[1.382s] [  2%] [34m[1mGenerating C code for ROS interfaces[0m
[1.391s] [  5%] [34m[1mGenerating C++ code for ROS interfaces[0m
[1.398s] [  5%] Built target ament_cmake_python_copy_linkattacher_msgs
[1.577s] running egg_info
[1.577s] creating linkattacher_msgs.egg-info
[1.578s] writing linkattacher_msgs.egg-info/PKG-INFO
[1.578s] writing dependency_links to linkattacher_msgs.egg-info/dependency_links.txt
[1.578s] writing top-level names to linkattacher_msgs.egg-info/top_level.txt
[1.578s] writing manifest file 'linkattacher_msgs.egg-info/SOURCES.txt'
[1.580s] reading manifest file 'linkattacher_msgs.egg-info/SOURCES.txt'
[1.580s] writing manifest file 'linkattacher_msgs.egg-info/SOURCES.txt'
[1.604s] [  5%] Built target ament_cmake_python_build_linkattacher_msgs_egg
[1.704s] [  7%] [32mBuilding C object CMakeFiles/linkattacher_msgs__rosidl_generator_c.dir/rosidl_generator_c/linkattacher_msgs/srv/detail/detach_link__functions.c.o[0m
[1.704s] [ 10%] [32mBuilding C object CMakeFiles/linkattacher_msgs__rosidl_generator_c.dir/rosidl_generator_c/linkattacher_msgs/srv/detail/attach_link__functions.c.o[0m
[1.726s] [ 10%] Built target linkattacher_msgs__cpp
[1.734s] [ 12%] [34m[1mGenerating C++ type support for eProsima Fast-RTPS[0m
[1.735s] [ 15%] [34m[1mGenerating C++ introspection for ROS interfaces[0m
[1.738s] [ 17%] [34m[1mGenerating C++ type support dispatch for ROS interfaces[0m
[1.756s] [ 20%] [32m[1mLinking C shared library liblinkattacher_msgs__rosidl_generator_c.so[0m
[1.790s] [ 20%] Built target linkattacher_msgs__rosidl_generator_c
[1.799s] [ 23%] [34m[1mGenerating C introspection for ROS interfaces[0m
[1.800s] [ 25%] [34m[1mGenerating C type support for eProsima Fast-RTPS[0m
[1.802s] [ 28%] [34m[1mGenerating C type support dispatch for ROS interfaces[0m
[2.008s] [ 33%] [32mBuilding CXX object CMakeFiles/linkattacher_msgs__rosidl_typesupport_introspection_cpp.dir/rosidl_typesupport_introspection_cpp/linkattacher_msgs/srv/detail/detach_link__type_support.cpp.o[0m
[2.008s] [ 33%] [32mBuilding CXX object CMakeFiles/linkattacher_msgs__rosidl_typesupport_introspection_cpp.dir/rosidl_typesupport_introspection_cpp/linkattacher_msgs/srv/detail/attach_link__type_support.cpp.o[0m
[2.035s] [ 35%] [32mBuilding CXX object CMakeFiles/linkattacher_msgs__rosidl_typesupport_cpp.dir/rosidl_typesupport_cpp/linkattacher_msgs/srv/attach_link__type_support.cpp.o[0m
[2.037s] [ 38%] [32mBuilding CXX object CMakeFiles/linkattacher_msgs__rosidl_typesupport_cpp.dir/rosidl_typesupport_cpp/linkattacher_msgs/srv/detach_link__type_support.cpp.o[0m
[2.068s] [ 41%] [32mBuilding CXX object CMakeFiles/linkattacher_msgs__rosidl_typesupport_fastrtps_cpp.dir/rosidl_typesupport_fastrtps_cpp/linkattacher_msgs/srv/detail/dds_fastrtps/attach_link__type_support.cpp.o[0m
[2.070s] [ 43%] [32mBuilding CXX object CMakeFiles/linkattacher_msgs__rosidl_typesupport_fastrtps_cpp.dir/rosidl_typesupport_fastrtps_cpp/linkattacher_msgs/srv/detail/dds_fastrtps/detach_link__type_support.cpp.o[0m
[2.101s] [ 48%] [32mBuilding CXX object CMakeFiles/linkattacher_msgs__rosidl_typesupport_c.dir/rosidl_typesupport_c/linkattacher_msgs/srv/detach_link__type_support.cpp.o[0m
[2.101s] [ 48%] [32mBuilding CXX object CMakeFiles/linkattacher_msgs__rosidl_typesupport_c.dir/rosidl_typesupport_c/linkattacher_msgs/srv/attach_link__type_support.cpp.o[0m
[2.134s] [ 51%] [32mBuilding C object CMakeFiles/linkattacher_msgs__rosidl_typesupport_introspection_c.dir/rosidl_typesupport_introspection_c/linkattacher_msgs/srv/detail/detach_link__type_support.c.o[0m
[2.135s] [ 53%] [32mBuilding C object CMakeFiles/linkattacher_msgs__rosidl_typesupport_introspection_c.dir/rosidl_typesupport_introspection_c/linkattacher_msgs/srv/detail/attach_link__type_support.c.o[0m
[2.137s] [ 56%] [32m[1mLinking CXX shared library liblinkattacher_msgs__rosidl_typesupport_c.so[0m
[2.139s] [ 58%] [32mBuilding CXX object CMakeFiles/linkattacher_msgs__rosidl_typesupport_fastrtps_c.dir/rosidl_typesupport_fastrtps_c/linkattacher_msgs/srv/detail/attach_link__type_support_c.cpp.o[0m
[2.139s] [ 61%] [32mBuilding CXX object CMakeFiles/linkattacher_msgs__rosidl_typesupport_fastrtps_c.dir/rosidl_typesupport_fastrtps_c/linkattacher_msgs/srv/detail/detach_link__type_support_c.cpp.o[0m
[2.171s] [ 64%] [32m[1mLinking C shared library liblinkattacher_msgs__rosidl_typesupport_introspection_c.so[0m
[2.179s] [ 64%] Built target linkattacher_msgs__rosidl_typesupport_c
[2.195s] [ 64%] Built target linkattacher_msgs__rosidl_typesupport_introspection_c
[2.236s] [ 66%] [32m[1mLinking CXX shared library liblinkattacher_msgs__rosidl_typesupport_cpp.so[0m
[2.279s] [ 66%] Built target linkattacher_msgs__rosidl_typesupport_cpp
[2.291s] [ 69%] [32m[1mLinking CXX shared library liblinkattacher_msgs__rosidl_typesupport_introspection_cpp.so[0m
[2.373s] [ 69%] Built target linkattacher_msgs__rosidl_typesupport_introspection_cpp
[2.390s] [ 71%] [32m[1mLinking CXX shared library liblinkattacher_msgs__rosidl_typesupport_fastrtps_cpp.so[0m
[2.465s] [ 71%] Built target linkattacher_msgs__rosidl_typesupport_fastrtps_cpp
[2.489s] [ 74%] [32m[1mLinking CXX shared library liblinkattacher_msgs__rosidl_typesupport_fastrtps_c.so[0m
[2.572s] [ 74%] Built target linkattacher_msgs__rosidl_typesupport_fastrtps_c
[2.590s] [ 74%] Built target linkattacher_msgs
[2.606s] [ 76%] [34m[1mGenerating Python code for ROS interfaces[0m
[3.057s] [ 76%] Built target linkattacher_msgs__py
[3.076s] [ 79%] [32mBuilding C object CMakeFiles/linkattacher_msgs__rosidl_generator_py.dir/rosidl_generator_py/linkattacher_msgs/srv/_detach_link_s.c.o[0m
[3.076s] [ 82%] [32mBuilding C object CMakeFiles/linkattacher_msgs__rosidl_generator_py.dir/rosidl_generator_py/linkattacher_msgs/srv/_attach_link_s.c.o[0m
[3.162s] [ 84%] [32m[1mLinking C shared library rosidl_generator_py/linkattacher_msgs/liblinkattacher_msgs__rosidl_generator_py.so[0m
[3.199s] [ 84%] Built target linkattacher_msgs__rosidl_generator_py
[3.217s] [ 87%] [32mBuilding C object CMakeFiles/linkattacher_msgs__rosidl_typesupport_introspection_c__pyext.dir/rosidl_generator_py/linkattacher_msgs/_linkattacher_msgs_s.ep.rosidl_typesupport_introspection_c.c.o[0m
[3.217s] [ 89%] [32mBuilding C object CMakeFiles/linkattacher_msgs__rosidl_typesupport_fastrtps_c__pyext.dir/rosidl_generator_py/linkattacher_msgs/_linkattacher_msgs_s.ep.rosidl_typesupport_fastrtps_c.c.o[0m
[3.220s] [ 92%] [32mBuilding C object CMakeFiles/linkattacher_msgs__rosidl_typesupport_c__pyext.dir/rosidl_generator_py/linkattacher_msgs/_linkattacher_msgs_s.ep.rosidl_typesupport_c.c.o[0m
[3.296s] [100%] [32m[1mLinking C shared library rosidl_generator_py/linkattacher_msgs/linkattacher_msgs_s__rosidl_typesupport_fastrtps_c.cpython-310-x86_64-linux-gnu.so[0m
[3.296s] [100%] [32m[1mLinking C shared library rosidl_generator_py/linkattacher_msgs/linkattacher_msgs_s__rosidl_typesupport_introspection_c.cpython-310-x86_64-linux-gnu.so[0m
[3.296s] [100%] [32m[1mLinking C shared library rosidl_generator_py/linkattacher_msgs/linkattacher_msgs_s__rosidl_typesupport_c.cpython-310-x86_64-linux-gnu.so[0m
[3.323s] [100%] Built target linkattacher_msgs__rosidl_typesupport_c__pyext
[3.324s] [100%] Built target linkattacher_msgs__rosidl_typesupport_introspection_c__pyext
[3.325s] [100%] Built target linkattacher_msgs__rosidl_typesupport_fastrtps_c__pyext
[3.337s] Invoked command in '/home/user/research_ws/ur10_pick_place_ws/build/linkattacher_msgs' returned '0': CMAKE_PREFIX_PATH=${CMAKE_PREFIX_PATH}:/opt/ros/humble /usr/bin/cmake --build /home/user/research_ws/ur10_pick_place_ws/build/linkattacher_msgs -- -j32 -l32
[3.339s] Invoking command in '/home/user/research_ws/ur10_pick_place_ws/build/linkattacher_msgs': CMAKE_PREFIX_PATH=${CMAKE_PREFIX_PATH}:/opt/ros/humble /usr/bin/cmake --install /home/user/research_ws/ur10_pick_place_ws/build/linkattacher_msgs
[3.346s] -- Install configuration: ""
[3.346s] -- Installing: /home/user/research_ws/ur10_pick_place_ws/install/linkattacher_msgs/share/linkattacher_msgs/srv
[3.346s] -- Installing: /home/user/research_ws/ur10_pick_place_ws/install/linkattacher_msgs/share/linkattacher_msgs/srv/AttachLink.srv
[3.346s] -- Installing: /home/user/research_ws/ur10_pick_place_ws/install/linkattacher_msgs/share/linkattacher_msgs/srv/DetachLink.srv
[3.347s] -- Installing: /home/user/research_ws/ur10_pick_place_ws/install/linkattacher_msgs/share/ament_index/resource_index/rosidl_interfaces/linkattacher_msgs
[3.347s] -- Installing: /home/user/research_ws/ur10_pick_place_ws/install/linkattacher_msgs/include/linkattacher_msgs/linkattacher_msgs
[3.347s] -- Installing: /home/user/research_ws/ur10_pick_place_ws/install/linkattacher_msgs/include/linkattacher_msgs/linkattacher_msgs/srv
[3.347s] -- Installing: /home/user/research_ws/ur10_pick_place_ws/install/linkattacher_msgs/include/linkattacher_msgs/linkattacher_msgs/srv/attach_link.h
[3.347s] -- Installing: /home/user/research_ws/ur10_pick_place_ws/install/linkattacher_msgs/include/linkattacher_msgs/linkattacher_msgs/srv/detail
[3.348s] -- Installing: /home/user/research_ws/ur10_pick_place_ws/install/linkattacher_msgs/include/linkattacher_msgs/linkattacher_msgs/srv/detail/detach_link__functions.h
[3.348s] -- Installing: /home/user/research_ws/ur10_pick_place_ws/install/linkattacher_msgs/include/linkattacher_msgs/linkattacher_msgs/srv/detail/attach_link__functions.c
[3.348s] -- Installing: /home/user/research_ws/ur10_pick_place_ws/install/linkattacher_msgs/include/linkattacher_msgs/linkattacher_msgs/srv/detail/detach_link__functions.c
[3.348s] -- Installing: /home/user/research_ws/ur10_pick_place_ws/install/linkattacher_msgs/include/linkattacher_msgs/linkattacher_msgs/srv/detail/attach_link__functions.h
[3.348s] -- Installing: /home/user/research_ws/ur10_pick_place_ws/install/linkattacher_msgs/include/linkattacher_msgs/linkattacher_msgs/srv/detail/detach_link__struct.h
[3.348s] -- Installing: /home/user/research_ws/ur10_pick_place_ws/install/linkattacher_msgs/include/linkattacher_msgs/linkattacher_msgs/srv/detail/attach_link__struct.h
[3.348s] -- Installing: /home/user/research_ws/ur10_pick_place_ws/install/linkattacher_msgs/include/linkattacher_msgs/linkattacher_msgs/srv/detail/attach_link__type_support.h
[3.348s] -- Installing: /home/user/research_ws/ur10_pick_place_ws/install/linkattacher_msgs/include/linkattacher_msgs/linkattacher_msgs/srv/detail/detach_link__type_support.h
[3.348s] -- Installing: /home/user/research_ws/ur10_pick_place_ws/install/linkattacher_msgs/include/linkattacher_msgs/linkattacher_msgs/srv/detach_link.h
[3.348s] -- Installing: /home/user/research_ws/ur10_pick_place_ws/install/linkattacher_msgs/include/linkattacher_msgs/linkattacher_msgs/msg
[3.348s] -- Installing: /home/user/research_ws/ur10_pick_place_ws/install/linkattacher_msgs/include/linkattacher_msgs/linkattacher_msgs/msg/rosidl_generator_c__visibility_control.h
[3.348s] -- Installing: /home/user/research_ws/ur10_pick_place_ws/install/linkattacher_msgs/share/linkattacher_msgs/environment/library_path.sh
[3.348s] -- Installing: /home/user/research_ws/ur10_pick_place_ws/install/linkattacher_msgs/share/linkattacher_msgs/environment/library_path.dsv
[3.348s] -- Installing: /home/user/research_ws/ur10_pick_place_ws/install/linkattacher_msgs/lib/liblinkattacher_msgs__rosidl_generator_c.so
[3.348s] -- Set runtime path of "/home/user/research_ws/ur10_pick_place_ws/install/linkattacher_msgs/lib/liblinkattacher_msgs__rosidl_generator_c.so" to ""
[3.348s] -- Up-to-date: /home/user/research_ws/ur10_pick_place_ws/install/linkattacher_msgs/include/linkattacher_msgs/linkattacher_msgs
[3.348s] -- Up-to-date: /home/user/research_ws/ur10_pick_place_ws/install/linkattacher_msgs/include/linkattacher_msgs/linkattacher_msgs/srv
[3.348s] -- Up-to-date: /home/user/research_ws/ur10_pick_place_ws/install/linkattacher_msgs/include/linkattacher_msgs/linkattacher_msgs/srv/detail
[3.349s] -- Installing: /home/user/research_ws/ur10_pick_place_ws/install/linkattacher_msgs/include/linkattacher_msgs/linkattacher_msgs/srv/detail/attach_link__rosidl_typesupport_fastrtps_c.h
[3.349s] -- Installing: /home/user/research_ws/ur10_pick_place_ws/install/linkattacher_msgs/include/linkattacher_msgs/linkattacher_msgs/srv/detail/detach_link__rosidl_typesupport_fastrtps_c.h
[3.349s] -- Up-to-date: /home/user/research_ws/ur10_pick_place_ws/install/linkattacher_msgs/include/linkattacher_msgs/linkattacher_msgs/msg
[3.349s] -- Installing: /home/user/research_ws/ur10_pick_place_ws/install/linkattacher_msgs/include/linkattacher_msgs/linkattacher_msgs/msg/rosidl_typesupport_fastrtps_c__visibility_control.h
[3.349s] -- Installing: /home/user/research_ws/ur10_pick_place_ws/install/linkattacher_msgs/lib/liblinkattacher_msgs__rosidl_typesupport_fastrtps_c.so
[3.349s] -- Set runtime path of "/home/user/research_ws/ur10_pick_place_ws/install/linkattacher_msgs/lib/liblinkattacher_msgs__rosidl_typesupport_fastrtps_c.so" to ""
[3.349s] -- Up-to-date: /home/user/research_ws/ur10_pick_place_ws/install/linkattacher_msgs/include/linkattacher_msgs/linkattacher_msgs
[3.349s] -- Up-to-date: /home/user/research_ws/ur10_pick_place_ws/install/linkattacher_msgs/include/linkattacher_msgs/linkattacher_msgs/srv
[3.349s] -- Up-to-date: /home/user/research_ws/ur10_pick_place_ws/install/linkattacher_msgs/include/linkattacher_msgs/linkattacher_msgs/srv/detail
[3.349s] -- Installing: /home/user/research_ws/ur10_pick_place_ws/install/linkattacher_msgs/include/linkattacher_msgs/linkattacher_msgs/srv/detail/detach_link__rosidl_typesupport_introspection_c.h
[3.349s] -- Installing: /home/user/research_ws/ur10_pick_place_ws/install/linkattacher_msgs/include/linkattacher_msgs/linkattacher_msgs/srv/detail/detach_link__type_support.c
[3.349s] -- Installing: /home/user/research_ws/ur10_pick_place_ws/install/linkattacher_msgs/include/linkattacher_msgs/linkattacher_msgs/srv/detail/attach_link__rosidl_typesupport_introspection_c.h
[3.349s] -- Installing: /home/user/research_ws/ur10_pick_place_ws/install/linkattacher_msgs/include/linkattacher_msgs/linkattacher_msgs/srv/detail/attach_link__type_support.c
[3.349s] -- Up-to-date: /home/user/research_ws/ur10_pick_place_ws/install/linkattacher_msgs/include/linkattacher_msgs/linkattacher_msgs/msg
[3.349s] -- Installing: /home/user/research_ws/ur10_pick_place_ws/install/linkattacher_msgs/include/linkattacher_msgs/linkattacher_msgs/msg/rosidl_typesupport_introspection_c__visibility_control.h
[3.349s] -- Installing: /home/user/research_ws/ur10_pick_place_ws/install/linkattacher_msgs/lib/liblinkattacher_msgs__rosidl_typesupport_introspection_c.so
[3.349s] -- Set runtime path of "/home/user/research_ws/ur10_pick_place_ws/install/linkattacher_msgs/lib/liblinkattacher_msgs__rosidl_typesupport_introspection_c.so" to ""
[3.350s] -- Installing: /home/user/research_ws/ur10_pick_place_ws/install/linkattacher_msgs/lib/liblinkattacher_msgs__rosidl_typesupport_c.so
[3.350s] -- Set runtime path of "/home/user/research_ws/ur10_pick_place_ws/install/linkattacher_msgs/lib/liblinkattacher_msgs__rosidl_typesupport_c.so" to ""
[3.350s] -- Up-to-date: /home/user/research_ws/ur10_pick_place_ws/install/linkattacher_msgs/include/linkattacher_msgs/linkattacher_msgs
[3.350s] -- Up-to-date: /home/user/research_ws/ur10_pick_place_ws/install/linkattacher_msgs/include/linkattacher_msgs/linkattacher_msgs/srv
[3.350s] -- Installing: /home/user/research_ws/ur10_pick_place_ws/install/linkattacher_msgs/include/linkattacher_msgs/linkattacher_msgs/srv/detach_link.hpp
[3.350s] -- Up-to-date: /home/user/research_ws/ur10_pick_place_ws/install/linkattacher_msgs/include/linkattacher_msgs/linkattacher_msgs/srv/detail
[3.350s] -- Installing: /home/user/research_ws/ur10_pick_place_ws/install/linkattacher_msgs/include/linkattacher_msgs/linkattacher_msgs/srv/detail/detach_link__struct.hpp
[3.350s] -- Installing: /home/user/research_ws/ur10_pick_place_ws/install/linkattacher_msgs/include/linkattacher_msgs/linkattacher_msgs/srv/detail/attach_link__type_support.hpp
[3.350s] -- Installing: /home/user/research_ws/ur10_pick_place_ws/install/linkattacher_msgs/include/linkattacher_msgs/linkattacher_msgs/srv/detail/attach_link__traits.hpp
[3.350s] -- Installing: /home/user/research_ws/ur10_pick_place_ws/install/linkattacher_msgs/include/linkattacher_msgs/linkattacher_msgs/srv/detail/attach_link__struct.hpp
[3.350s] -- Installing: /home/user/research_ws/ur10_pick_place_ws/install/linkattacher_msgs/include/linkattacher_msgs/linkattacher_msgs/srv/detail/detach_link__type_support.hpp
[3.350s] -- Installing: /home/user/research_ws/ur10_pick_place_ws/install/linkattacher_msgs/include/linkattacher_msgs/linkattacher_msgs/srv/detail/detach_link__builder.hpp
[3.350s] -- Installing: /home/user/research_ws/ur10_pick_place_ws/install/linkattacher_msgs/include/linkattacher_msgs/linkattacher_msgs/srv/detail/detach_link__traits.hpp
[3.350s] -- Installing: /home/user/research_ws/ur10_pick_place_ws/install/linkattacher_msgs/include/linkattacher_msgs/linkattacher_msgs/srv/detail/attach_link__builder.hpp
[3.350s] -- Installing: /home/user/research_ws/ur10_pick_place_ws/install/linkattacher_msgs/include/linkattacher_msgs/linkattacher_msgs/srv/attach_link.hpp
[3.350s] -- Up-to-date: /home/user/research_ws/ur10_pick_place_ws/install/linkattacher_msgs/include/linkattacher_msgs/linkattacher_msgs/msg
[3.350s] -- Installing: /home/user/research_ws/ur10_pick_place_ws/install/linkattacher_msgs/include/linkattacher_msgs/linkattacher_msgs/msg/rosidl_generator_cpp__visibility_control.hpp
[3.350s] -- Up-to-date: /home/user/research_ws/ur10_pick_place_ws/install/linkattacher_msgs/include/linkattacher_msgs/linkattacher_msgs
[3.350s] -- Up-to-date: /home/user/research_ws/ur10_pick_place_ws/install/linkattacher_msgs/include/linkattacher_msgs/linkattacher_msgs/srv
[3.351s] -- Up-to-date: /home/user/research_ws/ur10_pick_place_ws/install/linkattacher_msgs/include/linkattacher_msgs/linkattacher_msgs/srv/detail
[3.351s] -- Installing: /home/user/research_ws/ur10_pick_place_ws/install/linkattacher_msgs/include/linkattacher_msgs/linkattacher_msgs/srv/detail/attach_link__rosidl_typesupport_fastrtps_cpp.hpp
[3.351s] -- Installing: /home/user/research_ws/ur10_pick_place_ws/install/linkattacher_msgs/include/linkattacher_msgs/linkattacher_msgs/srv/detail/dds_fastrtps
[3.351s] -- Installing: /home/user/research_ws/ur10_pick_place_ws/install/linkattacher_msgs/include/linkattacher_msgs/linkattacher_msgs/srv/detail/detach_link__rosidl_typesupport_fastrtps_cpp.hpp
[3.351s] -- Up-to-date: /home/user/research_ws/ur10_pick_place_ws/install/linkattacher_msgs/include/linkattacher_msgs/linkattacher_msgs/msg
[3.351s] -- Installing: /home/user/research_ws/ur10_pick_place_ws/install/linkattacher_msgs/include/linkattacher_msgs/linkattacher_msgs/msg/rosidl_typesupport_fastrtps_cpp__visibility_control.h
[3.351s] -- Installing: /home/user/research_ws/ur10_pick_place_ws/install/linkattacher_msgs/lib/liblinkattacher_msgs__rosidl_typesupport_fastrtps_cpp.so
[3.351s] -- Set runtime path of "/home/user/research_ws/ur10_pick_place_ws/install/linkattacher_msgs/lib/liblinkattacher_msgs__rosidl_typesupport_fastrtps_cpp.so" to ""
[3.351s] -- Up-to-date: /home/user/research_ws/ur10_pick_place_ws/install/linkattacher_msgs/include/linkattacher_msgs/linkattacher_msgs
[3.351s] -- Up-to-date: /home/user/research_ws/ur10_pick_place_ws/install/linkattacher_msgs/include/linkattacher_msgs/linkattacher_msgs/srv
[3.351s] -- Up-to-date: /home/user/research_ws/ur10_pick_place_ws/install/linkattacher_msgs/include/linkattacher_msgs/linkattacher_msgs/srv/detail
[3.351s] -- Installing: /home/user/research_ws/ur10_pick_place_ws/install/linkattacher_msgs/include/linkattacher_msgs/linkattacher_msgs/srv/detail/detach_link__rosidl_typesupport_introspection_cpp.hpp
[3.351s] -- Installing: /home/user/research_ws/ur10_pick_place_ws/install/linkattacher_msgs/include/linkattacher_msgs/linkattacher_msgs/srv/detail/detach_link__type_support.cpp
[3.351s] -- Installing: /home/user/research_ws/ur10_pick_place_ws/install/linkattacher_msgs/include/linkattacher_msgs/linkattacher_msgs/srv/detail/attach_link__type_support.cpp
[3.351s] -- Installing: /home/user/research_ws/ur10_pick_place_ws/install/linkattacher_msgs/include/linkattacher_msgs/linkattacher_msgs/srv/detail/attach_link__rosidl_typesupport_introspection_cpp.hpp
[3.351s] -- Installing: /home/user/research_ws/ur10_pick_place_ws/install/linkattacher_msgs/lib/liblinkattacher_msgs__rosidl_typesupport_introspection_cpp.so
[3.351s] -- Set runtime path of "/home/user/research_ws/ur10_pick_place_ws/install/linkattacher_msgs/lib/liblinkattacher_msgs__rosidl_typesupport_introspection_cpp.so" to ""
[3.351s] -- Installing: /home/user/research_ws/ur10_pick_place_ws/install/linkattacher_msgs/lib/liblinkattacher_msgs__rosidl_typesupport_cpp.so
[3.352s] -- Set runtime path of "/home/user/research_ws/ur10_pick_place_ws/install/linkattacher_msgs/lib/liblinkattacher_msgs__rosidl_typesupport_cpp.so" to ""
[3.352s] -- Installing: /home/user/research_ws/ur10_pick_place_ws/install/linkattacher_msgs/share/linkattacher_msgs/environment/pythonpath.sh
[3.352s] -- Installing: /home/user/research_ws/ur10_pick_place_ws/install/linkattacher_msgs/share/linkattacher_msgs/environment/pythonpath.dsv
[3.352s] -- Installing: /home/user/research_ws/ur10_pick_place_ws/install/linkattacher_msgs/local/lib/python3.10/dist-packages/linkattacher_msgs-0.0.0-py3.10.egg-info
[3.352s] -- Installing: /home/user/research_ws/ur10_pick_place_ws/install/linkattacher_msgs/local/lib/python3.10/dist-packages/linkattacher_msgs-0.0.0-py3.10.egg-info/PKG-INFO
[3.352s] -- Installing: /home/user/research_ws/ur10_pick_place_ws/install/linkattacher_msgs/local/lib/python3.10/dist-packages/linkattacher_msgs-0.0.0-py3.10.egg-info/top_level.txt
[3.352s] -- Installing: /home/user/research_ws/ur10_pick_place_ws/install/linkattacher_msgs/local/lib/python3.10/dist-packages/linkattacher_msgs-0.0.0-py3.10.egg-info/dependency_links.txt
[3.352s] -- Installing: /home/user/research_ws/ur10_pick_place_ws/install/linkattacher_msgs/local/lib/python3.10/dist-packages/linkattacher_msgs-0.0.0-py3.10.egg-info/SOURCES.txt
[3.352s] -- Installing: /home/user/research_ws/ur10_pick_place_ws/install/linkattacher_msgs/local/lib/python3.10/dist-packages/linkattacher_msgs
[3.352s] -- Installing: /home/user/research_ws/ur10_pick_place_ws/install/linkattacher_msgs/local/lib/python3.10/dist-packages/linkattacher_msgs/srv
[3.352s] -- Installing: /home/user/research_ws/ur10_pick_place_ws/install/linkattacher_msgs/local/lib/python3.10/dist-packages/linkattacher_msgs/srv/__init__.py
[3.352s] -- Installing: /home/user/research_ws/ur10_pick_place_ws/install/linkattacher_msgs/local/lib/python3.10/dist-packages/linkattacher_msgs/srv/_detach_link.py
[3.352s] -- Installing: /home/user/research_ws/ur10_pick_place_ws/install/linkattacher_msgs/local/lib/python3.10/dist-packages/linkattacher_msgs/srv/_detach_link_s.c
[3.352s] -- Installing: /home/user/research_ws/ur10_pick_place_ws/install/linkattacher_msgs/local/lib/python3.10/dist-packages/linkattacher_msgs/srv/_attach_link.py
[3.352s] -- Installing: /home/user/research_ws/ur10_pick_place_ws/install/linkattacher_msgs/local/lib/python3.10/dist-packages/linkattacher_msgs/srv/_attach_link_s.c
[3.352s] -- Installing: /home/user/research_ws/ur10_pick_place_ws/install/linkattacher_msgs/local/lib/python3.10/dist-packages/linkattacher_msgs/_linkattacher_msgs_s.ep.rosidl_typesupport_introspection_c.c
[3.352s] -- Installing: /home/user/research_ws/ur10_pick_place_ws/install/linkattacher_msgs/local/lib/python3.10/dist-packages/linkattacher_msgs/__init__.py
[3.352s] -- Installing: /home/user/research_ws/ur10_pick_place_ws/install/linkattacher_msgs/local/lib/python3.10/dist-packages/linkattacher_msgs/liblinkattacher_msgs__rosidl_generator_py.so
[3.353s] -- Installing: /home/user/research_ws/ur10_pick_place_ws/install/linkattacher_msgs/local/lib/python3.10/dist-packages/linkattacher_msgs/linkattacher_msgs_s__rosidl_typesupport_fastrtps_c.cpython-310-x86_64-linux-gnu.so
[3.353s] -- Installing: /home/user/research_ws/ur10_pick_place_ws/install/linkattacher_msgs/local/lib/python3.10/dist-packages/linkattacher_msgs/_linkattacher_msgs_s.ep.rosidl_typesupport_fastrtps_c.c
[3.353s] -- Installing: /home/user/research_ws/ur10_pick_place_ws/install/linkattacher_msgs/local/lib/python3.10/dist-packages/linkattacher_msgs/_linkattacher_msgs_s.ep.rosidl_typesupport_c.c
[3.353s] -- Installing: /home/user/research_ws/ur10_pick_place_ws/install/linkattacher_msgs/local/lib/python3.10/dist-packages/linkattacher_msgs/linkattacher_msgs_s__rosidl_typesupport_c.cpython-310-x86_64-linux-gnu.so
[3.353s] -- Installing: /home/user/research_ws/ur10_pick_place_ws/install/linkattacher_msgs/local/lib/python3.10/dist-packages/linkattacher_msgs/linkattacher_msgs_s__rosidl_typesupport_introspection_c.cpython-310-x86_64-linux-gnu.so
[3.384s] Listing '/home/user/research_ws/ur10_pick_place_ws/install/linkattacher_msgs/local/lib/python3.10/dist-packages/linkattacher_msgs'...
[3.385s] Compiling '/home/user/research_ws/ur10_pick_place_ws/install/linkattacher_msgs/local/lib/python3.10/dist-packages/linkattacher_msgs/__init__.py'...
[3.385s] Listing '/home/user/research_ws/ur10_pick_place_ws/install/linkattacher_msgs/local/lib/python3.10/dist-packages/linkattacher_msgs/srv'...
[3.385s] Compiling '/home/user/research_ws/ur10_pick_place_ws/install/linkattacher_msgs/local/lib/python3.10/dist-packages/linkattacher_msgs/srv/__init__.py'...
[3.385s] Compiling '/home/user/research_ws/ur10_pick_place_ws/install/linkattacher_msgs/local/lib/python3.10/dist-packages/linkattacher_msgs/srv/_attach_link.py'...
[3.385s] Compiling '/home/user/research_ws/ur10_pick_place_ws/install/linkattacher_msgs/local/lib/python3.10/dist-packages/linkattacher_msgs/srv/_detach_link.py'...
[3.388s] -- Installing: /home/user/research_ws/ur10_pick_place_ws/install/linkattacher_msgs/local/lib/python3.10/dist-packages/linkattacher_msgs/linkattacher_msgs_s__rosidl_typesupport_fastrtps_c.cpython-310-x86_64-linux-gnu.so
[3.389s] -- Set runtime path of "/home/user/research_ws/ur10_pick_place_ws/install/linkattacher_msgs/local/lib/python3.10/dist-packages/linkattacher_msgs/linkattacher_msgs_s__rosidl_typesupport_fastrtps_c.cpython-310-x86_64-linux-gnu.so" to ""
[3.389s] -- Installing: /home/user/research_ws/ur10_pick_place_ws/install/linkattacher_msgs/local/lib/python3.10/dist-packages/linkattacher_msgs/linkattacher_msgs_s__rosidl_typesupport_introspection_c.cpython-310-x86_64-linux-gnu.so
[3.390s] -- Set runtime path of "/home/user/research_ws/ur10_pick_place_ws/install/linkattacher_msgs/local/lib/python3.10/dist-packages/linkattacher_msgs/linkattacher_msgs_s__rosidl_typesupport_introspection_c.cpython-310-x86_64-linux-gnu.so" to ""
[3.390s] -- Installing: /home/user/research_ws/ur10_pick_place_ws/install/linkattacher_msgs/local/lib/python3.10/dist-packages/linkattacher_msgs/linkattacher_msgs_s__rosidl_typesupport_c.cpython-310-x86_64-linux-gnu.so
[3.390s] -- Set runtime path of "/home/user/research_ws/ur10_pick_place_ws/install/linkattacher_msgs/local/lib/python3.10/dist-packages/linkattacher_msgs/linkattacher_msgs_s__rosidl_typesupport_c.cpython-310-x86_64-linux-gnu.so" to ""
[3.390s] -- Installing: /home/user/research_ws/ur10_pick_place_ws/install/linkattacher_msgs/lib/liblinkattacher_msgs__rosidl_generator_py.so
[3.390s] -- Set runtime path of "/home/user/research_ws/ur10_pick_place_ws/install/linkattacher_msgs/lib/liblinkattacher_msgs__rosidl_generator_py.so" to ""
[3.390s] -- Installing: /home/user/research_ws/ur10_pick_place_ws/install/linkattacher_msgs/share/linkattacher_msgs/srv/AttachLink.idl
[3.390s] -- Installing: /home/user/research_ws/ur10_pick_place_ws/install/linkattacher_msgs/share/linkattacher_msgs/srv/DetachLink.idl
[3.390s] -- Up-to-date: /home/user/research_ws/ur10_pick_place_ws/install/linkattacher_msgs/share/linkattacher_msgs/srv/AttachLink.srv
[3.390s] -- Installing: /home/user/research_ws/ur10_pick_place_ws/install/linkattacher_msgs/share/linkattacher_msgs/srv/AttachLink_Request.msg
[3.391s] -- Installing: /home/user/research_ws/ur10_pick_place_ws/install/linkattacher_msgs/share/linkattacher_msgs/srv/AttachLink_Response.msg
[3.391s] -- Up-to-date: /home/user/research_ws/ur10_pick_place_ws/install/linkattacher_msgs/share/linkattacher_msgs/srv/DetachLink.srv
[3.391s] -- Installing: /home/user/research_ws/ur10_pick_place_ws/install/linkattacher_msgs/share/linkattacher_msgs/srv/DetachLink_Request.msg
[3.391s] -- Installing: /home/user/research_ws/ur10_pick_place_ws/install/linkattacher_msgs/share/linkattacher_msgs/srv/DetachLink_Response.msg
[3.391s] -- Installing: /home/user/research_ws/ur10_pick_place_ws/install/linkattacher_msgs/share/ament_index/resource_index/package_run_dependencies/linkattacher_msgs
[3.391s] -- Installing: /home/user/research_ws/ur10_pick_place_ws/install/linkattacher_msgs/share/ament_index/resource_index/parent_prefix_path/linkattacher_msgs
[3.391s] -- Installing: /home/user/research_ws/ur10_pick_place_ws/install/linkattacher_msgs/share/linkattacher_msgs/environment/ament_prefix_path.sh
[3.391s] -- Installing: /home/user/research_ws/ur10_pick_place_ws/install/linkattacher_msgs/share/linkattacher_msgs/environment/ament_prefix_path.dsv
[3.391s] -- Installing: /home/user/research_ws/ur10_pick_place_ws/install/linkattacher_msgs/share/linkattacher_msgs/environment/path.sh
[3.391s] -- Installing: /home/user/research_ws/ur10_pick_place_ws/install/linkattacher_msgs/share/linkattacher_msgs/environment/path.dsv
[3.391s] -- Installing: /home/user/research_ws/ur10_pick_place_ws/install/linkattacher_msgs/share/linkattacher_msgs/local_setup.bash
[3.391s] -- Installing: /home/user/research_ws/ur10_pick_place_ws/install/linkattacher_msgs/share/linkattacher_msgs/local_setup.sh
[3.391s] -- Installing: /home/user/research_ws/ur10_pick_place_ws/install/linkattacher_msgs/share/linkattacher_msgs/local_setup.zsh
[3.391s] -- Installing: /home/user/research_ws/ur10_pick_place_ws/install/linkattacher_msgs/share/linkattacher_msgs/local_setup.dsv
[3.392s] -- Installing: /home/user/research_ws/ur10_pick_place_ws/install/linkattacher_msgs/share/linkattacher_msgs/package.dsv
[3.392s] -- Installing: /home/user/research_ws/ur10_pick_place_ws/install/linkattacher_msgs/share/ament_index/resource_index/packages/linkattacher_msgs
[3.392s] -- Installing: /home/user/research_ws/ur10_pick_place_ws/install/linkattacher_msgs/share/linkattacher_msgs/cmake/export_linkattacher_msgs__rosidl_generator_cExport.cmake
[3.392s] -- Installing: /home/user/research_ws/ur10_pick_place_ws/install/linkattacher_msgs/share/linkattacher_msgs/cmake/export_linkattacher_msgs__rosidl_generator_cExport-noconfig.cmake
[3.392s] -- Installing: /home/user/research_ws/ur10_pick_place_ws/install/linkattacher_msgs/share/linkattacher_msgs/cmake/export_linkattacher_msgs__rosidl_typesupport_fastrtps_cExport.cmake
[3.392s] -- Installing: /home/user/research_ws/ur10_pick_place_ws/install/linkattacher_msgs/share/linkattacher_msgs/cmake/export_linkattacher_msgs__rosidl_typesupport_fastrtps_cExport-noconfig.cmake
[3.392s] -- Installing: /home/user/research_ws/ur10_pick_place_ws/install/linkattacher_msgs/share/linkattacher_msgs/cmake/linkattacher_msgs__rosidl_typesupport_introspection_cExport.cmake
[3.392s] -- Installing: /home/user/research_ws/ur10_pick_place_ws/install/linkattacher_msgs/share/linkattacher_msgs/cmake/linkattacher_msgs__rosidl_typesupport_introspection_cExport-noconfig.cmake
[3.392s] -- Installing: /home/user/research_ws/ur10_pick_place_ws/install/linkattacher_msgs/share/linkattacher_msgs/cmake/linkattacher_msgs__rosidl_typesupport_cExport.cmake
[3.392s] -- Installing: /home/user/research_ws/ur10_pick_place_ws/install/linkattacher_msgs/share/linkattacher_msgs/cmake/linkattacher_msgs__rosidl_typesupport_cExport-noconfig.cmake
[3.392s] -- Installing: /home/user/research_ws/ur10_pick_place_ws/install/linkattacher_msgs/share/linkattacher_msgs/cmake/export_linkattacher_msgs__rosidl_generator_cppExport.cmake
[3.392s] -- Installing: /home/user/research_ws/ur10_pick_place_ws/install/linkattacher_msgs/share/linkattacher_msgs/cmake/export_linkattacher_msgs__rosidl_typesupport_fastrtps_cppExport.cmake
[3.392s] -- Installing: /home/user/research_ws/ur10_pick_place_ws/install/linkattacher_msgs/share/linkattacher_msgs/cmake/export_linkattacher_msgs__rosidl_typesupport_fastrtps_cppExport-noconfig.cmake
[3.392s] -- Installing: /home/user/research_ws/ur10_pick_place_ws/install/linkattacher_msgs/share/linkattacher_msgs/cmake/linkattacher_msgs__rosidl_typesupport_introspection_cppExport.cmake
[3.392s] -- Installing: /home/user/research_ws/ur10_pick_place_ws/install/linkattacher_msgs/share/linkattacher_msgs/cmake/linkattacher_msgs__rosidl_typesupport_introspection_cppExport-noconfig.cmake
[3.393s] -- Installing: /home/user/research_ws/ur10_pick_place_ws/install/linkattacher_msgs/share/linkattacher_msgs/cmake/linkattacher_msgs__rosidl_typesupport_cppExport.cmake
[3.393s] -- Installing: /home/user/research_ws/ur10_pick_place_ws/install/linkattacher_msgs/share/linkattacher_msgs/cmake/linkattacher_msgs__rosidl_typesupport_cppExport-noconfig.cmake
[3.393s] -- Installing: /home/user/research_ws/ur10_pick_place_ws/install/linkattacher_msgs/share/linkattacher_msgs/cmake/export_linkattacher_msgs__rosidl_generator_pyExport.cmake
[3.393s] -- Installing: /home/user/research_ws/ur10_pick_place_ws/install/linkattacher_msgs/share/linkattacher_msgs/cmake/export_linkattacher_msgs__rosidl_generator_pyExport-noconfig.cmake
[3.393s] -- Installing: /home/user/research_ws/ur10_pick_place_ws/install/linkattacher_msgs/share/linkattacher_msgs/cmake/rosidl_cmake-extras.cmake
[3.393s] -- Installing: /home/user/research_ws/ur10_pick_place_ws/install/linkattacher_msgs/share/linkattacher_msgs/cmake/ament_cmake_export_include_directories-extras.cmake
[3.393s] -- Installing: /home/user/research_ws/ur10_pick_place_ws/install/linkattacher_msgs/share/linkattacher_msgs/cmake/ament_cmake_export_libraries-extras.cmake
[3.393s] -- Installing: /home/user/research_ws/ur10_pick_place_ws/install/linkattacher_msgs/share/linkattacher_msgs/cmake/ament_cmake_export_targets-extras.cmake
[3.393s] -- Installing: /home/user/research_ws/ur10_pick_place_ws/install/linkattacher_msgs/share/linkattacher_msgs/cmake/rosidl_cmake_export_typesupport_targets-extras.cmake
[3.393s] -- Installing: /home/user/research_ws/ur10_pick_place_ws/install/linkattacher_msgs/share/linkattacher_msgs/cmake/ament_cmake_export_dependencies-extras.cmake
[3.393s] -- Installing: /home/user/research_ws/ur10_pick_place_ws/install/linkattacher_msgs/share/linkattacher_msgs/cmake/rosidl_cmake_export_typesupport_libraries-extras.cmake
[3.393s] -- Installing: /home/user/research_ws/ur10_pick_place_ws/install/linkattacher_msgs/share/linkattacher_msgs/cmake/linkattacher_msgsConfig.cmake
[3.393s] -- Installing: /home/user/research_ws/ur10_pick_place_ws/install/linkattacher_msgs/share/linkattacher_msgs/cmake/linkattacher_msgsConfig-version.cmake
[3.393s] -- Installing: /home/user/research_ws/ur10_pick_place_ws/install/linkattacher_msgs/share/linkattacher_msgs/package.xml
[3.395s] Invoked command in '/home/user/research_ws/ur10_pick_place_ws/build/linkattacher_msgs' returned '0': CMAKE_PREFIX_PATH=${CMAKE_PREFIX_PATH}:/opt/ros/humble /usr/bin/cmake --install /home/user/research_ws/ur10_pick_place_ws/build/linkattacher_msgs
