[2026-03-18 13:59:10,331][__main__][INFO] - Detected 1 GPU(s) available, setting cfg.train.num_gpus = 1
[2026-03-18 13:59:10,332][grasp_gen.dataset.dataset][INFO] - [CACHE VALIDATION] No denylist found in /tmp/graspgen_cache/robotiq_3f, deleting cache dir. It may have been improperly created before.
[2026-03-18 13:59:10,337][__main__][INFO] - Cache is imcomplete. Running in prefiltering mode first!
[2026-03-18 13:59:10,338][__main__][INFO] - Prefiltering mode. Running with 1 GPU
[2026-03-18 13:59:10,340][grasp_gen.dataset.dataset][INFO] - cache_dir: /tmp/graspgen_cache/robotiq_3f
[2026-03-18 13:59:10,340][grasp_gen.dataset.dataset][INFO] - Denylist path: /tmp/graspgen_cache/robotiq_3f/denylist_mesh_gen.json
[2026-03-18 13:59:10,341][grasp_gen.dataset.dataset][INFO] - Loading dataset from config: /home/ubuntu/GraspDataGen/graspgen_dataset/splits/robotiq_3f/train.txt
[2026-03-18 13:59:10,341][grasp_gen.dataset.dataset][INFO] - No filtering; All datapoints are used
[2026-03-18 13:59:10,379][grasp_gen.dataset.dataset][INFO] - Preloading dataset to memory
[2026-03-18 13:59:10,379][grasp_gen.dataset.dataset][INFO] - Unable to find cache file: /tmp/graspgen_cache/robotiq_3f/cache_train_mesh_gen.h5
[2026-03-18 13:59:11,858][grasp_gen.dataset.dataset][ERROR] - 0: Unable to preload object even after sampling pc 3 times
[2026-03-18 13:59:11,858][grasp_gen.dataset.dataset][INFO] - Saving key: microphone to denylist at /tmp/graspgen_cache/robotiq_3f/denylist_mesh_gen.json
[2026-03-18 13:59:13,335][grasp_gen.dataset.dataset][ERROR] - 1: Unable to preload object even after sampling pc 3 times
[2026-03-18 13:59:13,336][grasp_gen.dataset.dataset][INFO] - Saving key: boba_tea_cup to denylist at /tmp/graspgen_cache/robotiq_3f/denylist_mesh_gen.json
[2026-03-18 13:59:15,170][grasp_gen.dataset.dataset][INFO] - Saving key: hammer to denylist at /tmp/graspgen_cache/robotiq_3f/denylist_mesh_gen.json
[2026-03-18 13:59:16,652][grasp_gen.dataset.dataset][ERROR] - 4: Unable to preload object even after sampling pc 3 times
[2026-03-18 13:59:16,653][grasp_gen.dataset.dataset][INFO] - Saving key: mailbox_us to denylist at /tmp/graspgen_cache/robotiq_3f/denylist_mesh_gen.json
[2026-03-18 13:59:17,870][grasp_gen.dataset.dataset][ERROR] - 5: Unable to preload object even after sampling pc 3 times
[2026-03-18 13:59:17,871][grasp_gen.dataset.dataset][INFO] - Saving key: bottle_large to denylist at /tmp/graspgen_cache/robotiq_3f/denylist_mesh_gen.json
[2026-03-18 13:59:19,266][grasp_gen.dataset.dataset][ERROR] - 6: Unable to preload object even after sampling pc 3 times
[2026-03-18 13:59:19,267][grasp_gen.dataset.dataset][INFO] - Saving key: warrior_hammer to denylist at /tmp/graspgen_cache/robotiq_3f/denylist_mesh_gen.json
[2026-03-18 13:59:19,313][grasp_gen.dataset.dataset][INFO] - Saving key: mailbox to denylist at /tmp/graspgen_cache/robotiq_3f/denylist_mesh_gen.json
[2026-03-18 13:59:21,192][grasp_gen.dataset.dataset][ERROR] - 8: Unable to preload object even after sampling pc 3 times
[2026-03-18 13:59:21,192][grasp_gen.dataset.dataset][INFO] - Saving key: remote_control to denylist at /tmp/graspgen_cache/robotiq_3f/denylist_mesh_gen.json
[2026-03-18 13:59:22,709][grasp_gen.dataset.dataset][ERROR] - 9: Unable to preload object even after sampling pc 3 times
[2026-03-18 13:59:22,709][grasp_gen.dataset.dataset][INFO] - Saving key: hammer_final to denylist at /tmp/graspgen_cache/robotiq_3f/denylist_mesh_gen.json
[2026-03-18 13:59:22,716][grasp_gen.dataset.dataset_utils][INFO] - Deleting old cache at /tmp/graspgen_cache/robotiq_3f/cache_train_mesh_gen.h5
[2026-03-18 13:59:22,733][grasp_gen.dataset.dataset_utils][INFO] - Saving cache to /tmp/graspgen_cache/robotiq_3f/cache_train_mesh_gen.h5 took 0.01706528663635254(s)
[2026-03-18 13:59:22,734][grasp_gen.utils.train_utils][INFO] - Dataset for train has 10 datapoints
[2026-03-18 13:59:22,736][grasp_gen.dataset.dataset][INFO] - cache_dir: /tmp/graspgen_cache/robotiq_3f
[2026-03-18 13:59:22,736][grasp_gen.dataset.dataset][INFO] - Denylist path: /tmp/graspgen_cache/robotiq_3f/denylist_mesh_gen.json
[2026-03-18 13:59:22,736][grasp_gen.dataset.dataset][INFO] - Loading dataset from config: /home/ubuntu/GraspDataGen/graspgen_dataset/splits/robotiq_3f/valid.txt
[2026-03-18 13:59:22,737][grasp_gen.dataset.dataset][INFO] - 0 out of 3 scenes in denylist. Final number of datapoints 3
[2026-03-18 13:59:22,790][grasp_gen.dataset.dataset][INFO] - Preloading dataset to memory
[2026-03-18 13:59:22,790][grasp_gen.dataset.dataset][INFO] - Unable to find cache file: /tmp/graspgen_cache/robotiq_3f/cache_valid_mesh_gen.h5
[2026-03-18 13:59:24,307][grasp_gen.dataset.dataset][ERROR] - 0: Unable to preload object even after sampling pc 3 times
[2026-03-18 13:59:24,307][grasp_gen.dataset.dataset][INFO] - Saving key: bottle_small to denylist at /tmp/graspgen_cache/robotiq_3f/denylist_mesh_gen.json
[2026-03-18 13:59:25,918][grasp_gen.dataset.dataset][ERROR] - 1: Unable to preload object even after sampling pc 3 times
[2026-03-18 13:59:25,918][grasp_gen.dataset.dataset][INFO] - Saving key: grey_mug to denylist at /tmp/graspgen_cache/robotiq_3f/denylist_mesh_gen.json
[2026-03-18 13:59:27,513][grasp_gen.dataset.dataset][ERROR] - 2: Unable to preload object even after sampling pc 3 times
[2026-03-18 13:59:27,514][grasp_gen.dataset.dataset][INFO] - Saving key: teapot_with_cups to denylist at /tmp/graspgen_cache/robotiq_3f/denylist_mesh_gen.json
[2026-03-18 13:59:27,521][grasp_gen.dataset.dataset_utils][INFO] - Deleting old cache at /tmp/graspgen_cache/robotiq_3f/cache_valid_mesh_gen.h5
[2026-03-18 13:59:27,523][grasp_gen.dataset.dataset_utils][INFO] - Saving cache to /tmp/graspgen_cache/robotiq_3f/cache_valid_mesh_gen.h5 took 0.001978158950805664(s)
[2026-03-18 13:59:27,523][grasp_gen.utils.train_utils][INFO] - Dataset for valid has 3 datapoints
[2026-03-18 13:59:28,005][grasp_gen.utils.train_utils][INFO] - Using ADAM, LR 1e-05
[2026-03-18 13:59:28,354][__main__][INFO] - Number of parameters in diffusion model: 39276358
[2026-03-18 13:59:28,355][__main__][INFO] - Attempting to load checkpoint from None
[2026-03-18 13:59:28,380][__main__][INFO] - Saved training configuration to /home/ubuntu/GraspDataGen/training_logs/robotiq_3f_gen/config.yaml
[2026-03-18 13:59:28,380][__main__][INFO] - Training starting at epoch 1 and batch index 0
[2026-03-18 13:59:30,277][__main__][INFO] - Prefiltering mode. Exiting Train script since we iterated one pass over the dataset
[2026-03-18 13:59:30,278][__main__][INFO] - Total training time: 0:00:01.897821
[2026-03-18 13:59:30,282][__main__][INFO] - Prefiltering mode done. Running with original number of 1 GPUs
