[0.074s] Invoking command in '/home/ubuntu/research_ws/ur10_pick_place_ws/build/linkattacher_msgs': CMAKE_PREFIX_PATH=${CMAKE_PREFIX_PATH}:/home/ubuntu/ur_camera_ws/install/pick_place:/home/ubuntu/ur_camera_ws/install/easy_handeye2:/opt/ros/humble /usr/bin/cmake --build /home/ubuntu/research_ws/ur10_pick_place_ws/build/linkattacher_msgs -- -j12 -l12
[0.183s] Consolidate compiler generated dependencies of target linkattacher_msgs__rosidl_generator_c
[0.183s] [  2%] Built target linkattacher_msgs__rs
[0.193s] [  5%] Built target linkattacher_msgs__cpp
[0.193s] [ 15%] Built target linkattacher_msgs__rosidl_generator_c
[0.209s] [ 15%] Built target ament_cmake_python_copy_linkattacher_msgs
[0.280s] Consolidate compiler generated dependencies of target linkattacher_msgs__rosidl_typesupport_c
[0.281s] Consolidate compiler generated dependencies of target linkattacher_msgs__rosidl_typesupport_cpp
[0.281s] Consolidate compiler generated dependencies of target linkattacher_msgs__rosidl_typesupport_fastrtps_cpp
[0.281s] Consolidate compiler generated dependencies of target linkattacher_msgs__rosidl_typesupport_introspection_cpp
[0.281s] Consolidate compiler generated dependencies of target linkattacher_msgs__rosidl_typesupport_introspection_c
[0.282s] Consolidate compiler generated dependencies of target linkattacher_msgs__rosidl_typesupport_fastrtps_c
[0.282s] [ 27%] Built target linkattacher_msgs__rosidl_typesupport_c
[0.282s] [ 35%] Built target linkattacher_msgs__rosidl_typesupport_cpp
[0.282s] [ 47%] Built target linkattacher_msgs__rosidl_typesupport_fastrtps_cpp
[0.283s] [ 55%] Built target linkattacher_msgs__rosidl_typesupport_introspection_c
[0.283s] [ 65%] Built target linkattacher_msgs__rosidl_typesupport_introspection_cpp
[0.348s] [ 75%] Built target linkattacher_msgs__rosidl_typesupport_fastrtps_c
[0.348s] [ 75%] Built target linkattacher_msgs
[0.360s] [ 77%] Built target linkattacher_msgs__py
[0.414s] Consolidate compiler generated dependencies of target linkattacher_msgs__rosidl_generator_py
[0.414s] [ 85%] Built target linkattacher_msgs__rosidl_generator_py
[0.435s] Consolidate compiler generated dependencies of target linkattacher_msgs__rosidl_typesupport_fastrtps_c__pyext
[0.436s] Consolidate compiler generated dependencies of target linkattacher_msgs__rosidl_typesupport_c__pyext
[0.436s] Consolidate compiler generated dependencies of target linkattacher_msgs__rosidl_typesupport_introspection_c__pyext
[0.460s] [ 95%] Built target linkattacher_msgs__rosidl_typesupport_fastrtps_c__pyext
[0.460s] [ 95%] Built target linkattacher_msgs__rosidl_typesupport_introspection_c__pyext
[0.462s] [100%] Built target linkattacher_msgs__rosidl_typesupport_c__pyext
[0.864s] running egg_info
[0.865s] writing linkattacher_msgs.egg-info/PKG-INFO
[0.866s] writing dependency_links to linkattacher_msgs.egg-info/dependency_links.txt
[0.866s] writing top-level names to linkattacher_msgs.egg-info/top_level.txt
[0.872s] reading manifest file 'linkattacher_msgs.egg-info/SOURCES.txt'
[0.873s] writing manifest file 'linkattacher_msgs.egg-info/SOURCES.txt'
[0.952s] [100%] Built target ament_cmake_python_build_linkattacher_msgs_egg
[0.975s] Invoked command in '/home/ubuntu/research_ws/ur10_pick_place_ws/build/linkattacher_msgs' returned '0': CMAKE_PREFIX_PATH=${CMAKE_PREFIX_PATH}:/home/ubuntu/ur_camera_ws/install/pick_place:/home/ubuntu/ur_camera_ws/install/easy_handeye2:/opt/ros/humble /usr/bin/cmake --build /home/ubuntu/research_ws/ur10_pick_place_ws/build/linkattacher_msgs -- -j12 -l12
[0.979s] Invoking command in '/home/ubuntu/research_ws/ur10_pick_place_ws/build/linkattacher_msgs': CMAKE_PREFIX_PATH=${CMAKE_PREFIX_PATH}:/home/ubuntu/ur_camera_ws/install/pick_place:/home/ubuntu/ur_camera_ws/install/easy_handeye2:/opt/ros/humble /usr/bin/cmake --install /home/ubuntu/research_ws/ur10_pick_place_ws/build/linkattacher_msgs
[0.998s] -- Install configuration: "Release"
[0.999s] -- Up-to-date: /home/ubuntu/research_ws/ur10_pick_place_ws/install/linkattacher_msgs/share/linkattacher_msgs/srv
[0.999s] -- Up-to-date: /home/ubuntu/research_ws/ur10_pick_place_ws/install/linkattacher_msgs/share/linkattacher_msgs/srv/AttachLink.srv
[0.999s] -- Up-to-date: /home/ubuntu/research_ws/ur10_pick_place_ws/install/linkattacher_msgs/share/linkattacher_msgs/srv/DetachLink.srv
[1.000s] -- Up-to-date: /home/ubuntu/research_ws/ur10_pick_place_ws/install/linkattacher_msgs/share/ament_index/resource_index/rosidl_interfaces/linkattacher_msgs
[1.000s] -- Up-to-date: /home/ubuntu/research_ws/ur10_pick_place_ws/install/linkattacher_msgs/include/linkattacher_msgs/linkattacher_msgs
[1.000s] -- Up-to-date: /home/ubuntu/research_ws/ur10_pick_place_ws/install/linkattacher_msgs/include/linkattacher_msgs/linkattacher_msgs/srv
[1.001s] -- Up-to-date: /home/ubuntu/research_ws/ur10_pick_place_ws/install/linkattacher_msgs/include/linkattacher_msgs/linkattacher_msgs/srv/detach_link.h
[1.001s] -- Up-to-date: /home/ubuntu/research_ws/ur10_pick_place_ws/install/linkattacher_msgs/include/linkattacher_msgs/linkattacher_msgs/srv/detail
[1.001s] -- Up-to-date: /home/ubuntu/research_ws/ur10_pick_place_ws/install/linkattacher_msgs/include/linkattacher_msgs/linkattacher_msgs/srv/detail/detach_link__functions.c
[1.002s] -- Up-to-date: /home/ubuntu/research_ws/ur10_pick_place_ws/install/linkattacher_msgs/include/linkattacher_msgs/linkattacher_msgs/srv/detail/attach_link__functions.c
[1.002s] -- Up-to-date: /home/ubuntu/research_ws/ur10_pick_place_ws/install/linkattacher_msgs/include/linkattacher_msgs/linkattacher_msgs/srv/detail/detach_link__type_support.h
[1.003s] -- Up-to-date: /home/ubuntu/research_ws/ur10_pick_place_ws/install/linkattacher_msgs/include/linkattacher_msgs/linkattacher_msgs/srv/detail/attach_link__struct.h
[1.003s] -- Up-to-date: /home/ubuntu/research_ws/ur10_pick_place_ws/install/linkattacher_msgs/include/linkattacher_msgs/linkattacher_msgs/srv/detail/detach_link__struct.h
[1.004s] -- Up-to-date: /home/ubuntu/research_ws/ur10_pick_place_ws/install/linkattacher_msgs/include/linkattacher_msgs/linkattacher_msgs/srv/detail/attach_link__type_support.h
[1.004s] -- Up-to-date: /home/ubuntu/research_ws/ur10_pick_place_ws/install/linkattacher_msgs/include/linkattacher_msgs/linkattacher_msgs/srv/detail/attach_link__functions.h
[1.004s] -- Up-to-date: /home/ubuntu/research_ws/ur10_pick_place_ws/install/linkattacher_msgs/include/linkattacher_msgs/linkattacher_msgs/srv/detail/detach_link__functions.h
[1.004s] -- Up-to-date: /home/ubuntu/research_ws/ur10_pick_place_ws/install/linkattacher_msgs/include/linkattacher_msgs/linkattacher_msgs/srv/attach_link.h
[1.004s] -- Up-to-date: /home/ubuntu/research_ws/ur10_pick_place_ws/install/linkattacher_msgs/include/linkattacher_msgs/linkattacher_msgs/msg
[1.005s] -- Up-to-date: /home/ubuntu/research_ws/ur10_pick_place_ws/install/linkattacher_msgs/include/linkattacher_msgs/linkattacher_msgs/msg/rosidl_generator_c__visibility_control.h
[1.005s] -- Up-to-date: /home/ubuntu/research_ws/ur10_pick_place_ws/install/linkattacher_msgs/share/linkattacher_msgs/environment/library_path.sh
[1.005s] -- Up-to-date: /home/ubuntu/research_ws/ur10_pick_place_ws/install/linkattacher_msgs/share/linkattacher_msgs/environment/library_path.dsv
[1.005s] -- Up-to-date: /home/ubuntu/research_ws/ur10_pick_place_ws/install/linkattacher_msgs/lib/liblinkattacher_msgs__rosidl_generator_c.so
[1.005s] -- Up-to-date: /home/ubuntu/research_ws/ur10_pick_place_ws/install/linkattacher_msgs/include/linkattacher_msgs/linkattacher_msgs
[1.005s] -- Up-to-date: /home/ubuntu/research_ws/ur10_pick_place_ws/install/linkattacher_msgs/include/linkattacher_msgs/linkattacher_msgs/srv
[1.005s] -- Up-to-date: /home/ubuntu/research_ws/ur10_pick_place_ws/install/linkattacher_msgs/include/linkattacher_msgs/linkattacher_msgs/srv/detail
[1.006s] -- Up-to-date: /home/ubuntu/research_ws/ur10_pick_place_ws/install/linkattacher_msgs/include/linkattacher_msgs/linkattacher_msgs/srv/detail/detach_link__rosidl_typesupport_fastrtps_c.h
[1.006s] -- Up-to-date: /home/ubuntu/research_ws/ur10_pick_place_ws/install/linkattacher_msgs/include/linkattacher_msgs/linkattacher_msgs/srv/detail/attach_link__rosidl_typesupport_fastrtps_c.h
[1.006s] -- Up-to-date: /home/ubuntu/research_ws/ur10_pick_place_ws/install/linkattacher_msgs/include/linkattacher_msgs/linkattacher_msgs/msg
[1.007s] -- Up-to-date: /home/ubuntu/research_ws/ur10_pick_place_ws/install/linkattacher_msgs/include/linkattacher_msgs/linkattacher_msgs/msg/rosidl_typesupport_fastrtps_c__visibility_control.h
[1.007s] -- Up-to-date: /home/ubuntu/research_ws/ur10_pick_place_ws/install/linkattacher_msgs/lib/liblinkattacher_msgs__rosidl_typesupport_fastrtps_c.so
[1.007s] -- Up-to-date: /home/ubuntu/research_ws/ur10_pick_place_ws/install/linkattacher_msgs/include/linkattacher_msgs/linkattacher_msgs
[1.007s] -- Up-to-date: /home/ubuntu/research_ws/ur10_pick_place_ws/install/linkattacher_msgs/include/linkattacher_msgs/linkattacher_msgs/srv
[1.007s] -- Up-to-date: /home/ubuntu/research_ws/ur10_pick_place_ws/install/linkattacher_msgs/include/linkattacher_msgs/linkattacher_msgs/srv/detail
[1.007s] -- Up-to-date: /home/ubuntu/research_ws/ur10_pick_place_ws/install/linkattacher_msgs/include/linkattacher_msgs/linkattacher_msgs/srv/detail/detach_link__rosidl_typesupport_introspection_c.h
[1.008s] -- Up-to-date: /home/ubuntu/research_ws/ur10_pick_place_ws/install/linkattacher_msgs/include/linkattacher_msgs/linkattacher_msgs/srv/detail/detach_link__type_support.c
[1.008s] -- Up-to-date: /home/ubuntu/research_ws/ur10_pick_place_ws/install/linkattacher_msgs/include/linkattacher_msgs/linkattacher_msgs/srv/detail/attach_link__rosidl_typesupport_introspection_c.h
[1.008s] -- Up-to-date: /home/ubuntu/research_ws/ur10_pick_place_ws/install/linkattacher_msgs/include/linkattacher_msgs/linkattacher_msgs/srv/detail/attach_link__type_support.c
[1.008s] -- Up-to-date: /home/ubuntu/research_ws/ur10_pick_place_ws/install/linkattacher_msgs/include/linkattacher_msgs/linkattacher_msgs/msg
[1.008s] -- Up-to-date: /home/ubuntu/research_ws/ur10_pick_place_ws/install/linkattacher_msgs/include/linkattacher_msgs/linkattacher_msgs/msg/rosidl_typesupport_introspection_c__visibility_control.h
[1.008s] -- Up-to-date: /home/ubuntu/research_ws/ur10_pick_place_ws/install/linkattacher_msgs/lib/liblinkattacher_msgs__rosidl_typesupport_introspection_c.so
[1.008s] -- Up-to-date: /home/ubuntu/research_ws/ur10_pick_place_ws/install/linkattacher_msgs/lib/liblinkattacher_msgs__rosidl_typesupport_c.so
[1.008s] -- Up-to-date: /home/ubuntu/research_ws/ur10_pick_place_ws/install/linkattacher_msgs/include/linkattacher_msgs/linkattacher_msgs
[1.008s] -- Up-to-date: /home/ubuntu/research_ws/ur10_pick_place_ws/install/linkattacher_msgs/include/linkattacher_msgs/linkattacher_msgs/srv
[1.009s] -- Up-to-date: /home/ubuntu/research_ws/ur10_pick_place_ws/install/linkattacher_msgs/include/linkattacher_msgs/linkattacher_msgs/srv/attach_link.hpp
[1.009s] -- Up-to-date: /home/ubuntu/research_ws/ur10_pick_place_ws/install/linkattacher_msgs/include/linkattacher_msgs/linkattacher_msgs/srv/detail
[1.009s] -- Up-to-date: /home/ubuntu/research_ws/ur10_pick_place_ws/install/linkattacher_msgs/include/linkattacher_msgs/linkattacher_msgs/srv/detail/attach_link__type_support.hpp
[1.009s] -- Up-to-date: /home/ubuntu/research_ws/ur10_pick_place_ws/install/linkattacher_msgs/include/linkattacher_msgs/linkattacher_msgs/srv/detail/detach_link__struct.hpp
[1.009s] -- Up-to-date: /home/ubuntu/research_ws/ur10_pick_place_ws/install/linkattacher_msgs/include/linkattacher_msgs/linkattacher_msgs/srv/detail/attach_link__struct.hpp
[1.009s] -- Up-to-date: /home/ubuntu/research_ws/ur10_pick_place_ws/install/linkattacher_msgs/include/linkattacher_msgs/linkattacher_msgs/srv/detail/detach_link__type_support.hpp
[1.009s] -- Up-to-date: /home/ubuntu/research_ws/ur10_pick_place_ws/install/linkattacher_msgs/include/linkattacher_msgs/linkattacher_msgs/srv/detail/detach_link__traits.hpp
[1.009s] -- Up-to-date: /home/ubuntu/research_ws/ur10_pick_place_ws/install/linkattacher_msgs/include/linkattacher_msgs/linkattacher_msgs/srv/detail/detach_link__builder.hpp
[1.009s] -- Up-to-date: /home/ubuntu/research_ws/ur10_pick_place_ws/install/linkattacher_msgs/include/linkattacher_msgs/linkattacher_msgs/srv/detail/attach_link__traits.hpp
[1.010s] -- Up-to-date: /home/ubuntu/research_ws/ur10_pick_place_ws/install/linkattacher_msgs/include/linkattacher_msgs/linkattacher_msgs/srv/detail/attach_link__builder.hpp
[1.010s] -- Up-to-date: /home/ubuntu/research_ws/ur10_pick_place_ws/install/linkattacher_msgs/include/linkattacher_msgs/linkattacher_msgs/srv/detach_link.hpp
[1.010s] -- Up-to-date: /home/ubuntu/research_ws/ur10_pick_place_ws/install/linkattacher_msgs/include/linkattacher_msgs/linkattacher_msgs/msg
[1.010s] -- Up-to-date: /home/ubuntu/research_ws/ur10_pick_place_ws/install/linkattacher_msgs/include/linkattacher_msgs/linkattacher_msgs/msg/rosidl_generator_cpp__visibility_control.hpp
[1.010s] -- Up-to-date: /home/ubuntu/research_ws/ur10_pick_place_ws/install/linkattacher_msgs/include/linkattacher_msgs/linkattacher_msgs
[1.010s] -- Up-to-date: /home/ubuntu/research_ws/ur10_pick_place_ws/install/linkattacher_msgs/include/linkattacher_msgs/linkattacher_msgs/srv
[1.010s] -- Up-to-date: /home/ubuntu/research_ws/ur10_pick_place_ws/install/linkattacher_msgs/include/linkattacher_msgs/linkattacher_msgs/srv/detail
[1.010s] -- Up-to-date: /home/ubuntu/research_ws/ur10_pick_place_ws/install/linkattacher_msgs/include/linkattacher_msgs/linkattacher_msgs/srv/detail/detach_link__rosidl_typesupport_fastrtps_cpp.hpp
[1.010s] -- Up-to-date: /home/ubuntu/research_ws/ur10_pick_place_ws/install/linkattacher_msgs/include/linkattacher_msgs/linkattacher_msgs/srv/detail/dds_fastrtps
[1.011s] -- Up-to-date: /home/ubuntu/research_ws/ur10_pick_place_ws/install/linkattacher_msgs/include/linkattacher_msgs/linkattacher_msgs/srv/detail/attach_link__rosidl_typesupport_fastrtps_cpp.hpp
[1.011s] -- Up-to-date: /home/ubuntu/research_ws/ur10_pick_place_ws/install/linkattacher_msgs/include/linkattacher_msgs/linkattacher_msgs/msg
[1.011s] -- Up-to-date: /home/ubuntu/research_ws/ur10_pick_place_ws/install/linkattacher_msgs/include/linkattacher_msgs/linkattacher_msgs/msg/rosidl_typesupport_fastrtps_cpp__visibility_control.h
[1.011s] -- Up-to-date: /home/ubuntu/research_ws/ur10_pick_place_ws/install/linkattacher_msgs/lib/liblinkattacher_msgs__rosidl_typesupport_fastrtps_cpp.so
[1.011s] -- Up-to-date: /home/ubuntu/research_ws/ur10_pick_place_ws/install/linkattacher_msgs/include/linkattacher_msgs/linkattacher_msgs
[1.011s] -- Up-to-date: /home/ubuntu/research_ws/ur10_pick_place_ws/install/linkattacher_msgs/include/linkattacher_msgs/linkattacher_msgs/srv
[1.011s] -- Up-to-date: /home/ubuntu/research_ws/ur10_pick_place_ws/install/linkattacher_msgs/include/linkattacher_msgs/linkattacher_msgs/srv/detail
[1.012s] -- Up-to-date: /home/ubuntu/research_ws/ur10_pick_place_ws/install/linkattacher_msgs/include/linkattacher_msgs/linkattacher_msgs/srv/detail/attach_link__rosidl_typesupport_introspection_cpp.hpp
[1.012s] -- Up-to-date: /home/ubuntu/research_ws/ur10_pick_place_ws/install/linkattacher_msgs/include/linkattacher_msgs/linkattacher_msgs/srv/detail/detach_link__rosidl_typesupport_introspection_cpp.hpp
[1.012s] -- Up-to-date: /home/ubuntu/research_ws/ur10_pick_place_ws/install/linkattacher_msgs/include/linkattacher_msgs/linkattacher_msgs/srv/detail/attach_link__type_support.cpp
[1.012s] -- Up-to-date: /home/ubuntu/research_ws/ur10_pick_place_ws/install/linkattacher_msgs/include/linkattacher_msgs/linkattacher_msgs/srv/detail/detach_link__type_support.cpp
[1.012s] -- Up-to-date: /home/ubuntu/research_ws/ur10_pick_place_ws/install/linkattacher_msgs/lib/liblinkattacher_msgs__rosidl_typesupport_introspection_cpp.so
[1.012s] -- Up-to-date: /home/ubuntu/research_ws/ur10_pick_place_ws/install/linkattacher_msgs/lib/liblinkattacher_msgs__rosidl_typesupport_cpp.so
[1.012s] -- Up-to-date: /home/ubuntu/research_ws/ur10_pick_place_ws/install/linkattacher_msgs/share/linkattacher_msgs/environment/pythonpath.sh
[1.012s] -- Up-to-date: /home/ubuntu/research_ws/ur10_pick_place_ws/install/linkattacher_msgs/share/linkattacher_msgs/environment/pythonpath.dsv
[1.012s] -- Up-to-date: /home/ubuntu/research_ws/ur10_pick_place_ws/install/linkattacher_msgs/local/lib/python3.10/dist-packages/linkattacher_msgs-0.0.0-py3.10.egg-info
[1.013s] -- Installing: /home/ubuntu/research_ws/ur10_pick_place_ws/install/linkattacher_msgs/local/lib/python3.10/dist-packages/linkattacher_msgs-0.0.0-py3.10.egg-info/SOURCES.txt
[1.013s] -- Installing: /home/ubuntu/research_ws/ur10_pick_place_ws/install/linkattacher_msgs/local/lib/python3.10/dist-packages/linkattacher_msgs-0.0.0-py3.10.egg-info/dependency_links.txt
[1.013s] -- Installing: /home/ubuntu/research_ws/ur10_pick_place_ws/install/linkattacher_msgs/local/lib/python3.10/dist-packages/linkattacher_msgs-0.0.0-py3.10.egg-info/top_level.txt
[1.013s] -- Installing: /home/ubuntu/research_ws/ur10_pick_place_ws/install/linkattacher_msgs/local/lib/python3.10/dist-packages/linkattacher_msgs-0.0.0-py3.10.egg-info/PKG-INFO
[1.013s] -- Up-to-date: /home/ubuntu/research_ws/ur10_pick_place_ws/install/linkattacher_msgs/local/lib/python3.10/dist-packages/linkattacher_msgs
[1.013s] -- Up-to-date: /home/ubuntu/research_ws/ur10_pick_place_ws/install/linkattacher_msgs/local/lib/python3.10/dist-packages/linkattacher_msgs/liblinkattacher_msgs__rosidl_generator_py.so
[1.013s] -- Up-to-date: /home/ubuntu/research_ws/ur10_pick_place_ws/install/linkattacher_msgs/local/lib/python3.10/dist-packages/linkattacher_msgs/srv
[1.013s] -- Up-to-date: /home/ubuntu/research_ws/ur10_pick_place_ws/install/linkattacher_msgs/local/lib/python3.10/dist-packages/linkattacher_msgs/srv/__init__.py
[1.013s] -- Up-to-date: /home/ubuntu/research_ws/ur10_pick_place_ws/install/linkattacher_msgs/local/lib/python3.10/dist-packages/linkattacher_msgs/srv/_detach_link_s.c
[1.014s] -- Up-to-date: /home/ubuntu/research_ws/ur10_pick_place_ws/install/linkattacher_msgs/local/lib/python3.10/dist-packages/linkattacher_msgs/srv/_attach_link_s.c
[1.014s] -- Up-to-date: /home/ubuntu/research_ws/ur10_pick_place_ws/install/linkattacher_msgs/local/lib/python3.10/dist-packages/linkattacher_msgs/srv/_attach_link.py
[1.014s] -- Up-to-date: /home/ubuntu/research_ws/ur10_pick_place_ws/install/linkattacher_msgs/local/lib/python3.10/dist-packages/linkattacher_msgs/srv/_detach_link.py
[1.014s] -- Up-to-date: /home/ubuntu/research_ws/ur10_pick_place_ws/install/linkattacher_msgs/local/lib/python3.10/dist-packages/linkattacher_msgs/_linkattacher_msgs_s.ep.rosidl_typesupport_c.c
[1.014s] -- Up-to-date: /home/ubuntu/research_ws/ur10_pick_place_ws/install/linkattacher_msgs/local/lib/python3.10/dist-packages/linkattacher_msgs/__init__.py
[1.014s] -- Up-to-date: /home/ubuntu/research_ws/ur10_pick_place_ws/install/linkattacher_msgs/local/lib/python3.10/dist-packages/linkattacher_msgs/_linkattacher_msgs_s.ep.rosidl_typesupport_fastrtps_c.c
[1.014s] -- Up-to-date: /home/ubuntu/research_ws/ur10_pick_place_ws/install/linkattacher_msgs/local/lib/python3.10/dist-packages/linkattacher_msgs/linkattacher_msgs_s__rosidl_typesupport_introspection_c.cpython-310-aarch64-linux-gnu.so
[1.014s] -- Up-to-date: /home/ubuntu/research_ws/ur10_pick_place_ws/install/linkattacher_msgs/local/lib/python3.10/dist-packages/linkattacher_msgs/_linkattacher_msgs_s.ep.rosidl_typesupport_introspection_c.c
[1.015s] -- Up-to-date: /home/ubuntu/research_ws/ur10_pick_place_ws/install/linkattacher_msgs/local/lib/python3.10/dist-packages/linkattacher_msgs/linkattacher_msgs_s__rosidl_typesupport_fastrtps_c.cpython-310-aarch64-linux-gnu.so
[1.015s] -- Up-to-date: /home/ubuntu/research_ws/ur10_pick_place_ws/install/linkattacher_msgs/local/lib/python3.10/dist-packages/linkattacher_msgs/linkattacher_msgs_s__rosidl_typesupport_c.cpython-310-aarch64-linux-gnu.so
[1.082s] Listing '/home/ubuntu/research_ws/ur10_pick_place_ws/install/linkattacher_msgs/local/lib/python3.10/dist-packages/linkattacher_msgs'...
[1.083s] Listing '/home/ubuntu/research_ws/ur10_pick_place_ws/install/linkattacher_msgs/local/lib/python3.10/dist-packages/linkattacher_msgs/srv'...
[1.094s] -- Up-to-date: /home/ubuntu/research_ws/ur10_pick_place_ws/install/linkattacher_msgs/local/lib/python3.10/dist-packages/linkattacher_msgs/linkattacher_msgs_s__rosidl_typesupport_fastrtps_c.cpython-310-aarch64-linux-gnu.so
[1.094s] -- Up-to-date: /home/ubuntu/research_ws/ur10_pick_place_ws/install/linkattacher_msgs/local/lib/python3.10/dist-packages/linkattacher_msgs/linkattacher_msgs_s__rosidl_typesupport_introspection_c.cpython-310-aarch64-linux-gnu.so
[1.095s] -- Up-to-date: /home/ubuntu/research_ws/ur10_pick_place_ws/install/linkattacher_msgs/local/lib/python3.10/dist-packages/linkattacher_msgs/linkattacher_msgs_s__rosidl_typesupport_c.cpython-310-aarch64-linux-gnu.so
[1.096s] -- Up-to-date: /home/ubuntu/research_ws/ur10_pick_place_ws/install/linkattacher_msgs/lib/liblinkattacher_msgs__rosidl_generator_py.so
[1.097s] -- Up-to-date: /home/ubuntu/research_ws/ur10_pick_place_ws/install/linkattacher_msgs/share/ament_index/resource_index/rust_packages/linkattacher_msgs
[1.097s] -- Up-to-date: /home/ubuntu/research_ws/ur10_pick_place_ws/install/linkattacher_msgs/share/linkattacher_msgs/rust
[1.098s] -- Up-to-date: /home/ubuntu/research_ws/ur10_pick_place_ws/install/linkattacher_msgs/share/linkattacher_msgs/rust/src
[1.098s] -- Up-to-date: /home/ubuntu/research_ws/ur10_pick_place_ws/install/linkattacher_msgs/share/linkattacher_msgs/rust/src/lib.rs
[1.099s] -- Up-to-date: /home/ubuntu/research_ws/ur10_pick_place_ws/install/linkattacher_msgs/share/linkattacher_msgs/rust/src/srv
[1.099s] -- Up-to-date: /home/ubuntu/research_ws/ur10_pick_place_ws/install/linkattacher_msgs/share/linkattacher_msgs/rust/src/srv/rmw.rs
[1.099s] -- Up-to-date: /home/ubuntu/research_ws/ur10_pick_place_ws/install/linkattacher_msgs/share/linkattacher_msgs/rust/src/srv.rs
[1.100s] -- Up-to-date: /home/ubuntu/research_ws/ur10_pick_place_ws/install/linkattacher_msgs/share/linkattacher_msgs/rust/build.rs
[1.100s] -- Up-to-date: /home/ubuntu/research_ws/ur10_pick_place_ws/install/linkattacher_msgs/share/linkattacher_msgs/rust/Cargo.toml
[1.100s] -- Up-to-date: /home/ubuntu/research_ws/ur10_pick_place_ws/install/linkattacher_msgs/share/linkattacher_msgs/srv/AttachLink.idl
[1.101s] -- Up-to-date: /home/ubuntu/research_ws/ur10_pick_place_ws/install/linkattacher_msgs/share/linkattacher_msgs/srv/DetachLink.idl
[1.101s] -- Up-to-date: /home/ubuntu/research_ws/ur10_pick_place_ws/install/linkattacher_msgs/share/linkattacher_msgs/srv/AttachLink.srv
[1.102s] -- Up-to-date: /home/ubuntu/research_ws/ur10_pick_place_ws/install/linkattacher_msgs/share/linkattacher_msgs/srv/AttachLink_Request.msg
[1.102s] -- Up-to-date: /home/ubuntu/research_ws/ur10_pick_place_ws/install/linkattacher_msgs/share/linkattacher_msgs/srv/AttachLink_Response.msg
[1.102s] -- Up-to-date: /home/ubuntu/research_ws/ur10_pick_place_ws/install/linkattacher_msgs/share/linkattacher_msgs/srv/DetachLink.srv
[1.102s] -- Up-to-date: /home/ubuntu/research_ws/ur10_pick_place_ws/install/linkattacher_msgs/share/linkattacher_msgs/srv/DetachLink_Request.msg
[1.102s] -- Up-to-date: /home/ubuntu/research_ws/ur10_pick_place_ws/install/linkattacher_msgs/share/linkattacher_msgs/srv/DetachLink_Response.msg
[1.102s] -- Up-to-date: /home/ubuntu/research_ws/ur10_pick_place_ws/install/linkattacher_msgs/share/ament_index/resource_index/package_run_dependencies/linkattacher_msgs
[1.102s] -- Up-to-date: /home/ubuntu/research_ws/ur10_pick_place_ws/install/linkattacher_msgs/share/ament_index/resource_index/parent_prefix_path/linkattacher_msgs
[1.102s] -- Up-to-date: /home/ubuntu/research_ws/ur10_pick_place_ws/install/linkattacher_msgs/share/linkattacher_msgs/environment/ament_prefix_path.sh
[1.102s] -- Up-to-date: /home/ubuntu/research_ws/ur10_pick_place_ws/install/linkattacher_msgs/share/linkattacher_msgs/environment/ament_prefix_path.dsv
[1.103s] -- Up-to-date: /home/ubuntu/research_ws/ur10_pick_place_ws/install/linkattacher_msgs/share/linkattacher_msgs/environment/path.sh
[1.103s] -- Up-to-date: /home/ubuntu/research_ws/ur10_pick_place_ws/install/linkattacher_msgs/share/linkattacher_msgs/environment/path.dsv
[1.103s] -- Up-to-date: /home/ubuntu/research_ws/ur10_pick_place_ws/install/linkattacher_msgs/share/linkattacher_msgs/local_setup.bash
[1.103s] -- Up-to-date: /home/ubuntu/research_ws/ur10_pick_place_ws/install/linkattacher_msgs/share/linkattacher_msgs/local_setup.sh
[1.103s] -- Up-to-date: /home/ubuntu/research_ws/ur10_pick_place_ws/install/linkattacher_msgs/share/linkattacher_msgs/local_setup.zsh
[1.103s] -- Up-to-date: /home/ubuntu/research_ws/ur10_pick_place_ws/install/linkattacher_msgs/share/linkattacher_msgs/local_setup.dsv
[1.104s] -- Installing: /home/ubuntu/research_ws/ur10_pick_place_ws/install/linkattacher_msgs/share/linkattacher_msgs/package.dsv
[1.104s] -- Up-to-date: /home/ubuntu/research_ws/ur10_pick_place_ws/install/linkattacher_msgs/share/ament_index/resource_index/packages/linkattacher_msgs
[1.104s] -- Up-to-date: /home/ubuntu/research_ws/ur10_pick_place_ws/install/linkattacher_msgs/share/linkattacher_msgs/cmake/export_linkattacher_msgs__rosidl_generator_cExport.cmake
[1.104s] -- Up-to-date: /home/ubuntu/research_ws/ur10_pick_place_ws/install/linkattacher_msgs/share/linkattacher_msgs/cmake/export_linkattacher_msgs__rosidl_generator_cExport-release.cmake
[1.105s] -- Up-to-date: /home/ubuntu/research_ws/ur10_pick_place_ws/install/linkattacher_msgs/share/linkattacher_msgs/cmake/export_linkattacher_msgs__rosidl_typesupport_fastrtps_cExport.cmake
[1.105s] -- Up-to-date: /home/ubuntu/research_ws/ur10_pick_place_ws/install/linkattacher_msgs/share/linkattacher_msgs/cmake/export_linkattacher_msgs__rosidl_typesupport_fastrtps_cExport-release.cmake
[1.105s] -- Up-to-date: /home/ubuntu/research_ws/ur10_pick_place_ws/install/linkattacher_msgs/share/linkattacher_msgs/cmake/linkattacher_msgs__rosidl_typesupport_introspection_cExport.cmake
[1.108s] -- Up-to-date: /home/ubuntu/research_ws/ur10_pick_place_ws/install/linkattacher_msgs/share/linkattacher_msgs/cmake/linkattacher_msgs__rosidl_typesupport_introspection_cExport-release.cmake
[1.108s] -- Up-to-date: /home/ubuntu/research_ws/ur10_pick_place_ws/install/linkattacher_msgs/share/linkattacher_msgs/cmake/linkattacher_msgs__rosidl_typesupport_cExport.cmake
[1.109s] -- Up-to-date: /home/ubuntu/research_ws/ur10_pick_place_ws/install/linkattacher_msgs/share/linkattacher_msgs/cmake/linkattacher_msgs__rosidl_typesupport_cExport-release.cmake
[1.109s] -- Up-to-date: /home/ubuntu/research_ws/ur10_pick_place_ws/install/linkattacher_msgs/share/linkattacher_msgs/cmake/export_linkattacher_msgs__rosidl_generator_cppExport.cmake
[1.110s] -- Up-to-date: /home/ubuntu/research_ws/ur10_pick_place_ws/install/linkattacher_msgs/share/linkattacher_msgs/cmake/export_linkattacher_msgs__rosidl_typesupport_fastrtps_cppExport.cmake
[1.110s] -- Up-to-date: /home/ubuntu/research_ws/ur10_pick_place_ws/install/linkattacher_msgs/share/linkattacher_msgs/cmake/export_linkattacher_msgs__rosidl_typesupport_fastrtps_cppExport-release.cmake
[1.110s] -- Up-to-date: /home/ubuntu/research_ws/ur10_pick_place_ws/install/linkattacher_msgs/share/linkattacher_msgs/cmake/linkattacher_msgs__rosidl_typesupport_introspection_cppExport.cmake
[1.111s] -- Up-to-date: /home/ubuntu/research_ws/ur10_pick_place_ws/install/linkattacher_msgs/share/linkattacher_msgs/cmake/linkattacher_msgs__rosidl_typesupport_introspection_cppExport-release.cmake
[1.111s] -- Up-to-date: /home/ubuntu/research_ws/ur10_pick_place_ws/install/linkattacher_msgs/share/linkattacher_msgs/cmake/linkattacher_msgs__rosidl_typesupport_cppExport.cmake
[1.112s] -- Up-to-date: /home/ubuntu/research_ws/ur10_pick_place_ws/install/linkattacher_msgs/share/linkattacher_msgs/cmake/linkattacher_msgs__rosidl_typesupport_cppExport-release.cmake
[1.112s] -- Up-to-date: /home/ubuntu/research_ws/ur10_pick_place_ws/install/linkattacher_msgs/share/linkattacher_msgs/cmake/export_linkattacher_msgs__rosidl_generator_pyExport.cmake
[1.113s] -- Up-to-date: /home/ubuntu/research_ws/ur10_pick_place_ws/install/linkattacher_msgs/share/linkattacher_msgs/cmake/export_linkattacher_msgs__rosidl_generator_pyExport-release.cmake
[1.113s] -- Up-to-date: /home/ubuntu/research_ws/ur10_pick_place_ws/install/linkattacher_msgs/share/linkattacher_msgs/cmake/rosidl_cmake-extras.cmake
[1.114s] -- Up-to-date: /home/ubuntu/research_ws/ur10_pick_place_ws/install/linkattacher_msgs/share/linkattacher_msgs/cmake/ament_cmake_export_include_directories-extras.cmake
[1.114s] -- Up-to-date: /home/ubuntu/research_ws/ur10_pick_place_ws/install/linkattacher_msgs/share/linkattacher_msgs/cmake/ament_cmake_export_libraries-extras.cmake
[1.115s] -- Up-to-date: /home/ubuntu/research_ws/ur10_pick_place_ws/install/linkattacher_msgs/share/linkattacher_msgs/cmake/ament_cmake_export_targets-extras.cmake
[1.115s] -- Up-to-date: /home/ubuntu/research_ws/ur10_pick_place_ws/install/linkattacher_msgs/share/linkattacher_msgs/cmake/rosidl_cmake_export_typesupport_targets-extras.cmake
[1.115s] -- Up-to-date: /home/ubuntu/research_ws/ur10_pick_place_ws/install/linkattacher_msgs/share/linkattacher_msgs/cmake/ament_cmake_export_dependencies-extras.cmake
[1.116s] -- Up-to-date: /home/ubuntu/research_ws/ur10_pick_place_ws/install/linkattacher_msgs/share/linkattacher_msgs/cmake/rosidl_cmake_export_typesupport_libraries-extras.cmake
[1.116s] -- Up-to-date: /home/ubuntu/research_ws/ur10_pick_place_ws/install/linkattacher_msgs/share/linkattacher_msgs/cmake/linkattacher_msgsConfig.cmake
[1.117s] -- Up-to-date: /home/ubuntu/research_ws/ur10_pick_place_ws/install/linkattacher_msgs/share/linkattacher_msgs/cmake/linkattacher_msgsConfig-version.cmake
[1.117s] -- Up-to-date: /home/ubuntu/research_ws/ur10_pick_place_ws/install/linkattacher_msgs/share/linkattacher_msgs/package.xml
[1.118s] Invoked command in '/home/ubuntu/research_ws/ur10_pick_place_ws/build/linkattacher_msgs' returned '0': CMAKE_PREFIX_PATH=${CMAKE_PREFIX_PATH}:/home/ubuntu/ur_camera_ws/install/pick_place:/home/ubuntu/ur_camera_ws/install/easy_handeye2:/opt/ros/humble /usr/bin/cmake --install /home/ubuntu/research_ws/ur10_pick_place_ws/build/linkattacher_msgs
