[2.405s] Invoking command in '/home/ubuntu/research_ws/ur10_pick_place_ws/src/grasp_executor': PYTHONPATH=/home/ubuntu/research_ws/ur10_pick_place_ws/build/grasp_executor/prefix_override:/usr/lib/python3/dist-packages/colcon_core/task/python/colcon_distutils_commands:/home/ubuntu/research_ws/ur10_pick_place_ws/install/grasp_executor/lib/python3.10/site-packages:${PYTHONPATH} /usr/bin/python3 -W ignore:setup.py install is deprecated -W ignore:easy_install command is deprecated setup.py egg_info --egg-base ../../build/grasp_executor build --build-base /home/ubuntu/research_ws/ur10_pick_place_ws/build/grasp_executor/build install --record /home/ubuntu/research_ws/ur10_pick_place_ws/build/grasp_executor/install.log --single-version-externally-managed install_data
[3.040s] running egg_info
[3.041s] writing ../../build/grasp_executor/grasp_executor.egg-info/PKG-INFO
[3.042s] writing dependency_links to ../../build/grasp_executor/grasp_executor.egg-info/dependency_links.txt
[3.042s] writing entry points to ../../build/grasp_executor/grasp_executor.egg-info/entry_points.txt
[3.043s] writing requirements to ../../build/grasp_executor/grasp_executor.egg-info/requires.txt
[3.043s] writing top-level names to ../../build/grasp_executor/grasp_executor.egg-info/top_level.txt
[3.048s] reading manifest file '../../build/grasp_executor/grasp_executor.egg-info/SOURCES.txt'
[3.051s] writing manifest file '../../build/grasp_executor/grasp_executor.egg-info/SOURCES.txt'
[3.051s] running build
[3.051s] running build_py
[3.052s] copying grasp_executor/grasp_executor_node.py -> /home/ubuntu/research_ws/ur10_pick_place_ws/build/grasp_executor/build/lib/grasp_executor
[3.052s] running install
[3.053s] running install_lib
[3.055s] copying /home/ubuntu/research_ws/ur10_pick_place_ws/build/grasp_executor/build/lib/grasp_executor/grasp_executor_node.py -> /home/ubuntu/research_ws/ur10_pick_place_ws/install/grasp_executor/lib/python3.10/site-packages/grasp_executor
[3.057s] byte-compiling /home/ubuntu/research_ws/ur10_pick_place_ws/install/grasp_executor/lib/python3.10/site-packages/grasp_executor/grasp_executor_node.py to grasp_executor_node.cpython-310.pyc
[3.064s] running install_data
[3.064s] running install_egg_info
[3.069s] removing '/home/ubuntu/research_ws/ur10_pick_place_ws/install/grasp_executor/lib/python3.10/site-packages/grasp_executor-0.1.0-py3.10.egg-info' (and everything under it)
[3.069s] Copying ../../build/grasp_executor/grasp_executor.egg-info to /home/ubuntu/research_ws/ur10_pick_place_ws/install/grasp_executor/lib/python3.10/site-packages/grasp_executor-0.1.0-py3.10.egg-info
[3.072s] running install_scripts
[3.124s] Installing grasp_executor_node script to /home/ubuntu/research_ws/ur10_pick_place_ws/install/grasp_executor/lib/grasp_executor
[3.125s] Installing graspgen_bridge_node script to /home/ubuntu/research_ws/ur10_pick_place_ws/install/grasp_executor/lib/grasp_executor
[3.125s] writing list of installed files to '/home/ubuntu/research_ws/ur10_pick_place_ws/build/grasp_executor/install.log'
[3.213s] Invoked command in '/home/ubuntu/research_ws/ur10_pick_place_ws/src/grasp_executor' returned '0': PYTHONPATH=/home/ubuntu/research_ws/ur10_pick_place_ws/build/grasp_executor/prefix_override:/usr/lib/python3/dist-packages/colcon_core/task/python/colcon_distutils_commands:/home/ubuntu/research_ws/ur10_pick_place_ws/install/grasp_executor/lib/python3.10/site-packages:${PYTHONPATH} /usr/bin/python3 -W ignore:setup.py install is deprecated -W ignore:easy_install command is deprecated setup.py egg_info --egg-base ../../build/grasp_executor build --build-base /home/ubuntu/research_ws/ur10_pick_place_ws/build/grasp_executor/build install --record /home/ubuntu/research_ws/ur10_pick_place_ws/build/grasp_executor/install.log --single-version-externally-managed install_data
