[0.026s] Invoking command in '/home/ubuntu/research_ws/ur10_pick_place_ws/build/ur_yt_sim': AMENT_PREFIX_PATH=/home/ubuntu/research_ws/ur10_pick_place_ws/install/linkattacher_msgs:${AMENT_PREFIX_PATH} CMAKE_PREFIX_PATH=/home/ubuntu/research_ws/ur10_pick_place_ws/install/linkattacher_msgs:/home/ubuntu/ur_camera_ws/install/ur_moveit_config:/home/ubuntu/ur_camera_ws/install/easy_handeye2_msgs:/home/ubuntu/ur_camera_ws/install/depthai-ros:/home/ubuntu/ur_camera_ws/install/depthai_ros_driver:/home/ubuntu/ur_camera_ws/install/depthai_filters:/home/ubuntu/ur_camera_ws/install/depthai_examples:/home/ubuntu/ur_camera_ws/install/depthai_bridge:/home/ubuntu/ur_camera_ws/install/depthai_ros_msgs:/home/ubuntu/ur_camera_ws/install/depthai_descriptions:/home/ubuntu/ur_camera_ws/install/pick_place:/home/ubuntu/ur_camera_ws/install/easy_handeye2:/opt/ros/humble LD_LIBRARY_PATH=/home/ubuntu/research_ws/ur10_pick_place_ws/install/linkattacher_msgs/lib:${LD_LIBRARY_PATH} PYTHONPATH=/home/ubuntu/research_ws/ur10_pick_place_ws/install/linkattacher_msgs/local/lib/python3.10/dist-packages:${PYTHONPATH} /usr/bin/cmake --build /home/ubuntu/research_ws/ur10_pick_place_ws/build/ur_yt_sim -- -j12 -l12
[0.164s] [ 66%] Built target pick_place
[0.164s] [ 66%] Built target test_ik_collision_obj
[0.164s] [100%] Built target test_ik
[0.192s] Invoked command in '/home/ubuntu/research_ws/ur10_pick_place_ws/build/ur_yt_sim' returned '0': AMENT_PREFIX_PATH=/home/ubuntu/research_ws/ur10_pick_place_ws/install/linkattacher_msgs:${AMENT_PREFIX_PATH} CMAKE_PREFIX_PATH=/home/ubuntu/research_ws/ur10_pick_place_ws/install/linkattacher_msgs:/home/ubuntu/ur_camera_ws/install/ur_moveit_config:/home/ubuntu/ur_camera_ws/install/easy_handeye2_msgs:/home/ubuntu/ur_camera_ws/install/depthai-ros:/home/ubuntu/ur_camera_ws/install/depthai_ros_driver:/home/ubuntu/ur_camera_ws/install/depthai_filters:/home/ubuntu/ur_camera_ws/install/depthai_examples:/home/ubuntu/ur_camera_ws/install/depthai_bridge:/home/ubuntu/ur_camera_ws/install/depthai_ros_msgs:/home/ubuntu/ur_camera_ws/install/depthai_descriptions:/home/ubuntu/ur_camera_ws/install/pick_place:/home/ubuntu/ur_camera_ws/install/easy_handeye2:/opt/ros/humble LD_LIBRARY_PATH=/home/ubuntu/research_ws/ur10_pick_place_ws/install/linkattacher_msgs/lib:${LD_LIBRARY_PATH} PYTHONPATH=/home/ubuntu/research_ws/ur10_pick_place_ws/install/linkattacher_msgs/local/lib/python3.10/dist-packages:${PYTHONPATH} /usr/bin/cmake --build /home/ubuntu/research_ws/ur10_pick_place_ws/build/ur_yt_sim -- -j12 -l12
[0.195s] Invoking command in '/home/ubuntu/research_ws/ur10_pick_place_ws/build/ur_yt_sim': AMENT_PREFIX_PATH=/home/ubuntu/research_ws/ur10_pick_place_ws/install/linkattacher_msgs:${AMENT_PREFIX_PATH} CMAKE_PREFIX_PATH=/home/ubuntu/research_ws/ur10_pick_place_ws/install/linkattacher_msgs:/home/ubuntu/ur_camera_ws/install/ur_moveit_config:/home/ubuntu/ur_camera_ws/install/easy_handeye2_msgs:/home/ubuntu/ur_camera_ws/install/depthai-ros:/home/ubuntu/ur_camera_ws/install/depthai_ros_driver:/home/ubuntu/ur_camera_ws/install/depthai_filters:/home/ubuntu/ur_camera_ws/install/depthai_examples:/home/ubuntu/ur_camera_ws/install/depthai_bridge:/home/ubuntu/ur_camera_ws/install/depthai_ros_msgs:/home/ubuntu/ur_camera_ws/install/depthai_descriptions:/home/ubuntu/ur_camera_ws/install/pick_place:/home/ubuntu/ur_camera_ws/install/easy_handeye2:/opt/ros/humble LD_LIBRARY_PATH=/home/ubuntu/research_ws/ur10_pick_place_ws/install/linkattacher_msgs/lib:${LD_LIBRARY_PATH} PYTHONPATH=/home/ubuntu/research_ws/ur10_pick_place_ws/install/linkattacher_msgs/local/lib/python3.10/dist-packages:${PYTHONPATH} /usr/bin/cmake --install /home/ubuntu/research_ws/ur10_pick_place_ws/build/ur_yt_sim
[0.216s] -- Install configuration: "Release"
[0.217s] -- Up-to-date: /home/ubuntu/research_ws/ur10_pick_place_ws/install/ur_yt_sim/share/ur_yt_sim/launch
[0.217s] -- Up-to-date: /home/ubuntu/research_ws/ur10_pick_place_ws/install/ur_yt_sim/share/ur_yt_sim/launch/spawn_ur10_camera.launch.py
[0.218s] -- Up-to-date: /home/ubuntu/research_ws/ur10_pick_place_ws/install/ur_yt_sim/share/ur_yt_sim/launch/spawn_ur10_camera_gripper.launch.py
[0.218s] -- Up-to-date: /home/ubuntu/research_ws/ur10_pick_place_ws/install/ur_yt_sim/share/ur_yt_sim/launch/spawn_ur10_camera_gripper_moveit.launch.py
[0.219s] -- Up-to-date: /home/ubuntu/research_ws/ur10_pick_place_ws/install/ur_yt_sim/share/ur_yt_sim/launch/view_ur10_camera_gripper.launch.py
[0.219s] -- Up-to-date: /home/ubuntu/research_ws/ur10_pick_place_ws/install/ur_yt_sim/share/ur_yt_sim/launch/view_ur10_camera.launch.py
[0.220s] -- Up-to-date: /home/ubuntu/research_ws/ur10_pick_place_ws/install/ur_yt_sim/share/ur_yt_sim/launch/spawn_ur10_camera_moveit.launch.py
[0.220s] -- Up-to-date: /home/ubuntu/research_ws/ur10_pick_place_ws/install/ur_yt_sim/share/ur_yt_sim/urdf
[0.221s] -- Up-to-date: /home/ubuntu/research_ws/ur10_pick_place_ws/install/ur_yt_sim/share/ur_yt_sim/urdf/ur10_with_3f_gripper.urdf.xacro
[0.221s] -- Up-to-date: /home/ubuntu/research_ws/ur10_pick_place_ws/install/ur_yt_sim/share/ur_yt_sim/urdf/robotiq_gripper.ros2_control.xacro
[0.221s] -- Up-to-date: /home/ubuntu/research_ws/ur10_pick_place_ws/install/ur_yt_sim/share/ur_yt_sim/urdf/camera.xacro
[0.222s] -- Up-to-date: /home/ubuntu/research_ws/ur10_pick_place_ws/install/ur_yt_sim/share/ur_yt_sim/urdf/ur10.ros2_control.xacro
[0.222s] -- Up-to-date: /home/ubuntu/research_ws/ur10_pick_place_ws/install/ur_yt_sim/share/ur_yt_sim/urdf/robotiq_gripper_macro.xacro
[0.222s] -- Up-to-date: /home/ubuntu/research_ws/ur10_pick_place_ws/install/ur_yt_sim/share/ur_yt_sim/urdf/ur10_camera_gripper.urdf.xacro
[0.222s] -- Up-to-date: /home/ubuntu/research_ws/ur10_pick_place_ws/install/ur_yt_sim/share/ur_yt_sim/urdf/ur10_camera.urdf.xacro
[0.222s] -- Up-to-date: /home/ubuntu/research_ws/ur10_pick_place_ws/install/ur_yt_sim/share/ur_yt_sim/urdf/ur10_macro.xacro
[0.223s] -- Up-to-date: /home/ubuntu/research_ws/ur10_pick_place_ws/install/ur_yt_sim/share/ur_yt_sim/config
[0.223s] -- Up-to-date: /home/ubuntu/research_ws/ur10_pick_place_ws/install/ur_yt_sim/share/ur_yt_sim/config/initial_positions.yaml
[0.223s] -- Up-to-date: /home/ubuntu/research_ws/ur10_pick_place_ws/install/ur_yt_sim/share/ur_yt_sim/config/ur10_controllers_gripper.yaml
[0.224s] -- Up-to-date: /home/ubuntu/research_ws/ur10_pick_place_ws/install/ur_yt_sim/share/ur_yt_sim/config/ur10_controllers.yaml
[0.226s] -- Up-to-date: /home/ubuntu/research_ws/ur10_pick_place_ws/install/ur_yt_sim/share/ur_yt_sim/meshes
[0.227s] -- Up-to-date: /home/ubuntu/research_ws/ur10_pick_place_ws/install/ur_yt_sim/share/ur_yt_sim/meshes/sensors
[0.227s] -- Up-to-date: /home/ubuntu/research_ws/ur10_pick_place_ws/install/ur_yt_sim/share/ur_yt_sim/meshes/sensors/camera
[0.228s] -- Up-to-date: /home/ubuntu/research_ws/ur10_pick_place_ws/install/ur_yt_sim/share/ur_yt_sim/meshes/sensors/camera/kinetic.stl
[0.228s] -- Up-to-date: /home/ubuntu/research_ws/ur10_pick_place_ws/install/ur_yt_sim/share/ur_yt_sim/meshes/sensors/camera/kinetic.dae
[0.228s] -- Up-to-date: /home/ubuntu/research_ws/ur10_pick_place_ws/install/ur_yt_sim/share/ur_yt_sim/meshes/sensors/camera/kinetic.png
[0.229s] -- Up-to-date: /home/ubuntu/research_ws/ur10_pick_place_ws/install/ur_yt_sim/share/ur_yt_sim/meshes/sensors/camera/xtion_pro_live.png
[0.229s] -- Up-to-date: /home/ubuntu/research_ws/ur10_pick_place_ws/install/ur_yt_sim/share/ur_yt_sim/worlds
[0.230s] -- Up-to-date: /home/ubuntu/research_ws/ur10_pick_place_ws/install/ur_yt_sim/share/ur_yt_sim/worlds/world2.world
[0.230s] -- Up-to-date: /home/ubuntu/research_ws/ur10_pick_place_ws/install/ur_yt_sim/share/ur_yt_sim/worlds/world1.world
[0.230s] -- Up-to-date: /home/ubuntu/research_ws/ur10_pick_place_ws/install/ur_yt_sim/share/ur_yt_sim/rviz
[0.231s] -- Up-to-date: /home/ubuntu/research_ws/ur10_pick_place_ws/install/ur_yt_sim/share/ur_yt_sim/rviz/view_ur10_camera.rviz
[0.231s] -- Up-to-date: /home/ubuntu/research_ws/ur10_pick_place_ws/install/ur_yt_sim/share/ur_yt_sim/models
[0.232s] -- Up-to-date: /home/ubuntu/research_ws/ur10_pick_place_ws/install/ur_yt_sim/share/ur_yt_sim/models/robo_basement
[0.232s] -- Up-to-date: /home/ubuntu/research_ws/ur10_pick_place_ws/install/ur_yt_sim/share/ur_yt_sim/models/robo_basement/model.config
[0.233s] -- Up-to-date: /home/ubuntu/research_ws/ur10_pick_place_ws/install/ur_yt_sim/share/ur_yt_sim/models/robo_basement/model.sdf
[0.233s] -- Up-to-date: /home/ubuntu/research_ws/ur10_pick_place_ws/install/ur_yt_sim/share/ur_yt_sim/models/green_cube
[0.233s] -- Up-to-date: /home/ubuntu/research_ws/ur10_pick_place_ws/install/ur_yt_sim/share/ur_yt_sim/models/green_cube/model.config
[0.234s] -- Up-to-date: /home/ubuntu/research_ws/ur10_pick_place_ws/install/ur_yt_sim/share/ur_yt_sim/models/green_cube/model.sdf
[0.234s] -- Up-to-date: /home/ubuntu/research_ws/ur10_pick_place_ws/install/ur_yt_sim/share/ur_yt_sim/models/robo_basement1
[0.234s] -- Up-to-date: /home/ubuntu/research_ws/ur10_pick_place_ws/install/ur_yt_sim/share/ur_yt_sim/models/mini_stacking_box
[0.235s] -- Up-to-date: /home/ubuntu/research_ws/ur10_pick_place_ws/install/ur_yt_sim/share/ur_yt_sim/models/mini_stacking_box/model.config
[0.235s] -- Up-to-date: /home/ubuntu/research_ws/ur10_pick_place_ws/install/ur_yt_sim/share/ur_yt_sim/models/mini_stacking_box/meshes
[0.235s] -- Up-to-date: /home/ubuntu/research_ws/ur10_pick_place_ws/install/ur_yt_sim/share/ur_yt_sim/models/mini_stacking_box/meshes/mini_stacking_box.stl
[0.236s] -- Up-to-date: /home/ubuntu/research_ws/ur10_pick_place_ws/install/ur_yt_sim/share/ur_yt_sim/models/mini_stacking_box/meshes/mini_stacking_box.dae
[0.236s] -- Up-to-date: /home/ubuntu/research_ws/ur10_pick_place_ws/install/ur_yt_sim/share/ur_yt_sim/models/mini_stacking_box/model.sdf
[0.236s] -- Up-to-date: /home/ubuntu/research_ws/ur10_pick_place_ws/install/ur_yt_sim/share/ur_yt_sim/models/mini_stacking_box2
[0.236s] -- Up-to-date: /home/ubuntu/research_ws/ur10_pick_place_ws/install/ur_yt_sim/share/ur_yt_sim/models/mini_stacking_box2/model.config
[0.237s] -- Up-to-date: /home/ubuntu/research_ws/ur10_pick_place_ws/install/ur_yt_sim/share/ur_yt_sim/models/mini_stacking_box2/meshes
[0.237s] -- Up-to-date: /home/ubuntu/research_ws/ur10_pick_place_ws/install/ur_yt_sim/share/ur_yt_sim/models/mini_stacking_box2/meshes/mini_stacking_box2.dae
[0.237s] -- Up-to-date: /home/ubuntu/research_ws/ur10_pick_place_ws/install/ur_yt_sim/share/ur_yt_sim/models/mini_stacking_box2/model.sdf
[0.238s] -- Up-to-date: /home/ubuntu/research_ws/ur10_pick_place_ws/install/ur_yt_sim/lib/ur_yt_sim/test_ik
[0.238s] -- Up-to-date: /home/ubuntu/research_ws/ur10_pick_place_ws/install/ur_yt_sim/lib/ur_yt_sim/test_ik_collision_obj
[0.238s] -- Up-to-date: /home/ubuntu/research_ws/ur10_pick_place_ws/install/ur_yt_sim/lib/ur_yt_sim/test_ik
[0.239s] -- Up-to-date: /home/ubuntu/research_ws/ur10_pick_place_ws/install/ur_yt_sim/lib/ur_yt_sim/test_ik_collision_obj
[0.239s] -- Up-to-date: /home/ubuntu/research_ws/ur10_pick_place_ws/install/ur_yt_sim/lib/ur_yt_sim/pick_place
[0.239s] -- Up-to-date: /home/ubuntu/research_ws/ur10_pick_place_ws/install/ur_yt_sim/share/ament_index/resource_index/package_run_dependencies/ur_yt_sim
[0.239s] -- Up-to-date: /home/ubuntu/research_ws/ur10_pick_place_ws/install/ur_yt_sim/share/ament_index/resource_index/parent_prefix_path/ur_yt_sim
[0.240s] -- Up-to-date: /home/ubuntu/research_ws/ur10_pick_place_ws/install/ur_yt_sim/share/ur_yt_sim/environment/ament_prefix_path.sh
[0.240s] -- Up-to-date: /home/ubuntu/research_ws/ur10_pick_place_ws/install/ur_yt_sim/share/ur_yt_sim/environment/ament_prefix_path.dsv
[0.240s] -- Up-to-date: /home/ubuntu/research_ws/ur10_pick_place_ws/install/ur_yt_sim/share/ur_yt_sim/environment/path.sh
[0.241s] -- Up-to-date: /home/ubuntu/research_ws/ur10_pick_place_ws/install/ur_yt_sim/share/ur_yt_sim/environment/path.dsv
[0.241s] -- Up-to-date: /home/ubuntu/research_ws/ur10_pick_place_ws/install/ur_yt_sim/share/ur_yt_sim/local_setup.bash
[0.241s] -- Up-to-date: /home/ubuntu/research_ws/ur10_pick_place_ws/install/ur_yt_sim/share/ur_yt_sim/local_setup.sh
[0.242s] -- Up-to-date: /home/ubuntu/research_ws/ur10_pick_place_ws/install/ur_yt_sim/share/ur_yt_sim/local_setup.zsh
[0.242s] -- Up-to-date: /home/ubuntu/research_ws/ur10_pick_place_ws/install/ur_yt_sim/share/ur_yt_sim/local_setup.dsv
[0.242s] -- Installing: /home/ubuntu/research_ws/ur10_pick_place_ws/install/ur_yt_sim/share/ur_yt_sim/package.dsv
[0.243s] -- Up-to-date: /home/ubuntu/research_ws/ur10_pick_place_ws/install/ur_yt_sim/share/ament_index/resource_index/packages/ur_yt_sim
[0.243s] -- Up-to-date: /home/ubuntu/research_ws/ur10_pick_place_ws/install/ur_yt_sim/share/ur_yt_sim/cmake/ur_yt_simConfig.cmake
[0.243s] -- Up-to-date: /home/ubuntu/research_ws/ur10_pick_place_ws/install/ur_yt_sim/share/ur_yt_sim/cmake/ur_yt_simConfig-version.cmake
[0.245s] -- Up-to-date: /home/ubuntu/research_ws/ur10_pick_place_ws/install/ur_yt_sim/share/ur_yt_sim/package.xml
[0.246s] Invoked command in '/home/ubuntu/research_ws/ur10_pick_place_ws/build/ur_yt_sim' returned '0': AMENT_PREFIX_PATH=/home/ubuntu/research_ws/ur10_pick_place_ws/install/linkattacher_msgs:${AMENT_PREFIX_PATH} CMAKE_PREFIX_PATH=/home/ubuntu/research_ws/ur10_pick_place_ws/install/linkattacher_msgs:/home/ubuntu/ur_camera_ws/install/ur_moveit_config:/home/ubuntu/ur_camera_ws/install/easy_handeye2_msgs:/home/ubuntu/ur_camera_ws/install/depthai-ros:/home/ubuntu/ur_camera_ws/install/depthai_ros_driver:/home/ubuntu/ur_camera_ws/install/depthai_filters:/home/ubuntu/ur_camera_ws/install/depthai_examples:/home/ubuntu/ur_camera_ws/install/depthai_bridge:/home/ubuntu/ur_camera_ws/install/depthai_ros_msgs:/home/ubuntu/ur_camera_ws/install/depthai_descriptions:/home/ubuntu/ur_camera_ws/install/pick_place:/home/ubuntu/ur_camera_ws/install/easy_handeye2:/opt/ros/humble LD_LIBRARY_PATH=/home/ubuntu/research_ws/ur10_pick_place_ws/install/linkattacher_msgs/lib:${LD_LIBRARY_PATH} PYTHONPATH=/home/ubuntu/research_ws/ur10_pick_place_ws/install/linkattacher_msgs/local/lib/python3.10/dist-packages:${PYTHONPATH} /usr/bin/cmake --install /home/ubuntu/research_ws/ur10_pick_place_ws/build/ur_yt_sim
