[0.018s] Invoking command in '/home/user/research_ws/ur10_pick_place_ws/build/robotiq_controllers': CMAKE_PREFIX_PATH=${CMAKE_PREFIX_PATH}:/opt/ros/humble /usr/bin/cmake /home/user/research_ws/ur10_pick_place_ws/src/ros2_robotiq_gripper/robotiq_controllers -DCMAKE_INSTALL_PREFIX=/home/user/research_ws/ur10_pick_place_ws/install/robotiq_controllers
[0.135s] -- The C compiler identification is GNU 11.4.0
[0.205s] -- The CXX compiler identification is GNU 11.4.0
[0.214s] -- Detecting C compiler ABI info
[0.268s] -- Detecting C compiler ABI info - done
[0.275s] -- Check for working C compiler: /usr/bin/cc - skipped
[0.275s] -- Detecting C compile features
[0.275s] -- Detecting C compile features - done
[0.278s] -- Detecting CXX compiler ABI info
[0.346s] -- Detecting CXX compiler ABI info - done
[0.352s] -- Check for working CXX compiler: /usr/bin/c++ - skipped
[0.352s] -- Detecting CXX compile features
[0.353s] -- Detecting CXX compile features - done
[0.355s] -- Found ament_cmake: 1.3.12 (/opt/ros/humble/share/ament_cmake/cmake)
[0.483s] -- Found Python3: /usr/bin/python3 (found version "3.10.12") found components: Interpreter 
[0.563s] -- Found controller_interface: 2.52.2 (/opt/ros/humble/share/controller_interface/cmake)
[0.603s] -- Found rosidl_generator_c: 3.1.7 (/opt/ros/humble/share/rosidl_generator_c/cmake)
[0.607s] -- Found rosidl_adapter: 3.1.7 (/opt/ros/humble/share/rosidl_adapter/cmake)
[0.614s] -- Found rosidl_generator_cpp: 3.1.7 (/opt/ros/humble/share/rosidl_generator_cpp/cmake)
[0.626s] -- Using all available rosidl_typesupport_c: rosidl_typesupport_fastrtps_c;rosidl_typesupport_introspection_c
[0.639s] -- Using all available rosidl_typesupport_cpp: rosidl_typesupport_fastrtps_cpp;rosidl_typesupport_introspection_cpp
[0.836s] -- Found rmw_implementation_cmake: 6.1.2 (/opt/ros/humble/share/rmw_implementation_cmake/cmake)
[0.839s] -- Found rmw_cyclonedds_cpp: 1.3.4 (/opt/ros/humble/share/rmw_cyclonedds_cpp/cmake)
[0.864s] -- Using RMW implementation 'rmw_cyclonedds_cpp' as default
[0.873s] -- Looking for pthread.h
[0.949s] -- Looking for pthread.h - found
[0.949s] -- Performing Test CMAKE_HAVE_LIBC_PTHREAD
[1.018s] -- Performing Test CMAKE_HAVE_LIBC_PTHREAD - Success
[1.019s] -- Found Threads: TRUE  
[1.063s] -- Found std_srvs: 4.9.0 (/opt/ros/humble/share/std_srvs/cmake)
[1.071s] -- Found ament_lint_auto: 0.12.14 (/opt/ros/humble/share/ament_lint_auto/cmake)
[1.126s] -- Added test 'cppcheck' to perform static code analysis on C / C++ code
[1.126s] -- Configured cppcheck include dirs: /home/user/research_ws/ur10_pick_place_ws/src/ros2_robotiq_gripper/robotiq_controllers/include
[1.126s] -- Configured cppcheck exclude dirs and/or files: 
[1.127s] -- Added test 'lint_cmake' to check CMake code style
[1.129s] -- Configuring done
[1.139s] -- Generating done
[1.142s] -- Build files have been written to: /home/user/research_ws/ur10_pick_place_ws/build/robotiq_controllers
[1.153s] Invoked command in '/home/user/research_ws/ur10_pick_place_ws/build/robotiq_controllers' returned '0': CMAKE_PREFIX_PATH=${CMAKE_PREFIX_PATH}:/opt/ros/humble /usr/bin/cmake /home/user/research_ws/ur10_pick_place_ws/src/ros2_robotiq_gripper/robotiq_controllers -DCMAKE_INSTALL_PREFIX=/home/user/research_ws/ur10_pick_place_ws/install/robotiq_controllers
[1.154s] Invoking command in '/home/user/research_ws/ur10_pick_place_ws/build/robotiq_controllers': CMAKE_PREFIX_PATH=${CMAKE_PREFIX_PATH}:/opt/ros/humble /usr/bin/cmake --build /home/user/research_ws/ur10_pick_place_ws/build/robotiq_controllers -- -j32 -l32
[1.198s] [ 50%] [32mBuilding CXX object CMakeFiles/robotiq_controllers.dir/src/robotiq_activation_controller.cpp.o[0m
[3.938s] [100%] [32m[1mLinking CXX shared library librobotiq_controllers.so[0m
[4.084s] [100%] Built target robotiq_controllers
[4.094s] Invoked command in '/home/user/research_ws/ur10_pick_place_ws/build/robotiq_controllers' returned '0': CMAKE_PREFIX_PATH=${CMAKE_PREFIX_PATH}:/opt/ros/humble /usr/bin/cmake --build /home/user/research_ws/ur10_pick_place_ws/build/robotiq_controllers -- -j32 -l32
[4.095s] Invoking command in '/home/user/research_ws/ur10_pick_place_ws/build/robotiq_controllers': CMAKE_PREFIX_PATH=${CMAKE_PREFIX_PATH}:/opt/ros/humble /usr/bin/cmake --install /home/user/research_ws/ur10_pick_place_ws/build/robotiq_controllers
[4.100s] -- Install configuration: ""
[4.100s] -- Installing: /home/user/research_ws/ur10_pick_place_ws/install/robotiq_controllers/share/robotiq_controllers/controller_plugins.xml
[4.101s] -- Installing: /home/user/research_ws/ur10_pick_place_ws/install/robotiq_controllers/lib/librobotiq_controllers.so
[4.101s] -- Set runtime path of "/home/user/research_ws/ur10_pick_place_ws/install/robotiq_controllers/lib/librobotiq_controllers.so" to ""
[4.102s] -- Installing: /home/user/research_ws/ur10_pick_place_ws/install/robotiq_controllers/include
[4.102s] -- Installing: /home/user/research_ws/ur10_pick_place_ws/install/robotiq_controllers/include/robotiq_controllers
[4.102s] -- Installing: /home/user/research_ws/ur10_pick_place_ws/install/robotiq_controllers/include/robotiq_controllers/robotiq_activation_controller.hpp
[4.102s] -- Installing: /home/user/research_ws/ur10_pick_place_ws/install/robotiq_controllers/share/robotiq_controllers/environment/library_path.sh
[4.102s] -- Installing: /home/user/research_ws/ur10_pick_place_ws/install/robotiq_controllers/share/robotiq_controllers/environment/library_path.dsv
[4.102s] -- Installing: /home/user/research_ws/ur10_pick_place_ws/install/robotiq_controllers/share/ament_index/resource_index/package_run_dependencies/robotiq_controllers
[4.102s] -- Installing: /home/user/research_ws/ur10_pick_place_ws/install/robotiq_controllers/share/ament_index/resource_index/parent_prefix_path/robotiq_controllers
[4.102s] -- Installing: /home/user/research_ws/ur10_pick_place_ws/install/robotiq_controllers/share/robotiq_controllers/environment/ament_prefix_path.sh
[4.102s] -- Installing: /home/user/research_ws/ur10_pick_place_ws/install/robotiq_controllers/share/robotiq_controllers/environment/ament_prefix_path.dsv
[4.102s] -- Installing: /home/user/research_ws/ur10_pick_place_ws/install/robotiq_controllers/share/robotiq_controllers/environment/path.sh
[4.102s] -- Installing: /home/user/research_ws/ur10_pick_place_ws/install/robotiq_controllers/share/robotiq_controllers/environment/path.dsv
[4.102s] -- Installing: /home/user/research_ws/ur10_pick_place_ws/install/robotiq_controllers/share/robotiq_controllers/local_setup.bash
[4.102s] -- Installing: /home/user/research_ws/ur10_pick_place_ws/install/robotiq_controllers/share/robotiq_controllers/local_setup.sh
[4.102s] -- Installing: /home/user/research_ws/ur10_pick_place_ws/install/robotiq_controllers/share/robotiq_controllers/local_setup.zsh
[4.102s] -- Installing: /home/user/research_ws/ur10_pick_place_ws/install/robotiq_controllers/share/robotiq_controllers/local_setup.dsv
[4.102s] -- Installing: /home/user/research_ws/ur10_pick_place_ws/install/robotiq_controllers/share/robotiq_controllers/package.dsv
[4.102s] -- Installing: /home/user/research_ws/ur10_pick_place_ws/install/robotiq_controllers/share/ament_index/resource_index/packages/robotiq_controllers
[4.103s] -- Installing: /home/user/research_ws/ur10_pick_place_ws/install/robotiq_controllers/share/ament_index/resource_index/controller_interface__pluginlib__plugin/robotiq_controllers
[4.103s] -- Installing: /home/user/research_ws/ur10_pick_place_ws/install/robotiq_controllers/share/robotiq_controllers/cmake/export_robotiq_controllersExport.cmake
[4.103s] -- Installing: /home/user/research_ws/ur10_pick_place_ws/install/robotiq_controllers/share/robotiq_controllers/cmake/export_robotiq_controllersExport-noconfig.cmake
[4.103s] -- Installing: /home/user/research_ws/ur10_pick_place_ws/install/robotiq_controllers/share/robotiq_controllers/cmake/ament_cmake_export_include_directories-extras.cmake
[4.103s] -- Installing: /home/user/research_ws/ur10_pick_place_ws/install/robotiq_controllers/share/robotiq_controllers/cmake/ament_cmake_export_libraries-extras.cmake
[4.103s] -- Installing: /home/user/research_ws/ur10_pick_place_ws/install/robotiq_controllers/share/robotiq_controllers/cmake/ament_cmake_export_targets-extras.cmake
[4.103s] -- Installing: /home/user/research_ws/ur10_pick_place_ws/install/robotiq_controllers/share/robotiq_controllers/cmake/ament_cmake_export_dependencies-extras.cmake
[4.103s] -- Installing: /home/user/research_ws/ur10_pick_place_ws/install/robotiq_controllers/share/robotiq_controllers/cmake/robotiq_controllersConfig.cmake
[4.103s] -- Installing: /home/user/research_ws/ur10_pick_place_ws/install/robotiq_controllers/share/robotiq_controllers/cmake/robotiq_controllersConfig-version.cmake
[4.103s] -- Installing: /home/user/research_ws/ur10_pick_place_ws/install/robotiq_controllers/share/robotiq_controllers/package.xml
[4.105s] Invoked command in '/home/user/research_ws/ur10_pick_place_ws/build/robotiq_controllers' returned '0': CMAKE_PREFIX_PATH=${CMAKE_PREFIX_PATH}:/opt/ros/humble /usr/bin/cmake --install /home/user/research_ws/ur10_pick_place_ws/build/robotiq_controllers
