[1.200s] Invoking command in '/home/ubuntu/research_ws/ur10_pick_place_ws/build/robotiq_3f_interfaces': CMAKE_PREFIX_PATH=${CMAKE_PREFIX_PATH}:/home/ubuntu/ur_camera_ws/install/pick_place:/home/ubuntu/ur_camera_ws/install/easy_handeye2:/opt/ros/humble /usr/bin/cmake --build /home/ubuntu/research_ws/ur10_pick_place_ws/build/robotiq_3f_interfaces -- -j12 -l12
[1.500s] [  1%] Built target robotiq_3f_interfaces__rs
[1.616s] [  1%] Built target ament_cmake_python_symlink_robotiq_3f_interfaces
[1.672s] [  2%] Built target robotiq_3f_interfaces__cpp
[2.605s] running egg_info
[2.608s] writing robotiq_3f_interfaces.egg-info/PKG-INFO
[2.609s] writing dependency_links to robotiq_3f_interfaces.egg-info/dependency_links.txt
[2.610s] writing top-level names to robotiq_3f_interfaces.egg-info/top_level.txt
[2.621s] reading manifest file 'robotiq_3f_interfaces.egg-info/SOURCES.txt'
[2.624s] writing manifest file 'robotiq_3f_interfaces.egg-info/SOURCES.txt'
[2.757s] [  2%] Built target ament_cmake_python_build_robotiq_3f_interfaces_egg
[2.839s] [ 13%] Built target robotiq_3f_interfaces__rosidl_typesupport_cpp
[2.947s] [ 25%] Built target robotiq_3f_interfaces__rosidl_typesupport_introspection_cpp
[3.028s] [ 36%] Built target robotiq_3f_interfaces__rosidl_typesupport_fastrtps_cpp
[3.093s] [ 47%] Built target robotiq_3f_interfaces__rosidl_generator_c
[3.214s] [ 58%] Built target robotiq_3f_interfaces__rosidl_typesupport_fastrtps_c
[3.327s] [ 69%] Built target robotiq_3f_interfaces__rosidl_typesupport_c
[3.439s] [ 80%] Built target robotiq_3f_interfaces__rosidl_typesupport_introspection_c
[3.517s] [ 80%] Built target robotiq_3f_interfaces
[3.596s] [ 81%] Built target robotiq_3f_interfaces__py
[3.716s] [ 91%] Built target robotiq_3f_interfaces__rosidl_generator_py
[3.790s] [ 94%] Built target robotiq_3f_interfaces__rosidl_typesupport_fastrtps_c__pyext
[3.853s] [ 97%] Built target robotiq_3f_interfaces__rosidl_typesupport_c__pyext
[3.926s] [100%] Built target robotiq_3f_interfaces__rosidl_typesupport_introspection_c__pyext
[4.013s] Invoked command in '/home/ubuntu/research_ws/ur10_pick_place_ws/build/robotiq_3f_interfaces' returned '0': CMAKE_PREFIX_PATH=${CMAKE_PREFIX_PATH}:/home/ubuntu/ur_camera_ws/install/pick_place:/home/ubuntu/ur_camera_ws/install/easy_handeye2:/opt/ros/humble /usr/bin/cmake --build /home/ubuntu/research_ws/ur10_pick_place_ws/build/robotiq_3f_interfaces -- -j12 -l12
[4.018s] Invoking command in '/home/ubuntu/research_ws/ur10_pick_place_ws/build/robotiq_3f_interfaces': CMAKE_PREFIX_PATH=${CMAKE_PREFIX_PATH}:/home/ubuntu/ur_camera_ws/install/pick_place:/home/ubuntu/ur_camera_ws/install/easy_handeye2:/opt/ros/humble /usr/bin/cmake --install /home/ubuntu/research_ws/ur10_pick_place_ws/build/robotiq_3f_interfaces
[4.057s] -- Install configuration: ""
[4.058s] -- Execute custom install script
[4.059s] -- Up-to-date symlink: /home/ubuntu/research_ws/ur10_pick_place_ws/install/robotiq_3f_interfaces/share/ament_index/resource_index/rosidl_interfaces/robotiq_3f_interfaces
[4.060s] -- Up-to-date symlink: /home/ubuntu/research_ws/ur10_pick_place_ws/install/robotiq_3f_interfaces/include/robotiq_3f_interfaces/robotiq_3f_interfaces/msg/detail/grasping_mode__functions.h
[4.061s] -- Up-to-date symlink: /home/ubuntu/research_ws/ur10_pick_place_ws/install/robotiq_3f_interfaces/include/robotiq_3f_interfaces/robotiq_3f_interfaces/msg/detail/grasping_mode__struct.h
[4.061s] -- Up-to-date symlink: /home/ubuntu/research_ws/ur10_pick_place_ws/install/robotiq_3f_interfaces/include/robotiq_3f_interfaces/robotiq_3f_interfaces/msg/detail/grasping_mode__type_support.h
[4.062s] -- Up-to-date symlink: /home/ubuntu/research_ws/ur10_pick_place_ws/install/robotiq_3f_interfaces/include/robotiq_3f_interfaces/robotiq_3f_interfaces/msg/detail/independent_control_command__functions.h
[4.062s] -- Up-to-date symlink: /home/ubuntu/research_ws/ur10_pick_place_ws/install/robotiq_3f_interfaces/include/robotiq_3f_interfaces/robotiq_3f_interfaces/msg/detail/independent_control_command__struct.h
[4.063s] -- Up-to-date symlink: /home/ubuntu/research_ws/ur10_pick_place_ws/install/robotiq_3f_interfaces/include/robotiq_3f_interfaces/robotiq_3f_interfaces/msg/detail/independent_control_command__type_support.h
[4.063s] -- Up-to-date symlink: /home/ubuntu/research_ws/ur10_pick_place_ws/install/robotiq_3f_interfaces/include/robotiq_3f_interfaces/robotiq_3f_interfaces/msg/detail/object_detection_status__functions.h
[4.063s] -- Up-to-date symlink: /home/ubuntu/research_ws/ur10_pick_place_ws/install/robotiq_3f_interfaces/include/robotiq_3f_interfaces/robotiq_3f_interfaces/msg/detail/object_detection_status__struct.h
[4.063s] -- Up-to-date symlink: /home/ubuntu/research_ws/ur10_pick_place_ws/install/robotiq_3f_interfaces/include/robotiq_3f_interfaces/robotiq_3f_interfaces/msg/detail/object_detection_status__type_support.h
[4.063s] -- Up-to-date symlink: /home/ubuntu/research_ws/ur10_pick_place_ws/install/robotiq_3f_interfaces/include/robotiq_3f_interfaces/robotiq_3f_interfaces/msg/detail/simple_control_command__functions.h
[4.064s] -- Up-to-date symlink: /home/ubuntu/research_ws/ur10_pick_place_ws/install/robotiq_3f_interfaces/include/robotiq_3f_interfaces/robotiq_3f_interfaces/msg/detail/simple_control_command__struct.h
[4.064s] -- Up-to-date symlink: /home/ubuntu/research_ws/ur10_pick_place_ws/install/robotiq_3f_interfaces/include/robotiq_3f_interfaces/robotiq_3f_interfaces/msg/detail/simple_control_command__type_support.h
[4.065s] -- Up-to-date symlink: /home/ubuntu/research_ws/ur10_pick_place_ws/install/robotiq_3f_interfaces/include/robotiq_3f_interfaces/robotiq_3f_interfaces/msg/detail/status__functions.h
[4.065s] -- Up-to-date symlink: /home/ubuntu/research_ws/ur10_pick_place_ws/install/robotiq_3f_interfaces/include/robotiq_3f_interfaces/robotiq_3f_interfaces/msg/detail/status__struct.h
[4.065s] -- Up-to-date symlink: /home/ubuntu/research_ws/ur10_pick_place_ws/install/robotiq_3f_interfaces/include/robotiq_3f_interfaces/robotiq_3f_interfaces/msg/detail/status__type_support.h
[4.065s] -- Up-to-date symlink: /home/ubuntu/research_ws/ur10_pick_place_ws/install/robotiq_3f_interfaces/include/robotiq_3f_interfaces/robotiq_3f_interfaces/msg/grasping_mode.h
[4.066s] -- Up-to-date symlink: /home/ubuntu/research_ws/ur10_pick_place_ws/install/robotiq_3f_interfaces/include/robotiq_3f_interfaces/robotiq_3f_interfaces/msg/independent_control_command.h
[4.067s] -- Up-to-date symlink: /home/ubuntu/research_ws/ur10_pick_place_ws/install/robotiq_3f_interfaces/include/robotiq_3f_interfaces/robotiq_3f_interfaces/msg/object_detection_status.h
[4.067s] -- Up-to-date symlink: /home/ubuntu/research_ws/ur10_pick_place_ws/install/robotiq_3f_interfaces/include/robotiq_3f_interfaces/robotiq_3f_interfaces/msg/rosidl_generator_c__visibility_control.h
[4.067s] -- Up-to-date symlink: /home/ubuntu/research_ws/ur10_pick_place_ws/install/robotiq_3f_interfaces/include/robotiq_3f_interfaces/robotiq_3f_interfaces/msg/simple_control_command.h
[4.067s] -- Up-to-date symlink: /home/ubuntu/research_ws/ur10_pick_place_ws/install/robotiq_3f_interfaces/include/robotiq_3f_interfaces/robotiq_3f_interfaces/msg/status.h
[4.067s] -- Up-to-date symlink: /home/ubuntu/research_ws/ur10_pick_place_ws/install/robotiq_3f_interfaces/include/robotiq_3f_interfaces/robotiq_3f_interfaces/srv/change_grasping_mode.h
[4.069s] -- Up-to-date symlink: /home/ubuntu/research_ws/ur10_pick_place_ws/install/robotiq_3f_interfaces/include/robotiq_3f_interfaces/robotiq_3f_interfaces/srv/detail/change_grasping_mode__functions.h
[4.069s] -- Up-to-date symlink: /home/ubuntu/research_ws/ur10_pick_place_ws/install/robotiq_3f_interfaces/include/robotiq_3f_interfaces/robotiq_3f_interfaces/srv/detail/change_grasping_mode__struct.h
[4.069s] -- Up-to-date symlink: /home/ubuntu/research_ws/ur10_pick_place_ws/install/robotiq_3f_interfaces/include/robotiq_3f_interfaces/robotiq_3f_interfaces/srv/detail/change_grasping_mode__type_support.h
[4.070s] -- Up-to-date symlink: /home/ubuntu/research_ws/ur10_pick_place_ws/install/robotiq_3f_interfaces/share/robotiq_3f_interfaces/environment/library_path.sh
[4.070s] -- Up-to-date symlink: /home/ubuntu/research_ws/ur10_pick_place_ws/install/robotiq_3f_interfaces/share/robotiq_3f_interfaces/environment/library_path.dsv
[4.071s] -- Up-to-date symlink: /home/ubuntu/research_ws/ur10_pick_place_ws/install/robotiq_3f_interfaces/include/robotiq_3f_interfaces/robotiq_3f_interfaces/msg/detail/grasping_mode__rosidl_typesupport_fastrtps_c.h
[4.072s] -- Up-to-date symlink: /home/ubuntu/research_ws/ur10_pick_place_ws/install/robotiq_3f_interfaces/include/robotiq_3f_interfaces/robotiq_3f_interfaces/msg/detail/independent_control_command__rosidl_typesupport_fastrtps_c.h
[4.072s] -- Up-to-date symlink: /home/ubuntu/research_ws/ur10_pick_place_ws/install/robotiq_3f_interfaces/include/robotiq_3f_interfaces/robotiq_3f_interfaces/msg/detail/object_detection_status__rosidl_typesupport_fastrtps_c.h
[4.073s] -- Up-to-date symlink: /home/ubuntu/research_ws/ur10_pick_place_ws/install/robotiq_3f_interfaces/include/robotiq_3f_interfaces/robotiq_3f_interfaces/msg/detail/simple_control_command__rosidl_typesupport_fastrtps_c.h
[4.073s] -- Up-to-date symlink: /home/ubuntu/research_ws/ur10_pick_place_ws/install/robotiq_3f_interfaces/include/robotiq_3f_interfaces/robotiq_3f_interfaces/msg/detail/status__rosidl_typesupport_fastrtps_c.h
[4.073s] -- Up-to-date symlink: /home/ubuntu/research_ws/ur10_pick_place_ws/install/robotiq_3f_interfaces/include/robotiq_3f_interfaces/robotiq_3f_interfaces/msg/rosidl_typesupport_fastrtps_c__visibility_control.h
[4.073s] -- Up-to-date symlink: /home/ubuntu/research_ws/ur10_pick_place_ws/install/robotiq_3f_interfaces/include/robotiq_3f_interfaces/robotiq_3f_interfaces/srv/detail/change_grasping_mode__rosidl_typesupport_fastrtps_c.h
[4.074s] -- Up-to-date symlink: /home/ubuntu/research_ws/ur10_pick_place_ws/install/robotiq_3f_interfaces/include/robotiq_3f_interfaces/robotiq_3f_interfaces/msg/detail/grasping_mode__rosidl_typesupport_introspection_c.h
[4.075s] -- Up-to-date symlink: /home/ubuntu/research_ws/ur10_pick_place_ws/install/robotiq_3f_interfaces/include/robotiq_3f_interfaces/robotiq_3f_interfaces/msg/detail/independent_control_command__rosidl_typesupport_introspection_c.h
[4.075s] -- Up-to-date symlink: /home/ubuntu/research_ws/ur10_pick_place_ws/install/robotiq_3f_interfaces/include/robotiq_3f_interfaces/robotiq_3f_interfaces/msg/detail/object_detection_status__rosidl_typesupport_introspection_c.h
[4.075s] -- Up-to-date symlink: /home/ubuntu/research_ws/ur10_pick_place_ws/install/robotiq_3f_interfaces/include/robotiq_3f_interfaces/robotiq_3f_interfaces/msg/detail/simple_control_command__rosidl_typesupport_introspection_c.h
[4.075s] -- Up-to-date symlink: /home/ubuntu/research_ws/ur10_pick_place_ws/install/robotiq_3f_interfaces/include/robotiq_3f_interfaces/robotiq_3f_interfaces/msg/detail/status__rosidl_typesupport_introspection_c.h
[4.075s] -- Up-to-date symlink: /home/ubuntu/research_ws/ur10_pick_place_ws/install/robotiq_3f_interfaces/include/robotiq_3f_interfaces/robotiq_3f_interfaces/msg/rosidl_typesupport_introspection_c__visibility_control.h
[4.076s] -- Up-to-date symlink: /home/ubuntu/research_ws/ur10_pick_place_ws/install/robotiq_3f_interfaces/include/robotiq_3f_interfaces/robotiq_3f_interfaces/srv/detail/change_grasping_mode__rosidl_typesupport_introspection_c.h
[4.079s] -- Up-to-date symlink: /home/ubuntu/research_ws/ur10_pick_place_ws/install/robotiq_3f_interfaces/include/robotiq_3f_interfaces/robotiq_3f_interfaces/msg/detail/grasping_mode__builder.hpp
[4.079s] -- Up-to-date symlink: /home/ubuntu/research_ws/ur10_pick_place_ws/install/robotiq_3f_interfaces/include/robotiq_3f_interfaces/robotiq_3f_interfaces/msg/detail/grasping_mode__struct.hpp
[4.079s] -- Up-to-date symlink: /home/ubuntu/research_ws/ur10_pick_place_ws/install/robotiq_3f_interfaces/include/robotiq_3f_interfaces/robotiq_3f_interfaces/msg/detail/grasping_mode__traits.hpp
[4.079s] -- Up-to-date symlink: /home/ubuntu/research_ws/ur10_pick_place_ws/install/robotiq_3f_interfaces/include/robotiq_3f_interfaces/robotiq_3f_interfaces/msg/detail/grasping_mode__type_support.hpp
[4.080s] -- Up-to-date symlink: /home/ubuntu/research_ws/ur10_pick_place_ws/install/robotiq_3f_interfaces/include/robotiq_3f_interfaces/robotiq_3f_interfaces/msg/detail/independent_control_command__builder.hpp
[4.080s] -- Up-to-date symlink: /home/ubuntu/research_ws/ur10_pick_place_ws/install/robotiq_3f_interfaces/include/robotiq_3f_interfaces/robotiq_3f_interfaces/msg/detail/independent_control_command__struct.hpp
[4.080s] -- Up-to-date symlink: /home/ubuntu/research_ws/ur10_pick_place_ws/install/robotiq_3f_interfaces/include/robotiq_3f_interfaces/robotiq_3f_interfaces/msg/detail/independent_control_command__traits.hpp
[4.081s] -- Up-to-date symlink: /home/ubuntu/research_ws/ur10_pick_place_ws/install/robotiq_3f_interfaces/include/robotiq_3f_interfaces/robotiq_3f_interfaces/msg/detail/independent_control_command__type_support.hpp
[4.081s] -- Up-to-date symlink: /home/ubuntu/research_ws/ur10_pick_place_ws/install/robotiq_3f_interfaces/include/robotiq_3f_interfaces/robotiq_3f_interfaces/msg/detail/object_detection_status__builder.hpp
[4.082s] -- Up-to-date symlink: /home/ubuntu/research_ws/ur10_pick_place_ws/install/robotiq_3f_interfaces/include/robotiq_3f_interfaces/robotiq_3f_interfaces/msg/detail/object_detection_status__struct.hpp
[4.082s] -- Up-to-date symlink: /home/ubuntu/research_ws/ur10_pick_place_ws/install/robotiq_3f_interfaces/include/robotiq_3f_interfaces/robotiq_3f_interfaces/msg/detail/object_detection_status__traits.hpp
[4.082s] -- Up-to-date symlink: /home/ubuntu/research_ws/ur10_pick_place_ws/install/robotiq_3f_interfaces/include/robotiq_3f_interfaces/robotiq_3f_interfaces/msg/detail/object_detection_status__type_support.hpp
[4.082s] -- Up-to-date symlink: /home/ubuntu/research_ws/ur10_pick_place_ws/install/robotiq_3f_interfaces/include/robotiq_3f_interfaces/robotiq_3f_interfaces/msg/detail/simple_control_command__builder.hpp
[4.083s] -- Up-to-date symlink: /home/ubuntu/research_ws/ur10_pick_place_ws/install/robotiq_3f_interfaces/include/robotiq_3f_interfaces/robotiq_3f_interfaces/msg/detail/simple_control_command__struct.hpp
[4.083s] -- Up-to-date symlink: /home/ubuntu/research_ws/ur10_pick_place_ws/install/robotiq_3f_interfaces/include/robotiq_3f_interfaces/robotiq_3f_interfaces/msg/detail/simple_control_command__traits.hpp
[4.083s] -- Up-to-date symlink: /home/ubuntu/research_ws/ur10_pick_place_ws/install/robotiq_3f_interfaces/include/robotiq_3f_interfaces/robotiq_3f_interfaces/msg/detail/simple_control_command__type_support.hpp
[4.083s] -- Up-to-date symlink: /home/ubuntu/research_ws/ur10_pick_place_ws/install/robotiq_3f_interfaces/include/robotiq_3f_interfaces/robotiq_3f_interfaces/msg/detail/status__builder.hpp
[4.084s] -- Up-to-date symlink: /home/ubuntu/research_ws/ur10_pick_place_ws/install/robotiq_3f_interfaces/include/robotiq_3f_interfaces/robotiq_3f_interfaces/msg/detail/status__struct.hpp
[4.084s] -- Up-to-date symlink: /home/ubuntu/research_ws/ur10_pick_place_ws/install/robotiq_3f_interfaces/include/robotiq_3f_interfaces/robotiq_3f_interfaces/msg/detail/status__traits.hpp
[4.084s] -- Up-to-date symlink: /home/ubuntu/research_ws/ur10_pick_place_ws/install/robotiq_3f_interfaces/include/robotiq_3f_interfaces/robotiq_3f_interfaces/msg/detail/status__type_support.hpp
[4.084s] -- Up-to-date symlink: /home/ubuntu/research_ws/ur10_pick_place_ws/install/robotiq_3f_interfaces/include/robotiq_3f_interfaces/robotiq_3f_interfaces/msg/grasping_mode.hpp
[4.084s] -- Up-to-date symlink: /home/ubuntu/research_ws/ur10_pick_place_ws/install/robotiq_3f_interfaces/include/robotiq_3f_interfaces/robotiq_3f_interfaces/msg/independent_control_command.hpp
[4.084s] -- Up-to-date symlink: /home/ubuntu/research_ws/ur10_pick_place_ws/install/robotiq_3f_interfaces/include/robotiq_3f_interfaces/robotiq_3f_interfaces/msg/object_detection_status.hpp
[4.084s] -- Up-to-date symlink: /home/ubuntu/research_ws/ur10_pick_place_ws/install/robotiq_3f_interfaces/include/robotiq_3f_interfaces/robotiq_3f_interfaces/msg/rosidl_generator_cpp__visibility_control.hpp
[4.084s] -- Up-to-date symlink: /home/ubuntu/research_ws/ur10_pick_place_ws/install/robotiq_3f_interfaces/include/robotiq_3f_interfaces/robotiq_3f_interfaces/msg/simple_control_command.hpp
[4.085s] -- Up-to-date symlink: /home/ubuntu/research_ws/ur10_pick_place_ws/install/robotiq_3f_interfaces/include/robotiq_3f_interfaces/robotiq_3f_interfaces/msg/status.hpp
[4.087s] -- Up-to-date symlink: /home/ubuntu/research_ws/ur10_pick_place_ws/install/robotiq_3f_interfaces/include/robotiq_3f_interfaces/robotiq_3f_interfaces/srv/change_grasping_mode.hpp
[4.087s] -- Up-to-date symlink: /home/ubuntu/research_ws/ur10_pick_place_ws/install/robotiq_3f_interfaces/include/robotiq_3f_interfaces/robotiq_3f_interfaces/srv/detail/change_grasping_mode__builder.hpp
[4.087s] -- Up-to-date symlink: /home/ubuntu/research_ws/ur10_pick_place_ws/install/robotiq_3f_interfaces/include/robotiq_3f_interfaces/robotiq_3f_interfaces/srv/detail/change_grasping_mode__struct.hpp
[4.088s] -- Up-to-date symlink: /home/ubuntu/research_ws/ur10_pick_place_ws/install/robotiq_3f_interfaces/include/robotiq_3f_interfaces/robotiq_3f_interfaces/srv/detail/change_grasping_mode__traits.hpp
[4.088s] -- Up-to-date symlink: /home/ubuntu/research_ws/ur10_pick_place_ws/install/robotiq_3f_interfaces/include/robotiq_3f_interfaces/robotiq_3f_interfaces/srv/detail/change_grasping_mode__type_support.hpp
[4.098s] -- Up-to-date symlink: /home/ubuntu/research_ws/ur10_pick_place_ws/install/robotiq_3f_interfaces/include/robotiq_3f_interfaces/robotiq_3f_interfaces/msg/detail/grasping_mode__rosidl_typesupport_fastrtps_cpp.hpp
[4.099s] -- Up-to-date symlink: /home/ubuntu/research_ws/ur10_pick_place_ws/install/robotiq_3f_interfaces/include/robotiq_3f_interfaces/robotiq_3f_interfaces/msg/detail/independent_control_command__rosidl_typesupport_fastrtps_cpp.hpp
[4.099s] -- Up-to-date symlink: /home/ubuntu/research_ws/ur10_pick_place_ws/install/robotiq_3f_interfaces/include/robotiq_3f_interfaces/robotiq_3f_interfaces/msg/detail/object_detection_status__rosidl_typesupport_fastrtps_cpp.hpp
[4.099s] -- Up-to-date symlink: /home/ubuntu/research_ws/ur10_pick_place_ws/install/robotiq_3f_interfaces/include/robotiq_3f_interfaces/robotiq_3f_interfaces/msg/detail/simple_control_command__rosidl_typesupport_fastrtps_cpp.hpp
[4.099s] -- Up-to-date symlink: /home/ubuntu/research_ws/ur10_pick_place_ws/install/robotiq_3f_interfaces/include/robotiq_3f_interfaces/robotiq_3f_interfaces/msg/detail/status__rosidl_typesupport_fastrtps_cpp.hpp
[4.100s] -- Up-to-date symlink: /home/ubuntu/research_ws/ur10_pick_place_ws/install/robotiq_3f_interfaces/include/robotiq_3f_interfaces/robotiq_3f_interfaces/msg/rosidl_typesupport_fastrtps_cpp__visibility_control.h
[4.100s] -- Up-to-date symlink: /home/ubuntu/research_ws/ur10_pick_place_ws/install/robotiq_3f_interfaces/include/robotiq_3f_interfaces/robotiq_3f_interfaces/srv/detail/change_grasping_mode__rosidl_typesupport_fastrtps_cpp.hpp
[4.100s] -- Up-to-date symlink: /home/ubuntu/research_ws/ur10_pick_place_ws/install/robotiq_3f_interfaces/include/robotiq_3f_interfaces/robotiq_3f_interfaces/msg/detail/grasping_mode__rosidl_typesupport_introspection_cpp.hpp
[4.101s] -- Up-to-date symlink: /home/ubuntu/research_ws/ur10_pick_place_ws/install/robotiq_3f_interfaces/include/robotiq_3f_interfaces/robotiq_3f_interfaces/msg/detail/independent_control_command__rosidl_typesupport_introspection_cpp.hpp
[4.101s] -- Up-to-date symlink: /home/ubuntu/research_ws/ur10_pick_place_ws/install/robotiq_3f_interfaces/include/robotiq_3f_interfaces/robotiq_3f_interfaces/msg/detail/object_detection_status__rosidl_typesupport_introspection_cpp.hpp
[4.101s] -- Up-to-date symlink: /home/ubuntu/research_ws/ur10_pick_place_ws/install/robotiq_3f_interfaces/include/robotiq_3f_interfaces/robotiq_3f_interfaces/msg/detail/simple_control_command__rosidl_typesupport_introspection_cpp.hpp
[4.101s] -- Up-to-date symlink: /home/ubuntu/research_ws/ur10_pick_place_ws/install/robotiq_3f_interfaces/include/robotiq_3f_interfaces/robotiq_3f_interfaces/msg/detail/status__rosidl_typesupport_introspection_cpp.hpp
[4.101s] -- Up-to-date symlink: /home/ubuntu/research_ws/ur10_pick_place_ws/install/robotiq_3f_interfaces/include/robotiq_3f_interfaces/robotiq_3f_interfaces/srv/detail/change_grasping_mode__rosidl_typesupport_introspection_cpp.hpp
[4.101s] -- Up-to-date symlink: /home/ubuntu/research_ws/ur10_pick_place_ws/install/robotiq_3f_interfaces/share/robotiq_3f_interfaces/environment/pythonpath.sh
[4.101s] -- Up-to-date symlink: /home/ubuntu/research_ws/ur10_pick_place_ws/install/robotiq_3f_interfaces/share/robotiq_3f_interfaces/environment/pythonpath.dsv
[4.102s] -- Up-to-date symlink: /home/ubuntu/research_ws/ur10_pick_place_ws/install/robotiq_3f_interfaces/local/lib/python3.10/dist-packages/robotiq_3f_interfaces-0.0.1-py3.10.egg-info/PKG-INFO
[4.102s] -- Up-to-date symlink: /home/ubuntu/research_ws/ur10_pick_place_ws/install/robotiq_3f_interfaces/local/lib/python3.10/dist-packages/robotiq_3f_interfaces-0.0.1-py3.10.egg-info/SOURCES.txt
[4.102s] -- Up-to-date symlink: /home/ubuntu/research_ws/ur10_pick_place_ws/install/robotiq_3f_interfaces/local/lib/python3.10/dist-packages/robotiq_3f_interfaces-0.0.1-py3.10.egg-info/dependency_links.txt
[4.102s] -- Up-to-date symlink: /home/ubuntu/research_ws/ur10_pick_place_ws/install/robotiq_3f_interfaces/local/lib/python3.10/dist-packages/robotiq_3f_interfaces-0.0.1-py3.10.egg-info/top_level.txt
[4.105s] -- Up-to-date symlink: /home/ubuntu/research_ws/ur10_pick_place_ws/install/robotiq_3f_interfaces/local/lib/python3.10/dist-packages/robotiq_3f_interfaces/__init__.py
[4.106s] -- Up-to-date symlink: /home/ubuntu/research_ws/ur10_pick_place_ws/install/robotiq_3f_interfaces/local/lib/python3.10/dist-packages/robotiq_3f_interfaces/_robotiq_3f_interfaces_s.ep.rosidl_typesupport_c.c
[4.116s] -- Up-to-date symlink: /home/ubuntu/research_ws/ur10_pick_place_ws/install/robotiq_3f_interfaces/local/lib/python3.10/dist-packages/robotiq_3f_interfaces/_robotiq_3f_interfaces_s.ep.rosidl_typesupport_fastrtps_c.c
[4.116s] -- Up-to-date symlink: /home/ubuntu/research_ws/ur10_pick_place_ws/install/robotiq_3f_interfaces/local/lib/python3.10/dist-packages/robotiq_3f_interfaces/_robotiq_3f_interfaces_s.ep.rosidl_typesupport_introspection_c.c
[4.116s] -- Up-to-date symlink: /home/ubuntu/research_ws/ur10_pick_place_ws/install/robotiq_3f_interfaces/local/lib/python3.10/dist-packages/robotiq_3f_interfaces/librobotiq_3f_interfaces__rosidl_generator_py.so
[4.117s] -- Up-to-date symlink: /home/ubuntu/research_ws/ur10_pick_place_ws/install/robotiq_3f_interfaces/local/lib/python3.10/dist-packages/robotiq_3f_interfaces/msg/__init__.py
[4.117s] -- Up-to-date symlink: /home/ubuntu/research_ws/ur10_pick_place_ws/install/robotiq_3f_interfaces/local/lib/python3.10/dist-packages/robotiq_3f_interfaces/msg/_grasping_mode.py
[4.118s] -- Up-to-date symlink: /home/ubuntu/research_ws/ur10_pick_place_ws/install/robotiq_3f_interfaces/local/lib/python3.10/dist-packages/robotiq_3f_interfaces/msg/_grasping_mode_s.c
[4.118s] -- Up-to-date symlink: /home/ubuntu/research_ws/ur10_pick_place_ws/install/robotiq_3f_interfaces/local/lib/python3.10/dist-packages/robotiq_3f_interfaces/msg/_independent_control_command.py
[4.118s] -- Up-to-date symlink: /home/ubuntu/research_ws/ur10_pick_place_ws/install/robotiq_3f_interfaces/local/lib/python3.10/dist-packages/robotiq_3f_interfaces/msg/_independent_control_command_s.c
[4.119s] -- Up-to-date symlink: /home/ubuntu/research_ws/ur10_pick_place_ws/install/robotiq_3f_interfaces/local/lib/python3.10/dist-packages/robotiq_3f_interfaces/msg/_object_detection_status.py
[4.119s] -- Up-to-date symlink: /home/ubuntu/research_ws/ur10_pick_place_ws/install/robotiq_3f_interfaces/local/lib/python3.10/dist-packages/robotiq_3f_interfaces/msg/_object_detection_status_s.c
[4.120s] -- Up-to-date symlink: /home/ubuntu/research_ws/ur10_pick_place_ws/install/robotiq_3f_interfaces/local/lib/python3.10/dist-packages/robotiq_3f_interfaces/msg/_simple_control_command.py
[4.120s] -- Up-to-date symlink: /home/ubuntu/research_ws/ur10_pick_place_ws/install/robotiq_3f_interfaces/local/lib/python3.10/dist-packages/robotiq_3f_interfaces/msg/_simple_control_command_s.c
[4.123s] -- Up-to-date symlink: /home/ubuntu/research_ws/ur10_pick_place_ws/install/robotiq_3f_interfaces/local/lib/python3.10/dist-packages/robotiq_3f_interfaces/msg/_status.py
[4.123s] -- Up-to-date symlink: /home/ubuntu/research_ws/ur10_pick_place_ws/install/robotiq_3f_interfaces/local/lib/python3.10/dist-packages/robotiq_3f_interfaces/msg/_status_s.c
[4.123s] -- Up-to-date symlink: /home/ubuntu/research_ws/ur10_pick_place_ws/install/robotiq_3f_interfaces/local/lib/python3.10/dist-packages/robotiq_3f_interfaces/robotiq_3f_interfaces_s__rosidl_typesupport_c.cpython-310-aarch64-linux-gnu.so
[4.123s] -- Up-to-date symlink: /home/ubuntu/research_ws/ur10_pick_place_ws/install/robotiq_3f_interfaces/local/lib/python3.10/dist-packages/robotiq_3f_interfaces/robotiq_3f_interfaces_s__rosidl_typesupport_fastrtps_c.cpython-310-aarch64-linux-gnu.so
[4.124s] -- Up-to-date symlink: /home/ubuntu/research_ws/ur10_pick_place_ws/install/robotiq_3f_interfaces/local/lib/python3.10/dist-packages/robotiq_3f_interfaces/robotiq_3f_interfaces_s__rosidl_typesupport_introspection_c.cpython-310-aarch64-linux-gnu.so
[4.124s] -- Up-to-date symlink: /home/ubuntu/research_ws/ur10_pick_place_ws/install/robotiq_3f_interfaces/local/lib/python3.10/dist-packages/robotiq_3f_interfaces/srv/__init__.py
[4.124s] -- Up-to-date symlink: /home/ubuntu/research_ws/ur10_pick_place_ws/install/robotiq_3f_interfaces/local/lib/python3.10/dist-packages/robotiq_3f_interfaces/srv/_change_grasping_mode.py
[4.124s] -- Up-to-date symlink: /home/ubuntu/research_ws/ur10_pick_place_ws/install/robotiq_3f_interfaces/local/lib/python3.10/dist-packages/robotiq_3f_interfaces/srv/_change_grasping_mode_s.c
[4.124s] -- Up-to-date symlink: /home/ubuntu/research_ws/ur10_pick_place_ws/install/robotiq_3f_interfaces/local/lib/python3.10/dist-packages/robotiq_3f_interfaces/robotiq_3f_interfaces_s__rosidl_typesupport_fastrtps_c.cpython-310-aarch64-linux-gnu.so
[4.124s] -- Up-to-date symlink: /home/ubuntu/research_ws/ur10_pick_place_ws/install/robotiq_3f_interfaces/local/lib/python3.10/dist-packages/robotiq_3f_interfaces/robotiq_3f_interfaces_s__rosidl_typesupport_introspection_c.cpython-310-aarch64-linux-gnu.so
[4.130s] -- Up-to-date symlink: /home/ubuntu/research_ws/ur10_pick_place_ws/install/robotiq_3f_interfaces/local/lib/python3.10/dist-packages/robotiq_3f_interfaces/robotiq_3f_interfaces_s__rosidl_typesupport_c.cpython-310-aarch64-linux-gnu.so
[4.130s] -- Up-to-date symlink: /home/ubuntu/research_ws/ur10_pick_place_ws/install/robotiq_3f_interfaces/share/ament_index/resource_index/rust_packages/robotiq_3f_interfaces
[4.131s] -- Up-to-date symlink: /home/ubuntu/research_ws/ur10_pick_place_ws/install/robotiq_3f_interfaces/share/robotiq_3f_interfaces/rust/Cargo.toml
[4.131s] -- Up-to-date symlink: /home/ubuntu/research_ws/ur10_pick_place_ws/install/robotiq_3f_interfaces/share/robotiq_3f_interfaces/rust/build.rs
[4.131s] -- Up-to-date symlink: /home/ubuntu/research_ws/ur10_pick_place_ws/install/robotiq_3f_interfaces/share/robotiq_3f_interfaces/rust/src/lib.rs
[4.131s] -- Up-to-date symlink: /home/ubuntu/research_ws/ur10_pick_place_ws/install/robotiq_3f_interfaces/share/robotiq_3f_interfaces/rust/src/msg.rs
[4.131s] -- Up-to-date symlink: /home/ubuntu/research_ws/ur10_pick_place_ws/install/robotiq_3f_interfaces/share/robotiq_3f_interfaces/rust/src/msg/rmw.rs
[4.132s] -- Up-to-date symlink: /home/ubuntu/research_ws/ur10_pick_place_ws/install/robotiq_3f_interfaces/share/robotiq_3f_interfaces/rust/src/srv.rs
[4.132s] -- Up-to-date symlink: /home/ubuntu/research_ws/ur10_pick_place_ws/install/robotiq_3f_interfaces/share/robotiq_3f_interfaces/rust/src/srv/rmw.rs
[4.132s] -- Up-to-date symlink: /home/ubuntu/research_ws/ur10_pick_place_ws/install/robotiq_3f_interfaces/share/robotiq_3f_interfaces/msg/ObjectDetectionStatus.idl
[4.132s] -- Up-to-date symlink: /home/ubuntu/research_ws/ur10_pick_place_ws/install/robotiq_3f_interfaces/share/robotiq_3f_interfaces/msg/Status.idl
[4.132s] -- Up-to-date symlink: /home/ubuntu/research_ws/ur10_pick_place_ws/install/robotiq_3f_interfaces/share/robotiq_3f_interfaces/msg/GraspingMode.idl
[4.133s] -- Up-to-date symlink: /home/ubuntu/research_ws/ur10_pick_place_ws/install/robotiq_3f_interfaces/share/robotiq_3f_interfaces/msg/SimpleControlCommand.idl
[4.133s] -- Up-to-date symlink: /home/ubuntu/research_ws/ur10_pick_place_ws/install/robotiq_3f_interfaces/share/robotiq_3f_interfaces/msg/IndependentControlCommand.idl
[4.133s] -- Up-to-date symlink: /home/ubuntu/research_ws/ur10_pick_place_ws/install/robotiq_3f_interfaces/share/robotiq_3f_interfaces/srv/ChangeGraspingMode.idl
[4.134s] -- Up-to-date symlink: /home/ubuntu/research_ws/ur10_pick_place_ws/install/robotiq_3f_interfaces/share/robotiq_3f_interfaces/msg/ObjectDetectionStatus.msg
[4.135s] -- Up-to-date symlink: /home/ubuntu/research_ws/ur10_pick_place_ws/install/robotiq_3f_interfaces/share/robotiq_3f_interfaces/msg/Status.msg
[4.135s] -- Up-to-date symlink: /home/ubuntu/research_ws/ur10_pick_place_ws/install/robotiq_3f_interfaces/share/robotiq_3f_interfaces/msg/GraspingMode.msg
[4.135s] -- Up-to-date symlink: /home/ubuntu/research_ws/ur10_pick_place_ws/install/robotiq_3f_interfaces/share/robotiq_3f_interfaces/msg/SimpleControlCommand.msg
[4.135s] -- Up-to-date symlink: /home/ubuntu/research_ws/ur10_pick_place_ws/install/robotiq_3f_interfaces/share/robotiq_3f_interfaces/msg/IndependentControlCommand.msg
[4.136s] -- Up-to-date symlink: /home/ubuntu/research_ws/ur10_pick_place_ws/install/robotiq_3f_interfaces/share/robotiq_3f_interfaces/srv/ChangeGraspingMode.srv
[4.136s] -- Up-to-date symlink: /home/ubuntu/research_ws/ur10_pick_place_ws/install/robotiq_3f_interfaces/share/robotiq_3f_interfaces/srv/ChangeGraspingMode_Request.msg
[4.136s] -- Up-to-date symlink: /home/ubuntu/research_ws/ur10_pick_place_ws/install/robotiq_3f_interfaces/share/robotiq_3f_interfaces/srv/ChangeGraspingMode_Response.msg
[4.136s] -- Up-to-date symlink: /home/ubuntu/research_ws/ur10_pick_place_ws/install/robotiq_3f_interfaces/share/ament_index/resource_index/package_run_dependencies/robotiq_3f_interfaces
[4.136s] -- Up-to-date symlink: /home/ubuntu/research_ws/ur10_pick_place_ws/install/robotiq_3f_interfaces/share/ament_index/resource_index/parent_prefix_path/robotiq_3f_interfaces
[4.137s] -- Up-to-date symlink: /home/ubuntu/research_ws/ur10_pick_place_ws/install/robotiq_3f_interfaces/share/robotiq_3f_interfaces/environment/ament_prefix_path.sh
[4.137s] -- Up-to-date symlink: /home/ubuntu/research_ws/ur10_pick_place_ws/install/robotiq_3f_interfaces/share/robotiq_3f_interfaces/environment/ament_prefix_path.dsv
[4.137s] -- Up-to-date symlink: /home/ubuntu/research_ws/ur10_pick_place_ws/install/robotiq_3f_interfaces/share/robotiq_3f_interfaces/environment/path.sh
[4.137s] -- Up-to-date symlink: /home/ubuntu/research_ws/ur10_pick_place_ws/install/robotiq_3f_interfaces/share/robotiq_3f_interfaces/environment/path.dsv
[4.138s] -- Up-to-date symlink: /home/ubuntu/research_ws/ur10_pick_place_ws/install/robotiq_3f_interfaces/share/robotiq_3f_interfaces/local_setup.bash
[4.138s] -- Up-to-date symlink: /home/ubuntu/research_ws/ur10_pick_place_ws/install/robotiq_3f_interfaces/share/robotiq_3f_interfaces/local_setup.sh
[4.138s] -- Up-to-date symlink: /home/ubuntu/research_ws/ur10_pick_place_ws/install/robotiq_3f_interfaces/share/robotiq_3f_interfaces/local_setup.zsh
[4.138s] -- Up-to-date symlink: /home/ubuntu/research_ws/ur10_pick_place_ws/install/robotiq_3f_interfaces/share/robotiq_3f_interfaces/local_setup.dsv
[4.138s] -- Symlinking: /home/ubuntu/research_ws/ur10_pick_place_ws/install/robotiq_3f_interfaces/share/robotiq_3f_interfaces/package.dsv
[4.196s] -- Up-to-date symlink: /home/ubuntu/research_ws/ur10_pick_place_ws/install/robotiq_3f_interfaces/share/ament_index/resource_index/packages/robotiq_3f_interfaces
[4.196s] -- Up-to-date symlink: /home/ubuntu/research_ws/ur10_pick_place_ws/install/robotiq_3f_interfaces/share/robotiq_3f_interfaces/cmake/rosidl_cmake-extras.cmake
[4.196s] -- Up-to-date symlink: /home/ubuntu/research_ws/ur10_pick_place_ws/install/robotiq_3f_interfaces/share/robotiq_3f_interfaces/cmake/ament_cmake_export_dependencies-extras.cmake
[4.196s] -- Up-to-date symlink: /home/ubuntu/research_ws/ur10_pick_place_ws/install/robotiq_3f_interfaces/share/robotiq_3f_interfaces/cmake/ament_cmake_export_include_directories-extras.cmake
[4.197s] -- Up-to-date symlink: /home/ubuntu/research_ws/ur10_pick_place_ws/install/robotiq_3f_interfaces/share/robotiq_3f_interfaces/cmake/ament_cmake_export_libraries-extras.cmake
[4.197s] -- Up-to-date symlink: /home/ubuntu/research_ws/ur10_pick_place_ws/install/robotiq_3f_interfaces/share/robotiq_3f_interfaces/cmake/ament_cmake_export_targets-extras.cmake
[4.197s] -- Up-to-date symlink: /home/ubuntu/research_ws/ur10_pick_place_ws/install/robotiq_3f_interfaces/share/robotiq_3f_interfaces/cmake/rosidl_cmake_export_typesupport_targets-extras.cmake
[4.197s] -- Up-to-date symlink: /home/ubuntu/research_ws/ur10_pick_place_ws/install/robotiq_3f_interfaces/share/robotiq_3f_interfaces/cmake/rosidl_cmake_export_typesupport_libraries-extras.cmake
[4.198s] -- Up-to-date symlink: /home/ubuntu/research_ws/ur10_pick_place_ws/install/robotiq_3f_interfaces/share/robotiq_3f_interfaces/cmake/robotiq_3f_interfacesConfig.cmake
[4.198s] -- Up-to-date symlink: /home/ubuntu/research_ws/ur10_pick_place_ws/install/robotiq_3f_interfaces/share/robotiq_3f_interfaces/cmake/robotiq_3f_interfacesConfig-version.cmake
[4.198s] -- Up-to-date symlink: /home/ubuntu/research_ws/ur10_pick_place_ws/install/robotiq_3f_interfaces/share/robotiq_3f_interfaces/package.xml
[4.198s] -- Up-to-date: /home/ubuntu/research_ws/ur10_pick_place_ws/install/robotiq_3f_interfaces/lib/librobotiq_3f_interfaces__rosidl_generator_c.so
[4.198s] -- Up-to-date: /home/ubuntu/research_ws/ur10_pick_place_ws/install/robotiq_3f_interfaces/lib/librobotiq_3f_interfaces__rosidl_typesupport_fastrtps_c.so
[4.198s] -- Up-to-date: /home/ubuntu/research_ws/ur10_pick_place_ws/install/robotiq_3f_interfaces/lib/librobotiq_3f_interfaces__rosidl_typesupport_introspection_c.so
[4.198s] -- Up-to-date: /home/ubuntu/research_ws/ur10_pick_place_ws/install/robotiq_3f_interfaces/lib/librobotiq_3f_interfaces__rosidl_typesupport_c.so
[4.198s] -- Up-to-date: /home/ubuntu/research_ws/ur10_pick_place_ws/install/robotiq_3f_interfaces/lib/librobotiq_3f_interfaces__rosidl_typesupport_fastrtps_cpp.so
[4.199s] -- Up-to-date: /home/ubuntu/research_ws/ur10_pick_place_ws/install/robotiq_3f_interfaces/lib/librobotiq_3f_interfaces__rosidl_typesupport_introspection_cpp.so
[4.199s] -- Up-to-date: /home/ubuntu/research_ws/ur10_pick_place_ws/install/robotiq_3f_interfaces/lib/librobotiq_3f_interfaces__rosidl_typesupport_cpp.so
[4.316s] Listing '/home/ubuntu/research_ws/ur10_pick_place_ws/install/robotiq_3f_interfaces/local/lib/python3.10/dist-packages/robotiq_3f_interfaces'...
[4.317s] Listing '/home/ubuntu/research_ws/ur10_pick_place_ws/install/robotiq_3f_interfaces/local/lib/python3.10/dist-packages/robotiq_3f_interfaces/msg'...
[4.318s] Listing '/home/ubuntu/research_ws/ur10_pick_place_ws/install/robotiq_3f_interfaces/local/lib/python3.10/dist-packages/robotiq_3f_interfaces/srv'...
[4.343s] -- Up-to-date: /home/ubuntu/research_ws/ur10_pick_place_ws/install/robotiq_3f_interfaces/lib/librobotiq_3f_interfaces__rosidl_generator_py.so
[4.344s] -- Up-to-date: /home/ubuntu/research_ws/ur10_pick_place_ws/install/robotiq_3f_interfaces/share/robotiq_3f_interfaces/cmake/export_robotiq_3f_interfaces__rosidl_generator_cExport.cmake
[4.344s] -- Up-to-date: /home/ubuntu/research_ws/ur10_pick_place_ws/install/robotiq_3f_interfaces/share/robotiq_3f_interfaces/cmake/export_robotiq_3f_interfaces__rosidl_generator_cExport-noconfig.cmake
[4.345s] -- Up-to-date: /home/ubuntu/research_ws/ur10_pick_place_ws/install/robotiq_3f_interfaces/share/robotiq_3f_interfaces/cmake/export_robotiq_3f_interfaces__rosidl_typesupport_fastrtps_cExport.cmake
[4.345s] -- Up-to-date: /home/ubuntu/research_ws/ur10_pick_place_ws/install/robotiq_3f_interfaces/share/robotiq_3f_interfaces/cmake/export_robotiq_3f_interfaces__rosidl_typesupport_fastrtps_cExport-noconfig.cmake
[4.346s] -- Up-to-date: /home/ubuntu/research_ws/ur10_pick_place_ws/install/robotiq_3f_interfaces/share/robotiq_3f_interfaces/cmake/robotiq_3f_interfaces__rosidl_typesupport_introspection_cExport.cmake
[4.348s] -- Up-to-date: /home/ubuntu/research_ws/ur10_pick_place_ws/install/robotiq_3f_interfaces/share/robotiq_3f_interfaces/cmake/robotiq_3f_interfaces__rosidl_typesupport_introspection_cExport-noconfig.cmake
[4.349s] -- Up-to-date: /home/ubuntu/research_ws/ur10_pick_place_ws/install/robotiq_3f_interfaces/share/robotiq_3f_interfaces/cmake/robotiq_3f_interfaces__rosidl_typesupport_cExport.cmake
[4.349s] -- Up-to-date: /home/ubuntu/research_ws/ur10_pick_place_ws/install/robotiq_3f_interfaces/share/robotiq_3f_interfaces/cmake/robotiq_3f_interfaces__rosidl_typesupport_cExport-noconfig.cmake
[4.349s] -- Up-to-date: /home/ubuntu/research_ws/ur10_pick_place_ws/install/robotiq_3f_interfaces/share/robotiq_3f_interfaces/cmake/export_robotiq_3f_interfaces__rosidl_generator_cppExport.cmake
[4.349s] -- Up-to-date: /home/ubuntu/research_ws/ur10_pick_place_ws/install/robotiq_3f_interfaces/share/robotiq_3f_interfaces/cmake/export_robotiq_3f_interfaces__rosidl_typesupport_fastrtps_cppExport.cmake
[4.349s] -- Up-to-date: /home/ubuntu/research_ws/ur10_pick_place_ws/install/robotiq_3f_interfaces/share/robotiq_3f_interfaces/cmake/export_robotiq_3f_interfaces__rosidl_typesupport_fastrtps_cppExport-noconfig.cmake
[4.349s] -- Up-to-date: /home/ubuntu/research_ws/ur10_pick_place_ws/install/robotiq_3f_interfaces/share/robotiq_3f_interfaces/cmake/robotiq_3f_interfaces__rosidl_typesupport_introspection_cppExport.cmake
[4.354s] -- Up-to-date: /home/ubuntu/research_ws/ur10_pick_place_ws/install/robotiq_3f_interfaces/share/robotiq_3f_interfaces/cmake/robotiq_3f_interfaces__rosidl_typesupport_introspection_cppExport-noconfig.cmake
[4.354s] -- Up-to-date: /home/ubuntu/research_ws/ur10_pick_place_ws/install/robotiq_3f_interfaces/share/robotiq_3f_interfaces/cmake/robotiq_3f_interfaces__rosidl_typesupport_cppExport.cmake
[4.355s] -- Up-to-date: /home/ubuntu/research_ws/ur10_pick_place_ws/install/robotiq_3f_interfaces/share/robotiq_3f_interfaces/cmake/robotiq_3f_interfaces__rosidl_typesupport_cppExport-noconfig.cmake
[4.355s] -- Up-to-date: /home/ubuntu/research_ws/ur10_pick_place_ws/install/robotiq_3f_interfaces/share/robotiq_3f_interfaces/cmake/export_robotiq_3f_interfaces__rosidl_generator_pyExport.cmake
[4.355s] -- Up-to-date: /home/ubuntu/research_ws/ur10_pick_place_ws/install/robotiq_3f_interfaces/share/robotiq_3f_interfaces/cmake/export_robotiq_3f_interfaces__rosidl_generator_pyExport-noconfig.cmake
[4.357s] Invoked command in '/home/ubuntu/research_ws/ur10_pick_place_ws/build/robotiq_3f_interfaces' returned '0': CMAKE_PREFIX_PATH=${CMAKE_PREFIX_PATH}:/home/ubuntu/ur_camera_ws/install/pick_place:/home/ubuntu/ur_camera_ws/install/easy_handeye2:/opt/ros/humble /usr/bin/cmake --install /home/ubuntu/research_ws/ur10_pick_place_ws/build/robotiq_3f_interfaces
