[0.879s] Invoking command in '/home/ubuntu/research_ws/ur10_pick_place_ws/build/robotiq_3f_interfaces': CMAKE_PREFIX_PATH=${CMAKE_PREFIX_PATH}:/home/ubuntu/ur_camera_ws/install/pick_place:/home/ubuntu/ur_camera_ws/install/easy_handeye2:/opt/ros/humble /usr/bin/cmake /home/ubuntu/research_ws/ur10_pick_place_ws/src/ros2_robotiq_3f_gripper/robotiq_3f_interfaces -DCMAKE_BUILD_TYPE=Release -DCMAKE_INSTALL_PREFIX=/home/ubuntu/research_ws/ur10_pick_place_ws/install/robotiq_3f_interfaces
[1.176s] -- Found ament_cmake: 1.3.14 (/opt/ros/humble/share/ament_cmake/cmake)
[1.537s] -- Override CMake install command with custom implementation using symlinks instead of copying resources
[1.675s] -- Found rosidl_default_generators: 1.2.1 (/opt/ros/humble/share/rosidl_default_generators/cmake)
[1.686s] -- Using all available rosidl_typesupport_c: rosidl_typesupport_fastrtps_c;rosidl_typesupport_introspection_c
[1.698s] -- Found rosidl_adapter: 3.1.8 (/opt/ros/humble/share/rosidl_adapter/cmake)
[2.091s] -- Using all available rosidl_typesupport_cpp: rosidl_typesupport_fastrtps_cpp;rosidl_typesupport_introspection_cpp
[2.282s] -- Found std_msgs: 4.9.1 (/opt/ros/humble/share/std_msgs/cmake)
[3.503s] -- Found ament_cmake_ros: 0.10.0 (/opt/ros/humble/share/ament_cmake_ros/cmake)
[4.198s] -- Using all available rosidl_typesupport_c: rosidl_typesupport_fastrtps_c;rosidl_typesupport_introspection_c
[5.093s] -- Using all available rosidl_typesupport_cpp: rosidl_typesupport_fastrtps_cpp;rosidl_typesupport_introspection_cpp
[5.179s] -- Found python_cmake_module: 0.10.0 (/opt/ros/humble/share/python_cmake_module/cmake)
[5.255s] -- Using PYTHON_EXECUTABLE: /usr/bin/python3
[5.256s] -- Using PYTHON_INCLUDE_DIRS: /usr/include/python3.10
[5.256s] -- Using PYTHON_LIBRARIES: /usr/lib/aarch64-linux-gnu/libpython3.10.so
[5.675s] -- Configuring done
[6.263s] -- Generating done
[6.315s] -- Build files have been written to: /home/ubuntu/research_ws/ur10_pick_place_ws/build/robotiq_3f_interfaces
[6.351s] Invoked command in '/home/ubuntu/research_ws/ur10_pick_place_ws/build/robotiq_3f_interfaces' returned '0': CMAKE_PREFIX_PATH=${CMAKE_PREFIX_PATH}:/home/ubuntu/ur_camera_ws/install/pick_place:/home/ubuntu/ur_camera_ws/install/easy_handeye2:/opt/ros/humble /usr/bin/cmake /home/ubuntu/research_ws/ur10_pick_place_ws/src/ros2_robotiq_3f_gripper/robotiq_3f_interfaces -DCMAKE_BUILD_TYPE=Release -DCMAKE_INSTALL_PREFIX=/home/ubuntu/research_ws/ur10_pick_place_ws/install/robotiq_3f_interfaces
[6.355s] Invoking command in '/home/ubuntu/research_ws/ur10_pick_place_ws/build/robotiq_3f_interfaces': CMAKE_PREFIX_PATH=${CMAKE_PREFIX_PATH}:/home/ubuntu/ur_camera_ws/install/pick_place:/home/ubuntu/ur_camera_ws/install/easy_handeye2:/opt/ros/humble /usr/bin/cmake --build /home/ubuntu/research_ws/ur10_pick_place_ws/build/robotiq_3f_interfaces -- -j12 -l12
[6.469s] Consolidate compiler generated dependencies of target robotiq_3f_interfaces__rosidl_generator_c
[6.482s] [  1%] Built target robotiq_3f_interfaces__rs
[6.483s] [  2%] Built target robotiq_3f_interfaces__cpp
[6.503s] [  2%] Built target ament_cmake_python_symlink_robotiq_3f_interfaces
[6.512s] [  8%] Building C object CMakeFiles/robotiq_3f_interfaces__rosidl_generator_c.dir/rosidl_generator_c/robotiq_3f_interfaces/msg/detail/grasping_mode__functions.c.o
[6.513s] [  8%] Building C object CMakeFiles/robotiq_3f_interfaces__rosidl_generator_c.dir/rosidl_generator_c/robotiq_3f_interfaces/msg/detail/simple_control_command__functions.c.o
[6.513s] [  8%] Building C object CMakeFiles/robotiq_3f_interfaces__rosidl_generator_c.dir/rosidl_generator_c/robotiq_3f_interfaces/msg/detail/status__functions.c.o
[6.513s] [  8%] Building C object CMakeFiles/robotiq_3f_interfaces__rosidl_generator_c.dir/rosidl_generator_c/robotiq_3f_interfaces/msg/detail/object_detection_status__functions.c.o
[6.514s] [ 11%] Building C object CMakeFiles/robotiq_3f_interfaces__rosidl_generator_c.dir/rosidl_generator_c/robotiq_3f_interfaces/msg/detail/independent_control_command__functions.c.o
[6.514s] [ 11%] Building C object CMakeFiles/robotiq_3f_interfaces__rosidl_generator_c.dir/rosidl_generator_c/robotiq_3f_interfaces/srv/detail/change_grasping_mode__functions.c.o
[6.525s] Consolidate compiler generated dependencies of target robotiq_3f_interfaces__rosidl_typesupport_cpp
[6.525s] Consolidate compiler generated dependencies of target robotiq_3f_interfaces__rosidl_typesupport_fastrtps_cpp
[6.555s] Consolidate compiler generated dependencies of target robotiq_3f_interfaces__rosidl_typesupport_introspection_cpp
[6.675s] [ 16%] Building CXX object CMakeFiles/robotiq_3f_interfaces__rosidl_typesupport_cpp.dir/rosidl_typesupport_cpp/robotiq_3f_interfaces/msg/status__type_support.cpp.o
[6.675s] [ 16%] Building CXX object CMakeFiles/robotiq_3f_interfaces__rosidl_typesupport_cpp.dir/rosidl_typesupport_cpp/robotiq_3f_interfaces/msg/object_detection_status__type_support.cpp.o
[6.675s] [ 16%] Building CXX object CMakeFiles/robotiq_3f_interfaces__rosidl_typesupport_fastrtps_cpp.dir/rosidl_typesupport_fastrtps_cpp/robotiq_3f_interfaces/msg/detail/dds_fastrtps/object_detection_status__type_support.cpp.o
[6.676s] [ 18%] Building CXX object CMakeFiles/robotiq_3f_interfaces__rosidl_typesupport_introspection_cpp.dir/rosidl_typesupport_introspection_cpp/robotiq_3f_interfaces/msg/detail/object_detection_status__type_support.cpp.o
[6.676s] [ 18%] Building CXX object CMakeFiles/robotiq_3f_interfaces__rosidl_typesupport_fastrtps_cpp.dir/rosidl_typesupport_fastrtps_cpp/robotiq_3f_interfaces/msg/detail/dds_fastrtps/status__type_support.cpp.o
[7.194s] running egg_info
[7.196s] writing robotiq_3f_interfaces.egg-info/PKG-INFO
[7.196s] writing dependency_links to robotiq_3f_interfaces.egg-info/dependency_links.txt
[7.197s] writing top-level names to robotiq_3f_interfaces.egg-info/top_level.txt
[7.202s] reading manifest file 'robotiq_3f_interfaces.egg-info/SOURCES.txt'
[7.251s] writing manifest file 'robotiq_3f_interfaces.egg-info/SOURCES.txt'
[7.342s] [ 18%] Built target ament_cmake_python_build_robotiq_3f_interfaces_egg
[7.368s] [ 19%] Building CXX object CMakeFiles/robotiq_3f_interfaces__rosidl_typesupport_fastrtps_cpp.dir/rosidl_typesupport_fastrtps_cpp/robotiq_3f_interfaces/msg/detail/dds_fastrtps/grasping_mode__type_support.cpp.o
[7.895s] [ 27%] Building CXX object CMakeFiles/robotiq_3f_interfaces__rosidl_typesupport_fastrtps_cpp.dir/rosidl_typesupport_fastrtps_cpp/robotiq_3f_interfaces/msg/detail/dds_fastrtps/independent_control_command__type_support.cpp.o
[7.895s] [ 27%] Building CXX object CMakeFiles/robotiq_3f_interfaces__rosidl_typesupport_introspection_cpp.dir/rosidl_typesupport_introspection_cpp/robotiq_3f_interfaces/msg/detail/status__type_support.cpp.o
[7.895s] [ 27%] Building CXX object CMakeFiles/robotiq_3f_interfaces__rosidl_typesupport_cpp.dir/rosidl_typesupport_cpp/robotiq_3f_interfaces/msg/simple_control_command__type_support.cpp.o
[7.895s] [ 27%] Building CXX object CMakeFiles/robotiq_3f_interfaces__rosidl_typesupport_cpp.dir/rosidl_typesupport_cpp/robotiq_3f_interfaces/msg/grasping_mode__type_support.cpp.o
[7.896s] [ 27%] Linking C shared library librobotiq_3f_interfaces__rosidl_generator_c.so
[7.896s] [ 27%] Building CXX object CMakeFiles/robotiq_3f_interfaces__rosidl_typesupport_fastrtps_cpp.dir/rosidl_typesupport_fastrtps_cpp/robotiq_3f_interfaces/msg/detail/dds_fastrtps/simple_control_command__type_support.cpp.o
[8.239s] [ 29%] Built target robotiq_3f_interfaces__rosidl_generator_c
[8.262s] [ 30%] Building CXX object CMakeFiles/robotiq_3f_interfaces__rosidl_typesupport_introspection_cpp.dir/rosidl_typesupport_introspection_cpp/robotiq_3f_interfaces/msg/detail/grasping_mode__type_support.cpp.o
[8.637s] [ 31%] Building CXX object CMakeFiles/robotiq_3f_interfaces__rosidl_typesupport_cpp.dir/rosidl_typesupport_cpp/robotiq_3f_interfaces/msg/independent_control_command__type_support.cpp.o
[8.692s] Consolidate compiler generated dependencies of target robotiq_3f_interfaces__rosidl_typesupport_fastrtps_c
[8.697s] [ 33%] Building CXX object CMakeFiles/robotiq_3f_interfaces__rosidl_typesupport_cpp.dir/rosidl_typesupport_cpp/robotiq_3f_interfaces/srv/change_grasping_mode__type_support.cpp.o
[8.751s] [ 34%] Building CXX object CMakeFiles/robotiq_3f_interfaces__rosidl_typesupport_fastrtps_c.dir/rosidl_typesupport_fastrtps_c/robotiq_3f_interfaces/msg/detail/object_detection_status__type_support_c.cpp.o
[8.772s] [ 36%] Building CXX object CMakeFiles/robotiq_3f_interfaces__rosidl_typesupport_introspection_cpp.dir/rosidl_typesupport_introspection_cpp/robotiq_3f_interfaces/msg/detail/simple_control_command__type_support.cpp.o
[9.187s] [ 37%] Building CXX object CMakeFiles/robotiq_3f_interfaces__rosidl_typesupport_fastrtps_c.dir/rosidl_typesupport_fastrtps_c/robotiq_3f_interfaces/msg/detail/grasping_mode__type_support_c.cpp.o
[9.188s] [ 38%] Building CXX object CMakeFiles/robotiq_3f_interfaces__rosidl_typesupport_fastrtps_c.dir/rosidl_typesupport_fastrtps_c/robotiq_3f_interfaces/msg/detail/status__type_support_c.cpp.o
[9.192s] [ 40%] Building CXX object CMakeFiles/robotiq_3f_interfaces__rosidl_typesupport_fastrtps_cpp.dir/rosidl_typesupport_fastrtps_cpp/robotiq_3f_interfaces/srv/detail/dds_fastrtps/change_grasping_mode__type_support.cpp.o
[9.199s] [ 41%] Building CXX object CMakeFiles/robotiq_3f_interfaces__rosidl_typesupport_introspection_cpp.dir/rosidl_typesupport_introspection_cpp/robotiq_3f_interfaces/msg/detail/independent_control_command__type_support.cpp.o
[9.202s] [ 43%] Building CXX object CMakeFiles/robotiq_3f_interfaces__rosidl_typesupport_fastrtps_c.dir/rosidl_typesupport_fastrtps_c/robotiq_3f_interfaces/msg/detail/simple_control_command__type_support_c.cpp.o
[9.225s] Consolidate compiler generated dependencies of target robotiq_3f_interfaces__rosidl_typesupport_introspection_c
[9.232s] [ 44%] Building CXX object CMakeFiles/robotiq_3f_interfaces__rosidl_typesupport_introspection_cpp.dir/rosidl_typesupport_introspection_cpp/robotiq_3f_interfaces/srv/detail/change_grasping_mode__type_support.cpp.o
[9.254s] [ 45%] Building C object CMakeFiles/robotiq_3f_interfaces__rosidl_typesupport_introspection_c.dir/rosidl_typesupport_introspection_c/robotiq_3f_interfaces/msg/detail/object_detection_status__type_support.c.o
[9.346s] [ 47%] Building C object CMakeFiles/robotiq_3f_interfaces__rosidl_typesupport_introspection_c.dir/rosidl_typesupport_introspection_c/robotiq_3f_interfaces/msg/detail/status__type_support.c.o
[9.399s] [ 48%] Building C object CMakeFiles/robotiq_3f_interfaces__rosidl_typesupport_introspection_c.dir/rosidl_typesupport_introspection_c/robotiq_3f_interfaces/msg/detail/grasping_mode__type_support.c.o
[9.415s] [ 50%] Building C object CMakeFiles/robotiq_3f_interfaces__rosidl_typesupport_introspection_c.dir/rosidl_typesupport_introspection_c/robotiq_3f_interfaces/msg/detail/simple_control_command__type_support.c.o
[9.501s] [ 51%] Building C object CMakeFiles/robotiq_3f_interfaces__rosidl_typesupport_introspection_c.dir/rosidl_typesupport_introspection_c/robotiq_3f_interfaces/msg/detail/independent_control_command__type_support.c.o
[9.522s] [ 52%] Building C object CMakeFiles/robotiq_3f_interfaces__rosidl_typesupport_introspection_c.dir/rosidl_typesupport_introspection_c/robotiq_3f_interfaces/srv/detail/change_grasping_mode__type_support.c.o
[9.543s] [ 54%] Building CXX object CMakeFiles/robotiq_3f_interfaces__rosidl_typesupport_fastrtps_c.dir/rosidl_typesupport_fastrtps_c/robotiq_3f_interfaces/msg/detail/independent_control_command__type_support_c.cpp.o
[9.636s] [ 55%] Building CXX object CMakeFiles/robotiq_3f_interfaces__rosidl_typesupport_fastrtps_c.dir/rosidl_typesupport_fastrtps_c/robotiq_3f_interfaces/srv/detail/change_grasping_mode__type_support_c.cpp.o
[9.696s] [ 56%] Linking C shared library librobotiq_3f_interfaces__rosidl_typesupport_introspection_c.so
[9.787s] [ 58%] Built target robotiq_3f_interfaces__rosidl_typesupport_introspection_c
[9.794s] Consolidate compiler generated dependencies of target robotiq_3f_interfaces__rosidl_typesupport_c
[9.799s] [ 59%] Linking CXX shared library librobotiq_3f_interfaces__rosidl_typesupport_cpp.so
[9.824s] [ 62%] Building CXX object CMakeFiles/robotiq_3f_interfaces__rosidl_typesupport_c.dir/rosidl_typesupport_c/robotiq_3f_interfaces/msg/status__type_support.cpp.o
[9.825s] [ 62%] Building CXX object CMakeFiles/robotiq_3f_interfaces__rosidl_typesupport_c.dir/rosidl_typesupport_c/robotiq_3f_interfaces/msg/object_detection_status__type_support.cpp.o
[9.902s] [ 63%] Built target robotiq_3f_interfaces__rosidl_typesupport_cpp
[9.912s] [ 66%] Building CXX object CMakeFiles/robotiq_3f_interfaces__rosidl_typesupport_c.dir/rosidl_typesupport_c/robotiq_3f_interfaces/msg/grasping_mode__type_support.cpp.o
[9.912s] [ 66%] Building CXX object CMakeFiles/robotiq_3f_interfaces__rosidl_typesupport_c.dir/rosidl_typesupport_c/robotiq_3f_interfaces/msg/simple_control_command__type_support.cpp.o
[9.927s] [ 68%] Building CXX object CMakeFiles/robotiq_3f_interfaces__rosidl_typesupport_c.dir/rosidl_typesupport_c/robotiq_3f_interfaces/msg/independent_control_command__type_support.cpp.o
[10.015s] [ 69%] Building CXX object CMakeFiles/robotiq_3f_interfaces__rosidl_typesupport_c.dir/rosidl_typesupport_c/robotiq_3f_interfaces/srv/change_grasping_mode__type_support.cpp.o
[10.101s] [ 70%] Linking CXX shared library librobotiq_3f_interfaces__rosidl_typesupport_c.so
[10.193s] [ 72%] Built target robotiq_3f_interfaces__rosidl_typesupport_c
[10.221s] [ 73%] Linking CXX shared library librobotiq_3f_interfaces__rosidl_typesupport_introspection_cpp.so
[10.310s] [ 75%] Built target robotiq_3f_interfaces__rosidl_typesupport_introspection_cpp
[10.364s] [ 76%] Linking CXX shared library librobotiq_3f_interfaces__rosidl_typesupport_fastrtps_cpp.so
[10.542s] [ 77%] Built target robotiq_3f_interfaces__rosidl_typesupport_fastrtps_cpp
[10.553s] [ 79%] Linking CXX shared library librobotiq_3f_interfaces__rosidl_typesupport_fastrtps_c.so
[10.738s] [ 80%] Built target robotiq_3f_interfaces__rosidl_typesupport_fastrtps_c
[10.793s] [ 80%] Built target robotiq_3f_interfaces
[10.854s] [ 81%] Built target robotiq_3f_interfaces__py
[10.898s] Consolidate compiler generated dependencies of target robotiq_3f_interfaces__rosidl_generator_py
[10.944s] [ 90%] Building C object CMakeFiles/robotiq_3f_interfaces__rosidl_generator_py.dir/rosidl_generator_py/robotiq_3f_interfaces/msg/_object_detection_status_s.c.o
[10.944s] [ 90%] Building C object CMakeFiles/robotiq_3f_interfaces__rosidl_generator_py.dir/rosidl_generator_py/robotiq_3f_interfaces/msg/_independent_control_command_s.c.o
[10.944s] [ 90%] Building C object CMakeFiles/robotiq_3f_interfaces__rosidl_generator_py.dir/rosidl_generator_py/robotiq_3f_interfaces/srv/_change_grasping_mode_s.c.o
[10.944s] [ 90%] Building C object CMakeFiles/robotiq_3f_interfaces__rosidl_generator_py.dir/rosidl_generator_py/robotiq_3f_interfaces/msg/_grasping_mode_s.c.o
[10.944s] [ 90%] Building C object CMakeFiles/robotiq_3f_interfaces__rosidl_generator_py.dir/rosidl_generator_py/robotiq_3f_interfaces/msg/_simple_control_command_s.c.o
[10.945s] [ 90%] Building C object CMakeFiles/robotiq_3f_interfaces__rosidl_generator_py.dir/rosidl_generator_py/robotiq_3f_interfaces/msg/_status_s.c.o
[11.542s] [ 91%] Linking C shared library rosidl_generator_py/robotiq_3f_interfaces/librobotiq_3f_interfaces__rosidl_generator_py.so
[11.636s] [ 91%] Built target robotiq_3f_interfaces__rosidl_generator_py
[11.668s] Consolidate compiler generated dependencies of target robotiq_3f_interfaces__rosidl_typesupport_introspection_c__pyext
[11.669s] Consolidate compiler generated dependencies of target robotiq_3f_interfaces__rosidl_typesupport_c__pyext
[11.669s] Consolidate compiler generated dependencies of target robotiq_3f_interfaces__rosidl_typesupport_fastrtps_c__pyext
[11.696s] [ 95%] Building C object CMakeFiles/robotiq_3f_interfaces__rosidl_typesupport_introspection_c__pyext.dir/rosidl_generator_py/robotiq_3f_interfaces/_robotiq_3f_interfaces_s.ep.rosidl_typesupport_introspection_c.c.o
[11.696s] [ 95%] Building C object CMakeFiles/robotiq_3f_interfaces__rosidl_typesupport_c__pyext.dir/rosidl_generator_py/robotiq_3f_interfaces/_robotiq_3f_interfaces_s.ep.rosidl_typesupport_c.c.o
[11.697s] [ 95%] Building C object CMakeFiles/robotiq_3f_interfaces__rosidl_typesupport_fastrtps_c__pyext.dir/rosidl_generator_py/robotiq_3f_interfaces/_robotiq_3f_interfaces_s.ep.rosidl_typesupport_fastrtps_c.c.o
[12.128s] [ 98%] Linking C shared library rosidl_generator_py/robotiq_3f_interfaces/robotiq_3f_interfaces_s__rosidl_typesupport_fastrtps_c.cpython-310-aarch64-linux-gnu.so
[12.128s] [ 98%] Linking C shared library rosidl_generator_py/robotiq_3f_interfaces/robotiq_3f_interfaces_s__rosidl_typesupport_c.cpython-310-aarch64-linux-gnu.so
[12.128s] [100%] Linking C shared library rosidl_generator_py/robotiq_3f_interfaces/robotiq_3f_interfaces_s__rosidl_typesupport_introspection_c.cpython-310-aarch64-linux-gnu.so
[12.215s] [100%] Built target robotiq_3f_interfaces__rosidl_typesupport_c__pyext
[12.215s] [100%] Built target robotiq_3f_interfaces__rosidl_typesupport_introspection_c__pyext
[12.215s] [100%] Built target robotiq_3f_interfaces__rosidl_typesupport_fastrtps_c__pyext
[12.248s] Invoked command in '/home/ubuntu/research_ws/ur10_pick_place_ws/build/robotiq_3f_interfaces' returned '0': CMAKE_PREFIX_PATH=${CMAKE_PREFIX_PATH}:/home/ubuntu/ur_camera_ws/install/pick_place:/home/ubuntu/ur_camera_ws/install/easy_handeye2:/opt/ros/humble /usr/bin/cmake --build /home/ubuntu/research_ws/ur10_pick_place_ws/build/robotiq_3f_interfaces -- -j12 -l12
[12.252s] Invoking command in '/home/ubuntu/research_ws/ur10_pick_place_ws/build/robotiq_3f_interfaces': CMAKE_PREFIX_PATH=${CMAKE_PREFIX_PATH}:/home/ubuntu/ur_camera_ws/install/pick_place:/home/ubuntu/ur_camera_ws/install/easy_handeye2:/opt/ros/humble /usr/bin/cmake --install /home/ubuntu/research_ws/ur10_pick_place_ws/build/robotiq_3f_interfaces
[12.273s] -- Install configuration: "Release"
[12.274s] -- Execute custom install script
[12.274s] -- Up-to-date symlink: /home/ubuntu/research_ws/ur10_pick_place_ws/install/robotiq_3f_interfaces/share/ament_index/resource_index/rosidl_interfaces/robotiq_3f_interfaces
[12.276s] -- Up-to-date symlink: /home/ubuntu/research_ws/ur10_pick_place_ws/install/robotiq_3f_interfaces/include/robotiq_3f_interfaces/robotiq_3f_interfaces/msg/detail/grasping_mode__functions.h
[12.276s] -- Up-to-date symlink: /home/ubuntu/research_ws/ur10_pick_place_ws/install/robotiq_3f_interfaces/include/robotiq_3f_interfaces/robotiq_3f_interfaces/msg/detail/grasping_mode__struct.h
[12.277s] -- Up-to-date symlink: /home/ubuntu/research_ws/ur10_pick_place_ws/install/robotiq_3f_interfaces/include/robotiq_3f_interfaces/robotiq_3f_interfaces/msg/detail/grasping_mode__type_support.h
[12.277s] -- Up-to-date symlink: /home/ubuntu/research_ws/ur10_pick_place_ws/install/robotiq_3f_interfaces/include/robotiq_3f_interfaces/robotiq_3f_interfaces/msg/detail/independent_control_command__functions.h
[12.277s] -- Up-to-date symlink: /home/ubuntu/research_ws/ur10_pick_place_ws/install/robotiq_3f_interfaces/include/robotiq_3f_interfaces/robotiq_3f_interfaces/msg/detail/independent_control_command__struct.h
[12.278s] -- Up-to-date symlink: /home/ubuntu/research_ws/ur10_pick_place_ws/install/robotiq_3f_interfaces/include/robotiq_3f_interfaces/robotiq_3f_interfaces/msg/detail/independent_control_command__type_support.h
[12.278s] -- Up-to-date symlink: /home/ubuntu/research_ws/ur10_pick_place_ws/install/robotiq_3f_interfaces/include/robotiq_3f_interfaces/robotiq_3f_interfaces/msg/detail/object_detection_status__functions.h
[12.279s] -- Up-to-date symlink: /home/ubuntu/research_ws/ur10_pick_place_ws/install/robotiq_3f_interfaces/include/robotiq_3f_interfaces/robotiq_3f_interfaces/msg/detail/object_detection_status__struct.h
[12.279s] -- Up-to-date symlink: /home/ubuntu/research_ws/ur10_pick_place_ws/install/robotiq_3f_interfaces/include/robotiq_3f_interfaces/robotiq_3f_interfaces/msg/detail/object_detection_status__type_support.h
[12.279s] -- Up-to-date symlink: /home/ubuntu/research_ws/ur10_pick_place_ws/install/robotiq_3f_interfaces/include/robotiq_3f_interfaces/robotiq_3f_interfaces/msg/detail/simple_control_command__functions.h
[12.280s] -- Up-to-date symlink: /home/ubuntu/research_ws/ur10_pick_place_ws/install/robotiq_3f_interfaces/include/robotiq_3f_interfaces/robotiq_3f_interfaces/msg/detail/simple_control_command__struct.h
[12.280s] -- Up-to-date symlink: /home/ubuntu/research_ws/ur10_pick_place_ws/install/robotiq_3f_interfaces/include/robotiq_3f_interfaces/robotiq_3f_interfaces/msg/detail/simple_control_command__type_support.h
[12.281s] -- Up-to-date symlink: /home/ubuntu/research_ws/ur10_pick_place_ws/install/robotiq_3f_interfaces/include/robotiq_3f_interfaces/robotiq_3f_interfaces/msg/detail/status__functions.h
[12.281s] -- Up-to-date symlink: /home/ubuntu/research_ws/ur10_pick_place_ws/install/robotiq_3f_interfaces/include/robotiq_3f_interfaces/robotiq_3f_interfaces/msg/detail/status__struct.h
[12.281s] -- Up-to-date symlink: /home/ubuntu/research_ws/ur10_pick_place_ws/install/robotiq_3f_interfaces/include/robotiq_3f_interfaces/robotiq_3f_interfaces/msg/detail/status__type_support.h
[12.281s] -- Up-to-date symlink: /home/ubuntu/research_ws/ur10_pick_place_ws/install/robotiq_3f_interfaces/include/robotiq_3f_interfaces/robotiq_3f_interfaces/msg/grasping_mode.h
[12.282s] -- Up-to-date symlink: /home/ubuntu/research_ws/ur10_pick_place_ws/install/robotiq_3f_interfaces/include/robotiq_3f_interfaces/robotiq_3f_interfaces/msg/independent_control_command.h
[12.282s] -- Up-to-date symlink: /home/ubuntu/research_ws/ur10_pick_place_ws/install/robotiq_3f_interfaces/include/robotiq_3f_interfaces/robotiq_3f_interfaces/msg/object_detection_status.h
[12.282s] -- Up-to-date symlink: /home/ubuntu/research_ws/ur10_pick_place_ws/install/robotiq_3f_interfaces/include/robotiq_3f_interfaces/robotiq_3f_interfaces/msg/rosidl_generator_c__visibility_control.h
[12.282s] -- Up-to-date symlink: /home/ubuntu/research_ws/ur10_pick_place_ws/install/robotiq_3f_interfaces/include/robotiq_3f_interfaces/robotiq_3f_interfaces/msg/simple_control_command.h
[12.282s] -- Up-to-date symlink: /home/ubuntu/research_ws/ur10_pick_place_ws/install/robotiq_3f_interfaces/include/robotiq_3f_interfaces/robotiq_3f_interfaces/msg/status.h
[12.282s] -- Up-to-date symlink: /home/ubuntu/research_ws/ur10_pick_place_ws/install/robotiq_3f_interfaces/include/robotiq_3f_interfaces/robotiq_3f_interfaces/srv/change_grasping_mode.h
[12.282s] -- Up-to-date symlink: /home/ubuntu/research_ws/ur10_pick_place_ws/install/robotiq_3f_interfaces/include/robotiq_3f_interfaces/robotiq_3f_interfaces/srv/detail/change_grasping_mode__functions.h
[12.283s] -- Up-to-date symlink: /home/ubuntu/research_ws/ur10_pick_place_ws/install/robotiq_3f_interfaces/include/robotiq_3f_interfaces/robotiq_3f_interfaces/srv/detail/change_grasping_mode__struct.h
[12.283s] -- Up-to-date symlink: /home/ubuntu/research_ws/ur10_pick_place_ws/install/robotiq_3f_interfaces/include/robotiq_3f_interfaces/robotiq_3f_interfaces/srv/detail/change_grasping_mode__type_support.h
[12.283s] -- Up-to-date symlink: /home/ubuntu/research_ws/ur10_pick_place_ws/install/robotiq_3f_interfaces/share/robotiq_3f_interfaces/environment/library_path.sh
[12.283s] -- Up-to-date symlink: /home/ubuntu/research_ws/ur10_pick_place_ws/install/robotiq_3f_interfaces/share/robotiq_3f_interfaces/environment/library_path.dsv
[12.284s] -- Up-to-date symlink: /home/ubuntu/research_ws/ur10_pick_place_ws/install/robotiq_3f_interfaces/include/robotiq_3f_interfaces/robotiq_3f_interfaces/msg/detail/grasping_mode__rosidl_typesupport_fastrtps_c.h
[12.284s] -- Up-to-date symlink: /home/ubuntu/research_ws/ur10_pick_place_ws/install/robotiq_3f_interfaces/include/robotiq_3f_interfaces/robotiq_3f_interfaces/msg/detail/independent_control_command__rosidl_typesupport_fastrtps_c.h
[12.284s] -- Up-to-date symlink: /home/ubuntu/research_ws/ur10_pick_place_ws/install/robotiq_3f_interfaces/include/robotiq_3f_interfaces/robotiq_3f_interfaces/msg/detail/object_detection_status__rosidl_typesupport_fastrtps_c.h
[12.284s] -- Up-to-date symlink: /home/ubuntu/research_ws/ur10_pick_place_ws/install/robotiq_3f_interfaces/include/robotiq_3f_interfaces/robotiq_3f_interfaces/msg/detail/simple_control_command__rosidl_typesupport_fastrtps_c.h
[12.285s] -- Up-to-date symlink: /home/ubuntu/research_ws/ur10_pick_place_ws/install/robotiq_3f_interfaces/include/robotiq_3f_interfaces/robotiq_3f_interfaces/msg/detail/status__rosidl_typesupport_fastrtps_c.h
[12.285s] -- Up-to-date symlink: /home/ubuntu/research_ws/ur10_pick_place_ws/install/robotiq_3f_interfaces/include/robotiq_3f_interfaces/robotiq_3f_interfaces/msg/rosidl_typesupport_fastrtps_c__visibility_control.h
[12.285s] -- Up-to-date symlink: /home/ubuntu/research_ws/ur10_pick_place_ws/install/robotiq_3f_interfaces/include/robotiq_3f_interfaces/robotiq_3f_interfaces/srv/detail/change_grasping_mode__rosidl_typesupport_fastrtps_c.h
[12.285s] -- Up-to-date symlink: /home/ubuntu/research_ws/ur10_pick_place_ws/install/robotiq_3f_interfaces/include/robotiq_3f_interfaces/robotiq_3f_interfaces/msg/detail/grasping_mode__rosidl_typesupport_introspection_c.h
[12.286s] -- Up-to-date symlink: /home/ubuntu/research_ws/ur10_pick_place_ws/install/robotiq_3f_interfaces/include/robotiq_3f_interfaces/robotiq_3f_interfaces/msg/detail/independent_control_command__rosidl_typesupport_introspection_c.h
[12.286s] -- Up-to-date symlink: /home/ubuntu/research_ws/ur10_pick_place_ws/install/robotiq_3f_interfaces/include/robotiq_3f_interfaces/robotiq_3f_interfaces/msg/detail/object_detection_status__rosidl_typesupport_introspection_c.h
[12.286s] -- Up-to-date symlink: /home/ubuntu/research_ws/ur10_pick_place_ws/install/robotiq_3f_interfaces/include/robotiq_3f_interfaces/robotiq_3f_interfaces/msg/detail/simple_control_command__rosidl_typesupport_introspection_c.h
[12.287s] -- Up-to-date symlink: /home/ubuntu/research_ws/ur10_pick_place_ws/install/robotiq_3f_interfaces/include/robotiq_3f_interfaces/robotiq_3f_interfaces/msg/detail/status__rosidl_typesupport_introspection_c.h
[12.287s] -- Up-to-date symlink: /home/ubuntu/research_ws/ur10_pick_place_ws/install/robotiq_3f_interfaces/include/robotiq_3f_interfaces/robotiq_3f_interfaces/msg/rosidl_typesupport_introspection_c__visibility_control.h
[12.287s] -- Up-to-date symlink: /home/ubuntu/research_ws/ur10_pick_place_ws/install/robotiq_3f_interfaces/include/robotiq_3f_interfaces/robotiq_3f_interfaces/srv/detail/change_grasping_mode__rosidl_typesupport_introspection_c.h
[12.288s] -- Up-to-date symlink: /home/ubuntu/research_ws/ur10_pick_place_ws/install/robotiq_3f_interfaces/include/robotiq_3f_interfaces/robotiq_3f_interfaces/msg/detail/grasping_mode__builder.hpp
[12.288s] -- Up-to-date symlink: /home/ubuntu/research_ws/ur10_pick_place_ws/install/robotiq_3f_interfaces/include/robotiq_3f_interfaces/robotiq_3f_interfaces/msg/detail/grasping_mode__struct.hpp
[12.288s] -- Up-to-date symlink: /home/ubuntu/research_ws/ur10_pick_place_ws/install/robotiq_3f_interfaces/include/robotiq_3f_interfaces/robotiq_3f_interfaces/msg/detail/grasping_mode__traits.hpp
[12.289s] -- Up-to-date symlink: /home/ubuntu/research_ws/ur10_pick_place_ws/install/robotiq_3f_interfaces/include/robotiq_3f_interfaces/robotiq_3f_interfaces/msg/detail/grasping_mode__type_support.hpp
[12.289s] -- Up-to-date symlink: /home/ubuntu/research_ws/ur10_pick_place_ws/install/robotiq_3f_interfaces/include/robotiq_3f_interfaces/robotiq_3f_interfaces/msg/detail/independent_control_command__builder.hpp
[12.289s] -- Up-to-date symlink: /home/ubuntu/research_ws/ur10_pick_place_ws/install/robotiq_3f_interfaces/include/robotiq_3f_interfaces/robotiq_3f_interfaces/msg/detail/independent_control_command__struct.hpp
[12.290s] -- Up-to-date symlink: /home/ubuntu/research_ws/ur10_pick_place_ws/install/robotiq_3f_interfaces/include/robotiq_3f_interfaces/robotiq_3f_interfaces/msg/detail/independent_control_command__traits.hpp
[12.290s] -- Up-to-date symlink: /home/ubuntu/research_ws/ur10_pick_place_ws/install/robotiq_3f_interfaces/include/robotiq_3f_interfaces/robotiq_3f_interfaces/msg/detail/independent_control_command__type_support.hpp
[12.291s] -- Up-to-date symlink: /home/ubuntu/research_ws/ur10_pick_place_ws/install/robotiq_3f_interfaces/include/robotiq_3f_interfaces/robotiq_3f_interfaces/msg/detail/object_detection_status__builder.hpp
[12.291s] -- Up-to-date symlink: /home/ubuntu/research_ws/ur10_pick_place_ws/install/robotiq_3f_interfaces/include/robotiq_3f_interfaces/robotiq_3f_interfaces/msg/detail/object_detection_status__struct.hpp
[12.292s] -- Up-to-date symlink: /home/ubuntu/research_ws/ur10_pick_place_ws/install/robotiq_3f_interfaces/include/robotiq_3f_interfaces/robotiq_3f_interfaces/msg/detail/object_detection_status__traits.hpp
[12.292s] -- Up-to-date symlink: /home/ubuntu/research_ws/ur10_pick_place_ws/install/robotiq_3f_interfaces/include/robotiq_3f_interfaces/robotiq_3f_interfaces/msg/detail/object_detection_status__type_support.hpp
[12.292s] -- Up-to-date symlink: /home/ubuntu/research_ws/ur10_pick_place_ws/install/robotiq_3f_interfaces/include/robotiq_3f_interfaces/robotiq_3f_interfaces/msg/detail/simple_control_command__builder.hpp
[12.293s] -- Up-to-date symlink: /home/ubuntu/research_ws/ur10_pick_place_ws/install/robotiq_3f_interfaces/include/robotiq_3f_interfaces/robotiq_3f_interfaces/msg/detail/simple_control_command__struct.hpp
[12.293s] -- Up-to-date symlink: /home/ubuntu/research_ws/ur10_pick_place_ws/install/robotiq_3f_interfaces/include/robotiq_3f_interfaces/robotiq_3f_interfaces/msg/detail/simple_control_command__traits.hpp
[12.293s] -- Up-to-date symlink: /home/ubuntu/research_ws/ur10_pick_place_ws/install/robotiq_3f_interfaces/include/robotiq_3f_interfaces/robotiq_3f_interfaces/msg/detail/simple_control_command__type_support.hpp
[12.294s] -- Up-to-date symlink: /home/ubuntu/research_ws/ur10_pick_place_ws/install/robotiq_3f_interfaces/include/robotiq_3f_interfaces/robotiq_3f_interfaces/msg/detail/status__builder.hpp
[12.294s] -- Up-to-date symlink: /home/ubuntu/research_ws/ur10_pick_place_ws/install/robotiq_3f_interfaces/include/robotiq_3f_interfaces/robotiq_3f_interfaces/msg/detail/status__struct.hpp
[12.294s] -- Up-to-date symlink: /home/ubuntu/research_ws/ur10_pick_place_ws/install/robotiq_3f_interfaces/include/robotiq_3f_interfaces/robotiq_3f_interfaces/msg/detail/status__traits.hpp
[12.294s] -- Up-to-date symlink: /home/ubuntu/research_ws/ur10_pick_place_ws/install/robotiq_3f_interfaces/include/robotiq_3f_interfaces/robotiq_3f_interfaces/msg/detail/status__type_support.hpp
[12.294s] -- Up-to-date symlink: /home/ubuntu/research_ws/ur10_pick_place_ws/install/robotiq_3f_interfaces/include/robotiq_3f_interfaces/robotiq_3f_interfaces/msg/grasping_mode.hpp
[12.295s] -- Up-to-date symlink: /home/ubuntu/research_ws/ur10_pick_place_ws/install/robotiq_3f_interfaces/include/robotiq_3f_interfaces/robotiq_3f_interfaces/msg/independent_control_command.hpp
[12.295s] -- Up-to-date symlink: /home/ubuntu/research_ws/ur10_pick_place_ws/install/robotiq_3f_interfaces/include/robotiq_3f_interfaces/robotiq_3f_interfaces/msg/object_detection_status.hpp
[12.295s] -- Up-to-date symlink: /home/ubuntu/research_ws/ur10_pick_place_ws/install/robotiq_3f_interfaces/include/robotiq_3f_interfaces/robotiq_3f_interfaces/msg/rosidl_generator_cpp__visibility_control.hpp
[12.295s] -- Up-to-date symlink: /home/ubuntu/research_ws/ur10_pick_place_ws/install/robotiq_3f_interfaces/include/robotiq_3f_interfaces/robotiq_3f_interfaces/msg/simple_control_command.hpp
[12.295s] -- Up-to-date symlink: /home/ubuntu/research_ws/ur10_pick_place_ws/install/robotiq_3f_interfaces/include/robotiq_3f_interfaces/robotiq_3f_interfaces/msg/status.hpp
[12.295s] -- Up-to-date symlink: /home/ubuntu/research_ws/ur10_pick_place_ws/install/robotiq_3f_interfaces/include/robotiq_3f_interfaces/robotiq_3f_interfaces/srv/change_grasping_mode.hpp
[12.296s] -- Up-to-date symlink: /home/ubuntu/research_ws/ur10_pick_place_ws/install/robotiq_3f_interfaces/include/robotiq_3f_interfaces/robotiq_3f_interfaces/srv/detail/change_grasping_mode__builder.hpp
[12.296s] -- Up-to-date symlink: /home/ubuntu/research_ws/ur10_pick_place_ws/install/robotiq_3f_interfaces/include/robotiq_3f_interfaces/robotiq_3f_interfaces/srv/detail/change_grasping_mode__struct.hpp
[12.296s] -- Up-to-date symlink: /home/ubuntu/research_ws/ur10_pick_place_ws/install/robotiq_3f_interfaces/include/robotiq_3f_interfaces/robotiq_3f_interfaces/srv/detail/change_grasping_mode__traits.hpp
[12.297s] -- Up-to-date symlink: /home/ubuntu/research_ws/ur10_pick_place_ws/install/robotiq_3f_interfaces/include/robotiq_3f_interfaces/robotiq_3f_interfaces/srv/detail/change_grasping_mode__type_support.hpp
[12.297s] -- Up-to-date symlink: /home/ubuntu/research_ws/ur10_pick_place_ws/install/robotiq_3f_interfaces/include/robotiq_3f_interfaces/robotiq_3f_interfaces/msg/detail/grasping_mode__rosidl_typesupport_fastrtps_cpp.hpp
[12.297s] -- Up-to-date symlink: /home/ubuntu/research_ws/ur10_pick_place_ws/install/robotiq_3f_interfaces/include/robotiq_3f_interfaces/robotiq_3f_interfaces/msg/detail/independent_control_command__rosidl_typesupport_fastrtps_cpp.hpp
[12.297s] -- Up-to-date symlink: /home/ubuntu/research_ws/ur10_pick_place_ws/install/robotiq_3f_interfaces/include/robotiq_3f_interfaces/robotiq_3f_interfaces/msg/detail/object_detection_status__rosidl_typesupport_fastrtps_cpp.hpp
[12.297s] -- Up-to-date symlink: /home/ubuntu/research_ws/ur10_pick_place_ws/install/robotiq_3f_interfaces/include/robotiq_3f_interfaces/robotiq_3f_interfaces/msg/detail/simple_control_command__rosidl_typesupport_fastrtps_cpp.hpp
[12.297s] -- Up-to-date symlink: /home/ubuntu/research_ws/ur10_pick_place_ws/install/robotiq_3f_interfaces/include/robotiq_3f_interfaces/robotiq_3f_interfaces/msg/detail/status__rosidl_typesupport_fastrtps_cpp.hpp
[12.297s] -- Up-to-date symlink: /home/ubuntu/research_ws/ur10_pick_place_ws/install/robotiq_3f_interfaces/include/robotiq_3f_interfaces/robotiq_3f_interfaces/msg/rosidl_typesupport_fastrtps_cpp__visibility_control.h
[12.298s] -- Up-to-date symlink: /home/ubuntu/research_ws/ur10_pick_place_ws/install/robotiq_3f_interfaces/include/robotiq_3f_interfaces/robotiq_3f_interfaces/srv/detail/change_grasping_mode__rosidl_typesupport_fastrtps_cpp.hpp
[12.298s] -- Up-to-date symlink: /home/ubuntu/research_ws/ur10_pick_place_ws/install/robotiq_3f_interfaces/include/robotiq_3f_interfaces/robotiq_3f_interfaces/msg/detail/grasping_mode__rosidl_typesupport_introspection_cpp.hpp
[12.299s] -- Up-to-date symlink: /home/ubuntu/research_ws/ur10_pick_place_ws/install/robotiq_3f_interfaces/include/robotiq_3f_interfaces/robotiq_3f_interfaces/msg/detail/independent_control_command__rosidl_typesupport_introspection_cpp.hpp
[12.299s] -- Up-to-date symlink: /home/ubuntu/research_ws/ur10_pick_place_ws/install/robotiq_3f_interfaces/include/robotiq_3f_interfaces/robotiq_3f_interfaces/msg/detail/object_detection_status__rosidl_typesupport_introspection_cpp.hpp
[12.299s] -- Up-to-date symlink: /home/ubuntu/research_ws/ur10_pick_place_ws/install/robotiq_3f_interfaces/include/robotiq_3f_interfaces/robotiq_3f_interfaces/msg/detail/simple_control_command__rosidl_typesupport_introspection_cpp.hpp
[12.299s] -- Up-to-date symlink: /home/ubuntu/research_ws/ur10_pick_place_ws/install/robotiq_3f_interfaces/include/robotiq_3f_interfaces/robotiq_3f_interfaces/msg/detail/status__rosidl_typesupport_introspection_cpp.hpp
[12.299s] -- Up-to-date symlink: /home/ubuntu/research_ws/ur10_pick_place_ws/install/robotiq_3f_interfaces/include/robotiq_3f_interfaces/robotiq_3f_interfaces/srv/detail/change_grasping_mode__rosidl_typesupport_introspection_cpp.hpp
[12.300s] -- Up-to-date symlink: /home/ubuntu/research_ws/ur10_pick_place_ws/install/robotiq_3f_interfaces/share/robotiq_3f_interfaces/environment/pythonpath.sh
[12.300s] -- Up-to-date symlink: /home/ubuntu/research_ws/ur10_pick_place_ws/install/robotiq_3f_interfaces/share/robotiq_3f_interfaces/environment/pythonpath.dsv
[12.300s] -- Up-to-date symlink: /home/ubuntu/research_ws/ur10_pick_place_ws/install/robotiq_3f_interfaces/local/lib/python3.10/dist-packages/robotiq_3f_interfaces-0.0.1-py3.10.egg-info/PKG-INFO
[12.301s] -- Up-to-date symlink: /home/ubuntu/research_ws/ur10_pick_place_ws/install/robotiq_3f_interfaces/local/lib/python3.10/dist-packages/robotiq_3f_interfaces-0.0.1-py3.10.egg-info/SOURCES.txt
[12.301s] -- Up-to-date symlink: /home/ubuntu/research_ws/ur10_pick_place_ws/install/robotiq_3f_interfaces/local/lib/python3.10/dist-packages/robotiq_3f_interfaces-0.0.1-py3.10.egg-info/dependency_links.txt
[12.301s] -- Up-to-date symlink: /home/ubuntu/research_ws/ur10_pick_place_ws/install/robotiq_3f_interfaces/local/lib/python3.10/dist-packages/robotiq_3f_interfaces-0.0.1-py3.10.egg-info/top_level.txt
[12.302s] -- Up-to-date symlink: /home/ubuntu/research_ws/ur10_pick_place_ws/install/robotiq_3f_interfaces/local/lib/python3.10/dist-packages/robotiq_3f_interfaces/__init__.py
[12.302s] -- Up-to-date symlink: /home/ubuntu/research_ws/ur10_pick_place_ws/install/robotiq_3f_interfaces/local/lib/python3.10/dist-packages/robotiq_3f_interfaces/_robotiq_3f_interfaces_s.ep.rosidl_typesupport_c.c
[12.303s] -- Up-to-date symlink: /home/ubuntu/research_ws/ur10_pick_place_ws/install/robotiq_3f_interfaces/local/lib/python3.10/dist-packages/robotiq_3f_interfaces/_robotiq_3f_interfaces_s.ep.rosidl_typesupport_fastrtps_c.c
[12.303s] -- Up-to-date symlink: /home/ubuntu/research_ws/ur10_pick_place_ws/install/robotiq_3f_interfaces/local/lib/python3.10/dist-packages/robotiq_3f_interfaces/_robotiq_3f_interfaces_s.ep.rosidl_typesupport_introspection_c.c
[12.304s] -- Up-to-date symlink: /home/ubuntu/research_ws/ur10_pick_place_ws/install/robotiq_3f_interfaces/local/lib/python3.10/dist-packages/robotiq_3f_interfaces/librobotiq_3f_interfaces__rosidl_generator_py.so
[12.304s] -- Up-to-date symlink: /home/ubuntu/research_ws/ur10_pick_place_ws/install/robotiq_3f_interfaces/local/lib/python3.10/dist-packages/robotiq_3f_interfaces/msg/__init__.py
[12.305s] -- Up-to-date symlink: /home/ubuntu/research_ws/ur10_pick_place_ws/install/robotiq_3f_interfaces/local/lib/python3.10/dist-packages/robotiq_3f_interfaces/msg/_grasping_mode.py
[12.305s] -- Up-to-date symlink: /home/ubuntu/research_ws/ur10_pick_place_ws/install/robotiq_3f_interfaces/local/lib/python3.10/dist-packages/robotiq_3f_interfaces/msg/_grasping_mode_s.c
[12.305s] -- Up-to-date symlink: /home/ubuntu/research_ws/ur10_pick_place_ws/install/robotiq_3f_interfaces/local/lib/python3.10/dist-packages/robotiq_3f_interfaces/msg/_independent_control_command.py
[12.306s] -- Up-to-date symlink: /home/ubuntu/research_ws/ur10_pick_place_ws/install/robotiq_3f_interfaces/local/lib/python3.10/dist-packages/robotiq_3f_interfaces/msg/_independent_control_command_s.c
[12.306s] -- Up-to-date symlink: /home/ubuntu/research_ws/ur10_pick_place_ws/install/robotiq_3f_interfaces/local/lib/python3.10/dist-packages/robotiq_3f_interfaces/msg/_object_detection_status.py
[12.306s] -- Up-to-date symlink: /home/ubuntu/research_ws/ur10_pick_place_ws/install/robotiq_3f_interfaces/local/lib/python3.10/dist-packages/robotiq_3f_interfaces/msg/_object_detection_status_s.c
[12.307s] -- Up-to-date symlink: /home/ubuntu/research_ws/ur10_pick_place_ws/install/robotiq_3f_interfaces/local/lib/python3.10/dist-packages/robotiq_3f_interfaces/msg/_simple_control_command.py
[12.307s] -- Up-to-date symlink: /home/ubuntu/research_ws/ur10_pick_place_ws/install/robotiq_3f_interfaces/local/lib/python3.10/dist-packages/robotiq_3f_interfaces/msg/_simple_control_command_s.c
[12.307s] -- Up-to-date symlink: /home/ubuntu/research_ws/ur10_pick_place_ws/install/robotiq_3f_interfaces/local/lib/python3.10/dist-packages/robotiq_3f_interfaces/msg/_status.py
[12.307s] -- Up-to-date symlink: /home/ubuntu/research_ws/ur10_pick_place_ws/install/robotiq_3f_interfaces/local/lib/python3.10/dist-packages/robotiq_3f_interfaces/msg/_status_s.c
[12.307s] -- Up-to-date symlink: /home/ubuntu/research_ws/ur10_pick_place_ws/install/robotiq_3f_interfaces/local/lib/python3.10/dist-packages/robotiq_3f_interfaces/robotiq_3f_interfaces_s__rosidl_typesupport_c.cpython-310-aarch64-linux-gnu.so
[12.308s] -- Up-to-date symlink: /home/ubuntu/research_ws/ur10_pick_place_ws/install/robotiq_3f_interfaces/local/lib/python3.10/dist-packages/robotiq_3f_interfaces/robotiq_3f_interfaces_s__rosidl_typesupport_fastrtps_c.cpython-310-aarch64-linux-gnu.so
[12.308s] -- Up-to-date symlink: /home/ubuntu/research_ws/ur10_pick_place_ws/install/robotiq_3f_interfaces/local/lib/python3.10/dist-packages/robotiq_3f_interfaces/robotiq_3f_interfaces_s__rosidl_typesupport_introspection_c.cpython-310-aarch64-linux-gnu.so
[12.308s] -- Up-to-date symlink: /home/ubuntu/research_ws/ur10_pick_place_ws/install/robotiq_3f_interfaces/local/lib/python3.10/dist-packages/robotiq_3f_interfaces/srv/__init__.py
[12.308s] -- Up-to-date symlink: /home/ubuntu/research_ws/ur10_pick_place_ws/install/robotiq_3f_interfaces/local/lib/python3.10/dist-packages/robotiq_3f_interfaces/srv/_change_grasping_mode.py
[12.308s] -- Up-to-date symlink: /home/ubuntu/research_ws/ur10_pick_place_ws/install/robotiq_3f_interfaces/local/lib/python3.10/dist-packages/robotiq_3f_interfaces/srv/_change_grasping_mode_s.c
[12.309s] -- Up-to-date symlink: /home/ubuntu/research_ws/ur10_pick_place_ws/install/robotiq_3f_interfaces/local/lib/python3.10/dist-packages/robotiq_3f_interfaces/robotiq_3f_interfaces_s__rosidl_typesupport_fastrtps_c.cpython-310-aarch64-linux-gnu.so
[12.309s] -- Up-to-date symlink: /home/ubuntu/research_ws/ur10_pick_place_ws/install/robotiq_3f_interfaces/local/lib/python3.10/dist-packages/robotiq_3f_interfaces/robotiq_3f_interfaces_s__rosidl_typesupport_introspection_c.cpython-310-aarch64-linux-gnu.so
[12.309s] -- Up-to-date symlink: /home/ubuntu/research_ws/ur10_pick_place_ws/install/robotiq_3f_interfaces/local/lib/python3.10/dist-packages/robotiq_3f_interfaces/robotiq_3f_interfaces_s__rosidl_typesupport_c.cpython-310-aarch64-linux-gnu.so
[12.309s] -- Up-to-date symlink: /home/ubuntu/research_ws/ur10_pick_place_ws/install/robotiq_3f_interfaces/share/ament_index/resource_index/rust_packages/robotiq_3f_interfaces
[12.309s] -- Up-to-date symlink: /home/ubuntu/research_ws/ur10_pick_place_ws/install/robotiq_3f_interfaces/share/robotiq_3f_interfaces/rust/Cargo.toml
[12.310s] -- Up-to-date symlink: /home/ubuntu/research_ws/ur10_pick_place_ws/install/robotiq_3f_interfaces/share/robotiq_3f_interfaces/rust/build.rs
[12.310s] -- Up-to-date symlink: /home/ubuntu/research_ws/ur10_pick_place_ws/install/robotiq_3f_interfaces/share/robotiq_3f_interfaces/rust/src/lib.rs
[12.310s] -- Up-to-date symlink: /home/ubuntu/research_ws/ur10_pick_place_ws/install/robotiq_3f_interfaces/share/robotiq_3f_interfaces/rust/src/msg.rs
[12.311s] -- Up-to-date symlink: /home/ubuntu/research_ws/ur10_pick_place_ws/install/robotiq_3f_interfaces/share/robotiq_3f_interfaces/rust/src/msg/rmw.rs
[12.311s] -- Up-to-date symlink: /home/ubuntu/research_ws/ur10_pick_place_ws/install/robotiq_3f_interfaces/share/robotiq_3f_interfaces/rust/src/srv.rs
[12.311s] -- Up-to-date symlink: /home/ubuntu/research_ws/ur10_pick_place_ws/install/robotiq_3f_interfaces/share/robotiq_3f_interfaces/rust/src/srv/rmw.rs
[12.312s] -- Up-to-date symlink: /home/ubuntu/research_ws/ur10_pick_place_ws/install/robotiq_3f_interfaces/share/robotiq_3f_interfaces/msg/ObjectDetectionStatus.idl
[12.312s] -- Up-to-date symlink: /home/ubuntu/research_ws/ur10_pick_place_ws/install/robotiq_3f_interfaces/share/robotiq_3f_interfaces/msg/Status.idl
[12.312s] -- Up-to-date symlink: /home/ubuntu/research_ws/ur10_pick_place_ws/install/robotiq_3f_interfaces/share/robotiq_3f_interfaces/msg/GraspingMode.idl
[12.312s] -- Up-to-date symlink: /home/ubuntu/research_ws/ur10_pick_place_ws/install/robotiq_3f_interfaces/share/robotiq_3f_interfaces/msg/SimpleControlCommand.idl
[12.312s] -- Up-to-date symlink: /home/ubuntu/research_ws/ur10_pick_place_ws/install/robotiq_3f_interfaces/share/robotiq_3f_interfaces/msg/IndependentControlCommand.idl
[12.313s] -- Up-to-date symlink: /home/ubuntu/research_ws/ur10_pick_place_ws/install/robotiq_3f_interfaces/share/robotiq_3f_interfaces/srv/ChangeGraspingMode.idl
[12.313s] -- Up-to-date symlink: /home/ubuntu/research_ws/ur10_pick_place_ws/install/robotiq_3f_interfaces/share/robotiq_3f_interfaces/msg/ObjectDetectionStatus.msg
[12.313s] -- Up-to-date symlink: /home/ubuntu/research_ws/ur10_pick_place_ws/install/robotiq_3f_interfaces/share/robotiq_3f_interfaces/msg/Status.msg
[12.313s] -- Up-to-date symlink: /home/ubuntu/research_ws/ur10_pick_place_ws/install/robotiq_3f_interfaces/share/robotiq_3f_interfaces/msg/GraspingMode.msg
[12.314s] -- Up-to-date symlink: /home/ubuntu/research_ws/ur10_pick_place_ws/install/robotiq_3f_interfaces/share/robotiq_3f_interfaces/msg/SimpleControlCommand.msg
[12.314s] -- Up-to-date symlink: /home/ubuntu/research_ws/ur10_pick_place_ws/install/robotiq_3f_interfaces/share/robotiq_3f_interfaces/msg/IndependentControlCommand.msg
[12.314s] -- Up-to-date symlink: /home/ubuntu/research_ws/ur10_pick_place_ws/install/robotiq_3f_interfaces/share/robotiq_3f_interfaces/srv/ChangeGraspingMode.srv
[12.314s] -- Up-to-date symlink: /home/ubuntu/research_ws/ur10_pick_place_ws/install/robotiq_3f_interfaces/share/robotiq_3f_interfaces/srv/ChangeGraspingMode_Request.msg
[12.315s] -- Up-to-date symlink: /home/ubuntu/research_ws/ur10_pick_place_ws/install/robotiq_3f_interfaces/share/robotiq_3f_interfaces/srv/ChangeGraspingMode_Response.msg
[12.315s] -- Up-to-date symlink: /home/ubuntu/research_ws/ur10_pick_place_ws/install/robotiq_3f_interfaces/share/ament_index/resource_index/package_run_dependencies/robotiq_3f_interfaces
[12.315s] -- Up-to-date symlink: /home/ubuntu/research_ws/ur10_pick_place_ws/install/robotiq_3f_interfaces/share/ament_index/resource_index/parent_prefix_path/robotiq_3f_interfaces
[12.316s] -- Up-to-date symlink: /home/ubuntu/research_ws/ur10_pick_place_ws/install/robotiq_3f_interfaces/share/robotiq_3f_interfaces/environment/ament_prefix_path.sh
[12.316s] -- Up-to-date symlink: /home/ubuntu/research_ws/ur10_pick_place_ws/install/robotiq_3f_interfaces/share/robotiq_3f_interfaces/environment/ament_prefix_path.dsv
[12.316s] -- Up-to-date symlink: /home/ubuntu/research_ws/ur10_pick_place_ws/install/robotiq_3f_interfaces/share/robotiq_3f_interfaces/environment/path.sh
[12.316s] -- Up-to-date symlink: /home/ubuntu/research_ws/ur10_pick_place_ws/install/robotiq_3f_interfaces/share/robotiq_3f_interfaces/environment/path.dsv
[12.317s] -- Up-to-date symlink: /home/ubuntu/research_ws/ur10_pick_place_ws/install/robotiq_3f_interfaces/share/robotiq_3f_interfaces/local_setup.bash
[12.317s] -- Up-to-date symlink: /home/ubuntu/research_ws/ur10_pick_place_ws/install/robotiq_3f_interfaces/share/robotiq_3f_interfaces/local_setup.sh
[12.317s] -- Up-to-date symlink: /home/ubuntu/research_ws/ur10_pick_place_ws/install/robotiq_3f_interfaces/share/robotiq_3f_interfaces/local_setup.zsh
[12.318s] -- Up-to-date symlink: /home/ubuntu/research_ws/ur10_pick_place_ws/install/robotiq_3f_interfaces/share/robotiq_3f_interfaces/local_setup.dsv
[12.318s] -- Symlinking: /home/ubuntu/research_ws/ur10_pick_place_ws/install/robotiq_3f_interfaces/share/robotiq_3f_interfaces/package.dsv
[12.337s] -- Up-to-date symlink: /home/ubuntu/research_ws/ur10_pick_place_ws/install/robotiq_3f_interfaces/share/ament_index/resource_index/packages/robotiq_3f_interfaces
[12.338s] -- Up-to-date symlink: /home/ubuntu/research_ws/ur10_pick_place_ws/install/robotiq_3f_interfaces/share/robotiq_3f_interfaces/cmake/rosidl_cmake-extras.cmake
[12.338s] -- Up-to-date symlink: /home/ubuntu/research_ws/ur10_pick_place_ws/install/robotiq_3f_interfaces/share/robotiq_3f_interfaces/cmake/ament_cmake_export_dependencies-extras.cmake
[12.338s] -- Up-to-date symlink: /home/ubuntu/research_ws/ur10_pick_place_ws/install/robotiq_3f_interfaces/share/robotiq_3f_interfaces/cmake/ament_cmake_export_include_directories-extras.cmake
[12.339s] -- Up-to-date symlink: /home/ubuntu/research_ws/ur10_pick_place_ws/install/robotiq_3f_interfaces/share/robotiq_3f_interfaces/cmake/ament_cmake_export_libraries-extras.cmake
[12.339s] -- Up-to-date symlink: /home/ubuntu/research_ws/ur10_pick_place_ws/install/robotiq_3f_interfaces/share/robotiq_3f_interfaces/cmake/ament_cmake_export_targets-extras.cmake
[12.339s] -- Up-to-date symlink: /home/ubuntu/research_ws/ur10_pick_place_ws/install/robotiq_3f_interfaces/share/robotiq_3f_interfaces/cmake/rosidl_cmake_export_typesupport_targets-extras.cmake
[12.340s] -- Up-to-date symlink: /home/ubuntu/research_ws/ur10_pick_place_ws/install/robotiq_3f_interfaces/share/robotiq_3f_interfaces/cmake/rosidl_cmake_export_typesupport_libraries-extras.cmake
[12.340s] -- Up-to-date symlink: /home/ubuntu/research_ws/ur10_pick_place_ws/install/robotiq_3f_interfaces/share/robotiq_3f_interfaces/cmake/robotiq_3f_interfacesConfig.cmake
[12.340s] -- Up-to-date symlink: /home/ubuntu/research_ws/ur10_pick_place_ws/install/robotiq_3f_interfaces/share/robotiq_3f_interfaces/cmake/robotiq_3f_interfacesConfig-version.cmake
[12.340s] -- Up-to-date symlink: /home/ubuntu/research_ws/ur10_pick_place_ws/install/robotiq_3f_interfaces/share/robotiq_3f_interfaces/package.xml
[12.343s] -- Installing: /home/ubuntu/research_ws/ur10_pick_place_ws/install/robotiq_3f_interfaces/lib/librobotiq_3f_interfaces__rosidl_generator_c.so
[12.344s] -- Set runtime path of "/home/ubuntu/research_ws/ur10_pick_place_ws/install/robotiq_3f_interfaces/lib/librobotiq_3f_interfaces__rosidl_generator_c.so" to ""
[12.346s] -- Installing: /home/ubuntu/research_ws/ur10_pick_place_ws/install/robotiq_3f_interfaces/lib/librobotiq_3f_interfaces__rosidl_typesupport_fastrtps_c.so
[12.347s] -- Set runtime path of "/home/ubuntu/research_ws/ur10_pick_place_ws/install/robotiq_3f_interfaces/lib/librobotiq_3f_interfaces__rosidl_typesupport_fastrtps_c.so" to ""
[12.349s] -- Installing: /home/ubuntu/research_ws/ur10_pick_place_ws/install/robotiq_3f_interfaces/lib/librobotiq_3f_interfaces__rosidl_typesupport_introspection_c.so
[12.350s] -- Set runtime path of "/home/ubuntu/research_ws/ur10_pick_place_ws/install/robotiq_3f_interfaces/lib/librobotiq_3f_interfaces__rosidl_typesupport_introspection_c.so" to ""
[12.351s] -- Installing: /home/ubuntu/research_ws/ur10_pick_place_ws/install/robotiq_3f_interfaces/lib/librobotiq_3f_interfaces__rosidl_typesupport_c.so
[12.352s] -- Set runtime path of "/home/ubuntu/research_ws/ur10_pick_place_ws/install/robotiq_3f_interfaces/lib/librobotiq_3f_interfaces__rosidl_typesupport_c.so" to ""
[12.361s] -- Installing: /home/ubuntu/research_ws/ur10_pick_place_ws/install/robotiq_3f_interfaces/lib/librobotiq_3f_interfaces__rosidl_typesupport_fastrtps_cpp.so
[12.362s] -- Set runtime path of "/home/ubuntu/research_ws/ur10_pick_place_ws/install/robotiq_3f_interfaces/lib/librobotiq_3f_interfaces__rosidl_typesupport_fastrtps_cpp.so" to ""
[12.364s] -- Installing: /home/ubuntu/research_ws/ur10_pick_place_ws/install/robotiq_3f_interfaces/lib/librobotiq_3f_interfaces__rosidl_typesupport_introspection_cpp.so
[12.365s] -- Set runtime path of "/home/ubuntu/research_ws/ur10_pick_place_ws/install/robotiq_3f_interfaces/lib/librobotiq_3f_interfaces__rosidl_typesupport_introspection_cpp.so" to ""
[12.366s] -- Installing: /home/ubuntu/research_ws/ur10_pick_place_ws/install/robotiq_3f_interfaces/lib/librobotiq_3f_interfaces__rosidl_typesupport_cpp.so
[12.367s] -- Set runtime path of "/home/ubuntu/research_ws/ur10_pick_place_ws/install/robotiq_3f_interfaces/lib/librobotiq_3f_interfaces__rosidl_typesupport_cpp.so" to ""
[12.456s] Listing '/home/ubuntu/research_ws/ur10_pick_place_ws/install/robotiq_3f_interfaces/local/lib/python3.10/dist-packages/robotiq_3f_interfaces'...
[12.456s] Compiling '/home/ubuntu/research_ws/ur10_pick_place_ws/install/robotiq_3f_interfaces/local/lib/python3.10/dist-packages/robotiq_3f_interfaces/__init__.py'...
[12.457s] Listing '/home/ubuntu/research_ws/ur10_pick_place_ws/install/robotiq_3f_interfaces/local/lib/python3.10/dist-packages/robotiq_3f_interfaces/msg'...
[12.457s] Listing '/home/ubuntu/research_ws/ur10_pick_place_ws/install/robotiq_3f_interfaces/local/lib/python3.10/dist-packages/robotiq_3f_interfaces/srv'...
[12.477s] -- Installing: /home/ubuntu/research_ws/ur10_pick_place_ws/install/robotiq_3f_interfaces/lib/librobotiq_3f_interfaces__rosidl_generator_py.so
[12.478s] -- Set runtime path of "/home/ubuntu/research_ws/ur10_pick_place_ws/install/robotiq_3f_interfaces/lib/librobotiq_3f_interfaces__rosidl_generator_py.so" to ""
[12.479s] -- Up-to-date: /home/ubuntu/research_ws/ur10_pick_place_ws/install/robotiq_3f_interfaces/share/robotiq_3f_interfaces/cmake/export_robotiq_3f_interfaces__rosidl_generator_cExport.cmake
[12.479s] -- Installing: /home/ubuntu/research_ws/ur10_pick_place_ws/install/robotiq_3f_interfaces/share/robotiq_3f_interfaces/cmake/export_robotiq_3f_interfaces__rosidl_generator_cExport-release.cmake
[12.481s] -- Up-to-date: /home/ubuntu/research_ws/ur10_pick_place_ws/install/robotiq_3f_interfaces/share/robotiq_3f_interfaces/cmake/export_robotiq_3f_interfaces__rosidl_typesupport_fastrtps_cExport.cmake
[12.481s] -- Installing: /home/ubuntu/research_ws/ur10_pick_place_ws/install/robotiq_3f_interfaces/share/robotiq_3f_interfaces/cmake/export_robotiq_3f_interfaces__rosidl_typesupport_fastrtps_cExport-release.cmake
[12.482s] -- Up-to-date: /home/ubuntu/research_ws/ur10_pick_place_ws/install/robotiq_3f_interfaces/share/robotiq_3f_interfaces/cmake/robotiq_3f_interfaces__rosidl_typesupport_introspection_cExport.cmake
[12.483s] -- Installing: /home/ubuntu/research_ws/ur10_pick_place_ws/install/robotiq_3f_interfaces/share/robotiq_3f_interfaces/cmake/robotiq_3f_interfaces__rosidl_typesupport_introspection_cExport-release.cmake
[12.484s] -- Up-to-date: /home/ubuntu/research_ws/ur10_pick_place_ws/install/robotiq_3f_interfaces/share/robotiq_3f_interfaces/cmake/robotiq_3f_interfaces__rosidl_typesupport_cExport.cmake
[12.484s] -- Installing: /home/ubuntu/research_ws/ur10_pick_place_ws/install/robotiq_3f_interfaces/share/robotiq_3f_interfaces/cmake/robotiq_3f_interfaces__rosidl_typesupport_cExport-release.cmake
[12.486s] -- Up-to-date: /home/ubuntu/research_ws/ur10_pick_place_ws/install/robotiq_3f_interfaces/share/robotiq_3f_interfaces/cmake/export_robotiq_3f_interfaces__rosidl_generator_cppExport.cmake
[12.486s] -- Up-to-date: /home/ubuntu/research_ws/ur10_pick_place_ws/install/robotiq_3f_interfaces/share/robotiq_3f_interfaces/cmake/export_robotiq_3f_interfaces__rosidl_typesupport_fastrtps_cppExport.cmake
[12.487s] -- Installing: /home/ubuntu/research_ws/ur10_pick_place_ws/install/robotiq_3f_interfaces/share/robotiq_3f_interfaces/cmake/export_robotiq_3f_interfaces__rosidl_typesupport_fastrtps_cppExport-release.cmake
[12.488s] -- Up-to-date: /home/ubuntu/research_ws/ur10_pick_place_ws/install/robotiq_3f_interfaces/share/robotiq_3f_interfaces/cmake/robotiq_3f_interfaces__rosidl_typesupport_introspection_cppExport.cmake
[12.488s] -- Installing: /home/ubuntu/research_ws/ur10_pick_place_ws/install/robotiq_3f_interfaces/share/robotiq_3f_interfaces/cmake/robotiq_3f_interfaces__rosidl_typesupport_introspection_cppExport-release.cmake
[12.490s] -- Up-to-date: /home/ubuntu/research_ws/ur10_pick_place_ws/install/robotiq_3f_interfaces/share/robotiq_3f_interfaces/cmake/robotiq_3f_interfaces__rosidl_typesupport_cppExport.cmake
[12.490s] -- Installing: /home/ubuntu/research_ws/ur10_pick_place_ws/install/robotiq_3f_interfaces/share/robotiq_3f_interfaces/cmake/robotiq_3f_interfaces__rosidl_typesupport_cppExport-release.cmake
[12.491s] -- Up-to-date: /home/ubuntu/research_ws/ur10_pick_place_ws/install/robotiq_3f_interfaces/share/robotiq_3f_interfaces/cmake/export_robotiq_3f_interfaces__rosidl_generator_pyExport.cmake
[12.492s] -- Installing: /home/ubuntu/research_ws/ur10_pick_place_ws/install/robotiq_3f_interfaces/share/robotiq_3f_interfaces/cmake/export_robotiq_3f_interfaces__rosidl_generator_pyExport-release.cmake
[12.503s] Invoked command in '/home/ubuntu/research_ws/ur10_pick_place_ws/build/robotiq_3f_interfaces' returned '0': CMAKE_PREFIX_PATH=${CMAKE_PREFIX_PATH}:/home/ubuntu/ur_camera_ws/install/pick_place:/home/ubuntu/ur_camera_ws/install/easy_handeye2:/opt/ros/humble /usr/bin/cmake --install /home/ubuntu/research_ws/ur10_pick_place_ws/build/robotiq_3f_interfaces
