[0.010s] Invoking command in '/home/user/research_ws/ur10_pick_place_ws/build/ros2_linkattacher': CMAKE_PREFIX_PATH=/home/user/research_ws/ur10_pick_place_ws/install/linkattacher_msgs:/home/user/research_ws/ur10_pick_place_ws/install/ur10_camera_gripper_moveit_config:/home/user/research_ws/ur10_pick_place_ws/install/ur_yt_sim:/home/user/research_ws/ur10_pick_place_ws/install/ur_simulation_gazebo:/home/user/research_ws/ur10_pick_place_ws/install/ros2_linkattacher:/home/user/research_ws/ur10_pick_place_ws/install/robotiq_description:/home/user/research_ws/ur10_pick_place_ws/install/robotiq_controllers:/home/user/research_ws/ur10_pick_place_ws/install/robotiq_3f_interfaces:/home/user/research_ws/ur10_pick_place_ws/install/robotiq_3f_description:/opt/ros/humble LD_LIBRARY_PATH=/home/user/research_ws/ur10_pick_place_ws/install/linkattacher_msgs/lib:/home/user/research_ws/ur10_pick_place_ws/install/ros2_linkattacher/lib:/home/user/research_ws/ur10_pick_place_ws/install/robotiq_controllers/lib:/home/user/research_ws/ur10_pick_place_ws/install/robotiq_3f_interfaces/lib:/usr/lib/x86_64-linux-gnu/gazebo-11/plugins:/opt/ros/humble/opt/rviz_ogre_vendor/lib:/opt/ros/humble/lib/x86_64-linux-gnu:/opt/ros/humble/lib /usr/bin/cmake /home/user/research_ws/ur10_pick_place_ws/src/linkattacher_plugin -DCMAKE_INSTALL_PREFIX=/home/user/research_ws/ur10_pick_place_ws/install/ros2_linkattacher
[0.060s] -- The C compiler identification is GNU 11.4.0
[0.108s] -- The CXX compiler identification is GNU 11.4.0
[0.114s] -- Detecting C compiler ABI info
[0.175s] -- Detecting C compiler ABI info - done
[0.181s] -- Check for working C compiler: /usr/bin/cc - skipped
[0.182s] -- Detecting C compile features
[0.182s] -- Detecting C compile features - done
[0.184s] -- Detecting CXX compiler ABI info
[0.253s] -- Detecting CXX compiler ABI info - done
[0.259s] -- Check for working CXX compiler: /usr/bin/c++ - skipped
[0.259s] -- Detecting CXX compile features
[0.259s] -- Detecting CXX compile features - done
[0.261s] -- Found ament_cmake: 1.3.12 (/opt/ros/humble/share/ament_cmake/cmake)
[0.389s] -- Found Python3: /usr/bin/python3 (found version "3.10.12") found components: Interpreter 
[0.465s] -- Found ament_lint_auto: 0.12.14 (/opt/ros/humble/share/ament_lint_auto/cmake)
[0.533s] -- Found gazebo_ros: 3.9.0 (/opt/ros/humble/share/gazebo_ros/cmake)
[0.572s] -- Found rosidl_generator_c: 3.1.7 (/opt/ros/humble/share/rosidl_generator_c/cmake)
[0.576s] -- Found rosidl_adapter: 3.1.7 (/opt/ros/humble/share/rosidl_adapter/cmake)
[0.583s] -- Found rosidl_generator_cpp: 3.1.7 (/opt/ros/humble/share/rosidl_generator_cpp/cmake)
[0.593s] -- Using all available rosidl_typesupport_c: rosidl_typesupport_fastrtps_c;rosidl_typesupport_introspection_c
[0.606s] -- Using all available rosidl_typesupport_cpp: rosidl_typesupport_fastrtps_cpp;rosidl_typesupport_introspection_cpp
[0.643s] -- Found rmw_implementation_cmake: 6.1.2 (/opt/ros/humble/share/rmw_implementation_cmake/cmake)
[0.645s] -- Found rmw_cyclonedds_cpp: 1.3.4 (/opt/ros/humble/share/rmw_cyclonedds_cpp/cmake)
[0.662s] -- Using RMW implementation 'rmw_cyclonedds_cpp' as default
[0.670s] -- Looking for pthread.h
[0.733s] -- Looking for pthread.h - found
[0.734s] -- Performing Test CMAKE_HAVE_LIBC_PTHREAD
[0.805s] -- Performing Test CMAKE_HAVE_LIBC_PTHREAD - Success
[0.807s] -- Found Threads: TRUE  
[0.858s] -- Found PkgConfig: /usr/bin/pkg-config (found version "0.29.2") 
[0.859s] -- Checking for module 'bullet>=2.82'
[0.875s] --   Found bullet, version 3.05
[0.987s] -- Found fcl: /usr/include (found suitable version "0.7.0", minimum required is "0.5.0") 
[1.043s] -- Found assimp: /usr/include (found version "5.2.0") 
[1.059s] -- Found DART: /usr/include (Required is at least version "6.6") found components: dart 
[1.085s] -- Found Boost: /usr/lib/x86_64-linux-gnu/cmake/Boost-1.74.0/BoostConfig.cmake (found suitable version "1.74.0", minimum required is "1.40.0") found components: thread system filesystem program_options regex iostreams date_time 
[1.102s] -- Found Protobuf: /usr/lib/x86_64-linux-gnu/libprotobuf.so (found version "3.12.4") 
[1.107s] -- Looking for ignition-math6 -- found version 6.15.1
[1.115s] -- Searching for dependencies of ignition-math6
[1.116s] -- Looking for OGRE...
[1.117s] -- OGRE_PREFIX_WATCH changed.
[1.122s] -- Checking for module 'OGRE'
[1.135s] --   Found OGRE, version 1.9.0
[1.171s] -- Found Ogre Ghadamon (1.9.0)
[1.178s] -- Found OGRE: optimized;/usr/lib/x86_64-linux-gnu/libOgreMain.so;debug;/usr/lib/x86_64-linux-gnu/libOgreMain.so
[1.185s] -- Looking for OGRE_Paging...
[1.189s] -- Found OGRE_Paging: optimized;/usr/lib/x86_64-linux-gnu/libOgrePaging.so;debug;/usr/lib/x86_64-linux-gnu/libOgrePaging.so
[1.189s] -- Looking for OGRE_Terrain...
[1.193s] -- Found OGRE_Terrain: optimized;/usr/lib/x86_64-linux-gnu/libOgreTerrain.so;debug;/usr/lib/x86_64-linux-gnu/libOgreTerrain.so
[1.193s] -- Looking for OGRE_Property...
[1.197s] -- Found OGRE_Property: optimized;/usr/lib/x86_64-linux-gnu/libOgreProperty.so;debug;/usr/lib/x86_64-linux-gnu/libOgreProperty.so
[1.197s] -- Looking for OGRE_RTShaderSystem...
[1.202s] -- Found OGRE_RTShaderSystem: optimized;/usr/lib/x86_64-linux-gnu/libOgreRTShaderSystem.so;debug;/usr/lib/x86_64-linux-gnu/libOgreRTShaderSystem.so
[1.203s] -- Looking for OGRE_Volume...
[1.207s] -- Found OGRE_Volume: optimized;/usr/lib/x86_64-linux-gnu/libOgreVolume.so;debug;/usr/lib/x86_64-linux-gnu/libOgreVolume.so
[1.207s] -- Looking for OGRE_Overlay...
[1.211s] -- Found OGRE_Overlay: optimized;/usr/lib/x86_64-linux-gnu/libOgreOverlay.so;debug;/usr/lib/x86_64-linux-gnu/libOgreOverlay.so
[1.300s] -- Looking for ignition-math6 -- found version 6.15.1
[1.303s] -- Looking for ignition-transport8 -- found version 8.2.1
[1.303s] -- Searching for dependencies of ignition-transport8
[1.316s] -- Found Protobuf: /usr/lib/x86_64-linux-gnu/libprotobuf.so (found suitable version "3.12.4", minimum required is "3") 
[1.323s] -- Config-file not installed for ZeroMQ -- checking for pkg-config
[1.327s] -- Checking for module 'libzmq >= 4'
[1.341s] --   Found libzmq , version 4.3.4
[1.378s] -- Found ZeroMQ: TRUE (Required is at least version "4") 
[1.385s] -- Checking for module 'uuid'
[1.397s] --   Found uuid, version 2.37.2
[1.431s] -- Found UUID: TRUE  
[1.433s] -- Looking for ignition-msgs5 -- found version 5.8.1
[1.434s] -- Searching for dependencies of ignition-msgs5
[1.449s] -- Looking for ignition-math6 -- found version 6.15.1
[1.455s] -- Checking for module 'tinyxml2'
[1.470s] --   Found tinyxml2, version 9.0.0
[1.510s] -- Looking for ignition-msgs5 -- found version 5.8.1
[1.513s] -- Looking for ignition-common3 -- found version 3.14.0
[1.513s] -- Searching for dependencies of ignition-common3
[1.514s] -- Looking for dlfcn.h - found
[1.515s] -- Looking for libdl - found
[1.516s] -- Found DL: TRUE  
[1.528s] -- Found tinyobjloader: /usr/lib/x86_64-linux-gnu/cmake/tinyobjloader/tinyobjloader-config.cmake (found version "2.0.0") 
[1.528s] -- Searching for <ignition-common3> component [graphics]
[1.530s] -- Looking for ignition-common3-graphics -- found version 3.14.0
[1.531s] -- Searching for dependencies of ignition-common3-graphics
[1.531s] -- Looking for ignition-math6 -- found version 6.15.1
[1.534s] -- Looking for ignition-fuel_tools4 -- found version 4.4.0
[1.534s] -- Searching for dependencies of ignition-fuel_tools4
[1.615s] -- Found CURL: /usr/lib/x86_64-linux-gnu/libcurl.so (found version "7.81.0")  
[1.624s] -- Checking for module 'jsoncpp'
[1.637s] --   Found jsoncpp, version 1.9.5
[1.668s] -- Found JSONCPP: TRUE  
[1.674s] -- Checking for module 'libzip'
[1.687s] --   Found libzip, version 1.7.3
[1.724s] -- Found ZIP: TRUE  
[1.724s] -- Looking for ignition-common3 -- found version 3.14.0
[1.725s] -- Looking for ignition-math6 -- found version 6.15.1
[1.725s] -- Looking for ignition-msgs5 -- found version 5.8.1
[1.729s] -- Gazebo version: 11.10
[1.729s] -- Checking for module 'tbb'
[1.744s] --   Found tbb, version 2021.5.0
[1.782s] -- Found gazebo_msgs: 3.9.0 (/opt/ros/humble/share/gazebo_msgs/cmake)
[1.827s] -- Found linkattacher_msgs: 0.0.0 (/home/user/research_ws/ur10_pick_place_ws/install/linkattacher_msgs/share/linkattacher_msgs/cmake)
[1.841s] -- Added test 'copyright' to check source files copyright and LICENSE
[1.842s] -- Added test 'cppcheck' to perform static code analysis on C / C++ code
[1.842s] -- Configured cppcheck include dirs: /home/user/research_ws/ur10_pick_place_ws/src/linkattacher_plugin/include
[1.842s] -- Configured cppcheck exclude dirs and/or files: 
[1.843s] -- Added test 'cpplint' to check C / C++ code against the Google style
[1.843s] -- Configured cpplint exclude dirs and/or files: 
[1.843s] -- Added test 'lint_cmake' to check CMake code style
[1.844s] -- Added test 'uncrustify' to check C / C++ code style
[1.844s] -- Configured uncrustify additional arguments: 
[1.844s] -- Added test 'xmllint' to check XML markup files
[1.846s] -- Configuring done
[1.871s] -- Generating done
[1.875s] -- Build files have been written to: /home/user/research_ws/ur10_pick_place_ws/build/ros2_linkattacher
[1.885s] Invoked command in '/home/user/research_ws/ur10_pick_place_ws/build/ros2_linkattacher' returned '0': CMAKE_PREFIX_PATH=/home/user/research_ws/ur10_pick_place_ws/install/linkattacher_msgs:/home/user/research_ws/ur10_pick_place_ws/install/ur10_camera_gripper_moveit_config:/home/user/research_ws/ur10_pick_place_ws/install/ur_yt_sim:/home/user/research_ws/ur10_pick_place_ws/install/ur_simulation_gazebo:/home/user/research_ws/ur10_pick_place_ws/install/ros2_linkattacher:/home/user/research_ws/ur10_pick_place_ws/install/robotiq_description:/home/user/research_ws/ur10_pick_place_ws/install/robotiq_controllers:/home/user/research_ws/ur10_pick_place_ws/install/robotiq_3f_interfaces:/home/user/research_ws/ur10_pick_place_ws/install/robotiq_3f_description:/opt/ros/humble LD_LIBRARY_PATH=/home/user/research_ws/ur10_pick_place_ws/install/linkattacher_msgs/lib:/home/user/research_ws/ur10_pick_place_ws/install/ros2_linkattacher/lib:/home/user/research_ws/ur10_pick_place_ws/install/robotiq_controllers/lib:/home/user/research_ws/ur10_pick_place_ws/install/robotiq_3f_interfaces/lib:/usr/lib/x86_64-linux-gnu/gazebo-11/plugins:/opt/ros/humble/opt/rviz_ogre_vendor/lib:/opt/ros/humble/lib/x86_64-linux-gnu:/opt/ros/humble/lib /usr/bin/cmake /home/user/research_ws/ur10_pick_place_ws/src/linkattacher_plugin -DCMAKE_INSTALL_PREFIX=/home/user/research_ws/ur10_pick_place_ws/install/ros2_linkattacher
[1.888s] Invoking command in '/home/user/research_ws/ur10_pick_place_ws/build/ros2_linkattacher': CMAKE_PREFIX_PATH=/home/user/research_ws/ur10_pick_place_ws/install/linkattacher_msgs:/home/user/research_ws/ur10_pick_place_ws/install/ur10_camera_gripper_moveit_config:/home/user/research_ws/ur10_pick_place_ws/install/ur_yt_sim:/home/user/research_ws/ur10_pick_place_ws/install/ur_simulation_gazebo:/home/user/research_ws/ur10_pick_place_ws/install/ros2_linkattacher:/home/user/research_ws/ur10_pick_place_ws/install/robotiq_description:/home/user/research_ws/ur10_pick_place_ws/install/robotiq_controllers:/home/user/research_ws/ur10_pick_place_ws/install/robotiq_3f_interfaces:/home/user/research_ws/ur10_pick_place_ws/install/robotiq_3f_description:/opt/ros/humble LD_LIBRARY_PATH=/home/user/research_ws/ur10_pick_place_ws/install/linkattacher_msgs/lib:/home/user/research_ws/ur10_pick_place_ws/install/ros2_linkattacher/lib:/home/user/research_ws/ur10_pick_place_ws/install/robotiq_controllers/lib:/home/user/research_ws/ur10_pick_place_ws/install/robotiq_3f_interfaces/lib:/usr/lib/x86_64-linux-gnu/gazebo-11/plugins:/opt/ros/humble/opt/rviz_ogre_vendor/lib:/opt/ros/humble/lib/x86_64-linux-gnu:/opt/ros/humble/lib /usr/bin/cmake --build /home/user/research_ws/ur10_pick_place_ws/build/ros2_linkattacher -- -j32 -l32
[1.941s] [ 50%] [32mBuilding CXX object CMakeFiles/gazebo_link_attacher.dir/src/gazebo_link_attacher.cpp.o[0m
[10.441s] [100%] [32m[1mLinking CXX shared library libgazebo_link_attacher.so[0m
[10.896s] [100%] Built target gazebo_link_attacher
[10.907s] Invoked command in '/home/user/research_ws/ur10_pick_place_ws/build/ros2_linkattacher' returned '0': CMAKE_PREFIX_PATH=/home/user/research_ws/ur10_pick_place_ws/install/linkattacher_msgs:/home/user/research_ws/ur10_pick_place_ws/install/ur10_camera_gripper_moveit_config:/home/user/research_ws/ur10_pick_place_ws/install/ur_yt_sim:/home/user/research_ws/ur10_pick_place_ws/install/ur_simulation_gazebo:/home/user/research_ws/ur10_pick_place_ws/install/ros2_linkattacher:/home/user/research_ws/ur10_pick_place_ws/install/robotiq_description:/home/user/research_ws/ur10_pick_place_ws/install/robotiq_controllers:/home/user/research_ws/ur10_pick_place_ws/install/robotiq_3f_interfaces:/home/user/research_ws/ur10_pick_place_ws/install/robotiq_3f_description:/opt/ros/humble LD_LIBRARY_PATH=/home/user/research_ws/ur10_pick_place_ws/install/linkattacher_msgs/lib:/home/user/research_ws/ur10_pick_place_ws/install/ros2_linkattacher/lib:/home/user/research_ws/ur10_pick_place_ws/install/robotiq_controllers/lib:/home/user/research_ws/ur10_pick_place_ws/install/robotiq_3f_interfaces/lib:/usr/lib/x86_64-linux-gnu/gazebo-11/plugins:/opt/ros/humble/opt/rviz_ogre_vendor/lib:/opt/ros/humble/lib/x86_64-linux-gnu:/opt/ros/humble/lib /usr/bin/cmake --build /home/user/research_ws/ur10_pick_place_ws/build/ros2_linkattacher -- -j32 -l32
[10.908s] Invoking command in '/home/user/research_ws/ur10_pick_place_ws/build/ros2_linkattacher': CMAKE_PREFIX_PATH=/home/user/research_ws/ur10_pick_place_ws/install/linkattacher_msgs:/home/user/research_ws/ur10_pick_place_ws/install/ur10_camera_gripper_moveit_config:/home/user/research_ws/ur10_pick_place_ws/install/ur_yt_sim:/home/user/research_ws/ur10_pick_place_ws/install/ur_simulation_gazebo:/home/user/research_ws/ur10_pick_place_ws/install/ros2_linkattacher:/home/user/research_ws/ur10_pick_place_ws/install/robotiq_description:/home/user/research_ws/ur10_pick_place_ws/install/robotiq_controllers:/home/user/research_ws/ur10_pick_place_ws/install/robotiq_3f_interfaces:/home/user/research_ws/ur10_pick_place_ws/install/robotiq_3f_description:/opt/ros/humble LD_LIBRARY_PATH=/home/user/research_ws/ur10_pick_place_ws/install/linkattacher_msgs/lib:/home/user/research_ws/ur10_pick_place_ws/install/ros2_linkattacher/lib:/home/user/research_ws/ur10_pick_place_ws/install/robotiq_controllers/lib:/home/user/research_ws/ur10_pick_place_ws/install/robotiq_3f_interfaces/lib:/usr/lib/x86_64-linux-gnu/gazebo-11/plugins:/opt/ros/humble/opt/rviz_ogre_vendor/lib:/opt/ros/humble/lib/x86_64-linux-gnu:/opt/ros/humble/lib /usr/bin/cmake --install /home/user/research_ws/ur10_pick_place_ws/build/ros2_linkattacher
[10.915s] -- Install configuration: ""
[10.916s] -- Installing: /home/user/research_ws/ur10_pick_place_ws/install/ros2_linkattacher/share/ros2_linkattacher/environment/library_path.sh
[10.916s] -- Installing: /home/user/research_ws/ur10_pick_place_ws/install/ros2_linkattacher/share/ros2_linkattacher/environment/library_path.dsv
[10.916s] -- Installing: /home/user/research_ws/ur10_pick_place_ws/install/ros2_linkattacher/lib/libgazebo_link_attacher.so
[10.917s] -- Set runtime path of "/home/user/research_ws/ur10_pick_place_ws/install/ros2_linkattacher/lib/libgazebo_link_attacher.so" to ""
[10.917s] -- Installing: /home/user/research_ws/ur10_pick_place_ws/install/ros2_linkattacher/share/ament_index/resource_index/package_run_dependencies/ros2_linkattacher
[10.918s] -- Installing: /home/user/research_ws/ur10_pick_place_ws/install/ros2_linkattacher/share/ament_index/resource_index/parent_prefix_path/ros2_linkattacher
[10.918s] -- Installing: /home/user/research_ws/ur10_pick_place_ws/install/ros2_linkattacher/share/ros2_linkattacher/environment/ament_prefix_path.sh
[10.918s] -- Installing: /home/user/research_ws/ur10_pick_place_ws/install/ros2_linkattacher/share/ros2_linkattacher/environment/ament_prefix_path.dsv
[10.918s] -- Installing: /home/user/research_ws/ur10_pick_place_ws/install/ros2_linkattacher/share/ros2_linkattacher/environment/path.sh
[10.918s] -- Installing: /home/user/research_ws/ur10_pick_place_ws/install/ros2_linkattacher/share/ros2_linkattacher/environment/path.dsv
[10.918s] -- Installing: /home/user/research_ws/ur10_pick_place_ws/install/ros2_linkattacher/share/ros2_linkattacher/local_setup.bash
[10.918s] -- Installing: /home/user/research_ws/ur10_pick_place_ws/install/ros2_linkattacher/share/ros2_linkattacher/local_setup.sh
[10.918s] -- Installing: /home/user/research_ws/ur10_pick_place_ws/install/ros2_linkattacher/share/ros2_linkattacher/local_setup.zsh
[10.918s] -- Installing: /home/user/research_ws/ur10_pick_place_ws/install/ros2_linkattacher/share/ros2_linkattacher/local_setup.dsv
[10.918s] -- Installing: /home/user/research_ws/ur10_pick_place_ws/install/ros2_linkattacher/share/ros2_linkattacher/package.dsv
[10.918s] -- Installing: /home/user/research_ws/ur10_pick_place_ws/install/ros2_linkattacher/share/ament_index/resource_index/packages/ros2_linkattacher
[10.918s] -- Installing: /home/user/research_ws/ur10_pick_place_ws/install/ros2_linkattacher/share/ros2_linkattacher/cmake/ament_cmake_export_libraries-extras.cmake
[10.918s] -- Installing: /home/user/research_ws/ur10_pick_place_ws/install/ros2_linkattacher/share/ros2_linkattacher/cmake/ros2_linkattacherConfig.cmake
[10.918s] -- Installing: /home/user/research_ws/ur10_pick_place_ws/install/ros2_linkattacher/share/ros2_linkattacher/cmake/ros2_linkattacherConfig-version.cmake
[10.918s] -- Installing: /home/user/research_ws/ur10_pick_place_ws/install/ros2_linkattacher/share/ros2_linkattacher/package.xml
[10.920s] Invoked command in '/home/user/research_ws/ur10_pick_place_ws/build/ros2_linkattacher' returned '0': CMAKE_PREFIX_PATH=/home/user/research_ws/ur10_pick_place_ws/install/linkattacher_msgs:/home/user/research_ws/ur10_pick_place_ws/install/ur10_camera_gripper_moveit_config:/home/user/research_ws/ur10_pick_place_ws/install/ur_yt_sim:/home/user/research_ws/ur10_pick_place_ws/install/ur_simulation_gazebo:/home/user/research_ws/ur10_pick_place_ws/install/ros2_linkattacher:/home/user/research_ws/ur10_pick_place_ws/install/robotiq_description:/home/user/research_ws/ur10_pick_place_ws/install/robotiq_controllers:/home/user/research_ws/ur10_pick_place_ws/install/robotiq_3f_interfaces:/home/user/research_ws/ur10_pick_place_ws/install/robotiq_3f_description:/opt/ros/humble LD_LIBRARY_PATH=/home/user/research_ws/ur10_pick_place_ws/install/linkattacher_msgs/lib:/home/user/research_ws/ur10_pick_place_ws/install/ros2_linkattacher/lib:/home/user/research_ws/ur10_pick_place_ws/install/robotiq_controllers/lib:/home/user/research_ws/ur10_pick_place_ws/install/robotiq_3f_interfaces/lib:/usr/lib/x86_64-linux-gnu/gazebo-11/plugins:/opt/ros/humble/opt/rviz_ogre_vendor/lib:/opt/ros/humble/lib/x86_64-linux-gnu:/opt/ros/humble/lib /usr/bin/cmake --install /home/user/research_ws/ur10_pick_place_ws/build/ros2_linkattacher
