-- The C compiler identification is GNU 11.4.0
-- The CXX compiler identification is GNU 11.4.0
-- Detecting C compiler ABI info
-- Detecting C compiler ABI info - done
-- Check for working C compiler: /usr/bin/cc - skipped
-- Detecting C compile features
-- Detecting C compile features - done
-- Detecting CXX compiler ABI info
-- Detecting CXX compiler ABI info - done
-- Check for working CXX compiler: /usr/bin/c++ - skipped
-- Detecting CXX compile features
-- Detecting CXX compile features - done
-- Found ament_cmake: 1.3.14 (/opt/ros/humble/share/ament_cmake/cmake)
-- Found Python3: /usr/bin/python3 (found version "3.10.12") found components: Interpreter 
-- Override CMake install command with custom implementation using symlinks instead of copying resources
-- Found rosidl_default_generators: 1.2.1 (/opt/ros/humble/share/rosidl_default_generators/cmake)
-- Using all available rosidl_typesupport_c: rosidl_typesupport_fastrtps_c;rosidl_typesupport_introspection_c
-- Found rosidl_adapter: 3.1.8 (/opt/ros/humble/share/rosidl_adapter/cmake)
-- Using all available rosidl_typesupport_cpp: rosidl_typesupport_fastrtps_cpp;rosidl_typesupport_introspection_cpp
-- Found std_msgs: 4.9.1 (/opt/ros/humble/share/std_msgs/cmake)
-- Found ament_cmake_ros: 0.10.0 (/opt/ros/humble/share/ament_cmake_ros/cmake)
-- Using all available rosidl_typesupport_c: rosidl_typesupport_fastrtps_c;rosidl_typesupport_introspection_c
-- Using all available rosidl_typesupport_cpp: rosidl_typesupport_fastrtps_cpp;rosidl_typesupport_introspection_cpp
-- Found PythonInterp: /usr/bin/python3 (found suitable version "3.10.12", minimum required is "3.6") 
-- Found python_cmake_module: 0.10.0 (/opt/ros/humble/share/python_cmake_module/cmake)
-- Found PythonLibs: /usr/lib/aarch64-linux-gnu/libpython3.10.so (found suitable version "3.10.12", minimum required is "3.5") 
-- Using PYTHON_EXECUTABLE: /usr/bin/python3
-- Using PYTHON_INCLUDE_DIRS: /usr/include/python3.10
-- Using PYTHON_LIBRARIES: /usr/lib/aarch64-linux-gnu/libpython3.10.so
-- Found PythonExtra: .so  
-- Configuring done
-- Generating done
-- Build files have been written to: /home/ubuntu/research_ws/ur10_pick_place_ws/build/robotiq_3f_interfaces
[  1%] Generating C code for ROS interfaces
[  4%] Generating C++ code for ROS interfaces
[  4%] Generating Rust code for ROS interfaces
[  4%] Built target ament_cmake_python_symlink_robotiq_3f_interfaces
running egg_info
creating robotiq_3f_interfaces.egg-info
writing robotiq_3f_interfaces.egg-info/PKG-INFO
writing dependency_links to robotiq_3f_interfaces.egg-info/dependency_links.txt
writing top-level names to robotiq_3f_interfaces.egg-info/top_level.txt
writing manifest file 'robotiq_3f_interfaces.egg-info/SOURCES.txt'
reading manifest file 'robotiq_3f_interfaces.egg-info/SOURCES.txt'
writing manifest file 'robotiq_3f_interfaces.egg-info/SOURCES.txt'
[  4%] Built target ament_cmake_python_build_robotiq_3f_interfaces_egg
[  4%] Built target robotiq_3f_interfaces__rs
[  4%] Built target robotiq_3f_interfaces__cpp
[  8%] Generating C++ type support dispatch for ROS interfaces
[  8%] Generating C++ type support for eProsima Fast-RTPS
[  8%] Generating C++ introspection for ROS interfaces
[ 15%] Building C object CMakeFiles/robotiq_3f_interfaces__rosidl_generator_c.dir/rosidl_generator_c/robotiq_3f_interfaces/msg/detail/status__functions.c.o
[ 15%] Building C object CMakeFiles/robotiq_3f_interfaces__rosidl_generator_c.dir/rosidl_generator_c/robotiq_3f_interfaces/msg/detail/grasping_mode__functions.c.o
[ 15%] Building C object CMakeFiles/robotiq_3f_interfaces__rosidl_generator_c.dir/rosidl_generator_c/robotiq_3f_interfaces/msg/detail/object_detection_status__functions.c.o
[ 15%] Building C object CMakeFiles/robotiq_3f_interfaces__rosidl_generator_c.dir/rosidl_generator_c/robotiq_3f_interfaces/msg/detail/independent_control_command__functions.c.o
[ 15%] Building C object CMakeFiles/robotiq_3f_interfaces__rosidl_generator_c.dir/rosidl_generator_c/robotiq_3f_interfaces/msg/detail/simple_control_command__functions.c.o
[ 16%] Building C object CMakeFiles/robotiq_3f_interfaces__rosidl_generator_c.dir/rosidl_generator_c/robotiq_3f_interfaces/srv/detail/change_grasping_mode__functions.c.o
[ 18%] Linking C shared library librobotiq_3f_interfaces__rosidl_generator_c.so
[ 18%] Built target robotiq_3f_interfaces__rosidl_generator_c
[ 22%] Generating C type support dispatch for ROS interfaces
[ 22%] Generating C type support for eProsima Fast-RTPS
[ 22%] Generating C introspection for ROS interfaces
[ 29%] Building CXX object CMakeFiles/robotiq_3f_interfaces__rosidl_typesupport_cpp.dir/rosidl_typesupport_cpp/robotiq_3f_interfaces/msg/grasping_mode__type_support.cpp.o
[ 29%] Building CXX object CMakeFiles/robotiq_3f_interfaces__rosidl_typesupport_cpp.dir/rosidl_typesupport_cpp/robotiq_3f_interfaces/srv/change_grasping_mode__type_support.cpp.o
[ 29%] Building CXX object CMakeFiles/robotiq_3f_interfaces__rosidl_typesupport_cpp.dir/rosidl_typesupport_cpp/robotiq_3f_interfaces/msg/status__type_support.cpp.o
[ 29%] Building CXX object CMakeFiles/robotiq_3f_interfaces__rosidl_typesupport_cpp.dir/rosidl_typesupport_cpp/robotiq_3f_interfaces/msg/simple_control_command__type_support.cpp.o
[ 29%] Building CXX object CMakeFiles/robotiq_3f_interfaces__rosidl_typesupport_cpp.dir/rosidl_typesupport_cpp/robotiq_3f_interfaces/msg/independent_control_command__type_support.cpp.o
[ 30%] Building CXX object CMakeFiles/robotiq_3f_interfaces__rosidl_typesupport_cpp.dir/rosidl_typesupport_cpp/robotiq_3f_interfaces/msg/object_detection_status__type_support.cpp.o
[ 33%] Building CXX object CMakeFiles/robotiq_3f_interfaces__rosidl_typesupport_introspection_cpp.dir/rosidl_typesupport_introspection_cpp/robotiq_3f_interfaces/msg/detail/object_detection_status__type_support.cpp.o
[ 33%] Building CXX object CMakeFiles/robotiq_3f_interfaces__rosidl_typesupport_introspection_cpp.dir/rosidl_typesupport_introspection_cpp/robotiq_3f_interfaces/msg/detail/status__type_support.cpp.o
[ 34%] Building CXX object CMakeFiles/robotiq_3f_interfaces__rosidl_typesupport_c.dir/rosidl_typesupport_c/robotiq_3f_interfaces/msg/object_detection_status__type_support.cpp.o
[ 36%] Building CXX object CMakeFiles/robotiq_3f_interfaces__rosidl_typesupport_fastrtps_cpp.dir/rosidl_typesupport_fastrtps_cpp/robotiq_3f_interfaces/msg/detail/dds_fastrtps/object_detection_status__type_support.cpp.o
[ 37%] Building CXX object CMakeFiles/robotiq_3f_interfaces__rosidl_typesupport_c.dir/rosidl_typesupport_c/robotiq_3f_interfaces/msg/status__type_support.cpp.o
[ 38%] Building CXX object CMakeFiles/robotiq_3f_interfaces__rosidl_typesupport_c.dir/rosidl_typesupport_c/robotiq_3f_interfaces/msg/grasping_mode__type_support.cpp.o
[ 40%] Building CXX object CMakeFiles/robotiq_3f_interfaces__rosidl_typesupport_c.dir/rosidl_typesupport_c/robotiq_3f_interfaces/msg/simple_control_command__type_support.cpp.o
[ 41%] Building CXX object CMakeFiles/robotiq_3f_interfaces__rosidl_typesupport_c.dir/rosidl_typesupport_c/robotiq_3f_interfaces/msg/independent_control_command__type_support.cpp.o
[ 43%] Building CXX object CMakeFiles/robotiq_3f_interfaces__rosidl_typesupport_c.dir/rosidl_typesupport_c/robotiq_3f_interfaces/srv/change_grasping_mode__type_support.cpp.o
[ 44%] Building C object CMakeFiles/robotiq_3f_interfaces__rosidl_typesupport_introspection_c.dir/rosidl_typesupport_introspection_c/robotiq_3f_interfaces/msg/detail/object_detection_status__type_support.c.o
[ 45%] Building C object CMakeFiles/robotiq_3f_interfaces__rosidl_typesupport_introspection_c.dir/rosidl_typesupport_introspection_c/robotiq_3f_interfaces/msg/detail/status__type_support.c.o
[ 47%] Building C object CMakeFiles/robotiq_3f_interfaces__rosidl_typesupport_introspection_c.dir/rosidl_typesupport_introspection_c/robotiq_3f_interfaces/msg/detail/grasping_mode__type_support.c.o
[ 48%] Building CXX object CMakeFiles/robotiq_3f_interfaces__rosidl_typesupport_fastrtps_cpp.dir/rosidl_typesupport_fastrtps_cpp/robotiq_3f_interfaces/msg/detail/dds_fastrtps/status__type_support.cpp.o
[ 50%] Building C object CMakeFiles/robotiq_3f_interfaces__rosidl_typesupport_introspection_c.dir/rosidl_typesupport_introspection_c/robotiq_3f_interfaces/msg/detail/simple_control_command__type_support.c.o
[ 51%] Building CXX object CMakeFiles/robotiq_3f_interfaces__rosidl_typesupport_fastrtps_c.dir/rosidl_typesupport_fastrtps_c/robotiq_3f_interfaces/msg/detail/object_detection_status__type_support_c.cpp.o
[ 52%] Building CXX object CMakeFiles/robotiq_3f_interfaces__rosidl_typesupport_fastrtps_c.dir/rosidl_typesupport_fastrtps_c/robotiq_3f_interfaces/msg/detail/status__type_support_c.cpp.o
[ 55%] Linking CXX shared library librobotiq_3f_interfaces__rosidl_typesupport_cpp.so
[ 55%] Linking CXX shared library librobotiq_3f_interfaces__rosidl_typesupport_c.so
[ 56%] Building CXX object CMakeFiles/robotiq_3f_interfaces__rosidl_typesupport_fastrtps_c.dir/rosidl_typesupport_fastrtps_c/robotiq_3f_interfaces/msg/detail/grasping_mode__type_support_c.cpp.o
[ 58%] Building C object CMakeFiles/robotiq_3f_interfaces__rosidl_typesupport_introspection_c.dir/rosidl_typesupport_introspection_c/robotiq_3f_interfaces/msg/detail/independent_control_command__type_support.c.o
[ 59%] Building C object CMakeFiles/robotiq_3f_interfaces__rosidl_typesupport_introspection_c.dir/rosidl_typesupport_introspection_c/robotiq_3f_interfaces/srv/detail/change_grasping_mode__type_support.c.o
[ 61%] Building CXX object CMakeFiles/robotiq_3f_interfaces__rosidl_typesupport_introspection_cpp.dir/rosidl_typesupport_introspection_cpp/robotiq_3f_interfaces/msg/detail/grasping_mode__type_support.cpp.o
[ 61%] Built target robotiq_3f_interfaces__rosidl_typesupport_cpp
[ 62%] Building CXX object CMakeFiles/robotiq_3f_interfaces__rosidl_typesupport_fastrtps_c.dir/rosidl_typesupport_fastrtps_c/robotiq_3f_interfaces/msg/detail/simple_control_command__type_support_c.cpp.o
[ 62%] Built target robotiq_3f_interfaces__rosidl_typesupport_c
[ 63%] Building CXX object CMakeFiles/robotiq_3f_interfaces__rosidl_typesupport_introspection_cpp.dir/rosidl_typesupport_introspection_cpp/robotiq_3f_interfaces/msg/detail/simple_control_command__type_support.cpp.o
[ 65%] Linking C shared library librobotiq_3f_interfaces__rosidl_typesupport_introspection_c.so
[ 66%] Building CXX object CMakeFiles/robotiq_3f_interfaces__rosidl_typesupport_fastrtps_c.dir/rosidl_typesupport_fastrtps_c/robotiq_3f_interfaces/msg/detail/independent_control_command__type_support_c.cpp.o
[ 66%] Built target robotiq_3f_interfaces__rosidl_typesupport_introspection_c
[ 68%] Building CXX object CMakeFiles/robotiq_3f_interfaces__rosidl_typesupport_introspection_cpp.dir/rosidl_typesupport_introspection_cpp/robotiq_3f_interfaces/msg/detail/independent_control_command__type_support.cpp.o
[ 69%] Building CXX object CMakeFiles/robotiq_3f_interfaces__rosidl_typesupport_introspection_cpp.dir/rosidl_typesupport_introspection_cpp/robotiq_3f_interfaces/srv/detail/change_grasping_mode__type_support.cpp.o
[ 70%] Building CXX object CMakeFiles/robotiq_3f_interfaces__rosidl_typesupport_fastrtps_c.dir/rosidl_typesupport_fastrtps_c/robotiq_3f_interfaces/srv/detail/change_grasping_mode__type_support_c.cpp.o
[ 72%] Building CXX object CMakeFiles/robotiq_3f_interfaces__rosidl_typesupport_fastrtps_cpp.dir/rosidl_typesupport_fastrtps_cpp/robotiq_3f_interfaces/msg/detail/dds_fastrtps/grasping_mode__type_support.cpp.o
[ 73%] Building CXX object CMakeFiles/robotiq_3f_interfaces__rosidl_typesupport_fastrtps_cpp.dir/rosidl_typesupport_fastrtps_cpp/robotiq_3f_interfaces/msg/detail/dds_fastrtps/simple_control_command__type_support.cpp.o
[ 75%] Building CXX object CMakeFiles/robotiq_3f_interfaces__rosidl_typesupport_fastrtps_cpp.dir/rosidl_typesupport_fastrtps_cpp/robotiq_3f_interfaces/msg/detail/dds_fastrtps/independent_control_command__type_support.cpp.o
[ 76%] Building CXX object CMakeFiles/robotiq_3f_interfaces__rosidl_typesupport_fastrtps_cpp.dir/rosidl_typesupport_fastrtps_cpp/robotiq_3f_interfaces/srv/detail/dds_fastrtps/change_grasping_mode__type_support.cpp.o
[ 77%] Linking CXX shared library librobotiq_3f_interfaces__rosidl_typesupport_fastrtps_c.so
[ 79%] Linking CXX shared library librobotiq_3f_interfaces__rosidl_typesupport_introspection_cpp.so
[ 79%] Built target robotiq_3f_interfaces__rosidl_typesupport_fastrtps_c
[ 79%] Built target robotiq_3f_interfaces__rosidl_typesupport_introspection_cpp
[ 80%] Linking CXX shared library librobotiq_3f_interfaces__rosidl_typesupport_fastrtps_cpp.so
[ 80%] Built target robotiq_3f_interfaces__rosidl_typesupport_fastrtps_cpp
[ 80%] Built target robotiq_3f_interfaces
[ 81%] Generating Python code for ROS interfaces
[ 81%] Built target robotiq_3f_interfaces__py
[ 88%] Building C object CMakeFiles/robotiq_3f_interfaces__rosidl_generator_py.dir/rosidl_generator_py/robotiq_3f_interfaces/msg/_grasping_mode_s.c.o
[ 88%] Building C object CMakeFiles/robotiq_3f_interfaces__rosidl_generator_py.dir/rosidl_generator_py/robotiq_3f_interfaces/msg/_independent_control_command_s.c.o
[ 88%] Building C object CMakeFiles/robotiq_3f_interfaces__rosidl_generator_py.dir/rosidl_generator_py/robotiq_3f_interfaces/msg/_status_s.c.o
[ 88%] Building C object CMakeFiles/robotiq_3f_interfaces__rosidl_generator_py.dir/rosidl_generator_py/robotiq_3f_interfaces/msg/_object_detection_status_s.c.o
[ 88%] Building C object CMakeFiles/robotiq_3f_interfaces__rosidl_generator_py.dir/rosidl_generator_py/robotiq_3f_interfaces/srv/_change_grasping_mode_s.c.o
[ 90%] Building C object CMakeFiles/robotiq_3f_interfaces__rosidl_generator_py.dir/rosidl_generator_py/robotiq_3f_interfaces/msg/_simple_control_command_s.c.o
[ 91%] Linking C shared library rosidl_generator_py/robotiq_3f_interfaces/librobotiq_3f_interfaces__rosidl_generator_py.so
[ 91%] Built target robotiq_3f_interfaces__rosidl_generator_py
[ 95%] Building C object CMakeFiles/robotiq_3f_interfaces__rosidl_typesupport_introspection_c__pyext.dir/rosidl_generator_py/robotiq_3f_interfaces/_robotiq_3f_interfaces_s.ep.rosidl_typesupport_introspection_c.c.o
[ 95%] Building C object CMakeFiles/robotiq_3f_interfaces__rosidl_typesupport_fastrtps_c__pyext.dir/rosidl_generator_py/robotiq_3f_interfaces/_robotiq_3f_interfaces_s.ep.rosidl_typesupport_fastrtps_c.c.o
[ 95%] Building C object CMakeFiles/robotiq_3f_interfaces__rosidl_typesupport_c__pyext.dir/rosidl_generator_py/robotiq_3f_interfaces/_robotiq_3f_interfaces_s.ep.rosidl_typesupport_c.c.o
[ 98%] Linking C shared library rosidl_generator_py/robotiq_3f_interfaces/robotiq_3f_interfaces_s__rosidl_typesupport_c.cpython-310-aarch64-linux-gnu.so
[ 98%] Linking C shared library rosidl_generator_py/robotiq_3f_interfaces/robotiq_3f_interfaces_s__rosidl_typesupport_introspection_c.cpython-310-aarch64-linux-gnu.so
[100%] Linking C shared library rosidl_generator_py/robotiq_3f_interfaces/robotiq_3f_interfaces_s__rosidl_typesupport_fastrtps_c.cpython-310-aarch64-linux-gnu.so
[100%] Built target robotiq_3f_interfaces__rosidl_typesupport_introspection_c__pyext
[100%] Built target robotiq_3f_interfaces__rosidl_typesupport_c__pyext
[100%] Built target robotiq_3f_interfaces__rosidl_typesupport_fastrtps_c__pyext
-- Install configuration: ""
-- Execute custom install script
-- Symlinking: /home/ubuntu/research_ws/ur10_pick_place_ws/install/robotiq_3f_interfaces/share/ament_index/resource_index/rosidl_interfaces/robotiq_3f_interfaces
-- Symlinking: /home/ubuntu/research_ws/ur10_pick_place_ws/install/robotiq_3f_interfaces/include/robotiq_3f_interfaces/robotiq_3f_interfaces/msg/detail/grasping_mode__functions.h
-- Symlinking: /home/ubuntu/research_ws/ur10_pick_place_ws/install/robotiq_3f_interfaces/include/robotiq_3f_interfaces/robotiq_3f_interfaces/msg/detail/grasping_mode__struct.h
-- Symlinking: /home/ubuntu/research_ws/ur10_pick_place_ws/install/robotiq_3f_interfaces/include/robotiq_3f_interfaces/robotiq_3f_interfaces/msg/detail/grasping_mode__type_support.h
-- Symlinking: /home/ubuntu/research_ws/ur10_pick_place_ws/install/robotiq_3f_interfaces/include/robotiq_3f_interfaces/robotiq_3f_interfaces/msg/detail/independent_control_command__functions.h
-- Symlinking: /home/ubuntu/research_ws/ur10_pick_place_ws/install/robotiq_3f_interfaces/include/robotiq_3f_interfaces/robotiq_3f_interfaces/msg/detail/independent_control_command__struct.h
-- Symlinking: /home/ubuntu/research_ws/ur10_pick_place_ws/install/robotiq_3f_interfaces/include/robotiq_3f_interfaces/robotiq_3f_interfaces/msg/detail/independent_control_command__type_support.h
-- Symlinking: /home/ubuntu/research_ws/ur10_pick_place_ws/install/robotiq_3f_interfaces/include/robotiq_3f_interfaces/robotiq_3f_interfaces/msg/detail/object_detection_status__functions.h
-- Symlinking: /home/ubuntu/research_ws/ur10_pick_place_ws/install/robotiq_3f_interfaces/include/robotiq_3f_interfaces/robotiq_3f_interfaces/msg/detail/object_detection_status__struct.h
-- Symlinking: /home/ubuntu/research_ws/ur10_pick_place_ws/install/robotiq_3f_interfaces/include/robotiq_3f_interfaces/robotiq_3f_interfaces/msg/detail/object_detection_status__type_support.h
-- Symlinking: /home/ubuntu/research_ws/ur10_pick_place_ws/install/robotiq_3f_interfaces/include/robotiq_3f_interfaces/robotiq_3f_interfaces/msg/detail/simple_control_command__functions.h
-- Symlinking: /home/ubuntu/research_ws/ur10_pick_place_ws/install/robotiq_3f_interfaces/include/robotiq_3f_interfaces/robotiq_3f_interfaces/msg/detail/simple_control_command__struct.h
-- Symlinking: /home/ubuntu/research_ws/ur10_pick_place_ws/install/robotiq_3f_interfaces/include/robotiq_3f_interfaces/robotiq_3f_interfaces/msg/detail/simple_control_command__type_support.h
-- Symlinking: /home/ubuntu/research_ws/ur10_pick_place_ws/install/robotiq_3f_interfaces/include/robotiq_3f_interfaces/robotiq_3f_interfaces/msg/detail/status__functions.h
-- Symlinking: /home/ubuntu/research_ws/ur10_pick_place_ws/install/robotiq_3f_interfaces/include/robotiq_3f_interfaces/robotiq_3f_interfaces/msg/detail/status__struct.h
-- Symlinking: /home/ubuntu/research_ws/ur10_pick_place_ws/install/robotiq_3f_interfaces/include/robotiq_3f_interfaces/robotiq_3f_interfaces/msg/detail/status__type_support.h
-- Symlinking: /home/ubuntu/research_ws/ur10_pick_place_ws/install/robotiq_3f_interfaces/include/robotiq_3f_interfaces/robotiq_3f_interfaces/msg/grasping_mode.h
-- Symlinking: /home/ubuntu/research_ws/ur10_pick_place_ws/install/robotiq_3f_interfaces/include/robotiq_3f_interfaces/robotiq_3f_interfaces/msg/independent_control_command.h
-- Symlinking: /home/ubuntu/research_ws/ur10_pick_place_ws/install/robotiq_3f_interfaces/include/robotiq_3f_interfaces/robotiq_3f_interfaces/msg/object_detection_status.h
-- Symlinking: /home/ubuntu/research_ws/ur10_pick_place_ws/install/robotiq_3f_interfaces/include/robotiq_3f_interfaces/robotiq_3f_interfaces/msg/rosidl_generator_c__visibility_control.h
-- Symlinking: /home/ubuntu/research_ws/ur10_pick_place_ws/install/robotiq_3f_interfaces/include/robotiq_3f_interfaces/robotiq_3f_interfaces/msg/simple_control_command.h
-- Symlinking: /home/ubuntu/research_ws/ur10_pick_place_ws/install/robotiq_3f_interfaces/include/robotiq_3f_interfaces/robotiq_3f_interfaces/msg/status.h
-- Symlinking: /home/ubuntu/research_ws/ur10_pick_place_ws/install/robotiq_3f_interfaces/include/robotiq_3f_interfaces/robotiq_3f_interfaces/srv/change_grasping_mode.h
-- Symlinking: /home/ubuntu/research_ws/ur10_pick_place_ws/install/robotiq_3f_interfaces/include/robotiq_3f_interfaces/robotiq_3f_interfaces/srv/detail/change_grasping_mode__functions.h
-- Symlinking: /home/ubuntu/research_ws/ur10_pick_place_ws/install/robotiq_3f_interfaces/include/robotiq_3f_interfaces/robotiq_3f_interfaces/srv/detail/change_grasping_mode__struct.h
-- Symlinking: /home/ubuntu/research_ws/ur10_pick_place_ws/install/robotiq_3f_interfaces/include/robotiq_3f_interfaces/robotiq_3f_interfaces/srv/detail/change_grasping_mode__type_support.h
-- Symlinking: /home/ubuntu/research_ws/ur10_pick_place_ws/install/robotiq_3f_interfaces/share/robotiq_3f_interfaces/environment/library_path.sh
-- Symlinking: /home/ubuntu/research_ws/ur10_pick_place_ws/install/robotiq_3f_interfaces/share/robotiq_3f_interfaces/environment/library_path.dsv
-- Symlinking: /home/ubuntu/research_ws/ur10_pick_place_ws/install/robotiq_3f_interfaces/include/robotiq_3f_interfaces/robotiq_3f_interfaces/msg/detail/grasping_mode__rosidl_typesupport_fastrtps_c.h
-- Symlinking: /home/ubuntu/research_ws/ur10_pick_place_ws/install/robotiq_3f_interfaces/include/robotiq_3f_interfaces/robotiq_3f_interfaces/msg/detail/independent_control_command__rosidl_typesupport_fastrtps_c.h
-- Symlinking: /home/ubuntu/research_ws/ur10_pick_place_ws/install/robotiq_3f_interfaces/include/robotiq_3f_interfaces/robotiq_3f_interfaces/msg/detail/object_detection_status__rosidl_typesupport_fastrtps_c.h
-- Symlinking: /home/ubuntu/research_ws/ur10_pick_place_ws/install/robotiq_3f_interfaces/include/robotiq_3f_interfaces/robotiq_3f_interfaces/msg/detail/simple_control_command__rosidl_typesupport_fastrtps_c.h
-- Symlinking: /home/ubuntu/research_ws/ur10_pick_place_ws/install/robotiq_3f_interfaces/include/robotiq_3f_interfaces/robotiq_3f_interfaces/msg/detail/status__rosidl_typesupport_fastrtps_c.h
-- Symlinking: /home/ubuntu/research_ws/ur10_pick_place_ws/install/robotiq_3f_interfaces/include/robotiq_3f_interfaces/robotiq_3f_interfaces/msg/rosidl_typesupport_fastrtps_c__visibility_control.h
-- Symlinking: /home/ubuntu/research_ws/ur10_pick_place_ws/install/robotiq_3f_interfaces/include/robotiq_3f_interfaces/robotiq_3f_interfaces/srv/detail/change_grasping_mode__rosidl_typesupport_fastrtps_c.h
-- Symlinking: /home/ubuntu/research_ws/ur10_pick_place_ws/install/robotiq_3f_interfaces/include/robotiq_3f_interfaces/robotiq_3f_interfaces/msg/detail/grasping_mode__rosidl_typesupport_introspection_c.h
-- Symlinking: /home/ubuntu/research_ws/ur10_pick_place_ws/install/robotiq_3f_interfaces/include/robotiq_3f_interfaces/robotiq_3f_interfaces/msg/detail/independent_control_command__rosidl_typesupport_introspection_c.h
-- Symlinking: /home/ubuntu/research_ws/ur10_pick_place_ws/install/robotiq_3f_interfaces/include/robotiq_3f_interfaces/robotiq_3f_interfaces/msg/detail/object_detection_status__rosidl_typesupport_introspection_c.h
-- Symlinking: /home/ubuntu/research_ws/ur10_pick_place_ws/install/robotiq_3f_interfaces/include/robotiq_3f_interfaces/robotiq_3f_interfaces/msg/detail/simple_control_command__rosidl_typesupport_introspection_c.h
-- Symlinking: /home/ubuntu/research_ws/ur10_pick_place_ws/install/robotiq_3f_interfaces/include/robotiq_3f_interfaces/robotiq_3f_interfaces/msg/detail/status__rosidl_typesupport_introspection_c.h
-- Symlinking: /home/ubuntu/research_ws/ur10_pick_place_ws/install/robotiq_3f_interfaces/include/robotiq_3f_interfaces/robotiq_3f_interfaces/msg/rosidl_typesupport_introspection_c__visibility_control.h
-- Symlinking: /home/ubuntu/research_ws/ur10_pick_place_ws/install/robotiq_3f_interfaces/include/robotiq_3f_interfaces/robotiq_3f_interfaces/srv/detail/change_grasping_mode__rosidl_typesupport_introspection_c.h
-- Symlinking: /home/ubuntu/research_ws/ur10_pick_place_ws/install/robotiq_3f_interfaces/include/robotiq_3f_interfaces/robotiq_3f_interfaces/msg/detail/grasping_mode__builder.hpp
-- Symlinking: /home/ubuntu/research_ws/ur10_pick_place_ws/install/robotiq_3f_interfaces/include/robotiq_3f_interfaces/robotiq_3f_interfaces/msg/detail/grasping_mode__struct.hpp
-- Symlinking: /home/ubuntu/research_ws/ur10_pick_place_ws/install/robotiq_3f_interfaces/include/robotiq_3f_interfaces/robotiq_3f_interfaces/msg/detail/grasping_mode__traits.hpp
-- Symlinking: /home/ubuntu/research_ws/ur10_pick_place_ws/install/robotiq_3f_interfaces/include/robotiq_3f_interfaces/robotiq_3f_interfaces/msg/detail/grasping_mode__type_support.hpp
-- Symlinking: /home/ubuntu/research_ws/ur10_pick_place_ws/install/robotiq_3f_interfaces/include/robotiq_3f_interfaces/robotiq_3f_interfaces/msg/detail/independent_control_command__builder.hpp
-- Symlinking: /home/ubuntu/research_ws/ur10_pick_place_ws/install/robotiq_3f_interfaces/include/robotiq_3f_interfaces/robotiq_3f_interfaces/msg/detail/independent_control_command__struct.hpp
-- Symlinking: /home/ubuntu/research_ws/ur10_pick_place_ws/install/robotiq_3f_interfaces/include/robotiq_3f_interfaces/robotiq_3f_interfaces/msg/detail/independent_control_command__traits.hpp
-- Symlinking: /home/ubuntu/research_ws/ur10_pick_place_ws/install/robotiq_3f_interfaces/include/robotiq_3f_interfaces/robotiq_3f_interfaces/msg/detail/independent_control_command__type_support.hpp
-- Symlinking: /home/ubuntu/research_ws/ur10_pick_place_ws/install/robotiq_3f_interfaces/include/robotiq_3f_interfaces/robotiq_3f_interfaces/msg/detail/object_detection_status__builder.hpp
-- Symlinking: /home/ubuntu/research_ws/ur10_pick_place_ws/install/robotiq_3f_interfaces/include/robotiq_3f_interfaces/robotiq_3f_interfaces/msg/detail/object_detection_status__struct.hpp
-- Symlinking: /home/ubuntu/research_ws/ur10_pick_place_ws/install/robotiq_3f_interfaces/include/robotiq_3f_interfaces/robotiq_3f_interfaces/msg/detail/object_detection_status__traits.hpp
-- Symlinking: /home/ubuntu/research_ws/ur10_pick_place_ws/install/robotiq_3f_interfaces/include/robotiq_3f_interfaces/robotiq_3f_interfaces/msg/detail/object_detection_status__type_support.hpp
-- Symlinking: /home/ubuntu/research_ws/ur10_pick_place_ws/install/robotiq_3f_interfaces/include/robotiq_3f_interfaces/robotiq_3f_interfaces/msg/detail/simple_control_command__builder.hpp
-- Symlinking: /home/ubuntu/research_ws/ur10_pick_place_ws/install/robotiq_3f_interfaces/include/robotiq_3f_interfaces/robotiq_3f_interfaces/msg/detail/simple_control_command__struct.hpp
-- Symlinking: /home/ubuntu/research_ws/ur10_pick_place_ws/install/robotiq_3f_interfaces/include/robotiq_3f_interfaces/robotiq_3f_interfaces/msg/detail/simple_control_command__traits.hpp
-- Symlinking: /home/ubuntu/research_ws/ur10_pick_place_ws/install/robotiq_3f_interfaces/include/robotiq_3f_interfaces/robotiq_3f_interfaces/msg/detail/simple_control_command__type_support.hpp
-- Symlinking: /home/ubuntu/research_ws/ur10_pick_place_ws/install/robotiq_3f_interfaces/include/robotiq_3f_interfaces/robotiq_3f_interfaces/msg/detail/status__builder.hpp
-- Symlinking: /home/ubuntu/research_ws/ur10_pick_place_ws/install/robotiq_3f_interfaces/include/robotiq_3f_interfaces/robotiq_3f_interfaces/msg/detail/status__struct.hpp
-- Symlinking: /home/ubuntu/research_ws/ur10_pick_place_ws/install/robotiq_3f_interfaces/include/robotiq_3f_interfaces/robotiq_3f_interfaces/msg/detail/status__traits.hpp
-- Symlinking: /home/ubuntu/research_ws/ur10_pick_place_ws/install/robotiq_3f_interfaces/include/robotiq_3f_interfaces/robotiq_3f_interfaces/msg/detail/status__type_support.hpp
-- Symlinking: /home/ubuntu/research_ws/ur10_pick_place_ws/install/robotiq_3f_interfaces/include/robotiq_3f_interfaces/robotiq_3f_interfaces/msg/grasping_mode.hpp
-- Symlinking: /home/ubuntu/research_ws/ur10_pick_place_ws/install/robotiq_3f_interfaces/include/robotiq_3f_interfaces/robotiq_3f_interfaces/msg/independent_control_command.hpp
-- Symlinking: /home/ubuntu/research_ws/ur10_pick_place_ws/install/robotiq_3f_interfaces/include/robotiq_3f_interfaces/robotiq_3f_interfaces/msg/object_detection_status.hpp
-- Symlinking: /home/ubuntu/research_ws/ur10_pick_place_ws/install/robotiq_3f_interfaces/include/robotiq_3f_interfaces/robotiq_3f_interfaces/msg/rosidl_generator_cpp__visibility_control.hpp
-- Symlinking: /home/ubuntu/research_ws/ur10_pick_place_ws/install/robotiq_3f_interfaces/include/robotiq_3f_interfaces/robotiq_3f_interfaces/msg/simple_control_command.hpp
-- Symlinking: /home/ubuntu/research_ws/ur10_pick_place_ws/install/robotiq_3f_interfaces/include/robotiq_3f_interfaces/robotiq_3f_interfaces/msg/status.hpp
-- Symlinking: /home/ubuntu/research_ws/ur10_pick_place_ws/install/robotiq_3f_interfaces/include/robotiq_3f_interfaces/robotiq_3f_interfaces/srv/change_grasping_mode.hpp
-- Symlinking: /home/ubuntu/research_ws/ur10_pick_place_ws/install/robotiq_3f_interfaces/include/robotiq_3f_interfaces/robotiq_3f_interfaces/srv/detail/change_grasping_mode__builder.hpp
-- Symlinking: /home/ubuntu/research_ws/ur10_pick_place_ws/install/robotiq_3f_interfaces/include/robotiq_3f_interfaces/robotiq_3f_interfaces/srv/detail/change_grasping_mode__struct.hpp
-- Symlinking: /home/ubuntu/research_ws/ur10_pick_place_ws/install/robotiq_3f_interfaces/include/robotiq_3f_interfaces/robotiq_3f_interfaces/srv/detail/change_grasping_mode__traits.hpp
-- Symlinking: /home/ubuntu/research_ws/ur10_pick_place_ws/install/robotiq_3f_interfaces/include/robotiq_3f_interfaces/robotiq_3f_interfaces/srv/detail/change_grasping_mode__type_support.hpp
-- Symlinking: /home/ubuntu/research_ws/ur10_pick_place_ws/install/robotiq_3f_interfaces/include/robotiq_3f_interfaces/robotiq_3f_interfaces/msg/detail/grasping_mode__rosidl_typesupport_fastrtps_cpp.hpp
-- Symlinking: /home/ubuntu/research_ws/ur10_pick_place_ws/install/robotiq_3f_interfaces/include/robotiq_3f_interfaces/robotiq_3f_interfaces/msg/detail/independent_control_command__rosidl_typesupport_fastrtps_cpp.hpp
-- Symlinking: /home/ubuntu/research_ws/ur10_pick_place_ws/install/robotiq_3f_interfaces/include/robotiq_3f_interfaces/robotiq_3f_interfaces/msg/detail/object_detection_status__rosidl_typesupport_fastrtps_cpp.hpp
-- Symlinking: /home/ubuntu/research_ws/ur10_pick_place_ws/install/robotiq_3f_interfaces/include/robotiq_3f_interfaces/robotiq_3f_interfaces/msg/detail/simple_control_command__rosidl_typesupport_fastrtps_cpp.hpp
-- Symlinking: /home/ubuntu/research_ws/ur10_pick_place_ws/install/robotiq_3f_interfaces/include/robotiq_3f_interfaces/robotiq_3f_interfaces/msg/detail/status__rosidl_typesupport_fastrtps_cpp.hpp
-- Symlinking: /home/ubuntu/research_ws/ur10_pick_place_ws/install/robotiq_3f_interfaces/include/robotiq_3f_interfaces/robotiq_3f_interfaces/msg/rosidl_typesupport_fastrtps_cpp__visibility_control.h
-- Symlinking: /home/ubuntu/research_ws/ur10_pick_place_ws/install/robotiq_3f_interfaces/include/robotiq_3f_interfaces/robotiq_3f_interfaces/srv/detail/change_grasping_mode__rosidl_typesupport_fastrtps_cpp.hpp
-- Symlinking: /home/ubuntu/research_ws/ur10_pick_place_ws/install/robotiq_3f_interfaces/include/robotiq_3f_interfaces/robotiq_3f_interfaces/msg/detail/grasping_mode__rosidl_typesupport_introspection_cpp.hpp
-- Symlinking: /home/ubuntu/research_ws/ur10_pick_place_ws/install/robotiq_3f_interfaces/include/robotiq_3f_interfaces/robotiq_3f_interfaces/msg/detail/independent_control_command__rosidl_typesupport_introspection_cpp.hpp
-- Symlinking: /home/ubuntu/research_ws/ur10_pick_place_ws/install/robotiq_3f_interfaces/include/robotiq_3f_interfaces/robotiq_3f_interfaces/msg/detail/object_detection_status__rosidl_typesupport_introspection_cpp.hpp
-- Symlinking: /home/ubuntu/research_ws/ur10_pick_place_ws/install/robotiq_3f_interfaces/include/robotiq_3f_interfaces/robotiq_3f_interfaces/msg/detail/simple_control_command__rosidl_typesupport_introspection_cpp.hpp
-- Symlinking: /home/ubuntu/research_ws/ur10_pick_place_ws/install/robotiq_3f_interfaces/include/robotiq_3f_interfaces/robotiq_3f_interfaces/msg/detail/status__rosidl_typesupport_introspection_cpp.hpp
-- Symlinking: /home/ubuntu/research_ws/ur10_pick_place_ws/install/robotiq_3f_interfaces/include/robotiq_3f_interfaces/robotiq_3f_interfaces/srv/detail/change_grasping_mode__rosidl_typesupport_introspection_cpp.hpp
-- Symlinking: /home/ubuntu/research_ws/ur10_pick_place_ws/install/robotiq_3f_interfaces/share/robotiq_3f_interfaces/environment/pythonpath.sh
-- Symlinking: /home/ubuntu/research_ws/ur10_pick_place_ws/install/robotiq_3f_interfaces/share/robotiq_3f_interfaces/environment/pythonpath.dsv
-- Symlinking: /home/ubuntu/research_ws/ur10_pick_place_ws/install/robotiq_3f_interfaces/local/lib/python3.10/dist-packages/robotiq_3f_interfaces-0.0.1-py3.10.egg-info/PKG-INFO
-- Symlinking: /home/ubuntu/research_ws/ur10_pick_place_ws/install/robotiq_3f_interfaces/local/lib/python3.10/dist-packages/robotiq_3f_interfaces-0.0.1-py3.10.egg-info/SOURCES.txt
-- Symlinking: /home/ubuntu/research_ws/ur10_pick_place_ws/install/robotiq_3f_interfaces/local/lib/python3.10/dist-packages/robotiq_3f_interfaces-0.0.1-py3.10.egg-info/dependency_links.txt
-- Symlinking: /home/ubuntu/research_ws/ur10_pick_place_ws/install/robotiq_3f_interfaces/local/lib/python3.10/dist-packages/robotiq_3f_interfaces-0.0.1-py3.10.egg-info/top_level.txt
-- Symlinking: /home/ubuntu/research_ws/ur10_pick_place_ws/install/robotiq_3f_interfaces/local/lib/python3.10/dist-packages/robotiq_3f_interfaces/__init__.py
-- Symlinking: /home/ubuntu/research_ws/ur10_pick_place_ws/install/robotiq_3f_interfaces/local/lib/python3.10/dist-packages/robotiq_3f_interfaces/_robotiq_3f_interfaces_s.ep.rosidl_typesupport_c.c
-- Symlinking: /home/ubuntu/research_ws/ur10_pick_place_ws/install/robotiq_3f_interfaces/local/lib/python3.10/dist-packages/robotiq_3f_interfaces/_robotiq_3f_interfaces_s.ep.rosidl_typesupport_fastrtps_c.c
-- Symlinking: /home/ubuntu/research_ws/ur10_pick_place_ws/install/robotiq_3f_interfaces/local/lib/python3.10/dist-packages/robotiq_3f_interfaces/_robotiq_3f_interfaces_s.ep.rosidl_typesupport_introspection_c.c
-- Symlinking: /home/ubuntu/research_ws/ur10_pick_place_ws/install/robotiq_3f_interfaces/local/lib/python3.10/dist-packages/robotiq_3f_interfaces/librobotiq_3f_interfaces__rosidl_generator_py.so
-- Symlinking: /home/ubuntu/research_ws/ur10_pick_place_ws/install/robotiq_3f_interfaces/local/lib/python3.10/dist-packages/robotiq_3f_interfaces/msg/__init__.py
-- Symlinking: /home/ubuntu/research_ws/ur10_pick_place_ws/install/robotiq_3f_interfaces/local/lib/python3.10/dist-packages/robotiq_3f_interfaces/msg/_grasping_mode.py
-- Symlinking: /home/ubuntu/research_ws/ur10_pick_place_ws/install/robotiq_3f_interfaces/local/lib/python3.10/dist-packages/robotiq_3f_interfaces/msg/_grasping_mode_s.c
-- Symlinking: /home/ubuntu/research_ws/ur10_pick_place_ws/install/robotiq_3f_interfaces/local/lib/python3.10/dist-packages/robotiq_3f_interfaces/msg/_independent_control_command.py
-- Symlinking: /home/ubuntu/research_ws/ur10_pick_place_ws/install/robotiq_3f_interfaces/local/lib/python3.10/dist-packages/robotiq_3f_interfaces/msg/_independent_control_command_s.c
-- Symlinking: /home/ubuntu/research_ws/ur10_pick_place_ws/install/robotiq_3f_interfaces/local/lib/python3.10/dist-packages/robotiq_3f_interfaces/msg/_object_detection_status.py
-- Symlinking: /home/ubuntu/research_ws/ur10_pick_place_ws/install/robotiq_3f_interfaces/local/lib/python3.10/dist-packages/robotiq_3f_interfaces/msg/_object_detection_status_s.c
-- Symlinking: /home/ubuntu/research_ws/ur10_pick_place_ws/install/robotiq_3f_interfaces/local/lib/python3.10/dist-packages/robotiq_3f_interfaces/msg/_simple_control_command.py
-- Symlinking: /home/ubuntu/research_ws/ur10_pick_place_ws/install/robotiq_3f_interfaces/local/lib/python3.10/dist-packages/robotiq_3f_interfaces/msg/_simple_control_command_s.c
-- Symlinking: /home/ubuntu/research_ws/ur10_pick_place_ws/install/robotiq_3f_interfaces/local/lib/python3.10/dist-packages/robotiq_3f_interfaces/msg/_status.py
-- Symlinking: /home/ubuntu/research_ws/ur10_pick_place_ws/install/robotiq_3f_interfaces/local/lib/python3.10/dist-packages/robotiq_3f_interfaces/msg/_status_s.c
-- Symlinking: /home/ubuntu/research_ws/ur10_pick_place_ws/install/robotiq_3f_interfaces/local/lib/python3.10/dist-packages/robotiq_3f_interfaces/robotiq_3f_interfaces_s__rosidl_typesupport_c.cpython-310-aarch64-linux-gnu.so
-- Symlinking: /home/ubuntu/research_ws/ur10_pick_place_ws/install/robotiq_3f_interfaces/local/lib/python3.10/dist-packages/robotiq_3f_interfaces/robotiq_3f_interfaces_s__rosidl_typesupport_fastrtps_c.cpython-310-aarch64-linux-gnu.so
-- Symlinking: /home/ubuntu/research_ws/ur10_pick_place_ws/install/robotiq_3f_interfaces/local/lib/python3.10/dist-packages/robotiq_3f_interfaces/robotiq_3f_interfaces_s__rosidl_typesupport_introspection_c.cpython-310-aarch64-linux-gnu.so
-- Symlinking: /home/ubuntu/research_ws/ur10_pick_place_ws/install/robotiq_3f_interfaces/local/lib/python3.10/dist-packages/robotiq_3f_interfaces/srv/__init__.py
-- Symlinking: /home/ubuntu/research_ws/ur10_pick_place_ws/install/robotiq_3f_interfaces/local/lib/python3.10/dist-packages/robotiq_3f_interfaces/srv/_change_grasping_mode.py
-- Symlinking: /home/ubuntu/research_ws/ur10_pick_place_ws/install/robotiq_3f_interfaces/local/lib/python3.10/dist-packages/robotiq_3f_interfaces/srv/_change_grasping_mode_s.c
-- Up-to-date symlink: /home/ubuntu/research_ws/ur10_pick_place_ws/install/robotiq_3f_interfaces/local/lib/python3.10/dist-packages/robotiq_3f_interfaces/robotiq_3f_interfaces_s__rosidl_typesupport_fastrtps_c.cpython-310-aarch64-linux-gnu.so
-- Up-to-date symlink: /home/ubuntu/research_ws/ur10_pick_place_ws/install/robotiq_3f_interfaces/local/lib/python3.10/dist-packages/robotiq_3f_interfaces/robotiq_3f_interfaces_s__rosidl_typesupport_introspection_c.cpython-310-aarch64-linux-gnu.so
-- Up-to-date symlink: /home/ubuntu/research_ws/ur10_pick_place_ws/install/robotiq_3f_interfaces/local/lib/python3.10/dist-packages/robotiq_3f_interfaces/robotiq_3f_interfaces_s__rosidl_typesupport_c.cpython-310-aarch64-linux-gnu.so
-- Symlinking: /home/ubuntu/research_ws/ur10_pick_place_ws/install/robotiq_3f_interfaces/share/ament_index/resource_index/rust_packages/robotiq_3f_interfaces
-- Symlinking: /home/ubuntu/research_ws/ur10_pick_place_ws/install/robotiq_3f_interfaces/share/robotiq_3f_interfaces/rust/Cargo.toml
-- Symlinking: /home/ubuntu/research_ws/ur10_pick_place_ws/install/robotiq_3f_interfaces/share/robotiq_3f_interfaces/rust/build.rs
-- Symlinking: /home/ubuntu/research_ws/ur10_pick_place_ws/install/robotiq_3f_interfaces/share/robotiq_3f_interfaces/rust/src/lib.rs
-- Symlinking: /home/ubuntu/research_ws/ur10_pick_place_ws/install/robotiq_3f_interfaces/share/robotiq_3f_interfaces/rust/src/msg.rs
-- Symlinking: /home/ubuntu/research_ws/ur10_pick_place_ws/install/robotiq_3f_interfaces/share/robotiq_3f_interfaces/rust/src/msg/rmw.rs
-- Symlinking: /home/ubuntu/research_ws/ur10_pick_place_ws/install/robotiq_3f_interfaces/share/robotiq_3f_interfaces/rust/src/srv.rs
-- Symlinking: /home/ubuntu/research_ws/ur10_pick_place_ws/install/robotiq_3f_interfaces/share/robotiq_3f_interfaces/rust/src/srv/rmw.rs
-- Symlinking: /home/ubuntu/research_ws/ur10_pick_place_ws/install/robotiq_3f_interfaces/share/robotiq_3f_interfaces/msg/ObjectDetectionStatus.idl
-- Symlinking: /home/ubuntu/research_ws/ur10_pick_place_ws/install/robotiq_3f_interfaces/share/robotiq_3f_interfaces/msg/Status.idl
-- Symlinking: /home/ubuntu/research_ws/ur10_pick_place_ws/install/robotiq_3f_interfaces/share/robotiq_3f_interfaces/msg/GraspingMode.idl
-- Symlinking: /home/ubuntu/research_ws/ur10_pick_place_ws/install/robotiq_3f_interfaces/share/robotiq_3f_interfaces/msg/SimpleControlCommand.idl
-- Symlinking: /home/ubuntu/research_ws/ur10_pick_place_ws/install/robotiq_3f_interfaces/share/robotiq_3f_interfaces/msg/IndependentControlCommand.idl
-- Symlinking: /home/ubuntu/research_ws/ur10_pick_place_ws/install/robotiq_3f_interfaces/share/robotiq_3f_interfaces/srv/ChangeGraspingMode.idl
-- Symlinking: /home/ubuntu/research_ws/ur10_pick_place_ws/install/robotiq_3f_interfaces/share/robotiq_3f_interfaces/msg/ObjectDetectionStatus.msg
-- Symlinking: /home/ubuntu/research_ws/ur10_pick_place_ws/install/robotiq_3f_interfaces/share/robotiq_3f_interfaces/msg/Status.msg
-- Symlinking: /home/ubuntu/research_ws/ur10_pick_place_ws/install/robotiq_3f_interfaces/share/robotiq_3f_interfaces/msg/GraspingMode.msg
-- Symlinking: /home/ubuntu/research_ws/ur10_pick_place_ws/install/robotiq_3f_interfaces/share/robotiq_3f_interfaces/msg/SimpleControlCommand.msg
-- Symlinking: /home/ubuntu/research_ws/ur10_pick_place_ws/install/robotiq_3f_interfaces/share/robotiq_3f_interfaces/msg/IndependentControlCommand.msg
-- Symlinking: /home/ubuntu/research_ws/ur10_pick_place_ws/install/robotiq_3f_interfaces/share/robotiq_3f_interfaces/srv/ChangeGraspingMode.srv
-- Symlinking: /home/ubuntu/research_ws/ur10_pick_place_ws/install/robotiq_3f_interfaces/share/robotiq_3f_interfaces/srv/ChangeGraspingMode_Request.msg
-- Symlinking: /home/ubuntu/research_ws/ur10_pick_place_ws/install/robotiq_3f_interfaces/share/robotiq_3f_interfaces/srv/ChangeGraspingMode_Response.msg
-- Symlinking: /home/ubuntu/research_ws/ur10_pick_place_ws/install/robotiq_3f_interfaces/share/ament_index/resource_index/package_run_dependencies/robotiq_3f_interfaces
-- Symlinking: /home/ubuntu/research_ws/ur10_pick_place_ws/install/robotiq_3f_interfaces/share/ament_index/resource_index/parent_prefix_path/robotiq_3f_interfaces
-- Symlinking: /home/ubuntu/research_ws/ur10_pick_place_ws/install/robotiq_3f_interfaces/share/robotiq_3f_interfaces/environment/ament_prefix_path.sh
-- Symlinking: /home/ubuntu/research_ws/ur10_pick_place_ws/install/robotiq_3f_interfaces/share/robotiq_3f_interfaces/environment/ament_prefix_path.dsv
-- Symlinking: /home/ubuntu/research_ws/ur10_pick_place_ws/install/robotiq_3f_interfaces/share/robotiq_3f_interfaces/environment/path.sh
-- Symlinking: /home/ubuntu/research_ws/ur10_pick_place_ws/install/robotiq_3f_interfaces/share/robotiq_3f_interfaces/environment/path.dsv
-- Symlinking: /home/ubuntu/research_ws/ur10_pick_place_ws/install/robotiq_3f_interfaces/share/robotiq_3f_interfaces/local_setup.bash
-- Symlinking: /home/ubuntu/research_ws/ur10_pick_place_ws/install/robotiq_3f_interfaces/share/robotiq_3f_interfaces/local_setup.sh
-- Symlinking: /home/ubuntu/research_ws/ur10_pick_place_ws/install/robotiq_3f_interfaces/share/robotiq_3f_interfaces/local_setup.zsh
-- Symlinking: /home/ubuntu/research_ws/ur10_pick_place_ws/install/robotiq_3f_interfaces/share/robotiq_3f_interfaces/local_setup.dsv
-- Symlinking: /home/ubuntu/research_ws/ur10_pick_place_ws/install/robotiq_3f_interfaces/share/robotiq_3f_interfaces/package.dsv
-- Symlinking: /home/ubuntu/research_ws/ur10_pick_place_ws/install/robotiq_3f_interfaces/share/ament_index/resource_index/packages/robotiq_3f_interfaces
-- Symlinking: /home/ubuntu/research_ws/ur10_pick_place_ws/install/robotiq_3f_interfaces/share/robotiq_3f_interfaces/cmake/rosidl_cmake-extras.cmake
-- Symlinking: /home/ubuntu/research_ws/ur10_pick_place_ws/install/robotiq_3f_interfaces/share/robotiq_3f_interfaces/cmake/ament_cmake_export_dependencies-extras.cmake
-- Symlinking: /home/ubuntu/research_ws/ur10_pick_place_ws/install/robotiq_3f_interfaces/share/robotiq_3f_interfaces/cmake/ament_cmake_export_include_directories-extras.cmake
-- Symlinking: /home/ubuntu/research_ws/ur10_pick_place_ws/install/robotiq_3f_interfaces/share/robotiq_3f_interfaces/cmake/ament_cmake_export_libraries-extras.cmake
-- Symlinking: /home/ubuntu/research_ws/ur10_pick_place_ws/install/robotiq_3f_interfaces/share/robotiq_3f_interfaces/cmake/ament_cmake_export_targets-extras.cmake
-- Symlinking: /home/ubuntu/research_ws/ur10_pick_place_ws/install/robotiq_3f_interfaces/share/robotiq_3f_interfaces/cmake/rosidl_cmake_export_typesupport_targets-extras.cmake
-- Symlinking: /home/ubuntu/research_ws/ur10_pick_place_ws/install/robotiq_3f_interfaces/share/robotiq_3f_interfaces/cmake/rosidl_cmake_export_typesupport_libraries-extras.cmake
-- Symlinking: /home/ubuntu/research_ws/ur10_pick_place_ws/install/robotiq_3f_interfaces/share/robotiq_3f_interfaces/cmake/robotiq_3f_interfacesConfig.cmake
-- Symlinking: /home/ubuntu/research_ws/ur10_pick_place_ws/install/robotiq_3f_interfaces/share/robotiq_3f_interfaces/cmake/robotiq_3f_interfacesConfig-version.cmake
-- Symlinking: /home/ubuntu/research_ws/ur10_pick_place_ws/install/robotiq_3f_interfaces/share/robotiq_3f_interfaces/package.xml
-- Installing: /home/ubuntu/research_ws/ur10_pick_place_ws/install/robotiq_3f_interfaces/lib/librobotiq_3f_interfaces__rosidl_generator_c.so
-- Set runtime path of "/home/ubuntu/research_ws/ur10_pick_place_ws/install/robotiq_3f_interfaces/lib/librobotiq_3f_interfaces__rosidl_generator_c.so" to ""
-- Installing: /home/ubuntu/research_ws/ur10_pick_place_ws/install/robotiq_3f_interfaces/lib/librobotiq_3f_interfaces__rosidl_typesupport_fastrtps_c.so
-- Set runtime path of "/home/ubuntu/research_ws/ur10_pick_place_ws/install/robotiq_3f_interfaces/lib/librobotiq_3f_interfaces__rosidl_typesupport_fastrtps_c.so" to ""
-- Installing: /home/ubuntu/research_ws/ur10_pick_place_ws/install/robotiq_3f_interfaces/lib/librobotiq_3f_interfaces__rosidl_typesupport_introspection_c.so
-- Set runtime path of "/home/ubuntu/research_ws/ur10_pick_place_ws/install/robotiq_3f_interfaces/lib/librobotiq_3f_interfaces__rosidl_typesupport_introspection_c.so" to ""
-- Installing: /home/ubuntu/research_ws/ur10_pick_place_ws/install/robotiq_3f_interfaces/lib/librobotiq_3f_interfaces__rosidl_typesupport_c.so
-- Set runtime path of "/home/ubuntu/research_ws/ur10_pick_place_ws/install/robotiq_3f_interfaces/lib/librobotiq_3f_interfaces__rosidl_typesupport_c.so" to ""
-- Installing: /home/ubuntu/research_ws/ur10_pick_place_ws/install/robotiq_3f_interfaces/lib/librobotiq_3f_interfaces__rosidl_typesupport_fastrtps_cpp.so
-- Set runtime path of "/home/ubuntu/research_ws/ur10_pick_place_ws/install/robotiq_3f_interfaces/lib/librobotiq_3f_interfaces__rosidl_typesupport_fastrtps_cpp.so" to ""
-- Installing: /home/ubuntu/research_ws/ur10_pick_place_ws/install/robotiq_3f_interfaces/lib/librobotiq_3f_interfaces__rosidl_typesupport_introspection_cpp.so
-- Set runtime path of "/home/ubuntu/research_ws/ur10_pick_place_ws/install/robotiq_3f_interfaces/lib/librobotiq_3f_interfaces__rosidl_typesupport_introspection_cpp.so" to ""
-- Installing: /home/ubuntu/research_ws/ur10_pick_place_ws/install/robotiq_3f_interfaces/lib/librobotiq_3f_interfaces__rosidl_typesupport_cpp.so
-- Set runtime path of "/home/ubuntu/research_ws/ur10_pick_place_ws/install/robotiq_3f_interfaces/lib/librobotiq_3f_interfaces__rosidl_typesupport_cpp.so" to ""
Listing '/home/ubuntu/research_ws/ur10_pick_place_ws/install/robotiq_3f_interfaces/local/lib/python3.10/dist-packages/robotiq_3f_interfaces'...
Compiling '/home/ubuntu/research_ws/ur10_pick_place_ws/install/robotiq_3f_interfaces/local/lib/python3.10/dist-packages/robotiq_3f_interfaces/__init__.py'...
Listing '/home/ubuntu/research_ws/ur10_pick_place_ws/install/robotiq_3f_interfaces/local/lib/python3.10/dist-packages/robotiq_3f_interfaces/msg'...
Compiling '/home/ubuntu/research_ws/ur10_pick_place_ws/install/robotiq_3f_interfaces/local/lib/python3.10/dist-packages/robotiq_3f_interfaces/msg/__init__.py'...
Compiling '/home/ubuntu/research_ws/ur10_pick_place_ws/install/robotiq_3f_interfaces/local/lib/python3.10/dist-packages/robotiq_3f_interfaces/msg/_grasping_mode.py'...
Compiling '/home/ubuntu/research_ws/ur10_pick_place_ws/install/robotiq_3f_interfaces/local/lib/python3.10/dist-packages/robotiq_3f_interfaces/msg/_independent_control_command.py'...
Compiling '/home/ubuntu/research_ws/ur10_pick_place_ws/install/robotiq_3f_interfaces/local/lib/python3.10/dist-packages/robotiq_3f_interfaces/msg/_object_detection_status.py'...
Compiling '/home/ubuntu/research_ws/ur10_pick_place_ws/install/robotiq_3f_interfaces/local/lib/python3.10/dist-packages/robotiq_3f_interfaces/msg/_simple_control_command.py'...
Compiling '/home/ubuntu/research_ws/ur10_pick_place_ws/install/robotiq_3f_interfaces/local/lib/python3.10/dist-packages/robotiq_3f_interfaces/msg/_status.py'...
Listing '/home/ubuntu/research_ws/ur10_pick_place_ws/install/robotiq_3f_interfaces/local/lib/python3.10/dist-packages/robotiq_3f_interfaces/srv'...
Compiling '/home/ubuntu/research_ws/ur10_pick_place_ws/install/robotiq_3f_interfaces/local/lib/python3.10/dist-packages/robotiq_3f_interfaces/srv/__init__.py'...
Compiling '/home/ubuntu/research_ws/ur10_pick_place_ws/install/robotiq_3f_interfaces/local/lib/python3.10/dist-packages/robotiq_3f_interfaces/srv/_change_grasping_mode.py'...
-- Installing: /home/ubuntu/research_ws/ur10_pick_place_ws/install/robotiq_3f_interfaces/lib/librobotiq_3f_interfaces__rosidl_generator_py.so
-- Set runtime path of "/home/ubuntu/research_ws/ur10_pick_place_ws/install/robotiq_3f_interfaces/lib/librobotiq_3f_interfaces__rosidl_generator_py.so" to ""
-- Installing: /home/ubuntu/research_ws/ur10_pick_place_ws/install/robotiq_3f_interfaces/share/robotiq_3f_interfaces/cmake/export_robotiq_3f_interfaces__rosidl_generator_cExport.cmake
-- Installing: /home/ubuntu/research_ws/ur10_pick_place_ws/install/robotiq_3f_interfaces/share/robotiq_3f_interfaces/cmake/export_robotiq_3f_interfaces__rosidl_generator_cExport-noconfig.cmake
-- Installing: /home/ubuntu/research_ws/ur10_pick_place_ws/install/robotiq_3f_interfaces/share/robotiq_3f_interfaces/cmake/export_robotiq_3f_interfaces__rosidl_typesupport_fastrtps_cExport.cmake
-- Installing: /home/ubuntu/research_ws/ur10_pick_place_ws/install/robotiq_3f_interfaces/share/robotiq_3f_interfaces/cmake/export_robotiq_3f_interfaces__rosidl_typesupport_fastrtps_cExport-noconfig.cmake
-- Installing: /home/ubuntu/research_ws/ur10_pick_place_ws/install/robotiq_3f_interfaces/share/robotiq_3f_interfaces/cmake/robotiq_3f_interfaces__rosidl_typesupport_introspection_cExport.cmake
-- Installing: /home/ubuntu/research_ws/ur10_pick_place_ws/install/robotiq_3f_interfaces/share/robotiq_3f_interfaces/cmake/robotiq_3f_interfaces__rosidl_typesupport_introspection_cExport-noconfig.cmake
-- Installing: /home/ubuntu/research_ws/ur10_pick_place_ws/install/robotiq_3f_interfaces/share/robotiq_3f_interfaces/cmake/robotiq_3f_interfaces__rosidl_typesupport_cExport.cmake
-- Installing: /home/ubuntu/research_ws/ur10_pick_place_ws/install/robotiq_3f_interfaces/share/robotiq_3f_interfaces/cmake/robotiq_3f_interfaces__rosidl_typesupport_cExport-noconfig.cmake
-- Installing: /home/ubuntu/research_ws/ur10_pick_place_ws/install/robotiq_3f_interfaces/share/robotiq_3f_interfaces/cmake/export_robotiq_3f_interfaces__rosidl_generator_cppExport.cmake
-- Installing: /home/ubuntu/research_ws/ur10_pick_place_ws/install/robotiq_3f_interfaces/share/robotiq_3f_interfaces/cmake/export_robotiq_3f_interfaces__rosidl_typesupport_fastrtps_cppExport.cmake
-- Installing: /home/ubuntu/research_ws/ur10_pick_place_ws/install/robotiq_3f_interfaces/share/robotiq_3f_interfaces/cmake/export_robotiq_3f_interfaces__rosidl_typesupport_fastrtps_cppExport-noconfig.cmake
-- Installing: /home/ubuntu/research_ws/ur10_pick_place_ws/install/robotiq_3f_interfaces/share/robotiq_3f_interfaces/cmake/robotiq_3f_interfaces__rosidl_typesupport_introspection_cppExport.cmake
-- Installing: /home/ubuntu/research_ws/ur10_pick_place_ws/install/robotiq_3f_interfaces/share/robotiq_3f_interfaces/cmake/robotiq_3f_interfaces__rosidl_typesupport_introspection_cppExport-noconfig.cmake
-- Installing: /home/ubuntu/research_ws/ur10_pick_place_ws/install/robotiq_3f_interfaces/share/robotiq_3f_interfaces/cmake/robotiq_3f_interfaces__rosidl_typesupport_cppExport.cmake
-- Installing: /home/ubuntu/research_ws/ur10_pick_place_ws/install/robotiq_3f_interfaces/share/robotiq_3f_interfaces/cmake/robotiq_3f_interfaces__rosidl_typesupport_cppExport-noconfig.cmake
-- Installing: /home/ubuntu/research_ws/ur10_pick_place_ws/install/robotiq_3f_interfaces/share/robotiq_3f_interfaces/cmake/export_robotiq_3f_interfaces__rosidl_generator_pyExport.cmake
-- Installing: /home/ubuntu/research_ws/ur10_pick_place_ws/install/robotiq_3f_interfaces/share/robotiq_3f_interfaces/cmake/export_robotiq_3f_interfaces__rosidl_generator_pyExport-noconfig.cmake
